ℹ [9527/9580] Replayed NavierStokes.ComparatorSolution
info: NavierStokes/ComparatorSolution.lean:31:0: 'NavierStokes.Comparator.navier_stokes_breakdown_R3' depends on axioms: [propext, Classical.choice, Quot.sound]
info: NavierStokes/ComparatorSolution.lean:32:0: 'NavierStokes.Comparator.navier_stokes_breakdown_periodic' depends on axioms: [propext, Classical.choice, Quot.sound]
✔ [9558/11421] Built Euler.ClosedTranslationGraph (41s)
✔ [9559/11421] Built Euler.CoefficientJetPressureBounds (41s)
✔ [9560/11421] Built Euler.LpDerivativeMap (41s)
✔ [9561/11421] Built Euler.MeanGradientTestSpace (42s)
✔ [9571/11421] Built Euler.LpSupportedMultiplier (47s)
✔ [9572/11421] Built Euler.LpOperatorField (47s)
✔ [9590/11421] Built Euler.MeanSolenoidalTranslation (35s)
✔ [9597/11424] Built Euler.H6PressureCommutator (35s)
✔ [9598/11424] Built Euler.MeanHarmonicEnergy (34s)
✔ [9610/11424] Built Euler.MeanCoefficientMultipliers (43s)
✔ [9611/11424] Built Euler.PacketCoarseMajorant (51s)
✔ [9612/11424] Built Euler.MeanWeakCurl (52s)
✔ [9613/11424] Built Euler.LpDominatedConvergence (55s)
✔ [9616/11424] Built Euler.LpDerivativeBundling (57s)
✔ [9617/11424] Built Euler.CylinderSobolevSpace (59s)
✔ [9618/11424] Built Euler.LpTranslation (62s)
✔ [9619/11424] Built Euler.ClassicalDivergence (137s)
✔ [9620/11424] Built Euler.MeanBoundaryOperator (151s)
✔ [9622/11424] Built Euler.GraphPressurePotential (155s)
✔ [9623/11424] Built Euler.PacketPotentialMultiplier (153s)
✔ [9626/11424] Built Euler.PacketNormalizedPrimary (155s)
✔ [9628/11424] Built Euler.GaussianHeatDerivative (198s)
✔ [9629/11424] Built Euler.GeneralRealCylinderAlgebra (134s)
✔ [9630/11424] Built NavierStokes.R3RieszApproximation (373s)
✔ [9631/11424] Built NavierStokes.R3SpaceTimePressure (375s)
✔ [9633/11424] Built Euler.CylinderCoverDescent (130s)
✔ [9634/11424] Built Euler.BoundedFlowContinuity (114s)
✔ [9635/11424] Built Euler.HilbertQuadraticFlow (117s)
✔ [9636/11424] Built Euler.FiniteMetricEnergy (117s)
✔ [9637/11424] Built Euler.PacketFrameRenewalAlgebra (74s)
✔ [9638/11424] Built Euler.EulerSpatialRescaling (102s)
⚠ [9641/11424] Replayed ComparatorChallenges.NavierStokes
warning: ComparatorChallenges/NavierStokes.lean:273:8: declaration uses `sorry`
warning: ComparatorChallenges/NavierStokes.lean:280:8: declaration uses `sorry`
⚠ [9642/11424] Replayed ComparatorChallenges.Euler
warning: ComparatorChallenges/Euler.lean:85:8: declaration uses `sorry`
warning: ComparatorChallenges/Euler.lean:170:8: declaration uses `sorry`
✔ [9644/11424] Built Euler.MeanSolenoidalReflection (73s)
✔ [9645/11424] Built Euler.PacketParentFlowDifferentiation (77s)
✔ [9646/11424] Built Euler.MeanHarmonicLaplacian (59s)
✔ [9647/11424] Built Euler.PacketSourceScaleChoice (82s)
✔ [9648/11424] Built Euler.H6PressureInverse (38s)
✔ [9652/11424] Built Euler.PacketTailBase (38s)
✔ [9653/11424] Built Euler.CompactPressurePairing (38s)
✔ [9654/11424] Built Euler.LpPointwiseMultiplier (37s)
✔ [9655/11424] Built Euler.LpMultilinearBundling (42s)
✔ [9656/11424] Built Euler.LpDominatedDerivative (42s)
✔ [9657/11424] Built NavierStokes.LocalPotentialRebundle (530s)
✔ [9658/11424] Built Euler.CurlSupport (55s)
✔ [9659/11424] Built Euler.CylinderClassicalSolenoidal (56s)
✔ [9660/11424] Built Euler.VolterraConvolution (57s)
✔ [9661/11424] Built Euler.CylinderSobolevOperators (58s)
✔ [9662/11424] Built Euler.MeanScaledCutoff (36s)
✔ [9663/11424] Built Euler.CurlMatrixSymmetry (59s)
✔ [9666/11424] Built Euler.CurlTimeDerivative (65s)
✔ [9667/11424] Built Euler.PacketPiolaAlgebra (46s)
✔ [9668/11424] Built Euler.MeanCurlTensor (46s)
✔ [9669/11424] Built Euler.MeanBoundaryMixed (62s)
✔ [9670/11424] Built Euler.GraphDivergence (99s)
✔ [9671/11424] Built Euler.CanonicalGraphPotential (115s)
✔ [9672/11424] Built Euler.GaussianHeatSmoothing (110s)
✔ [9673/11424] Built Euler.PacketMovingFrame (117s)
✔ [9674/11424] Built Euler.H5CylinderAlgebra (172s)
✔ [9675/11424] Built Euler.InitialDataBridge (405s)
✔ [9676/11424] Built Euler.ClassicalBridge (405s)
✔ [9677/11424] Built Euler.FiniteIntervalFlow (132s)
✔ [9678/11424] Built Euler.BoundedFlowPeriodicity (133s)
✔ [9679/11424] Built Euler.CylinderDescentJets (137s)
✔ [9680/11424] Built Euler.GraphInvariantFlow (134s)
✔ [9681/11424] Built Euler.BaseWordMetric (106s)
✔ [9682/11424] Built Euler.CylinderViscousEnergy (108s)
✔ [9684/11424] Built Euler.EulerTimeRescaling (131s)
✔ [9685/11424] Built Euler.FiniteEnergyTruncation (147s)
✔ [9686/11424] Built Euler.MeanScalarProductDerivatives (181s)
✔ [9687/11424] Built Euler.MeanHarmonicDerivatives (119s)
✔ [9688/11424] Built Euler.MeanScalarSobolev (142s)
✔ [9689/11424] Built Euler.PacketSourceScaleSequence (118s)
✔ [9690/11424] Built Euler.H6PressureConstants (141s)
✔ [9691/11424] Built Euler.LpCompactTranslation (140s)
✔ [9692/11424] Built Euler.LpSmoothFamily (162s)
✔ [9693/11424] Built NavierStokes.R3SpatialConvolution (581s)
✔ [9694/11424] Built NavierStokes.R3PressureCutoff (573s)
✔ [9695/11424] Built Euler.VolterraFixedPoint (140s)
✔ [9696/11424] Built Euler.LpFiniteTensorReconstruction (144s)
✔ [9697/11424] Built Euler.TimeLp (97s)
✔ [9698/11424] Built Euler.IntegralPathLimit (112s)
✔ [9699/11424] Built Euler.CylinderSobolevDerivatives (68s)
✔ [9700/11424] Built Euler.SobolevCoefficientPressure (77s)
✔ [9701/11424] Built Euler.InverseMapJetContinuity (65s)
✔ [9702/11424] Built Euler.GevreyGeneratingDerivativesNoOptions (65s)
✔ [9703/11424] Built Euler.MeanBoundaryPhysicalSupport (83s)
✔ [9704/11424] Built Euler.CylinderSobolevDensity (86s)
✔ [9705/11424] Built Euler.CylinderAnglePrimitive (88s)
✔ [9706/11424] Built Euler.GevreyGeneratingDerivatives (55s)
✔ [9707/11424] Built Euler.PacketVolumeDivergence (64s)
✔ [9708/11424] Built Euler.MeanPressurePotential (77s)
✔ [9709/11424] Built Euler.PacketMovingRay (75s)
✔ [9710/11424] Built Euler.GaussianHeatTotal (77s)
✔ [9711/11424] Built Euler.MeanBoundaryReflection (80s)
✔ [9712/11424] Built Euler.MeanBoundaryTranslation (84s)
✔ [9713/11424] Built NavierStokes.R3WeakPressure (715s)
✔ [9714/11424] Built Euler.H5RealCylinderAlgebra (85s)
✔ [9715/11424] Built Euler.PacketFrameCoefficients (100s)
✔ [9716/11424] Built Euler.CylinderPeriodicFlow (86s)
✔ [9717/11424] Built Euler.CylinderJetGraphTrace (86s)
