ℹ [9527/9580] Replayed NavierStokes.ComparatorSolution
info: NavierStokes/ComparatorSolution.lean:31:0: 'NavierStokes.Comparator.navier_stokes_breakdown_R3' depends on axioms: [propext, Classical.choice, Quot.sound]
info: NavierStokes/ComparatorSolution.lean:32:0: 'NavierStokes.Comparator.navier_stokes_breakdown_periodic' depends on axioms: [propext, Classical.choice, Quot.sound]
⚠ [11381/11424] Replayed ComparatorChallenges.NavierStokes
warning: ComparatorChallenges/NavierStokes.lean:273:8: declaration uses `sorry`
warning: ComparatorChallenges/NavierStokes.lean:280:8: declaration uses `sorry`
⚠ [11382/11424] Replayed ComparatorChallenges.Euler
warning: ComparatorChallenges/Euler.lean:85:8: declaration uses `sorry`
warning: ComparatorChallenges/Euler.lean:170:8: declaration uses `sorry`
✔ [11384/11424] Built Euler.BaseFirstPacketFrame (31s)
✔ [11385/11424] Built Euler.PacketInductionStage (75s)
✔ [11386/11424] Built Euler.CompactVorticityContradiction (116s)
✔ [11387/11424] Built Euler.CompactVorticityTimeUpgrade (118s)
✔ [11388/11424] Built Euler.PacketStageRestriction (37s)
✔ [11389/11424] Built Euler.PacketStageLowPropagation (37s)
✔ [11390/11424] Built Euler.PacketStageGrowth (37s)
✔ [11391/11424] Built Euler.PacketStageLocalExistence (37s)
✔ [11392/11424] Built Euler.BaseInductionStage (47s)
✔ [11393/11424] Built Euler.BaseInductionStageNoOptions (47s)
✔ [11394/11424] Built Euler.PacketStagePhysicalBounds (25s)
✔ [11395/11424] Built Euler.PacketStageContradiction (25s)
✔ [11396/11424] Built Euler.PacketStageGeometry (28s)
✔ [11397/11424] Built Euler.BaseFirstPacketSupport (52s)
✔ [11398/11424] Built Euler.PacketStageGuards (36s)
✔ [11399/11424] Built Euler.PacketStageInputs (59s)
✔ [11400/11424] Built Euler.PacketStageEstimates (59s)
✔ [11401/11424] Built Euler.ComparatorLocalEvolution (168s)
✔ [11402/11424] Built Euler.PacketStageInitialLimit (24s)
✔ [11403/11424] Built Euler.PacketForwardSuccessor (25s)
✔ [11404/11424] Built Euler.PacketInitialDatumSupport (4.4s)
✔ [11405/11424] Built Euler.PacketJoinedSuccessor (38s)
✔ [11406/11424] Built Euler.PacketFirstStageSupport (13s)
✔ [11407/11424] Built Euler.PacketInfiniteConstruction (4.3s)
✔ [11408/11424] Built Euler.PacketFiniteLifespan (3.2s)
✔ [11409/11424] Built Euler.StageDisplacementConfinement (3.9s)
✔ [11410/11424] Built Euler.CanonicalPacketHorizons (2.8s)
✔ [11411/11424] Built Euler.StageInitialSupport (10s)
✔ [11412/11424] Built Euler.StageVorticityConfinement (2.4s)
✔ [11413/11424] Built Euler.CanonicalVorticityConfinement (2.8s)
✔ [11414/11424] Built Euler.EulerFiniteLifespan (13s)
✔ [11415/11424] Built Euler.EulerC1Breakdown (4.4s)
✔ [11416/11424] Built Euler.EulerC1Limsup (3.1s)
✔ [11417/11424] Built Euler.EulerSingularity (3.1s)
✔ [11418/11424] Built Euler (2.9s)
✔ [11419/11424] Built Euler.ComparatorSingularityNorms (88s)
✔ [11420/11424] Built Euler.ComparatorSobolevEvolution (88s)
✔ [11421/11424] Built Euler.ComparatorMaximalFields (75s)
✔ [11422/11424] Built Euler.ComparatorMaximalSolution (73s)
ℹ [11423/11424] Built Euler.Solution (71s)
info: Euler/Solution.lean:73:0: 'Euler.euler_breakdown_R3' depends on axioms: [propext, Classical.choice, Quot.sound]
info: Euler/Solution.lean:75:0: 'Euler.exists_compact_smooth_euler_singularity' depends on axioms: [propext, Classical.choice, Quot.sound]
Build completed successfully (11424 jobs).
