✔ all eleven observation examples compute and expose nonempty source-bound panels (836.249455ms)
✔ Delta lower-bound and unit modes preserve physical field and spectral C(t) (4.643791ms)
✔ Effective spectral family obeys independently evaluated exponential Delta ratio (1.698263ms)
✔ Ensemble correlators are computed from the actual Gibbs chains, with algorithmic lag (0.613057ms)
✔ a corrupted correlator is rejected against its declared spectral or ensemble source (9.073144ms)
✔ 4D integral and conditional mean differ by fibre length; Wilson endpoints retain covariance (0.309128ms)
✔ same-profile blowup views contract by exact coordinate exponents in a fixed physical viewport (193.350696ms)
✔ source replay is deterministic including nested chains and profile budgets (784.851175ms)
✔ unimodular basis shear changes chain coordinates and preserves exact H and Frobenius (35.595873ms)
✔ selected basis traces the actual retraction, homotopy and exact comparison roundtrip (2.718883ms)
✔ changed editor, cancellation and unsupported precision never display stale paired data (3.985667ms)
✔ GPU packing consumes the same retained source points without rewriting exact values (24.844376ms)
✔ accelerated and fallback routes use the same retained observation and exact selected value (12.734871ms)
✔ all 59 shipped M1 computations have truthful source-bound observations, including the 26 formerly empty results (20730.597611ms)
✔ exact large integers, rational coordinates and typed Float64 are admitted without fabricating a real p-adic scalar (2.692374ms)
✔ stale inputs, no result, unsupported and failed calculations clear previous geometry (0.340133ms)
✔ LOD spans the full source array, preserves source indices and never mutates sample hashes (39.512396ms)
✔ invalid line vertices split segments instead of drawing a fictional bridge; exact coordinate cells survive (0.443036ms)
✔ prime tiles retain exact disjoint boundaries and visibly mark uncomputed ranges (0.219004ms)
✔ complex basis trace returns exact outgoing maps and existing invariants (0.936495ms)
✔ cohomological degree is linear while explicitly stored logarithms retain their transform (1.158364ms)
✔ paired observations use one physical frame and color range and reject incompatible projection contracts (10.378895ms)
✔ all chart families paint finite canvas commands; camera changes only presentation revision and exact source selection is retained (160.095837ms)
ℹ tests 23
ℹ suites 0
ℹ pass 23
ℹ fail 0
ℹ cancelled 0
ℹ skipped 0
ℹ todo 0
ℹ duration_ms 21198.87966
