TAP version 13
# Subtest: pinned worker digest matches its actual bundled source bytes
ok 1 - pinned worker digest matches its actual bundled source bytes
  ---
  duration_ms: 8.005945
  type: 'test'
  ...
# Subtest: actual isolated worker and local modules agree for arithmetic, lattice gauge and Navier diagnostics
ok 2 - actual isolated worker and local modules agree for arithmetic, lattice gauge and Navier diagnostics
  ---
  duration_ms: 599.538076
  type: 'test'
  ...
# Subtest: same-worker replay recomputes exact results and never trusts serialized evidence
ok 3 - same-worker replay recomputes exact results and never trusts serialized evidence
  ---
  duration_ms: 241.714981
  type: 'test'
  ...
# Subtest: replay rejects mutations in envelope, exact input, result and pinned environment
ok 4 - replay rejects mutations in envelope, exact input, result and pinned environment
  ---
  duration_ms: 37.193418
  type: 'test'
  ...
# Subtest: a fully rehashed forged finite result is still detected by fresh mathematical recomputation
ok 5 - a fully rehashed forged finite result is still detected by fresh mathematical recomputation
  ---
  duration_ms: 22.177383
  type: 'test'
  ...
# Subtest: an authentic serialized replay cannot cross local/worker environment boundaries
ok 6 - an authentic serialized replay cannot cross local/worker environment boundaries
  ---
  duration_ms: 20.305853
  type: 'test'
  ...
# Subtest: environment binds the actual runtime identity and finite IEEE754 math profile
ok 7 - environment binds the actual runtime identity and finite IEEE754 math profile
  ---
  duration_ms: 11.376001
  type: 'test'
  ...
# Subtest: fully resealed runtime identity or Math-profile changes are rejected before replay dispatch
ok 8 - fully resealed runtime identity or Math-profile changes are rejected before replay dispatch
  ---
  duration_ms: 30.508006
  type: 'test'
  ...
# Subtest: worker cancellation produces a terminal diagnostic and late result messages cannot revive it
ok 9 - worker cancellation produces a terminal diagnostic and late result messages cannot revive it
  ---
  duration_ms: 9.074526
  type: 'test'
  ...
# Subtest: a nonresponsive execution reaches the bounded watchdog rather than claiming completion
ok 10 - a nonresponsive execution reaches the bounded watchdog rather than claiming completion
  ---
  duration_ms: 160.771674
  type: 'test'
  ...
# Subtest: validator fixture is verbatim within the provider read projection and its pinned projection digest
ok 11 - validator fixture is verbatim within the provider read projection and its pinned projection digest
  ---
  duration_ms: 24.786042
  type: 'test'
  ...
# Subtest: actual finite run commits through the extracted Foundation contract and returns record IDs
ok 12 - actual finite run commits through the extracted Foundation contract and returns record IDs
  ---
  duration_ms: 39.310881
  type: 'test'
  ...
# Subtest: original Foundation rejects custom method, missing required fields and proof-grade adapter claims transactionally
ok 13 - original Foundation rejects custom method, missing required fields and proof-grade adapter claims transactionally
  ---
  duration_ms: 20.085863
  type: 'test'
  ...
# Subtest: a JSON copy of an owned receipt and altered public job hashes cannot grant save authority
ok 14 - a JSON copy of an owned receipt and altered public job hashes cannot grant save authority
  ---
  duration_ms: 11.378125
  type: 'test'
  ...
# Subtest: a terminal UNSUPPORTED computation is not saved as a completed claim
ok 15 - a terminal UNSUPPORTED computation is not saved as a completed claim
  ---
  duration_ms: 7.193533
  type: 'test'
  ...
# Subtest: changed current environment and altered environment content are rejected
ok 16 - changed current environment and altered environment content are rejected
  ---
  duration_ms: 13.005091
  type: 'test'
  ...
# Subtest: stale origin is refused before requesting a receipt, with integer revision semantics
ok 17 - stale origin is refused before requesting a receipt, with integer revision semantics
  ---
  duration_ms: 8.382912
  type: 'test'
  ...
# Subtest: session revision changes while the receipt awaits cannot write the detached original snapshot
ok 18 - session revision changes while the receipt awaits cannot write the detached original snapshot
  ---
  duration_ms: 10.975458
  type: 'test'
  ...
# Subtest: session switching during environment verification is refused even if the revision number matches
ok 19 - session switching during environment verification is refused even if the revision number matches
  ---
  duration_ms: 11.0647
  type: 'test'
  ...
# Subtest: mutating the caller origin during an await cannot move the captured authorization baseline
ok 20 - mutating the caller origin during an await cannot move the captured authorization baseline
  ---
  duration_ms: 11.311816
  type: 'test'
  ...
# Subtest: the final wrapper check catches a change after bundle building and before commit
ok 21 - the final wrapper check catches a change after bundle building and before commit
  ---
  duration_ms: 15.231475
  type: 'test'
  ...
# Subtest: each replaced typed record uses its own parent revision and fresh evidence cites all current revisions
ok 22 - each replaced typed record uses its own parent revision and fresh evidence cites all current revisions
  ---
  duration_ms: 29.941694
  type: 'test'
  ...
# Subtest: target-node mutation is refused even when a legacy edit leaves sessionRevision unchanged
ok 23 - target-node mutation is refused even when a legacy edit leaves sessionRevision unchanged
  ---
  duration_ms: 24.985357
  type: 'test'
  ...
# Subtest: unrelated source changes do not invalidate M2 through an invented dangling domainRef
ok 24 - unrelated source changes do not invalidate M2 through an invented dangling domainRef
  ---
  duration_ms: 14.732116
  type: 'test'
  ...
# Subtest: distinct valid job IDs that share a sanitized spelling retain distinct evidence records
ok 25 - distinct valid job IDs that share a sanitized spelling retain distinct evidence records
  ---
  duration_ms: 31.736184
  type: 'test'
  ...
# Subtest: every installed bundled worker reproduces the source-module mathematical result
ok 26 - every installed bundled worker reproduces the source-module mathematical result
  ---
  duration_ms: 14662.345671
  type: 'test'
  ...
# Subtest: every arithmetic, NS and observation panel retains exact source data and finite display coordinates
ok 27 - every arithmetic, NS and observation panel retains exact source data and finite display coordinates
  ---
  duration_ms: 1155.357896
  type: 'test'
  ...
# Subtest: M2 WebMCP rejects oversized, unknown and aborted mutations before dispatch
ok 28 - M2 WebMCP rejects oversized, unknown and aborted mutations before dispatch
  ---
  duration_ms: 1.637212
  type: 'test'
  ...
# Subtest: M2 request envelope rejects invalid resource scopes and precision container types
ok 29 - M2 request envelope rejects invalid resource scopes and precision container types
  ---
  duration_ms: 0.318522
  type: 'test'
  ...
# Subtest: actual-source jobs enforce their own budgets and preserve cell-level source bindings after result normalization
ok 30 - actual-source jobs enforce their own budgets and preserve cell-level source bindings after result normalization
  ---
  duration_ms: 111.014647
  type: 'test'
  ...
1..30
# tests 30
# suites 0
# pass 30
# fail 0
# cancelled 0
# skipped 0
# todo 0
# duration_ms 16126.000504
