TAP version 13
# Subtest: all five actual core views retain exact source cells, intervals and explicit derivative normalization
ok 1 - all five actual core views retain exact source cells, intervals and explicit derivative normalization
  ---
  duration_ms: 26.486958
  type: 'test'
  ...
# Subtest: direct zero and scaled zero retain distinct source normalizations in actual U view
ok 2 - direct zero and scaled zero retain distinct source normalizations in actual U view
  ---
  duration_ms: 51.777175
  type: 'test'
  ...
# Subtest: positive nonlinear floor survives precision changes and analytic extension is not physical collar
ok 3 - positive nonlinear floor survives precision changes and analytic extension is not physical collar
  ---
  duration_ms: 39.85072
  type: 'test'
  ...
# Subtest: LOD and invalid display data never change exact computations or invent finite marks
ok 4 - LOD and invalid display data never change exact computations or invent finite marks
  ---
  duration_ms: 9.650247
  type: 'test'
  ...
# Subtest: all five panels produce finite CPU Canvas geometry at narrow and wide layouts
ok 5 - all five panels produce finite CPU Canvas geometry at narrow and wide layouts
  ---
  duration_ms: 24.78485
  type: 'test'
  ...
# Subtest: core preflight and execution agree on null containers, exact coordinate and precision contracts
ok 6 - core preflight and execution agree on null containers, exact coordinate and precision contracts
  ---
  duration_ms: 45.539646
  type: 'test'
  ...
# Subtest: four additive panels preserve immutable retained data and leave runtime binding to the parent
ok 7 - four additive panels preserve immutable retained data and leave runtime binding to the parent
  ---
  duration_ms: 6.485545
  type: 'test'
  ...
# Subtest: every displayed point, exact table cell, axis and detail resolves to its actual result field
ok 8 - every displayed point, exact table cell, axis and detail resolves to its actual result field
  ---
  duration_ms: 3.06208
  type: 'test'
  ...
# Subtest: default outer source has three unconnected series of five actual interval observations
ok 9 - default outer source has three unconnected series of five actual interval observations
  ---
  duration_ms: 0.761767
  type: 'test'
  ...
# Subtest: historical globalSource prefixes cannot redirect source-bound marks away from the wrapper result
ok 10 - historical globalSource prefixes cannot redirect source-bound marks away from the wrapper result
  ---
  duration_ms: 5.961981
  type: 'test'
  ...
# Subtest: huge actual physical X remains exact and does not replace the normalized xi coordinate
ok 11 - huge actual physical X remains exact and does not replace the normalized xi coordinate
  ---
  duration_ms: 0.526199
  type: 'test'
  ...
# Subtest: six reduced integral definitions never become numeric moments and retain the actual axis boundary and both signs
ok 12 - six reduced integral definitions never become numeric moments and retain the actual axis boundary and both signs
  ---
  duration_ms: 18.009175
  type: 'test'
  ...
# Subtest: actual C12 omission retains the original frequency and only certifies the two functional values
ok 13 - actual C12 omission retains the original frequency and only certifies the two functional values
  ---
  duration_ms: 1.392921
  type: 'test'
  ...
# Subtest: outer program displays actual operand nodes without calling node IDs evaluated field values
ok 14 - outer program displays actual operand nodes without calling node IDs evaluated field values
  ---
  duration_ms: 1.782287
  type: 'test'
  ...
# Subtest: retained nondefault eta and unordered requested xi drive the view without using default fixtures
ok 15 - retained nondefault eta and unordered requested xi drive the view without using default fixtures
  ---
  duration_ms: 51.621855
  type: 'test'
  ...
# Subtest: point and table LOD are separate source-preserving selections
ok 16 - point and table LOD are separate source-preserving selections
  ---
  duration_ms: 1.008532
  type: 'test'
  ...
# Subtest: nonfinite or reversed intervals and coordinates are omitted instead of fabricating zeros or bridging gaps
ok 17 - nonfinite or reversed intervals and coordinates are omitted instead of fabricating zeros or bridging gaps
  ---
  duration_ms: 14.719758
  type: 'test'
  ...
# Subtest: stale, running, failed, mismatched-kind and mismatched-schema results expose no actual-global panels
ok 18 - stale, running, failed, mismatched-kind and mismatched-schema results expose no actual-global panels
  ---
  duration_ms: 0.210892
  type: 'test'
  ...
# Subtest: all four panels render finite CPU Canvas commands and retain job binding on mobile and desktop
ok 19 - all four panels render finite CPU Canvas commands and retain job binding on mobile and desktop
  ---
  duration_ms: 4.437655
  type: 'test'
  ...
# Subtest: HTML exact tables retain the full 2^-260 rational and actual AST operands without shortening
ok 20 - HTML exact tables retain the full 2^-260 rational and actual AST operands without shortening
  ---
  duration_ms: 1.03424
  type: 'test'
  ...
# Subtest: both actual constructors produce complete additive panel families without changing source data
ok 21 - both actual constructors produce complete additive panel families without changing source data
  ---
  duration_ms: 7.768323
  type: 'test'
  ...
# Subtest: every displayed mark and every exact table cell resolves to its actual result field
ok 22 - every displayed mark and every exact table cell resolves to its actual result field
  ---
  duration_ms: 8.326399
  type: 'test'
  ...
# Subtest: axis derivatives are three independent intervals with exact fractions and no fabricated curve
ok 23 - axis derivatives are three independent intervals with exact fractions and no fabricated curve
  ---
  duration_ms: 0.492578
  type: 'test'
  ...
# Subtest: positive-radius enclosures show all 15 samples by component and retain exact positive radii
ok 24 - positive-radius enclosures show all 15 samples by component and retain exact positive radii
  ---
  duration_ms: 0.539919
  type: 'test'
  ...
# Subtest: bits changes the exact observation locations and is never presented as fixed-point convergence
ok 25 - bits changes the exact observation locations and is never presented as fixed-point convergence
  ---
  duration_ms: 56.946122
  type: 'test'
  ...
# Subtest: Imean moment contributions preserve both signs and distinguish local contributions from total debts
ok 26 - Imean moment contributions preserve both signs and distinguish local contributions from total debts
  ---
  duration_ms: 1.729108
  type: 'test'
  ...
# Subtest: majorant and local pulse bounds display actual expressions with false execution/global flags intact
ok 27 - majorant and local pulse bounds display actual expressions with false execution/global flags intact
  ---
  duration_ms: 4.139033
  type: 'test'
  ...
# Subtest: all 20 slow multiindices are displayed separately for F V b and exactly zero G
ok 28 - all 20 slow multiindices are displayed separately for F V b and exactly zero G
  ---
  duration_ms: 2.405669
  type: 'test'
  ...
# Subtest: reference log envelope remains distinct from actual integrated amplitude and retains left datum scale
ok 29 - reference log envelope remains distinct from actual integrated amplitude and retains left datum scale
  ---
  duration_ms: 1.856908
  type: 'test'
  ...
# Subtest: finite LOD independently limits marks and exact rows while retaining source paths
ok 30 - finite LOD independently limits marks and exact rows while retaining source paths
  ---
  duration_ms: 1.540519
  type: 'test'
  ...
# Subtest: invalid display intervals do not become zero marks or a connected bridge
ok 31 - invalid display intervals do not become zero marks or a connected bridge
  ---
  duration_ms: 12.517119
  type: 'test'
  ...
# Subtest: unavailable or stale jobs and other schema/kinds do not expose these actual-source panels
ok 32 - unavailable or stale jobs and other schema/kinds do not expose these actual-source panels
  ---
  duration_ms: 0.193367
  type: 'test'
  ...
# Subtest: all additive panels render finite Canvas commands at mobile and desktop sizes
ok 33 - all additive panels render finite Canvas commands at mobile and desktop sizes
  ---
  duration_ms: 21.084025
  type: 'test'
  ...
# Subtest: exact giant fractions wrap in the existing HTML table without shortening their text
ok 34 - exact giant fractions wrap in the existing HTML table without shortening their text
  ---
  duration_ms: 3.459218
  type: 'test'
  ...
# Subtest: the observed 33rd-run failure is repaired; all earlier results, receipts, and replay survive
ok 35 - the observed 33rd-run failure is repaired; all earlier results, receipts, and replay survive
  ---
  duration_ms: 438.702225
  type: 'test'
  ...
# Subtest: the larger history remains bounded and concurrent admission cannot exceed its cap
ok 36 - the larger history remains bounded and concurrent admission cannot exceed its cap
  ---
  duration_ms: 395.902257
  type: 'test'
  ...
# Subtest: the patch keeps both guards and is anchored to the original engine only
ok 37 - the patch keeps both guards and is anchored to the original engine only
  ---
  duration_ms: 0.582862
  type: 'test'
  ...
# Subtest: a refused admission leaves no selected phantom job or save preparation
ok 38 - a refused admission leaves no selected phantom job or save preparation
  ---
  duration_ms: 0.337319
  type: 'test'
  ...
1..38
# tests 38
# suites 0
# pass 38
# fail 0
# cancelled 0
# skipped 0
# todo 0
# duration_ms 1023.267144
