TAP version 13
# Subtest: all five actual core views retain exact source cells, intervals and explicit derivative normalization
ok 1 - all five actual core views retain exact source cells, intervals and explicit derivative normalization
  ---
  duration_ms: 21.650007
  type: 'test'
  ...
# Subtest: direct zero and scaled zero retain distinct source normalizations in actual U view
ok 2 - direct zero and scaled zero retain distinct source normalizations in actual U view
  ---
  duration_ms: 42.957445
  type: 'test'
  ...
# Subtest: positive nonlinear floor survives precision changes and analytic extension is not physical collar
ok 3 - positive nonlinear floor survives precision changes and analytic extension is not physical collar
  ---
  duration_ms: 36.593151
  type: 'test'
  ...
# Subtest: LOD and invalid display data never change exact computations or invent finite marks
ok 4 - LOD and invalid display data never change exact computations or invent finite marks
  ---
  duration_ms: 7.954747
  type: 'test'
  ...
# Subtest: all five panels produce finite CPU Canvas geometry at narrow and wide layouts
ok 5 - all five panels produce finite CPU Canvas geometry at narrow and wide layouts
  ---
  duration_ms: 9.402499
  type: 'test'
  ...
# Subtest: core preflight and execution agree on null containers, exact coordinate and precision contracts
ok 6 - core preflight and execution agree on null containers, exact coordinate and precision contracts
  ---
  duration_ms: 33.9964
  type: 'test'
  ...
# Subtest: four additive panels preserve immutable retained data and leave runtime binding to the parent
ok 7 - four additive panels preserve immutable retained data and leave runtime binding to the parent
  ---
  duration_ms: 5.974778
  type: 'test'
  ...
# Subtest: every displayed point, exact table cell, axis and detail resolves to its actual result field
ok 8 - every displayed point, exact table cell, axis and detail resolves to its actual result field
  ---
  duration_ms: 2.313071
  type: 'test'
  ...
# Subtest: default outer source has three unconnected series of five actual interval observations
ok 9 - default outer source has three unconnected series of five actual interval observations
  ---
  duration_ms: 0.664113
  type: 'test'
  ...
# Subtest: historical globalSource prefixes cannot redirect source-bound marks away from the wrapper result
ok 10 - historical globalSource prefixes cannot redirect source-bound marks away from the wrapper result
  ---
  duration_ms: 6.832888
  type: 'test'
  ...
# Subtest: huge actual physical X remains exact and does not replace the normalized xi coordinate
ok 11 - huge actual physical X remains exact and does not replace the normalized xi coordinate
  ---
  duration_ms: 0.622942
  type: 'test'
  ...
# Subtest: six reduced integral definitions never become numeric moments and retain the actual axis boundary and both signs
ok 12 - six reduced integral definitions never become numeric moments and retain the actual axis boundary and both signs
  ---
  duration_ms: 16.59558
  type: 'test'
  ...
# Subtest: actual C12 omission retains the original frequency and only certifies the two functional values
ok 13 - actual C12 omission retains the original frequency and only certifies the two functional values
  ---
  duration_ms: 0.685914
  type: 'test'
  ...
# Subtest: outer program displays actual operand nodes without calling node IDs evaluated field values
ok 14 - outer program displays actual operand nodes without calling node IDs evaluated field values
  ---
  duration_ms: 1.090263
  type: 'test'
  ...
# Subtest: retained nondefault eta and unordered requested xi drive the view without using default fixtures
ok 15 - retained nondefault eta and unordered requested xi drive the view without using default fixtures
  ---
  duration_ms: 30.820787
  type: 'test'
  ...
# Subtest: point and table LOD are separate source-preserving selections
ok 16 - point and table LOD are separate source-preserving selections
  ---
  duration_ms: 0.924667
  type: 'test'
  ...
# Subtest: nonfinite or reversed intervals and coordinates are omitted instead of fabricating zeros or bridging gaps
ok 17 - nonfinite or reversed intervals and coordinates are omitted instead of fabricating zeros or bridging gaps
  ---
  duration_ms: 9.000554
  type: 'test'
  ...
# Subtest: stale, running, failed, mismatched-kind and mismatched-schema results expose no actual-global panels
ok 18 - stale, running, failed, mismatched-kind and mismatched-schema results expose no actual-global panels
  ---
  duration_ms: 0.217401
  type: 'test'
  ...
# Subtest: all four panels render finite CPU Canvas commands and retain job binding on mobile and desktop
ok 19 - all four panels render finite CPU Canvas commands and retain job binding on mobile and desktop
  ---
  duration_ms: 3.899408
  type: 'test'
  ...
# Subtest: HTML exact tables retain the full 2^-260 rational and actual AST operands without shortening
ok 20 - HTML exact tables retain the full 2^-260 rational and actual AST operands without shortening
  ---
  duration_ms: 1.357478
  type: 'test'
  ...
# Subtest: both actual constructors produce complete additive panel families without changing source data
ok 21 - both actual constructors produce complete additive panel families without changing source data
  ---
  duration_ms: 10.478851
  type: 'test'
  ...
# Subtest: every displayed mark and every exact table cell resolves to its actual result field
ok 22 - every displayed mark and every exact table cell resolves to its actual result field
  ---
  duration_ms: 4.917655
  type: 'test'
  ...
# Subtest: axis derivatives are three independent intervals with exact fractions and no fabricated curve
ok 23 - axis derivatives are three independent intervals with exact fractions and no fabricated curve
  ---
  duration_ms: 0.454823
  type: 'test'
  ...
# Subtest: positive-radius enclosures show all 15 samples by component and retain exact positive radii
ok 24 - positive-radius enclosures show all 15 samples by component and retain exact positive radii
  ---
  duration_ms: 2.661878
  type: 'test'
  ...
# Subtest: bits changes the exact observation locations and is never presented as fixed-point convergence
ok 25 - bits changes the exact observation locations and is never presented as fixed-point convergence
  ---
  duration_ms: 48.293509
  type: 'test'
  ...
# Subtest: Imean moment contributions preserve both signs and distinguish local contributions from total debts
ok 26 - Imean moment contributions preserve both signs and distinguish local contributions from total debts
  ---
  duration_ms: 0.399951
  type: 'test'
  ...
# Subtest: majorant and local pulse bounds display actual expressions with false execution/global flags intact
ok 27 - majorant and local pulse bounds display actual expressions with false execution/global flags intact
  ---
  duration_ms: 6.249985
  type: 'test'
  ...
# Subtest: all 20 slow multiindices are displayed separately for F V b and exactly zero G
ok 28 - all 20 slow multiindices are displayed separately for F V b and exactly zero G
  ---
  duration_ms: 1.459749
  type: 'test'
  ...
# Subtest: reference log envelope remains distinct from actual integrated amplitude and retains left datum scale
ok 29 - reference log envelope remains distinct from actual integrated amplitude and retains left datum scale
  ---
  duration_ms: 1.383536
  type: 'test'
  ...
# Subtest: finite LOD independently limits marks and exact rows while retaining source paths
ok 30 - finite LOD independently limits marks and exact rows while retaining source paths
  ---
  duration_ms: 1.333513
  type: 'test'
  ...
# Subtest: invalid display intervals do not become zero marks or a connected bridge
ok 31 - invalid display intervals do not become zero marks or a connected bridge
  ---
  duration_ms: 4.329965
  type: 'test'
  ...
# Subtest: unavailable or stale jobs and other schema/kinds do not expose these actual-source panels
ok 32 - unavailable or stale jobs and other schema/kinds do not expose these actual-source panels
  ---
  duration_ms: 0.160377
  type: 'test'
  ...
# Subtest: all additive panels render finite Canvas commands at mobile and desktop sizes
ok 33 - all additive panels render finite Canvas commands at mobile and desktop sizes
  ---
  duration_ms: 9.53213
  type: 'test'
  ...
# Subtest: exact giant fractions wrap in the existing HTML table without shortening their text
ok 34 - exact giant fractions wrap in the existing HTML table without shortening their text
  ---
  duration_ms: 0.597484
  type: 'test'
  ...
# Subtest: new finite acceptance and actual continuation panels resolve every mark, endpoint and exact table cell to retained source data
ok 35 - new finite acceptance and actual continuation panels resolve every mark, endpoint and exact table cell to retained source data
  ---
  duration_ms: 36.07179
  type: 'test'
  ...
# Subtest: actual amplitude view preserves original left datum, nonunit midpoint and both nonzero logarithmic tails
ok 36 - actual amplitude view preserves original left datum, nonunit midpoint and both nonzero logarithmic tails
  ---
  duration_ms: 1.380111
  type: 'test'
  ...
# Subtest: the negative family changes the physical axial sign while retaining positive radial amplitude and input binding
ok 37 - the negative family changes the physical axial sign while retaining positive radial amplitude and input binding
  ---
  duration_ms: 34.203727
  type: 'test'
  ...
# Subtest: all new numeric panels render finite geometry at mobile and desktop widths, including tiny normal enclosures
ok 38 - all new numeric panels render finite geometry at mobile and desktop widths, including tiny normal enclosures
  ---
  duration_ms: 9.628523
  type: 'test'
  ...
# Subtest: stale editor and failed job cannot expose a previous finite acceptance panel
ok 39 - stale editor and failed job cannot expose a previous finite acceptance panel
  ---
  duration_ms: 0.231122
  type: 'test'
  ...
# Subtest: invalid exact cells, fabricated pulse scales and unsupported families fail before execution
ok 40 - invalid exact cells, fabricated pulse scales and unsupported families fail before execution
  ---
  duration_ms: 1.955183
  type: 'test'
  ...
# Subtest: nine interval observations remain selectable and clear of their endpoint labels and footer at mobile and desktop widths
ok 41 - nine interval observations remain selectable and clear of their endpoint labels and footer at mobile and desktop widths
  ---
  duration_ms: 8.145369
  type: 'test'
  ...
# Subtest: the observed 33rd-run failure is repaired; all earlier results, receipts, and replay survive
ok 42 - the observed 33rd-run failure is repaired; all earlier results, receipts, and replay survive
  ---
  duration_ms: 273.206795
  type: 'test'
  ...
# Subtest: the larger history remains bounded and concurrent admission cannot exceed its cap
ok 43 - the larger history remains bounded and concurrent admission cannot exceed its cap
  ---
  duration_ms: 301.320508
  type: 'test'
  ...
# Subtest: the patch keeps both guards and is anchored to the original engine only
ok 44 - the patch keeps both guards and is anchored to the original engine only
  ---
  duration_ms: 0.370758
  type: 'test'
  ...
# Subtest: a refused admission leaves no selected phantom job or save preparation
ok 45 - a refused admission leaves no selected phantom job or save preparation
  ---
  duration_ms: 0.303619
  type: 'test'
  ...
1..45
# tests 45
# suites 0
# pass 45
# fail 0
# cancelled 0
# skipped 0
# todo 0
# duration_ms 751.60324
