✔ pinned worker digest matches its actual bundled source bytes (6.964172ms)
✔ actual isolated worker and local modules agree for arithmetic, lattice gauge and Navier diagnostics (540.745327ms)
✔ same-worker replay recomputes exact results and never trusts serialized evidence (211.826813ms)
✔ replay rejects mutations in envelope, exact input, result and pinned environment (34.694292ms)
✔ a fully rehashed forged finite result is still detected by fresh mathematical recomputation (20.992714ms)
✔ an authentic serialized replay cannot cross local/worker environment boundaries (17.939077ms)
✔ environment binds the actual runtime identity and finite IEEE754 math profile (9.607001ms)
✔ fully resealed runtime identity or Math-profile changes are rejected before replay dispatch (23.080282ms)
✔ worker cancellation produces a terminal diagnostic and late result messages cannot revive it (8.001757ms)
✔ a nonresponsive execution reaches the bounded watchdog rather than claiming completion (159.454065ms)
✔ validator fixture is verbatim within the provider read projection and its pinned projection digest (23.547123ms)
✔ actual finite run commits through the extracted Foundation contract and returns record IDs (30.093426ms)
✔ original Foundation rejects custom method, missing required fields and proof-grade adapter claims transactionally (15.400922ms)
✔ a JSON copy of an owned receipt and altered public job hashes cannot grant save authority (10.203924ms)
✔ a terminal UNSUPPORTED computation is not saved as a completed claim (7.216305ms)
✔ changed current environment and altered environment content are rejected (13.480692ms)
✔ stale origin is refused before requesting a receipt, with integer revision semantics (8.023959ms)
✔ session revision changes while the receipt awaits cannot write the detached original snapshot (11.592478ms)
✔ session switching during environment verification is refused even if the revision number matches (11.584797ms)
✔ mutating the caller origin during an await cannot move the captured authorization baseline (11.210283ms)
✔ the final wrapper check catches a change after bundle building and before commit (11.086154ms)
✔ each replaced typed record uses its own parent revision and fresh evidence cites all current revisions (21.964707ms)
✔ target-node mutation is refused even when a legacy edit leaves sessionRevision unchanged (19.90872ms)
✔ unrelated source changes do not invalidate M2 through an invented dangling domainRef (11.002175ms)
✔ distinct valid job IDs that share a sanitized spelling retain distinct evidence records (25.589203ms)
ℹ tests 25
ℹ suites 0
ℹ pass 25
ℹ fail 0
ℹ cancelled 0
ℹ skipped 0
ℹ todo 0
ℹ duration_ms 1179.278503
