TAP version 13
# Subtest: all five actual core views retain exact source cells, intervals and explicit derivative normalization
ok 1 - all five actual core views retain exact source cells, intervals and explicit derivative normalization
  ---
  duration_ms: 36.1009
  type: 'test'
  ...
# Subtest: direct zero and scaled zero retain distinct source normalizations in actual U view
ok 2 - direct zero and scaled zero retain distinct source normalizations in actual U view
  ---
  duration_ms: 54.579571
  type: 'test'
  ...
# Subtest: positive nonlinear floor survives precision changes and analytic extension is not physical collar
ok 3 - positive nonlinear floor survives precision changes and analytic extension is not physical collar
  ---
  duration_ms: 59.210495
  type: 'test'
  ...
# Subtest: LOD and invalid display data never change exact computations or invent finite marks
ok 4 - LOD and invalid display data never change exact computations or invent finite marks
  ---
  duration_ms: 14.82553
  type: 'test'
  ...
# Subtest: all five panels produce finite CPU Canvas geometry at narrow and wide layouts
ok 5 - all five panels produce finite CPU Canvas geometry at narrow and wide layouts
  ---
  duration_ms: 23.976043
  type: 'test'
  ...
# Subtest: core preflight and execution agree on null containers, exact coordinate and precision contracts
ok 6 - core preflight and execution agree on null containers, exact coordinate and precision contracts
  ---
  duration_ms: 49.864549
  type: 'test'
  ...
# Subtest: eight covariance views retain every exact table, endpoint, axis and job binding without mutating the actual result
ok 7 - eight covariance views retain every exact table, endpoint, axis and job binding without mutating the actual result
  ---
  duration_ms: 86.468152
  type: 'test'
  ...
# Subtest: actual covariance views preserve the positive inverse, two physical signs, heat correction and strictly nonzero quadrature tail
ok 8 - actual covariance views preserve the positive inverse, two physical signs, heat correction and strictly nonzero quadrature tail
  ---
  duration_ms: 0.444631
  type: 'test'
  ...
# Subtest: source point verification cannot become a whole-annulus or whole-package acceptance in any panel
ok 9 - source point verification cannot become a whole-annulus or whole-package acceptance in any panel
  ---
  duration_ms: 0.207533
  type: 'test'
  ...
# Subtest: all covariance panels render finite canvas geometry at narrow and wide widths while retaining precise tables
ok 10 - all covariance panels render finite canvas geometry at narrow and wide widths while retaining precise tables
  ---
  duration_ms: 37.332211
  type: 'test'
  ...
# Subtest: display subsampling preserves full integral results and stale or failed requests hide prior source covariance
ok 11 - display subsampling preserves full integral results and stale or failed requests hide prior source covariance
  ---
  duration_ms: 10.52856
  type: 'test'
  ...
# Subtest: foreign targets, modified source scales, invalid quadrature and unsupported precision fail before any covariance computation
ok 12 - foreign targets, modified source scales, invalid quadrature and unsupported precision fail before any covariance computation
  ---
  duration_ms: 1.184727
  type: 'test'
  ...
# Subtest: four additive panels preserve immutable retained data and leave runtime binding to the parent
ok 13 - four additive panels preserve immutable retained data and leave runtime binding to the parent
  ---
  duration_ms: 11.417901
  type: 'test'
  ...
# Subtest: every displayed point, exact table cell, axis and detail resolves to its actual result field
ok 14 - every displayed point, exact table cell, axis and detail resolves to its actual result field
  ---
  duration_ms: 12.109945
  type: 'test'
  ...
# Subtest: default outer source has three unconnected series of five actual interval observations
ok 15 - default outer source has three unconnected series of five actual interval observations
  ---
  duration_ms: 1.850601
  type: 'test'
  ...
# Subtest: historical globalSource prefixes cannot redirect source-bound marks away from the wrapper result
ok 16 - historical globalSource prefixes cannot redirect source-bound marks away from the wrapper result
  ---
  duration_ms: 10.032541
  type: 'test'
  ...
# Subtest: huge actual physical X remains exact and does not replace the normalized xi coordinate
ok 17 - huge actual physical X remains exact and does not replace the normalized xi coordinate
  ---
  duration_ms: 1.064185
  type: 'test'
  ...
# Subtest: six reduced integral definitions never become numeric moments and retain the actual axis boundary and both signs
ok 18 - six reduced integral definitions never become numeric moments and retain the actual axis boundary and both signs
  ---
  duration_ms: 36.998454
  type: 'test'
  ...
# Subtest: actual C12 omission retains the original frequency and only certifies the two functional values
ok 19 - actual C12 omission retains the original frequency and only certifies the two functional values
  ---
  duration_ms: 1.209073
  type: 'test'
  ...
# Subtest: outer program displays actual operand nodes without calling node IDs evaluated field values
ok 20 - outer program displays actual operand nodes without calling node IDs evaluated field values
  ---
  duration_ms: 1.618031
  type: 'test'
  ...
# Subtest: retained nondefault eta and unordered requested xi drive the view without using default fixtures
ok 21 - retained nondefault eta and unordered requested xi drive the view without using default fixtures
  ---
  duration_ms: 43.901736
  type: 'test'
  ...
# Subtest: point and table LOD are separate source-preserving selections
ok 22 - point and table LOD are separate source-preserving selections
  ---
  duration_ms: 1.996502
  type: 'test'
  ...
# Subtest: nonfinite or reversed intervals and coordinates are omitted instead of fabricating zeros or bridging gaps
ok 23 - nonfinite or reversed intervals and coordinates are omitted instead of fabricating zeros or bridging gaps
  ---
  duration_ms: 6.323137
  type: 'test'
  ...
# Subtest: stale, running, failed, mismatched-kind and mismatched-schema results expose no actual-global panels
ok 24 - stale, running, failed, mismatched-kind and mismatched-schema results expose no actual-global panels
  ---
  duration_ms: 0.68926
  type: 'test'
  ...
# Subtest: all four panels render finite CPU Canvas commands and retain job binding on mobile and desktop
ok 25 - all four panels render finite CPU Canvas commands and retain job binding on mobile and desktop
  ---
  duration_ms: 9.261318
  type: 'test'
  ...
# Subtest: HTML exact tables retain the full 2^-260 rational and actual AST operands without shortening
ok 26 - HTML exact tables retain the full 2^-260 rational and actual AST operands without shortening
  ---
  duration_ms: 5.037673
  type: 'test'
  ...
# Subtest: all seven residual panels resolve to the exact retained source and preserve job, input and result bindings
ok 27 - all seven residual panels resolve to the exact retained source and preserve job, input and result bindings
  ---
  duration_ms: 39.704695
  type: 'test'
  ...
# Subtest: the order chart plots one-sided bounds in log2, not invented norm values, and keeps exact q and positive physical scales
ok 28 - the order chart plots one-sided bounds in log2, not invented norm values, and keeps exact q and positive physical scales
  ---
  duration_ms: 0.456198
  type: 'test'
  ...
# Subtest: component intervals keep the nonzero pressure witness and axial residual without mixing their physical normalizations
ok 29 - component intervals keep the nonzero pressure witness and axial residual without mixing their physical normalizations
  ---
  duration_ms: 0.935381
  type: 'test'
  ...
# Subtest: precision and grid tables preserve the same source domain, all exact endpoints, and the independent analytic error floor
ok 30 - precision and grid tables preserve the same source domain, all exact endpoints, and the independent analytic error floor
  ---
  duration_ms: 0.293632
  type: 'test'
  ...
# Subtest: all residual panels draw finite geometry on narrow and wide layouts and retain exact tables
ok 31 - all residual panels draw finite geometry on narrow and wide layouts and retain exact tables
  ---
  duration_ms: 11.448337
  type: 'test'
  ...
# Subtest: stale and failed requests hide prior residuals while display budgets preserve all source values
ok 32 - stale and failed requests hide prior residuals while display budgets preserve all source values
  ---
  duration_ms: 5.595269
  type: 'test'
  ...
# Subtest: source substitution, unsupported grids and precision, invalid q indices and insufficient budgets fail preflight
ok 33 - source substitution, unsupported grids and precision, invalid q indices and insufficient budgets fail preflight
  ---
  duration_ms: 1.613543
  type: 'test'
  ...
# Subtest: both actual constructors produce complete additive panel families without changing source data
ok 34 - both actual constructors produce complete additive panel families without changing source data
  ---
  duration_ms: 12.118438
  type: 'test'
  ...
# Subtest: every displayed mark and every exact table cell resolves to its actual result field
ok 35 - every displayed mark and every exact table cell resolves to its actual result field
  ---
  duration_ms: 22.997587
  type: 'test'
  ...
# Subtest: axis derivatives are three independent intervals with exact fractions and no fabricated curve
ok 36 - axis derivatives are three independent intervals with exact fractions and no fabricated curve
  ---
  duration_ms: 0.843151
  type: 'test'
  ...
# Subtest: positive-radius enclosures show all 15 samples by component and retain exact positive radii
ok 37 - positive-radius enclosures show all 15 samples by component and retain exact positive radii
  ---
  duration_ms: 1.305829
  type: 'test'
  ...
# Subtest: bits changes the exact observation locations and is never presented as fixed-point convergence
ok 38 - bits changes the exact observation locations and is never presented as fixed-point convergence
  ---
  duration_ms: 148.778196
  type: 'test'
  ...
# Subtest: Imean moment contributions preserve both signs and distinguish local contributions from total debts
ok 39 - Imean moment contributions preserve both signs and distinguish local contributions from total debts
  ---
  duration_ms: 0.644892
  type: 'test'
  ...
# Subtest: majorant and local pulse bounds display actual expressions with false execution/global flags intact
ok 40 - majorant and local pulse bounds display actual expressions with false execution/global flags intact
  ---
  duration_ms: 7.135142
  type: 'test'
  ...
# Subtest: all 20 slow multiindices are displayed separately for F V b and exactly zero G
ok 41 - all 20 slow multiindices are displayed separately for F V b and exactly zero G
  ---
  duration_ms: 13.659803
  type: 'test'
  ...
# Subtest: reference log envelope remains distinct from actual integrated amplitude and retains left datum scale
ok 42 - reference log envelope remains distinct from actual integrated amplitude and retains left datum scale
  ---
  duration_ms: 4.391844
  type: 'test'
  ...
# Subtest: finite LOD independently limits marks and exact rows while retaining source paths
ok 43 - finite LOD independently limits marks and exact rows while retaining source paths
  ---
  duration_ms: 2.309253
  type: 'test'
  ...
# Subtest: invalid display intervals do not become zero marks or a connected bridge
ok 44 - invalid display intervals do not become zero marks or a connected bridge
  ---
  duration_ms: 22.354647
  type: 'test'
  ...
# Subtest: unavailable or stale jobs and other schema/kinds do not expose these actual-source panels
ok 45 - unavailable or stale jobs and other schema/kinds do not expose these actual-source panels
  ---
  duration_ms: 0.823652
  type: 'test'
  ...
# Subtest: all additive panels render finite Canvas commands at mobile and desktop sizes
ok 46 - all additive panels render finite Canvas commands at mobile and desktop sizes
  ---
  duration_ms: 60.07511
  type: 'test'
  ...
# Subtest: exact giant fractions wrap in the existing HTML table without shortening their text
ok 47 - exact giant fractions wrap in the existing HTML table without shortening their text
  ---
  duration_ms: 2.997301
  type: 'test'
  ...
# Subtest: new finite acceptance and actual continuation panels resolve every mark, endpoint and exact table cell to retained source data
ok 48 - new finite acceptance and actual continuation panels resolve every mark, endpoint and exact table cell to retained source data
  ---
  duration_ms: 60.185001
  type: 'test'
  ...
# Subtest: actual amplitude view preserves original left datum, nonunit midpoint and both nonzero logarithmic tails
ok 49 - actual amplitude view preserves original left datum, nonunit midpoint and both nonzero logarithmic tails
  ---
  duration_ms: 2.476045
  type: 'test'
  ...
# Subtest: the negative family changes the physical axial sign while retaining positive radial amplitude and input binding
ok 50 - the negative family changes the physical axial sign while retaining positive radial amplitude and input binding
  ---
  duration_ms: 40.355101
  type: 'test'
  ...
# Subtest: all new numeric panels render finite geometry at mobile and desktop widths, including tiny normal enclosures
ok 51 - all new numeric panels render finite geometry at mobile and desktop widths, including tiny normal enclosures
  ---
  duration_ms: 20.418546
  type: 'test'
  ...
# Subtest: stale editor and failed job cannot expose a previous finite acceptance panel
ok 52 - stale editor and failed job cannot expose a previous finite acceptance panel
  ---
  duration_ms: 0.340514
  type: 'test'
  ...
# Subtest: invalid exact cells, fabricated pulse scales and unsupported families fail before execution
ok 53 - invalid exact cells, fabricated pulse scales and unsupported families fail before execution
  ---
  duration_ms: 1.059488
  type: 'test'
  ...
# Subtest: nine interval observations remain selectable and clear of their endpoint labels and footer at mobile and desktop widths
ok 54 - nine interval observations remain selectable and clear of their endpoint labels and footer at mobile and desktop widths
  ---
  duration_ms: 8.792131
  type: 'test'
  ...
# Subtest: the observed 33rd-run failure is repaired; all earlier results, receipts, and replay survive
ok 55 - the observed 33rd-run failure is repaired; all earlier results, receipts, and replay survive
  ---
  duration_ms: 536.755463
  type: 'test'
  ...
# Subtest: the larger history remains bounded and concurrent admission cannot exceed its cap
ok 56 - the larger history remains bounded and concurrent admission cannot exceed its cap
  ---
  duration_ms: 496.5947
  type: 'test'
  ...
# Subtest: the patch keeps both guards and is anchored to the original engine only
ok 57 - the patch keeps both guards and is anchored to the original engine only
  ---
  duration_ms: 0.482097
  type: 'test'
  ...
# Subtest: a refused admission leaves no selected phantom job or save preparation
ok 58 - a refused admission leaves no selected phantom job or save preparation
  ---
  duration_ms: 0.475617
  type: 'test'
  ...
# Subtest: all 59 shipped M1 computations have truthful source-bound observations, including the 26 formerly empty results
ok 59 - all 59 shipped M1 computations have truthful source-bound observations, including the 26 formerly empty results
  ---
  duration_ms: 23753.353378
  type: 'test'
  ...
# Subtest: exact large integers, rational coordinates and typed Float64 are admitted without fabricating a real p-adic scalar
ok 60 - exact large integers, rational coordinates and typed Float64 are admitted without fabricating a real p-adic scalar
  ---
  duration_ms: 1.289685
  type: 'test'
  ...
# Subtest: stale inputs, no result, unsupported and failed calculations clear previous geometry
ok 61 - stale inputs, no result, unsupported and failed calculations clear previous geometry
  ---
  duration_ms: 0.525373
  type: 'test'
  ...
# Subtest: LOD spans the full source array, preserves source indices and never mutates sample hashes
ok 62 - LOD spans the full source array, preserves source indices and never mutates sample hashes
  ---
  duration_ms: 49.760783
  type: 'test'
  ...
# Subtest: invalid line vertices split segments instead of drawing a fictional bridge; exact coordinate cells survive
ok 63 - invalid line vertices split segments instead of drawing a fictional bridge; exact coordinate cells survive
  ---
  duration_ms: 0.547406
  type: 'test'
  ...
# Subtest: prime tiles retain exact disjoint boundaries and visibly mark uncomputed ranges
ok 64 - prime tiles retain exact disjoint boundaries and visibly mark uncomputed ranges
  ---
  duration_ms: 0.343177
  type: 'test'
  ...
# Subtest: complex basis trace returns exact outgoing maps and existing invariants
ok 65 - complex basis trace returns exact outgoing maps and existing invariants
  ---
  duration_ms: 1.31226
  type: 'test'
  ...
# Subtest: cohomological degree is linear while explicitly stored logarithms retain their transform
ok 66 - cohomological degree is linear while explicitly stored logarithms retain their transform
  ---
  duration_ms: 1.147391
  type: 'test'
  ...
# Subtest: paired observations use one physical frame and color range and reject incompatible projection contracts
ok 67 - paired observations use one physical frame and color range and reject incompatible projection contracts
  ---
  duration_ms: 11.647468
  type: 'test'
  ...
# Subtest: all chart families paint finite canvas commands; camera changes only presentation revision and exact source selection is retained
ok 68 - all chart families paint finite canvas commands; camera changes only presentation revision and exact source selection is retained
  ---
  duration_ms: 174.15912
  type: 'test'
  ...
1..68
# tests 68
# suites 0
# pass 68
# fail 0
# cancelled 0
# skipped 0
# todo 0
# duration_ms 24887.722375
