TAP version 13
# Subtest: every installed bundled worker reproduces the source-module mathematical result
ok 1 - every installed bundled worker reproduces the source-module mathematical result
  ---
  duration_ms: 32355.027136
  type: 'test'
  ...
# Subtest: every arithmetic, NS and observation panel retains exact source data and finite display coordinates
ok 2 - every arithmetic, NS and observation panel retains exact source data and finite display coordinates
  ---
  duration_ms: 8167.850655
  type: 'test'
  ...
# Subtest: M2 WebMCP rejects oversized, unknown and aborted mutations before dispatch
ok 3 - M2 WebMCP rejects oversized, unknown and aborted mutations before dispatch
  ---
  duration_ms: 1.665312
  type: 'test'
  ...
# Subtest: M2 request envelope rejects invalid resource scopes and precision container types
ok 4 - M2 request envelope rejects invalid resource scopes and precision container types
  ---
  duration_ms: 0.381655
  type: 'test'
  ...
# Subtest: actual-source jobs enforce their own budgets and preserve cell-level source bindings after result normalization
ok 5 - actual-source jobs enforce their own budgets and preserve cell-level source bindings after result normalization
  ---
  duration_ms: 120.886757
  type: 'test'
  ...
1..5
# tests 5
# suites 0
# pass 5
# fail 0
# cancelled 0
# skipped 0
# todo 0
# duration_ms 40855.316054
