TAP version 13
# Subtest: pinned worker digest matches its actual bundled source bytes
ok 1 - pinned worker digest matches its actual bundled source bytes
  ---
  duration_ms: 13.65266
  type: 'test'
  ...
# Subtest: actual isolated worker and local modules agree for arithmetic, lattice gauge and Navier diagnostics
ok 2 - actual isolated worker and local modules agree for arithmetic, lattice gauge and Navier diagnostics
  ---
  duration_ms: 758.843578
  type: 'test'
  ...
# Subtest: same-worker replay recomputes exact results and never trusts serialized evidence
ok 3 - same-worker replay recomputes exact results and never trusts serialized evidence
  ---
  duration_ms: 279.160439
  type: 'test'
  ...
# Subtest: replay rejects mutations in envelope, exact input, result and pinned environment
ok 4 - replay rejects mutations in envelope, exact input, result and pinned environment
  ---
  duration_ms: 44.765694
  type: 'test'
  ...
# Subtest: a fully rehashed forged finite result is still detected by fresh mathematical recomputation
ok 5 - a fully rehashed forged finite result is still detected by fresh mathematical recomputation
  ---
  duration_ms: 28.381724
  type: 'test'
  ...
# Subtest: an authentic serialized replay cannot cross local/worker environment boundaries
ok 6 - an authentic serialized replay cannot cross local/worker environment boundaries
  ---
  duration_ms: 23.473472
  type: 'test'
  ...
# Subtest: environment binds the actual runtime identity and finite IEEE754 math profile
ok 7 - environment binds the actual runtime identity and finite IEEE754 math profile
  ---
  duration_ms: 14.172494
  type: 'test'
  ...
# Subtest: fully resealed runtime identity or Math-profile changes are rejected before replay dispatch
ok 8 - fully resealed runtime identity or Math-profile changes are rejected before replay dispatch
  ---
  duration_ms: 33.607587
  type: 'test'
  ...
# Subtest: worker cancellation produces a terminal diagnostic and late result messages cannot revive it
ok 9 - worker cancellation produces a terminal diagnostic and late result messages cannot revive it
  ---
  duration_ms: 12.627384
  type: 'test'
  ...
# Subtest: a nonresponsive execution reaches the bounded watchdog rather than claiming completion
ok 10 - a nonresponsive execution reaches the bounded watchdog rather than claiming completion
  ---
  duration_ms: 165.225868
  type: 'test'
  ...
# Subtest: validator fixture is verbatim within the provider read projection and its pinned projection digest
ok 11 - validator fixture is verbatim within the provider read projection and its pinned projection digest
  ---
  duration_ms: 27.90857
  type: 'test'
  ...
# Subtest: actual finite run commits through the extracted Foundation contract and returns record IDs
ok 12 - actual finite run commits through the extracted Foundation contract and returns record IDs
  ---
  duration_ms: 45.749247
  type: 'test'
  ...
# Subtest: original Foundation rejects custom method, missing required fields and proof-grade adapter claims transactionally
ok 13 - original Foundation rejects custom method, missing required fields and proof-grade adapter claims transactionally
  ---
  duration_ms: 26.545646
  type: 'test'
  ...
# Subtest: a JSON copy of an owned receipt and altered public job hashes cannot grant save authority
ok 14 - a JSON copy of an owned receipt and altered public job hashes cannot grant save authority
  ---
  duration_ms: 17.848087
  type: 'test'
  ...
# Subtest: a terminal UNSUPPORTED computation is not saved as a completed claim
ok 15 - a terminal UNSUPPORTED computation is not saved as a completed claim
  ---
  duration_ms: 9.758077
  type: 'test'
  ...
# Subtest: changed current environment and altered environment content are rejected
ok 16 - changed current environment and altered environment content are rejected
  ---
  duration_ms: 16.526305
  type: 'test'
  ...
# Subtest: stale origin is refused before requesting a receipt, with integer revision semantics
ok 17 - stale origin is refused before requesting a receipt, with integer revision semantics
  ---
  duration_ms: 11.001331
  type: 'test'
  ...
# Subtest: session revision changes while the receipt awaits cannot write the detached original snapshot
ok 18 - session revision changes while the receipt awaits cannot write the detached original snapshot
  ---
  duration_ms: 16.31097
  type: 'test'
  ...
# Subtest: session switching during environment verification is refused even if the revision number matches
ok 19 - session switching during environment verification is refused even if the revision number matches
  ---
  duration_ms: 17.300472
  type: 'test'
  ...
# Subtest: mutating the caller origin during an await cannot move the captured authorization baseline
ok 20 - mutating the caller origin during an await cannot move the captured authorization baseline
  ---
  duration_ms: 22.499913
  type: 'test'
  ...
# Subtest: the final wrapper check catches a change after bundle building and before commit
ok 21 - the final wrapper check catches a change after bundle building and before commit
  ---
  duration_ms: 15.478304
  type: 'test'
  ...
# Subtest: each replaced typed record uses its own parent revision and fresh evidence cites all current revisions
ok 22 - each replaced typed record uses its own parent revision and fresh evidence cites all current revisions
  ---
  duration_ms: 29.189693
  type: 'test'
  ...
