TAP version 13
# Subtest: all registered actual gauge examples bind finite views, complete exact tables and real model/sample/observation hashes
ok 1 - all registered actual gauge examples bind finite views, complete exact tables and real model/sample/observation hashes
  ---
  duration_ms: 2576.442078
  type: 'test'
  ...
# Subtest: lattice slice displays actual four-coordinates and binds each scalar directly to measurements.sites
ok 2 - lattice slice displays actual four-coordinates and binds each scalar directly to measurements.sites
  ---
  duration_ms: 2.287261
  type: 'test'
  ...
# Subtest: algorithm histories and spacing/error pairs never acquire a spatial interpretation from a gauge prefix
ok 3 - algorithm histories and spacing/error pairs never acquire a spatial interpretation from a gauge prefix
  ---
  duration_ms: 7.421959
  type: 'test'
  ...
# Subtest: declared NS axis.kind and time units prevent mixed r,z,tau data from becoming Euclidean spatial geometry
ok 4 - declared NS axis.kind and time units prevent mixed r,z,tau data from becoming Euclidean spatial geometry
  ---
  duration_ms: 0.48417
  type: 'test'
  ...
# Subtest: burn-in and measurement are separate source-bound series; thinning and effective sample limitations stay visible
ok 5 - burn-in and measurement are separate source-bound series; thinning and effective sample limitations stay visible
  ---
  duration_ms: 4.720683
  type: 'test'
  ...
# Subtest: view slice/LOD changes preserve model, source, sample and history identities while changing the slice observation
ok 6 - view slice/LOD changes preserve model, source, sample and history identities while changing the slice observation
  ---
  duration_ms: 320.839002
  type: 'test'
  ...
# Subtest: open-boundary incomplete curvature stays an explicit empty observation with source rows and null values
ok 7 - open-boundary incomplete curvature stays an explicit empty observation with source rows and null values
  ---
  duration_ms: 3.876971
  type: 'test'
  ...
# Subtest: deterministic beta-zero action does not acquire a zero ESS or confidence interval in its chart label
ok 8 - deterministic beta-zero action does not acquire a zero ESS or confidence interval in its chart label
  ---
  duration_ms: 330.820042
  type: 'test'
  ...
# Subtest: actual gauge views paint finite Canvas commands; switching to legacy data clears every stale source identity
ok 9 - actual gauge views paint finite Canvas commands; switching to legacy data clears every stale source identity
  ---
  duration_ms: 151.845889
  type: 'test'
  ...
# Subtest: all five actual core views retain exact source cells, intervals and explicit derivative normalization
ok 10 - all five actual core views retain exact source cells, intervals and explicit derivative normalization
  ---
  duration_ms: 18.407506
  type: 'test'
  ...
# Subtest: direct zero and scaled zero retain distinct source normalizations in actual U view
ok 11 - direct zero and scaled zero retain distinct source normalizations in actual U view
  ---
  duration_ms: 27.602411
  type: 'test'
  ...
# Subtest: positive nonlinear floor survives precision changes and analytic extension is not physical collar
ok 12 - positive nonlinear floor survives precision changes and analytic extension is not physical collar
  ---
  duration_ms: 33.330254
  type: 'test'
  ...
# Subtest: LOD and invalid display data never change exact computations or invent finite marks
ok 13 - LOD and invalid display data never change exact computations or invent finite marks
  ---
  duration_ms: 8.651805
  type: 'test'
  ...
# Subtest: all five panels produce finite CPU Canvas geometry at narrow and wide layouts
ok 14 - all five panels produce finite CPU Canvas geometry at narrow and wide layouts
  ---
  duration_ms: 10.004136
  type: 'test'
  ...
# Subtest: core preflight and execution agree on null containers, exact coordinate and precision contracts
ok 15 - core preflight and execution agree on null containers, exact coordinate and precision contracts
  ---
  duration_ms: 29.447635
  type: 'test'
  ...
# Subtest: eight covariance views retain every exact table, endpoint, axis and job binding without mutating the actual result
ok 16 - eight covariance views retain every exact table, endpoint, axis and job binding without mutating the actual result
  ---
  duration_ms: 29.840127
  type: 'test'
  ...
# Subtest: actual covariance views preserve the positive inverse, two physical signs, heat correction and strictly nonzero quadrature tail
ok 17 - actual covariance views preserve the positive inverse, two physical signs, heat correction and strictly nonzero quadrature tail
  ---
  duration_ms: 0.663541
  type: 'test'
  ...
# Subtest: source point verification cannot become a whole-annulus or whole-package acceptance in any panel
ok 18 - source point verification cannot become a whole-annulus or whole-package acceptance in any panel
  ---
  duration_ms: 0.154784
  type: 'test'
  ...
# Subtest: all covariance panels render finite canvas geometry at narrow and wide widths while retaining precise tables
ok 19 - all covariance panels render finite canvas geometry at narrow and wide widths while retaining precise tables
  ---
  duration_ms: 9.40433
  type: 'test'
  ...
# Subtest: display subsampling preserves full integral results and stale or failed requests hide prior source covariance
ok 20 - display subsampling preserves full integral results and stale or failed requests hide prior source covariance
  ---
  duration_ms: 5.378546
  type: 'test'
  ...
# Subtest: foreign targets, modified source scales, invalid quadrature and unsupported precision fail before any covariance computation
ok 21 - foreign targets, modified source scales, invalid quadrature and unsupported precision fail before any covariance computation
  ---
  duration_ms: 0.60937
  type: 'test'
  ...
# Subtest: four additive panels preserve immutable retained data and leave runtime binding to the parent
ok 22 - four additive panels preserve immutable retained data and leave runtime binding to the parent
  ---
  duration_ms: 5.902387
  type: 'test'
  ...
# Subtest: every displayed point, exact table cell, axis and detail resolves to its actual result field
ok 23 - every displayed point, exact table cell, axis and detail resolves to its actual result field
  ---
  duration_ms: 3.104895
  type: 'test'
  ...
# Subtest: default outer source has three unconnected series of five actual interval observations
ok 24 - default outer source has three unconnected series of five actual interval observations
  ---
  duration_ms: 0.621778
  type: 'test'
  ...
# Subtest: historical globalSource prefixes cannot redirect source-bound marks away from the wrapper result
ok 25 - historical globalSource prefixes cannot redirect source-bound marks away from the wrapper result
  ---
  duration_ms: 5.79181
  type: 'test'
  ...
# Subtest: huge actual physical X remains exact and does not replace the normalized xi coordinate
ok 26 - huge actual physical X remains exact and does not replace the normalized xi coordinate
  ---
  duration_ms: 0.634297
  type: 'test'
  ...
# Subtest: six reduced integral definitions never become numeric moments and retain the actual axis boundary and both signs
ok 27 - six reduced integral definitions never become numeric moments and retain the actual axis boundary and both signs
  ---
  duration_ms: 14.726902
  type: 'test'
  ...
# Subtest: actual C12 omission retains the original frequency and only certifies the two functional values
ok 28 - actual C12 omission retains the original frequency and only certifies the two functional values
  ---
  duration_ms: 0.634007
  type: 'test'
  ...
# Subtest: outer program displays actual operand nodes without calling node IDs evaluated field values
ok 29 - outer program displays actual operand nodes without calling node IDs evaluated field values
  ---
  duration_ms: 0.772635
  type: 'test'
  ...
# Subtest: retained nondefault eta and unordered requested xi drive the view without using default fixtures
ok 30 - retained nondefault eta and unordered requested xi drive the view without using default fixtures
  ---
  duration_ms: 14.409343
  type: 'test'
  ...
# Subtest: point and table LOD are separate source-preserving selections
ok 31 - point and table LOD are separate source-preserving selections
  ---
  duration_ms: 0.976654
  type: 'test'
  ...
# Subtest: nonfinite or reversed intervals and coordinates are omitted instead of fabricating zeros or bridging gaps
ok 32 - nonfinite or reversed intervals and coordinates are omitted instead of fabricating zeros or bridging gaps
  ---
  duration_ms: 4.936179
  type: 'test'
  ...
# Subtest: stale, running, failed, mismatched-kind and mismatched-schema results expose no actual-global panels
ok 33 - stale, running, failed, mismatched-kind and mismatched-schema results expose no actual-global panels
  ---
  duration_ms: 0.187393
  type: 'test'
  ...
# Subtest: all four panels render finite CPU Canvas commands and retain job binding on mobile and desktop
ok 34 - all four panels render finite CPU Canvas commands and retain job binding on mobile and desktop
  ---
  duration_ms: 2.896531
  type: 'test'
  ...
# Subtest: HTML exact tables retain the full 2^-260 rational and actual AST operands without shortening
ok 35 - HTML exact tables retain the full 2^-260 rational and actual AST operands without shortening
  ---
  duration_ms: 2.06091
  type: 'test'
  ...
# Subtest: all eight actual moment panels retain exact source values and source, request and result bindings
ok 36 - all eight actual moment panels retain exact source values and source, request and result bindings
  ---
  duration_ms: 10.294891
  type: 'test'
  ...
# Subtest: the support diagram distinguishes the actual first heat tail and preserves symbolic endpoint order
ok 37 - the support diagram distinguishes the actual first heat tail and preserves symbolic endpoint order
  ---
  duration_ms: 0.219171
  type: 'test'
  ...
# Subtest: ten matrix cells are actual corrected function identities, with all incoming and correction roots retained
ok 38 - ten matrix cells are actual corrected function identities, with all incoming and correction roots retained
  ---
  duration_ms: 0.310138
  type: 'test'
  ...
# Subtest: source gates expose generated n2 and not-yet-generated n3, while PDE and conservation panels retain negative controls
ok 39 - source gates expose generated n2 and not-yet-generated n3, while PDE and conservation panels retain negative controls
  ---
  duration_ms: 0.369517
  type: 'test'
  ...
# Subtest: the compact graph and precision ledger report constructive exactness without numerical global quadrature
ok 40 - the compact graph and precision ledger report constructive exactness without numerical global quadrature
  ---
  duration_ms: 0.635198
  type: 'test'
  ...
# Subtest: all actual moment panels render finite narrow and wide geometry and display every zero and support row
ok 41 - all actual moment panels render finite narrow and wide geometry and display every zero and support row
  ---
  duration_ms: 3.835997
  type: 'test'
  ...
# Subtest: table budgets and stale or failed editor states preserve the actual result and hide old charts
ok 42 - table budgets and stale or failed editor states preserve the actual result and hide old charts
  ---
  duration_ms: 1.262505
  type: 'test'
  ...
# Subtest: preflight rejects substituted parameters, unsupported orders and numerical precision claims
ok 43 - preflight rejects substituted parameters, unsupported orders and numerical precision claims
  ---
  duration_ms: 0.52367
  type: 'test'
  ...
# Subtest: all seven residual panels resolve to the exact retained source and preserve job, input and result bindings
ok 44 - all seven residual panels resolve to the exact retained source and preserve job, input and result bindings
  ---
  duration_ms: 12.041405
  type: 'test'
  ...
# Subtest: the order chart plots one-sided bounds in log2, not invented norm values, and keeps exact q and positive physical scales
ok 45 - the order chart plots one-sided bounds in log2, not invented norm values, and keeps exact q and positive physical scales
  ---
  duration_ms: 0.322646
  type: 'test'
  ...
# Subtest: component intervals keep the nonzero pressure witness and axial residual without mixing their physical normalizations
ok 46 - component intervals keep the nonzero pressure witness and axial residual without mixing their physical normalizations
  ---
  duration_ms: 0.243788
  type: 'test'
  ...
# Subtest: precision and grid tables preserve the same source domain, all exact endpoints, and the independent analytic error floor
ok 47 - precision and grid tables preserve the same source domain, all exact endpoints, and the independent analytic error floor
  ---
  duration_ms: 0.183006
  type: 'test'
  ...
# Subtest: all residual panels draw finite geometry on narrow and wide layouts and retain exact tables
ok 48 - all residual panels draw finite geometry on narrow and wide layouts and retain exact tables
  ---
  duration_ms: 3.630426
  type: 'test'
  ...
# Subtest: stale and failed requests hide prior residuals while display budgets preserve all source values
ok 49 - stale and failed requests hide prior residuals while display budgets preserve all source values
  ---
  duration_ms: 3.029951
  type: 'test'
  ...
# Subtest: source substitution, unsupported grids and precision, invalid q indices and insufficient budgets fail preflight
ok 50 - source substitution, unsupported grids and precision, invalid q indices and insufficient budgets fail preflight
  ---
  duration_ms: 0.604361
  type: 'test'
  ...
# Subtest: both actual constructors produce complete additive panel families without changing source data
ok 51 - both actual constructors produce complete additive panel families without changing source data
  ---
  duration_ms: 8.516308
  type: 'test'
  ...
# Subtest: every displayed mark and every exact table cell resolves to its actual result field
ok 52 - every displayed mark and every exact table cell resolves to its actual result field
  ---
  duration_ms: 5.159423
  type: 'test'
  ...
# Subtest: axis derivatives are three independent intervals with exact fractions and no fabricated curve
ok 53 - axis derivatives are three independent intervals with exact fractions and no fabricated curve
  ---
  duration_ms: 0.527135
  type: 'test'
  ...
# Subtest: positive-radius enclosures show all 15 samples by component and retain exact positive radii
ok 54 - positive-radius enclosures show all 15 samples by component and retain exact positive radii
  ---
  duration_ms: 0.459804
  type: 'test'
  ...
# Subtest: bits changes the exact observation locations and is never presented as fixed-point convergence
ok 55 - bits changes the exact observation locations and is never presented as fixed-point convergence
  ---
  duration_ms: 45.763256
  type: 'test'
  ...
# Subtest: Imean moment contributions preserve both signs and distinguish local contributions from total debts
ok 56 - Imean moment contributions preserve both signs and distinguish local contributions from total debts
  ---
  duration_ms: 0.470519
  type: 'test'
  ...
# Subtest: majorant and local pulse bounds display actual expressions with false execution/global flags intact
ok 57 - majorant and local pulse bounds display actual expressions with false execution/global flags intact
  ---
  duration_ms: 1.310967
  type: 'test'
  ...
# Subtest: all 20 slow multiindices are displayed separately for F V b and exactly zero G
ok 58 - all 20 slow multiindices are displayed separately for F V b and exactly zero G
  ---
  duration_ms: 1.450959
  type: 'test'
  ...
# Subtest: reference log envelope remains distinct from actual integrated amplitude and retains left datum scale
ok 59 - reference log envelope remains distinct from actual integrated amplitude and retains left datum scale
  ---
  duration_ms: 0.666135
  type: 'test'
  ...
# Subtest: finite LOD independently limits marks and exact rows while retaining source paths
ok 60 - finite LOD independently limits marks and exact rows while retaining source paths
  ---
  duration_ms: 1.835519
  type: 'test'
  ...
# Subtest: invalid display intervals do not become zero marks or a connected bridge
ok 61 - invalid display intervals do not become zero marks or a connected bridge
  ---
  duration_ms: 3.992924
  type: 'test'
  ...
# Subtest: unavailable or stale jobs and other schema/kinds do not expose these actual-source panels
ok 62 - unavailable or stale jobs and other schema/kinds do not expose these actual-source panels
  ---
  duration_ms: 0.155294
  type: 'test'
  ...
# Subtest: all additive panels render finite Canvas commands at mobile and desktop sizes
ok 63 - all additive panels render finite Canvas commands at mobile and desktop sizes
  ---
  duration_ms: 6.929723
  type: 'test'
  ...
# Subtest: exact giant fractions wrap in the existing HTML table without shortening their text
ok 64 - exact giant fractions wrap in the existing HTML table without shortening their text
  ---
  duration_ms: 0.658343
  type: 'test'
  ...
# Subtest: the final source route supplies ten panels with current job, input, result and source bindings
ok 65 - the final source route supplies ten panels with current job, input, result and source bindings
  ---
  duration_ms: 19.344966
  type: 'test'
  ...
# Subtest: every rendered point, exact table cell, matrix entry, axis and detail resolves to the retained source result
ok 66 - every rendered point, exact table cell, matrix entry, axis and detail resolves to the retained source result
  ---
  duration_ms: 7.555975
  type: 'test'
  ...
# Subtest: the two zero cells certify the uniform-domain covariance identity and never a positive exercised member or PDE residual
ok 67 - the two zero cells certify the uniform-domain covariance identity and never a positive exercised member or PDE residual
  ---
  duration_ms: 0.335225
  type: 'test'
  ...
# Subtest: the original angular half, normalized Haar and single transverse mass remain exact expressions
ok 68 - the original angular half, normalized Haar and single transverse mass remain exact expressions
  ---
  duration_ms: 0.212431
  type: 'test'
  ...
# Subtest: operator marks display only stored bound exponents and exact-zero terms are not replaced by a fake exponent
ok 69 - operator marks display only stored bound exponents and exact-zero terms are not replaced by a fake exponent
  ---
  duration_ms: 0.436008
  type: 'test'
  ...
# Subtest: reference columns carry their positive symbolic error and the actual inverse keeps the negative physical orientation
ok 70 - reference columns carry their positive symbolic error and the actual inverse keeps the negative physical orientation
  ---
  duration_ms: 0.282857
  type: 'test'
  ...
# Subtest: all six finite H integrals retain actual expression roots, nonzero tails and the false numerical-limit flags
ok 71 - all six finite H integrals retain actual expression roots, nonzero tails and the false numerical-limit flags
  ---
  duration_ms: 0.29203
  type: 'test'
  ...
# Subtest: the complete partition counts 81 candidate boxes once with both signs inside and never claims every candidate is active
ok 72 - the complete partition counts 81 candidate boxes once with both signs inside and never claims every candidate is active
  ---
  duration_ms: 0.782941
  type: 'test'
  ...
# Subtest: positive source thresholds and graph roots stay symbolic while the compact result and complete panel set fit eight MiB
ok 73 - positive source thresholds and graph roots stay symbolic while the compact result and complete panel set fit eight MiB
  ---
  duration_ms: 10.223949
  type: 'test'
  ...
# Subtest: source checks preserve the final criterion and the explicitly separate mathematical obligations
ok 74 - source checks preserve the final criterion and the explicitly separate mathematical obligations
  ---
  duration_ms: 0.317229
  type: 'test'
  ...
# Subtest: all ten panels render finite mobile and desktop commands with two distinct exact global residual cells
ok 75 - all ten panels render finite mobile and desktop commands with two distinct exact global residual cells
  ---
  duration_ms: 8.654312
  type: 'test'
  ...
# Subtest: row and mark budgets preserve originals and failed or changed inputs cannot expose an earlier certified chart
ok 76 - row and mark budgets preserve originals and failed or changed inputs cannot expose an earlier certified chart
  ---
  duration_ms: 5.129025
  type: 'test'
  ...
# Subtest: long symbolic positive scales wrap without conversion to zero or Infinity
ok 77 - long symbolic positive scales wrap without conversion to zero or Infinity
  ---
  duration_ms: 3.433408
  type: 'test'
  ...
# Subtest: new finite acceptance and actual continuation panels resolve every mark, endpoint and exact table cell to retained source data
ok 78 - new finite acceptance and actual continuation panels resolve every mark, endpoint and exact table cell to retained source data
  ---
  duration_ms: 36.301878
  type: 'test'
  ...
# Subtest: actual amplitude view preserves original left datum, nonunit midpoint and both nonzero logarithmic tails
ok 79 - actual amplitude view preserves original left datum, nonunit midpoint and both nonzero logarithmic tails
  ---
  duration_ms: 2.333249
  type: 'test'
  ...
# Subtest: the negative family changes the physical axial sign while retaining positive radial amplitude and input binding
ok 80 - the negative family changes the physical axial sign while retaining positive radial amplitude and input binding
  ---
  duration_ms: 33.522597
  type: 'test'
  ...
# Subtest: all new numeric panels render finite geometry at mobile and desktop widths, including tiny normal enclosures
ok 81 - all new numeric panels render finite geometry at mobile and desktop widths, including tiny normal enclosures
  ---
  duration_ms: 10.338342
  type: 'test'
  ...
# Subtest: stale editor and failed job cannot expose a previous finite acceptance panel
ok 82 - stale editor and failed job cannot expose a previous finite acceptance panel
  ---
  duration_ms: 0.316597
  type: 'test'
  ...
# Subtest: invalid exact cells, fabricated pulse scales and unsupported families fail before execution
ok 83 - invalid exact cells, fabricated pulse scales and unsupported families fail before execution
  ---
  duration_ms: 0.463639
  type: 'test'
  ...
# Subtest: nine interval observations remain selectable and clear of their endpoint labels and footer at mobile and desktop widths
ok 84 - nine interval observations remain selectable and clear of their endpoint labels and footer at mobile and desktop widths
  ---
  duration_ms: 3.074527
  type: 'test'
  ...
# Subtest: the observed 33rd-run failure is repaired; all earlier results, receipts, and replay survive
ok 85 - the observed 33rd-run failure is repaired; all earlier results, receipts, and replay survive
  ---
  duration_ms: 179.569309
  type: 'test'
  ...
# Subtest: the larger history remains bounded and concurrent admission cannot exceed its cap
ok 86 - the larger history remains bounded and concurrent admission cannot exceed its cap
  ---
  duration_ms: 288.195643
  type: 'test'
  ...
# Subtest: the patch keeps both guards and is anchored to the original engine only
ok 87 - the patch keeps both guards and is anchored to the original engine only
  ---
  duration_ms: 0.38487
  type: 'test'
  ...
# Subtest: a refused admission leaves no selected phantom job or save preparation
ok 88 - a refused admission leaves no selected phantom job or save preparation
  ---
  duration_ms: 0.326362
  type: 'test'
  ...
# Subtest: ordered support drawing retains symbolic endpoints and makes the distinct order-one angular endpoint visible
ok 89 - ordered support drawing retains symbolic endpoints and makes the distinct order-one angular endpoint visible
  ---
  duration_ms: 2.249313
  type: 'test'
  ...
# Subtest: support labels, row selection and metadata preserve the source instead of parsing enormous physical coordinates
ok 90 - support labels, row selection and metadata preserve the source instead of parsing enormous physical coordinates
  ---
  duration_ms: 0.367524
  type: 'test'
  ...
# Subtest: unproved or invalid endpoint indexes do not create a fabricated support segment
ok 91 - unproved or invalid endpoint indexes do not create a fabricated support segment
  ---
  duration_ms: 1.377077
  type: 'test'
  ...
# Subtest: all 59 shipped M1 computations have truthful source-bound observations, including the 26 formerly empty results
ok 92 - all 59 shipped M1 computations have truthful source-bound observations, including the 26 formerly empty results
  ---
  duration_ms: 23102.184391
  type: 'test'
  ...
# Subtest: exact large integers, rational coordinates and typed Float64 are admitted without fabricating a real p-adic scalar
ok 93 - exact large integers, rational coordinates and typed Float64 are admitted without fabricating a real p-adic scalar
  ---
  duration_ms: 1.788517
  type: 'test'
  ...
# Subtest: stale inputs, no result, unsupported and failed calculations clear previous geometry
ok 94 - stale inputs, no result, unsupported and failed calculations clear previous geometry
  ---
  duration_ms: 0.485453
  type: 'test'
  ...
# Subtest: LOD spans the full source array, preserves source indices and never mutates sample hashes
ok 95 - LOD spans the full source array, preserves source indices and never mutates sample hashes
  ---
  duration_ms: 61.800474
  type: 'test'
  ...
# Subtest: invalid line vertices split segments instead of drawing a fictional bridge; exact coordinate cells survive
ok 96 - invalid line vertices split segments instead of drawing a fictional bridge; exact coordinate cells survive
  ---
  duration_ms: 0.70957
  type: 'test'
  ...
# Subtest: prime tiles retain exact disjoint boundaries and visibly mark uncomputed ranges
ok 97 - prime tiles retain exact disjoint boundaries and visibly mark uncomputed ranges
  ---
  duration_ms: 0.416187
  type: 'test'
  ...
# Subtest: complex basis trace returns exact outgoing maps and existing invariants
ok 98 - complex basis trace returns exact outgoing maps and existing invariants
  ---
  duration_ms: 1.056924
  type: 'test'
  ...
# Subtest: cohomological degree is linear while explicitly stored logarithms retain their transform
ok 99 - cohomological degree is linear while explicitly stored logarithms retain their transform
  ---
  duration_ms: 1.637199
  type: 'test'
  ...
# Subtest: paired observations use one physical frame and color range and reject incompatible projection contracts
ok 100 - paired observations use one physical frame and color range and reject incompatible projection contracts
  ---
  duration_ms: 16.289457
  type: 'test'
  ...
# Subtest: all chart families paint finite canvas commands; camera changes only presentation revision and exact source selection is retained
ok 101 - all chart families paint finite canvas commands; camera changes only presentation revision and exact source selection is retained
  ---
  duration_ms: 193.483943
  type: 'test'
  ...
1..101
# tests 101
# suites 0
# pass 101
# fail 0
# cancelled 0
# skipped 0
# todo 0
# duration_ms 60363.372204
