info: Comparator: cloning https://github.com/leanprover/comparator.git
info: Comparator: checking out revision '19e111e2141cf333c7daff0f64c5f24acc91dd2e'
info: mathlib: cloning https://github.com/leanprover-community/mathlib4.git
info: mathlib: checking out revision '85e3a25e006c35636f0e53b0e9296caca2685bc0'
info: lean4export: cloning https://github.com/leanprover/lean4export
info: lean4export: checking out revision 'cacf989bd75f608700820f6afc595f32e7a99a4d'
info: plausible: cloning https://github.com/leanprover-community/plausible
info: plausible: checking out revision 'd9598f07b1bc701f1e3aae163d2681c1fd978793'
info: LeanSearchClient: cloning https://github.com/leanprover-community/LeanSearchClient
info: LeanSearchClient: checking out revision 'ba67e212be1197b84c1f1f6299488a10a3002713'
info: importGraph: cloning https://github.com/leanprover-community/import-graph
info: importGraph: checking out revision 'd8823026ac7ef130c253089d95685f9877b95323'
info: proofwidgets: cloning https://github.com/leanprover-community/ProofWidgets4
info: proofwidgets: checking out revision 'a8acbfd87375ff4abe14ce09db5b7664d383bc7f'
info: aesop: cloning https://github.com/leanprover-community/aesop
info: aesop: checking out revision '18889deb9e83ea7420ef51c160d6f88552e744e3'
info: Qq: cloning https://github.com/leanprover-community/quote4
info: Qq: checking out revision '507746ab8f4b643ccdacb2ec4cdb5853fa9f8ab3'
info: batteries: cloning https://github.com/leanprover-community/batteries
info: batteries: checking out revision 'd54dddc581e08be364c278052863524bff7a99a9'
info: Cli: cloning https://github.com/leanprover/lean4-cli
info: Cli: checking out revision 'ab3a82db9fea14cf0fd7f5a2de650f4b534640af'
✔ [2/6] Built Cache.Cli (382ms)
✔ [3/6] Built Cache.Lean (440ms)
✔ [8/27] Built Cache.Cli:c.o (256ms)
✔ [9/27] Built Cache.Lean:c.o (273ms)
✔ [11/27] Built Cache.Infra (568ms)
✔ [12/27] Built Cache.Infra:c.o (310ms)
✔ [13/27] Built Cache.IO (1.6s)
✔ [14/27] Built Cache.Hashing (823ms)
✔ [15/27] Built Cache.Hashing:c.o (470ms)
✔ [16/27] Built Cache.IO:c.o (1.0s)
✔ [17/27] Built Cache.Requests (2.2s)
✔ [18/27] Built Cache.Marker (608ms)
✔ [19/27] Built Cache.Marker:c.o (163ms)
✔ [20/27] Built Cache.Query (818ms)
✔ [21/27] Built Cache.Query:c.o (546ms)
✔ [22/27] Built Cache.Warning (727ms)
✔ [23/27] Built Cache.Warning:c.o (421ms)
✔ [24/27] Built Cache.Requests:c.o (3.4s)
✔ [25/27] Built Cache.Main (1.3s)
✔ [26/27] Built Cache.Main:c.o (989ms)
✔ [27/27] Built cache:exe (777ms)
Current branch: HEAD
Using cache from origin: (some leanprover-community/mathlib4)
Attempting to download 8747 file(s) from leanprover-community/mathlib4 cache at https://lakecache.blob.core.windows.net/mathlib4-master

Downloaded: 1 file(s) [attempted 1/8747 = 0%, 14 KB/s], Decompressed: 0[K
Downloaded: 93 file(s) [attempted 93/8747 = 1%, 661 KB/s], Decompressed: 15[K
Downloaded: 198 file(s) [attempted 198/8747 = 2%, 1647 KB/s], Decompressed: 45[K
Downloaded: 310 file(s) [attempted 310/8747 = 3%, 2137 KB/s], Decompressed: 45[K
Downloaded: 438 file(s) [attempted 438/8747 = 5%, 746 KB/s], Decompressed: 45[K
Downloaded: 551 file(s) [attempted 551/8747 = 6%, 1201 KB/s], Decompressed: 142[K
Downloaded: 676 file(s) [attempted 676/8747 = 7%, 336 KB/s], Decompressed: 142[K
Downloaded: 801 file(s) [attempted 801/8747 = 9%, 1549 KB/s], Decompressed: 142[K
Downloaded: 938 file(s) [attempted 938/8747 = 10%, 841 KB/s], Decompressed: 142[K
Downloaded: 1065 file(s) [attempted 1065/8747 = 12%, 1576 KB/s], Decompressed: 142[K
Downloaded: 1194 file(s) [attempted 1194/8747 = 13%, 392 KB/s], Decompressed: 142[K
Downloaded: 1330 file(s) [attempted 1330/8747 = 15%, 839 KB/s], Decompressed: 142[K
Downloaded: 1467 file(s) [attempted 1467/8747 = 16%, 758 KB/s], Decompressed: 142[K
Downloaded: 1591 file(s) [attempted 1591/8747 = 18%, 985 KB/s], Decompressed: 142[K
Downloaded: 1711 file(s) [attempted 1711/8747 = 19%, 69 KB/s], Decompressed: 142[K
Downloaded: 1843 file(s) [attempted 1843/8747 = 21%, 226 KB/s], Decompressed: 142[K
Downloaded: 1961 file(s) [attempted 1961/8747 = 22%, 1981 KB/s], Decompressed: 142[K
Downloaded: 2063 file(s) [attempted 2063/8747 = 23%, 95 KB/s], Decompressed: 142[K
Downloaded: 2164 file(s) [attempted 2164/8747 = 24%, 193 KB/s], Decompressed: 514[K
Downloaded: 2304 file(s) [attempted 2304/8747 = 26%, 642 KB/s], Decompressed: 514[K
Downloaded: 2418 file(s) [attempted 2418/8747 = 27%, 1631 KB/s], Decompressed: 514[K
Downloaded: 2536 file(s) [attempted 2536/8747 = 28%, 360 KB/s], Decompressed: 514[K
Downloaded: 2675 file(s) [attempted 2675/8747 = 30%, 813 KB/s], Decompressed: 514[K
Downloaded: 2802 file(s) [attempted 2802/8747 = 32%, 387 KB/s], Decompressed: 514[K
Downloaded: 2933 file(s) [attempted 2933/8747 = 33%, 717 KB/s], Decompressed: 514[K
Downloaded: 3065 file(s) [attempted 3065/8747 = 35%, 696 KB/s], Decompressed: 514[K
Downloaded: 3174 file(s) [attempted 3174/8747 = 36%, 2756 KB/s], Decompressed: 514[K
Downloaded: 3291 file(s) [attempted 3291/8747 = 37%, 1024 KB/s], Decompressed: 514[K
Downloaded: 3386 file(s) [attempted 3386/8747 = 38%, 2885 KB/s], Decompressed: 514[K
Downloaded: 3513 file(s) [attempted 3513/8747 = 40%, 2295 KB/s], Decompressed: 514[K
Downloaded: 3653 file(s) [attempted 3653/8747 = 41%, 906 KB/s], Decompressed: 514[K
Downloaded: 3778 file(s) [attempted 3778/8747 = 43%, 1557 KB/s], Decompressed: 514[K
Downloaded: 3892 file(s) [attempted 3892/8747 = 44%, 1779 KB/s], Decompressed: 514[K
Downloaded: 4033 file(s) [attempted 4033/8747 = 46%, 182 KB/s], Decompressed: 514[K
Downloaded: 4147 file(s) [attempted 4147/8747 = 47%, 3309 KB/s], Decompressed: 514[K
Downloaded: 4264 file(s) [attempted 4264/8747 = 48%, 603 KB/s], Decompressed: 514[K
Downloaded: 4402 file(s) [attempted 4402/8747 = 50%, 1308 KB/s], Decompressed: 514[K
Downloaded: 4530 file(s) [attempted 4530/8747 = 51%, 804 KB/s], Decompressed: 514[K
Downloaded: 4661 file(s) [attempted 4661/8747 = 53%, 4086 KB/s], Decompressed: 514[K
Downloaded: 4786 file(s) [attempted 4786/8747 = 54%, 348 KB/s], Decompressed: 514[K
Downloaded: 4932 file(s) [attempted 4932/8747 = 56%, 2268 KB/s], Decompressed: 514[K
Downloaded: 5063 file(s) [attempted 5063/8747 = 57%, 1594 KB/s], Decompressed: 514[K
Downloaded: 5137 file(s) [attempted 5137/8747 = 58%, 1166 KB/s], Decompressed: 514[K
Downloaded: 5253 file(s) [attempted 5253/8747 = 60%, 511 KB/s], Decompressed: 514[K
Downloaded: 5391 file(s) [attempted 5391/8747 = 61%, 114 KB/s], Decompressed: 514[K
Downloaded: 5511 file(s) [attempted 5511/8747 = 63%, 777 KB/s], Decompressed: 514[K
Downloaded: 5634 file(s) [attempted 5634/8747 = 64%, 965 KB/s], Decompressed: 514[K
Downloaded: 5749 file(s) [attempted 5749/8747 = 65%, 110 KB/s], Decompressed: 514[K
Downloaded: 5895 file(s) [attempted 5895/8747 = 67%, 491 KB/s], Decompressed: 514[K
Downloaded: 6015 file(s) [attempted 6015/8747 = 68%, 338 KB/s], Decompressed: 514[K
Downloaded: 6142 file(s) [attempted 6142/8747 = 70%, 399 KB/s], Decompressed: 514[K
Downloaded: 6274 file(s) [attempted 6274/8747 = 71%, 6504 KB/s], Decompressed: 514[K
Downloaded: 6378 file(s) [attempted 6378/8747 = 72%, 645 KB/s], Decompressed: 514[K
Downloaded: 6498 file(s) [attempted 6498/8747 = 74%, 523 KB/s], Decompressed: 514[K
Downloaded: 6625 file(s) [attempted 6625/8747 = 75%, 1564 KB/s], Decompressed: 514[K
Downloaded: 6768 file(s) [attempted 6768/8747 = 77%, 1505 KB/s], Decompressed: 514[K
Downloaded: 6895 file(s) [attempted 6895/8747 = 78%, 462 KB/s], Decompressed: 514[K
Downloaded: 7034 file(s) [attempted 7034/8747 = 80%, 784 KB/s], Decompressed: 514[K
Downloaded: 7170 file(s) [attempted 7170/8747 = 81%, 886 KB/s], Decompressed: 514[K
Downloaded: 7299 file(s) [attempted 7299/8747 = 83%, 1084 KB/s], Decompressed: 514[K
Downloaded: 7427 file(s) [attempted 7427/8747 = 84%, 5393 KB/s], Decompressed: 514[K
Downloaded: 7553 file(s) [attempted 7553/8747 = 86%, 361 KB/s], Decompressed: 514[K
Downloaded: 7676 file(s) [attempted 7676/8747 = 87%, 1957 KB/s], Decompressed: 514[K
Downloaded: 7787 file(s) [attempted 7787/8747 = 89%, 2802 KB/s], Decompressed: 514[K
Downloaded: 7909 file(s) [attempted 7909/8747 = 90%, 449 KB/s], Decompressed: 514[K
Downloaded: 8038 file(s) [attempted 8038/8747 = 91%, 587 KB/s], Decompressed: 514[K
Downloaded: 8170 file(s) [attempted 8170/8747 = 93%, 948 KB/s], Decompressed: 514[K
Downloaded: 8299 file(s) [attempted 8299/8747 = 94%, 866 KB/s], Decompressed: 514[K
Downloaded: 8424 file(s) [attempted 8424/8747 = 96%, 262 KB/s], Decompressed: 514[K
Downloaded: 8565 file(s) [attempted 8565/8747 = 97%, 288 KB/s], Decompressed: 514[K
Downloaded: 8694 file(s) [attempted 8694/8747 = 99%, 183 KB/s], Decompressed: 514[K
Downloaded: 8747 file(s) [attempted 8747/8747 = 100%, 183 KB/s], Decompressed: 514[K
Decompressed 8747 file(s)
Already decompressed 8747 file(s)
