/workspace/scratch/9a6c38c54c2e/MathScopeCompute/research-ide/mathscope-m1/navier/followup-20261010-symbolic-gluing/formal-threshold-bridge/attempts/0002/ThresholdBridge.lean:127:30: error: unsolved goals
case h₂
V : Type u_1
inst✝¹ : NormedAddCommGroup V
inst✝ : NormedSpace ℝ V
O : NaturalOperators V
d : AxisData V
S : V →L[ℝ] V
R Q : ℝ
hR : 0 ≤ R
hQ : 0 ≤ Q
h1 : ‖angularLinearCoefficient O d‖ ≤ Q + Q + 2 * (Q * Q * Q)
h2 : ‖angularQuadraticCoefficient O d‖ ≤ Q * Q * Q
h3 : ‖averageCoefficient d‖ ≤ 2 * Q
h4 : ‖angularSlowCoefficient d‖ ≤ 2 * Q
h5 : ‖axialLinearCoefficient O d‖ ≤ Q + 4 * (Q * Q * Q) + Q * Q * Q
h6 : ‖axialQuadraticCoefficient d‖ ≤ 2 * Q
h7 : ‖(4 * d.A) • d.eta‖ ≤ 4 * Q
h8 : ‖2 • d.eta‖ ≤ 2 * Q
hr : R ≤ Q
hs : ‖S‖ ≤ Q
hp : ‖O.product‖ ≤ Q
hav : ‖O.average‖ ≤ Q
hpr : ‖O.primitive‖ ≤ Q
hpp : ‖O.parameterPrimitive‖ ≤ Q
hmy : ‖O.mulY‖ ≤ Q
hj1 : ‖O.j1‖ ≤ Q
hj2 : ‖O.j2‖ ≤ Q
hpa1 : ‖O.param1‖ ≤ Q
hpa2 : ‖O.param2‖ ≤ Q
hd1 : ‖O.dot1‖ ≤ Q
hd2 : ‖O.dot2‖ ≤ Q
hm1 : ‖O.mixed1‖ ≤ Q
hm2 : ‖O.mixed2‖ ≤ Q
ho : ‖d.one‖ ≤ Q
he : ‖d.eta‖ ≤ Q
hdd : ‖d.d‖ ≤ Q
hi : ‖d.inverseL‖ ≤ Q
hu : ‖d.uStar‖ ≤ Q
hue : ‖d.uStarEta‖ ≤ Q
hw : ‖d.wStar‖ ≤ Q
hh : ‖d.hStar‖ ≤ Q
hg : ‖d.normalizedGradient‖ ≤ Q
hz : ‖d.zStar‖ ≤ Q
hA : |d.A| ≤ 1
hD : |d.D| ≤ 1
hH : |d.h| ≤ 1
⊢ ‖angularLinearCoefficient O d‖ ≤ Q + Q + 2 * Q * Q * Q

case h₂
V : Type u_1
inst✝¹ : NormedAddCommGroup V
inst✝ : NormedSpace ℝ V
O : NaturalOperators V
d : AxisData V
S : V →L[ℝ] V
R Q : ℝ
hR : 0 ≤ R
hQ : 0 ≤ Q
h1 : ‖angularLinearCoefficient O d‖ ≤ Q + Q + 2 * (Q * Q * Q)
h2 : ‖angularQuadraticCoefficient O d‖ ≤ Q * Q * Q
h3 : ‖averageCoefficient d‖ ≤ 2 * Q
h4 : ‖angularSlowCoefficient d‖ ≤ 2 * Q
h5 : ‖axialLinearCoefficient O d‖ ≤ Q + 4 * (Q * Q * Q) + Q * Q * Q
h6 : ‖axialQuadraticCoefficient d‖ ≤ 2 * Q
h7 : ‖(4 * d.A) • d.eta‖ ≤ 4 * Q
h8 : ‖2 • d.eta‖ ≤ 2 * Q
hr : R ≤ Q
hs : ‖S‖ ≤ Q
hp : ‖O.product‖ ≤ Q
hav : ‖O.average‖ ≤ Q
hpr : ‖O.primitive‖ ≤ Q
hpp : ‖O.parameterPrimitive‖ ≤ Q
hmy : ‖O.mulY‖ ≤ Q
hj1 : ‖O.j1‖ ≤ Q
hj2 : ‖O.j2‖ ≤ Q
hpa1 : ‖O.param1‖ ≤ Q
hpa2 : ‖O.param2‖ ≤ Q
hd1 : ‖O.dot1‖ ≤ Q
hd2 : ‖O.dot2‖ ≤ Q
hm1 : ‖O.mixed1‖ ≤ Q
hm2 : ‖O.mixed2‖ ≤ Q
ho : ‖d.one‖ ≤ Q
he : ‖d.eta‖ ≤ Q
hdd : ‖d.d‖ ≤ Q
hi : ‖d.inverseL‖ ≤ Q
hu : ‖d.uStar‖ ≤ Q
hue : ‖d.uStarEta‖ ≤ Q
hw : ‖d.wStar‖ ≤ Q
hh : ‖d.hStar‖ ≤ Q
hg : ‖d.normalizedGradient‖ ≤ Q
hz : ‖d.zStar‖ ≤ Q
hA : |d.A| ≤ 1
hD : |d.D| ≤ 1
hH : |d.h| ≤ 1
⊢ ‖axialLinearCoefficient O d‖ ≤ Q + 4 * Q * Q * Q + Q * Q * Q
/workspace/scratch/9a6c38c54c2e/MathScopeCompute/research-ide/mathscope-m1/navier/followup-20261010-symbolic-gluing/formal-threshold-bridge/attempts/0002/ThresholdBridge.lean:152:6: error: (deterministic) timeout at `whnf`, maximum number of heartbeats (200000) has been reached

Note: Use `set_option maxHeartbeats <num>` to set the limit.

Hint: Additional diagnostic information may be available using the `set_option diagnostics true` command.
'MathScope.ThresholdBridge.originalBound_le_polynomial' depends on axioms: [propext,
 sorryAx,
 Classical.choice,
 Quot.sound]
'MathScope.ThresholdBridge.originalLip_le_polynomial' depends on axioms: [propext,
 sorryAx,
 Classical.choice,
 Quot.sound]
