/workspace/scratch/9a6c38c54c2e/MathScopeCompute/research-ide/mathscope-m1/navier/followup-20261010-same-datum-axis/formal-input-producer/field-attempts/0007/FieldBounds.lean:302:46: error: failed to prove positivity/nonnegativity/nonzeroness
/workspace/scratch/9a6c38c54c2e/MathScopeCompute/research-ide/mathscope-m1/navier/followup-20261010-same-datum-axis/formal-input-producer/field-attempts/0007/FieldBounds.lean:333:4: error: 'calc' expression has type
  2 * 25 ≤ 50
but is expected to have type
  ‖complexL h z‖ * ‖complexH h j z‖ ≤ 50
/workspace/scratch/9a6c38c54c2e/MathScopeCompute/research-ide/mathscope-m1/navier/followup-20261010-same-datum-axis/formal-input-producer/field-attempts/0007/FieldBounds.lean:355:21: error: unsolved goals
z : ℂ
hz : z ∈ closedTube axisWindow (16 * rho)
hzn : ‖z‖ ≤ 3 / 2
hP : ‖newComplexPressure z‖ ≤ 512 * Pstar ^ 2
hP' : ‖deriv newComplexPressure z‖ ≤ 16384 * Pstar ^ 2
hU : ‖complexU j z‖ ≤ 7
hd : ‖complexD z‖ ≤ 4
hH : ‖complexH h j z‖ ≤ 25
hh : ‖1 - 2 * z * complexU j z‖ ≤ 1 + 2 * ‖z‖ * ‖complexU j z‖
⊢ False
/workspace/scratch/9a6c38c54c2e/MathScopeCompute/research-ide/mathscope-m1/navier/followup-20261010-same-datum-axis/formal-input-producer/field-attempts/0007/FieldBounds.lean:354:6: error: 'calc' expression has type
  (2 : ℕ) * (3 / 2) * 7 ≤ 21
but is expected to have type
  (2 : ℝ) * ‖z‖ * ‖complexU j z‖ ≤ 21
/workspace/scratch/9a6c38c54c2e/MathScopeCompute/research-ide/mathscope-m1/navier/followup-20261010-same-datum-axis/formal-input-producer/field-attempts/0007/FieldBounds.lean:360:38: error: No goals to be solved
/workspace/scratch/9a6c38c54c2e/MathScopeCompute/research-ide/mathscope-m1/navier/followup-20261010-same-datum-axis/formal-input-producer/field-attempts/0007/FieldBounds.lean:360:4: error: 'calc' expression has type
  1 * 22 * 7 ≤ 154
but is expected to have type
  ‖↑(NavierStokes.NaturalAxisData.A h)‖ * ‖1 - 2 * z * complexU j z‖ * ‖complexU j z‖ ≤ 154
/workspace/scratch/9a6c38c54c2e/MathScopeCompute/research-ide/mathscope-m1/navier/followup-20261010-same-datum-axis/formal-input-producer/field-attempts/0007/FieldBounds.lean:401:22: error(lean.unknownIdentifier): Unknown identifier `inverseLComplex_bound`
'MathScope.SameDatumInputs.denominator_norm_lower' depends on axioms: [propext, Classical.choice, Quot.sound]
'MathScope.SameDatumInputs.chiInput_norm' depends on axioms: [propext, Classical.choice, Quot.sound]
'MathScope.SameDatumInputs.chiInput_coefficient' depends on axioms: [propext, Classical.choice, Quot.sound]
'MathScope.SameDatumInputs.newComplexPressure_norm' depends on axioms: [propext, Classical.choice, Quot.sound]
'MathScope.SameDatumInputs.pressure_prime_norm' depends on axioms: [propext, Classical.choice, Quot.sound]
'MathScope.SameDatumInputs.selectedElement_norm' depends on axioms: [propext, sorryAx, Classical.choice, Quot.sound]
'MathScope.SameDatumInputs.selectedElement_coefficient' depends on axioms: [propext,
 sorryAx,
 Classical.choice,
 Quot.sound]
'MathScope.SameDatumInputs.selectedAxisData_compatible' depends on axioms: [propext,
 sorryAx,
 Classical.choice,
 Quot.sound]
