TAP version 13
# Subtest: directed elementary/transcendental enclosures retain tail, pi, beta=0 and invalid-domain distinctions
ok 1 - directed elementary/transcendental enclosures retain tail, pi, beta=0 and invalid-domain distinctions
  ---
  duration_ms: 4.362494
  type: 'test'
  ...
# Subtest: the real M1 source links receive separate finite-path, exponential, roundoff and boundary bounds
ok 2 - the real M1 source links receive separate finite-path, exponential, roundoff and boundary bounds
  ---
  duration_ms: 109.721819
  type: 'test'
  ...
# Subtest: all fourteen representations obtain their own true matrix coefficients and derivative norm bounds
ok 3 - all fourteen representations obtain their own true matrix coefficients and derivative norm bounds
  ---
  duration_ms: 18.089744
  type: 'test'
  ...
# Subtest: full-basis Fourier and Gaussian sources are really evaluated and enclosed, rather than borrowing BPST bounds
ok 4 - full-basis Fourier and Gaussian sources are really evaluated and enclosed, rather than borrowing BPST bounds
  ---
  duration_ms: 3.238501
  type: 'test'
  ...
# Subtest: both spacings, curvature, energy and noninteger topology converge, with conservative order separate from observed order
ok 5 - both spacings, curvature, energy and noninteger topology converge, with conservative order separate from observed order
  ---
  duration_ms: 642.842888
  type: 'test'
  ...
# Subtest: independent quaternion products reproduce matrix plaquettes and detect an intentionally reversed noncommutative multiplication
ok 6 - independent quaternion products reproduce matrix plaquettes and detect an intentionally reversed noncommutative multiplication
  ---
  duration_ms: 2.950816
  type: 'test'
  ...
# Subtest: fixed-volume energy and real charge use all cells, decrease relative to an independent integral, and reject changed boxes
ok 7 - fixed-volume energy and real charge use all cells, decrease relative to an independent integral, and reject changed boxes
  ---
  duration_ms: 969.563953
  type: 'test'
  ...
# Subtest: nonzero-beta 4D reference is independent, passes two starts and rejects a wrong distribution mean
ok 8 - nonzero-beta 4D reference is independent, passes two starts and rejects a wrong distribution mean
  ---
  duration_ms: 345.351089
  type: 'test'
  ...
# Subtest: full-basis Lie Metropolis also meets an independent strong-coupling distribution reference
ok 9 - full-basis Lie Metropolis also meets an independent strong-coupling distribution reference
  ---
  duration_ms: 139.062984
  type: 'test'
  ...
# Subtest: a long stalled or segregated history cannot acquire equilibrium or topology approval
ok 10 - a long stalled or segregated history cannot acquire equilibrium or topology approval
  ---
  duration_ms: 416.373906
  type: 'test'
  ...
# Subtest: reflection positivity applies a real source theorem and records which generalizations are separately derived
ok 11 - reflection positivity applies a real source theorem and records which generalizations are separately derived
  ---
  duration_ms: 4.790278
  type: 'test'
  ...
# Subtest: the cube cutoff exhausts the exact low-spin Gauss sector and a periodic replacement is rejected
ok 12 - the cube cutoff exhausts the exact low-spin Gauss sector and a periodic replacement is rejected
  ---
  duration_ms: 2.599666
  type: 'test'
  ...
# Subtest: actual finite transfer matrix has explicit positivity, Gauss, unitary evolution and separate errors; underresolved requests stay partial
ok 13 - actual finite transfer matrix has explicit positivity, Gauss, unitary evolution and separate errors; underresolved requests stay partial
  ---
  duration_ms: 186.715637
  type: 'test'
  ...
# Subtest: new jobs preserve real model/sample identities, resource rejection and cancellation checkpoints
ok 14 - new jobs preserve real model/sample identities, resource rejection and cancellation checkpoints
  ---
  duration_ms: 455.337904
  type: 'test'
  ...
# Subtest: four-dimensional cells, open sites, continuous group degrees and anisotropic action metadata
ok 15 - four-dimensional cells, open sites, continuous group degrees and anisotropic action metadata
  ---
  duration_ms: 5.775095
  type: 'test'
  ...
# Subtest: empty and reversed paths; a deliberately reordered noncommutative product is rejected
ok 16 - empty and reversed paths; a deliberately reordered noncommutative product is rejected
  ---
  duration_ms: 11.488086
  type: 'test'
  ...
# Subtest: a pure gauge has flat plaquettes; central holonomy is distinguishable from identity links
ok 17 - a pure gauge has flat plaquettes; central holonomy is distinguishable from identity links
  ---
  duration_ms: 10.1042
  type: 'test'
  ...
# Subtest: all fourteen actual M1 groups preserve plaquette trace and action under independent site frames
ok 18 - all fourteen actual M1 groups preserve plaquette trace and action under independent site frames
  ---
  duration_ms: 277.257227
  type: 'test'
  ...
# Subtest: Lie-projected curvature energy and unrounded topology are gauge invariant for compact G2
ok 19 - Lie-projected curvature energy and unrounded topology are gauge invariant for compact G2
  ---
  duration_ms: 67.993266
  type: 'test'
  ...
# Subtest: open edges, actual group membership, unsupported representation and absent metadata are rejected
ok 20 - open edges, actual group membership, unsupported representation and absent metadata are rejected
  ---
  duration_ms: 3.696319
  type: 'test'
  ...
# Subtest: memory, operation, item and incorrect mathematical-claim inputs fail before source allocation
ok 21 - memory, operation, item and incorrect mathematical-claim inputs fail before source allocation
  ---
  duration_ms: 0.955013
  type: 'test'
  ...
# Subtest: changing display stride or time slice leaves the raw source, model and action unchanged
ok 22 - changing display stride or time slice leaves the raw source, model and action unchanged
  ---
  duration_ms: 24.309016
  type: 'test'
  ...
# Subtest: local acceptance uses every affected plaquette and exactly matches a recomputed total action difference
ok 23 - local acceptance uses every affected plaquette and exactly matches a recomputed total action difference
  ---
  duration_ms: 1.635309
  type: 'test'
  ...
# Subtest: normalized four-normal SU2 Haar constructor has the S3 second moment and actual membership
ok 24 - normalized four-normal SU2 Haar constructor has the S3 second moment and actual membership
  ---
  duration_ms: 24.662628
  type: 'test'
  ...
# Subtest: Haar angular quadrature agrees with an independent analytic Bessel power-series oracle
ok 25 - Haar angular quadrature agrees with an independent analytic Bessel power-series oracle
  ---
  duration_ms: 3.299141
  type: 'test'
  ...
# Subtest: one-link Markov samples pass independent distribution checks, not just fixed-seed reproduction
ok 26 - one-link Markov samples pass independent distribution checks, not just fixed-seed reproduction
  ---
  duration_ms: 464.803619
  type: 'test'
  ...
# Subtest: finite beta=0 lattice matches product Haar expectation; manifests and histories are complete
ok 27 - finite beta=0 lattice matches product Haar expectation; manifests and histories are complete
  ---
  duration_ms: 385.864328
  type: 'test'
  ...
# Subtest: full-basis general-group proposal runs in the actual SU3 group with conservative small-chain status
ok 28 - full-basis general-group proposal runs in the actual SU3 group with conservative small-chain status
  ---
  duration_ms: 85.554143
  type: 'test'
  ...
# Subtest: seed replay is deterministic while seed, beta and view revision have distinct consequences
ok 29 - seed replay is deterministic while seed, beta and view revision have distinct consequences
  ---
  duration_ms: 74.70031
  type: 'test'
  ...
# Subtest: autocorrelation matches an independent AR(1) theoretical scale and short/stalled data receive no interval
ok 30 - autocorrelation matches an independent AR(1) theoretical scale and short/stalled data receive no interval
  ---
  duration_ms: 27.944624
  type: 'test'
  ...
# Subtest: forward plaquette refinement converges to independent analytic BPST curvature with first order
ok 31 - forward plaquette refinement converges to independent analytic BPST curvature with first order
  ---
  duration_ms: 154.692027
  type: 'test'
  ...
# Subtest: symmetric clover has the declared second-order smooth-field convergence at a fixed physical site
ok 32 - symmetric clover has the declared second-order smooth-field convergence at a fixed physical site
  ---
  duration_ms: 246.70726
  type: 'test'
  ...
# Subtest: running numerical work observes cancellation instead of returning an invented completed receipt
ok 33 - running numerical work observes cancellation instead of returning an invented completed receipt
  ---
  duration_ms: 1.139155
  type: 'test'
  ...
# Subtest: all registered actual gauge examples bind finite views, complete exact tables and real model/sample/observation hashes
ok 34 - all registered actual gauge examples bind finite views, complete exact tables and real model/sample/observation hashes
  ---
  duration_ms: 2565.583535
  type: 'test'
  ...
# Subtest: lattice slice displays actual four-coordinates and binds each scalar directly to measurements.sites
ok 35 - lattice slice displays actual four-coordinates and binds each scalar directly to measurements.sites
  ---
  duration_ms: 1.77128
  type: 'test'
  ...
# Subtest: algorithm histories and spacing/error pairs never acquire a spatial interpretation from a gauge prefix
ok 36 - algorithm histories and spacing/error pairs never acquire a spatial interpretation from a gauge prefix
  ---
  duration_ms: 3.934231
  type: 'test'
  ...
# Subtest: declared NS axis.kind and time units prevent mixed r,z,tau data from becoming Euclidean spatial geometry
ok 37 - declared NS axis.kind and time units prevent mixed r,z,tau data from becoming Euclidean spatial geometry
  ---
  duration_ms: 0.616051
  type: 'test'
  ...
# Subtest: burn-in and measurement are separate source-bound series; thinning and effective sample limitations stay visible
ok 38 - burn-in and measurement are separate source-bound series; thinning and effective sample limitations stay visible
  ---
  duration_ms: 3.0755
  type: 'test'
  ...
# Subtest: view slice/LOD changes preserve model, source, sample and history identities while changing the slice observation
ok 39 - view slice/LOD changes preserve model, source, sample and history identities while changing the slice observation
  ---
  duration_ms: 356.133932
  type: 'test'
  ...
# Subtest: open-boundary incomplete curvature stays an explicit empty observation with source rows and null values
ok 40 - open-boundary incomplete curvature stays an explicit empty observation with source rows and null values
  ---
  duration_ms: 4.091223
  type: 'test'
  ...
# Subtest: deterministic beta-zero action does not acquire a zero ESS or confidence interval in its chart label
ok 41 - deterministic beta-zero action does not acquire a zero ESS or confidence interval in its chart label
  ---
  duration_ms: 312.582347
  type: 'test'
  ...
# Subtest: actual gauge views paint finite Canvas commands; switching to legacy data clears every stale source identity
ok 42 - actual gauge views paint finite Canvas commands; switching to legacy data clears every stale source identity
  ---
  duration_ms: 170.298823
  type: 'test'
  ...
1..42
# tests 42
# suites 0
# pass 42
# fail 0
# cancelled 0
# skipped 0
# todo 0
# duration_ms 3522.617385
