TAP version 13
# Subtest: the frozen rational module and seven declared algorithm spans retain their actual hashes
ok 1 - the frozen rational module and seven declared algorithm spans retain their actual hashes
  ---
  duration_ms: 4.225252
  type: 'test'
  ...
# Subtest: the shipped source example is canonical JSON with a bound and an exact parameter contract
ok 2 - the shipped source example is canonical JSON with a bound and an exact parameter contract
  ---
  duration_ms: 2.962454
  type: 'test'
  ...
# Subtest: the default actually binds the A.21 target and constructs a whole-eta local certificate
ok 3 - the default actually binds the A.21 target and constructs a whole-eta local certificate
  ---
  duration_ms: 12869.706482
  type: 'test'
  ...
# Subtest: the selected scalar constants satisfy self-map, contraction and positivity inequalities exactly
ok 4 - the selected scalar constants satisfy self-map, contraction and positivity inequalities exactly
  ---
  duration_ms: 0.611234
  type: 'test'
  ...
# Subtest: the derived mass and branch majorants match the exact selected coefficient tube
ok 5 - the derived mass and branch majorants match the exact selected coefficient tube
  ---
  duration_ms: 0.40558
  type: 'test'
  ...
# Subtest: binary64 h is bound as its exact dyadic value and not an equal-looking decimal
ok 6 - binary64 h is bound as its exact dyadic value and not an equal-looking decimal
  ---
  duration_ms: 1.551235
  type: 'test'
  ...
# Subtest: explicit exact h and omitted h generate the same mathematical certificate
ok 7 - explicit exact h and omitted h generate the same mathematical certificate
  ---
  duration_ms: 3601.136899
  type: 'test'
  ...
# Subtest: a genuinely decimal source h has its own exact equality and its own selected tuple
ok 8 - a genuinely decimal source h has its own exact equality and its own selected tuple
  ---
  duration_ms: 411.022875
  type: 'test'
  ...
# Subtest: all cutoff cells form one exact cover, with an actual low-Z exclusion or positive H-square margin
ok 9 - all cutoff cells form one exact cover, with an actual low-Z exclusion or positive H-square margin
  ---
  duration_ms: 0.572137
  type: 'test'
  ...
# Subtest: repaired E, finite eta jets, the complete witness and the old scalar Lean receipt stay outside scope
ok 10 - repaired E, finite eta jets, the complete witness and the old scalar Lean receipt stay outside scope
  ---
  duration_ms: 0.409967
  type: 'test'
  ...
# Subtest: large exact tuples and every tail are preserved as JSON strings while plotted coordinates stay finite
ok 11 - large exact tuples and every tail are preserved as JSON strings while plotted coordinates stay finite
  ---
  duration_ms: 10.034152
  type: 'test'
  ...
# Subtest: the source adapter refuses a pressure whose derived prefix mass is too small
ok 12 - the source adapter refuses a pressure whose derived prefix mass is too small
  ---
  duration_ms: 133.643249
  type: 'test'
  ...
# Subtest: 256-bit producer bounds use the internal rational path without relaxing public input limits
ok 13 - 256-bit producer bounds use the internal rational path without relaxing public input limits
  ---
  duration_ms: 2004.178939
  type: 'test'
  ...
# Subtest: reject rational family in the source adapter
ok 14 - reject rational family in the source adapter
  ---
  duration_ms: 0.429315
  type: 'test'
  ...
# Subtest: reject untrusted mass upper
ok 15 - reject untrusted mass upper
  ---
  duration_ms: 0.154108
  type: 'test'
  ...
# Subtest: reject pressure-truth flag
ok 16 - reject pressure-truth flag
  ---
  duration_ms: 0.110494
  type: 'test'
  ...
# Subtest: reject top-level norm assertion
ok 17 - reject top-level norm assertion
  ---
  duration_ms: 0.171554
  type: 'test'
  ...
# Subtest: reject caller-selected Lambda
ok 18 - reject caller-selected Lambda
  ---
  duration_ms: 0.110754
  type: 'test'
  ...
# Subtest: reject caller-selected logC
ok 19 - reject caller-selected logC
  ---
  duration_ms: 0.09436
  type: 'test'
  ...
# Subtest: reject changed real coefficient window
ok 20 - reject changed real coefficient window
  ---
  duration_ms: 0.064035
  type: 'test'
  ...
# Subtest: reject mismatched axis h
ok 21 - reject mismatched axis h
  ---
  duration_ms: 0.334575
  type: 'test'
  ...
# Subtest: reject nonfinite j0
ok 22 - reject nonfinite j0
  ---
  duration_ms: 0.510085
  type: 'test'
  ...
# Subtest: reject NaN source parameter
ok 23 - reject NaN source parameter
  ---
  duration_ms: 0.240576
  type: 'test'
  ...
# Subtest: reject zero rational denominator
ok 24 - reject zero rational denominator
  ---
  duration_ms: 0.313253
  type: 'test'
  ...
# Subtest: reject excess pressure precision
ok 25 - reject excess pressure precision
  ---
  duration_ms: 0.107459
  type: 'test'
  ...
# Subtest: reject noncontracting radius ratio
ok 26 - reject noncontracting radius ratio
  ---
  duration_ms: 0.275719
  type: 'test'
  ...
# Subtest: reject excess coefficient degree
ok 27 - reject excess coefficient degree
  ---
  duration_ms: 0.230361
  type: 'test'
  ...
# Subtest: reject derivative above the retained degree
ok 28 - reject derivative above the retained degree
  ---
  duration_ms: 0.436636
  type: 'test'
  ...
# Subtest: reject excess eta derivative order
ok 29 - reject excess eta derivative order
  ---
  duration_ms: 0.399652
  type: 'test'
  ...
# Subtest: reject eta outside the certified interval
ok 30 - reject eta outside the certified interval
  ---
  duration_ms: 0.306784
  type: 'test'
  ...
# Subtest: reject radius outside the positive interval
ok 31 - reject radius outside the positive interval
  ---
  duration_ms: 0.409606
  type: 'test'
  ...
# Subtest: operation exhaustion and cancellation prevent a source certificate
ok 32 - operation exhaustion and cancellation prevent a source certificate
  ---
  duration_ms: 0.624795
  type: 'test'
  ...
# Subtest: maxPoints bounds both plotted samples and the complete cutoff cover
ok 33 - maxPoints bounds both plotted samples and the complete cutoff cover
  ---
  duration_ms: 282.452404
  type: 'test'
  ...
# Subtest: the producer is recomputed from exact inputs and does not import serialized certificate truth
ok 34 - the producer is recomputed from exact inputs and does not import serialized certificate truth
  ---
  duration_ms: 187.362389
  type: 'test'
  ...
1..34
# tests 34
# suites 0
# pass 34
# fail 0
# cancelled 0
# skipped 0
# todo 0
# duration_ms 19683.612131
