✔ default analytic datum yields an all-eta local bound certificate (1.64218ms)
✔ finite scalar bounds satisfy the actual fixed-point hypotheses exactly (0.247236ms)
✔ doubling computed Lambda halves the certified uniform error (105.387144ms)
✔ higher tail degree improves the bound for the same infinite solution (116.915361ms)
✔ a different exact pressure coefficient receives its own derived certificate (115.154802ms)
✔ large exact constants remain strings and every plotted coordinate is finite (2.387993ms)
✔ the certificate never promotes the old jet, outer datum, or full witness (0.194097ms)
✔ reject unknown pressure (0.343538ms)
✔ reject forged top-level norm (3.495021ms)
✔ reject forged pressure certificate (0.245333ms)
✔ reject caller Lambda (0.119758ms)
✔ reject caller normalization (0.158485ms)
✔ reject negative pressure coefficient (0.141509ms)
✔ reject too-small negative pressure (0.113698ms)
✔ reject NaN (0.098315ms)
✔ reject Infinity (0.069723ms)
✔ reject unsafe integer (0.114199ms)
✔ reject zero denominator (0.163121ms)
✔ reject noncontracting radius ratio (0.462925ms)
✔ reject excess degree (0.129822ms)
✔ reject excess derivative (0.110233ms)
✔ reject out-of-domain eta (0.105807ms)
✔ reject out-of-domain Y (0.100539ms)
✔ cancellation uses the existing budget hook (0.152115ms)
✔ operation budget aborts before certifying (0.466981ms)
✔ maxPoints bounds both samples and the all-eta cover (0.4052ms)
✔ examples use safe exact input constants with the declared job kind (0.212324ms)
ℹ tests 27
ℹ suites 0
ℹ pass 27
ℹ fail 0
ℹ cancelled 0
ℹ skipped 0
ℹ todo 0
ℹ duration_ms 1449.443767
