TAP version 13
# Subtest: the frozen rational module and seven declared algorithm spans retain their actual hashes
ok 1 - the frozen rational module and seven declared algorithm spans retain their actual hashes
  ---
  duration_ms: 7.38723
  type: 'test'
  ...
# Subtest: the shipped source example is canonical JSON with a bound and an exact parameter contract
ok 2 - the shipped source example is canonical JSON with a bound and an exact parameter contract
  ---
  duration_ms: 4.247924
  type: 'test'
  ...
# Subtest: the default actually binds the A.21 target and constructs a whole-eta local certificate
ok 3 - the default actually binds the A.21 target and constructs a whole-eta local certificate
  ---
  duration_ms: 12860.379896
  type: 'test'
  ...
# Subtest: the selected scalar constants satisfy self-map, contraction and positivity inequalities exactly
ok 4 - the selected scalar constants satisfy self-map, contraction and positivity inequalities exactly
  ---
  duration_ms: 0.266825
  type: 'test'
  ...
# Subtest: the derived mass and branch majorants match the exact selected coefficient tube
ok 5 - the derived mass and branch majorants match the exact selected coefficient tube
  ---
  duration_ms: 0.166406
  type: 'test'
  ...
# Subtest: binary64 h is bound as its exact dyadic value and not an equal-looking decimal
ok 6 - binary64 h is bound as its exact dyadic value and not an equal-looking decimal
  ---
  duration_ms: 0.577755
  type: 'test'
  ...
# Subtest: explicit exact h and omitted h generate the same mathematical certificate
ok 7 - explicit exact h and omitted h generate the same mathematical certificate
  ---
  duration_ms: 3483.682739
  type: 'test'
  ...
# Subtest: a genuinely decimal source h has its own exact equality and its own selected tuple
not ok 8 - a genuinely decimal source h has its own exact equality and its own selected tuple
  ---
  duration_ms: 504.980698
  type: 'test'
  location: '/workspace/scratch/afa9cd11a21b/mathscope-m1/navier/followup-construction/axis-source-certificate.test.mjs:117:1'
  failureType: 'testCodeFailure'
  error: |-
    Expected "actual" to be strictly unequal to:
    
    '51110289614948550680945062264991250711821112824398848450560405834304201413536901473107076246562463854990236188672000'
  code: 'ERR_ASSERTION'
  name: 'AssertionError'
  expected: '51110289614948550680945062264991250711821112824398848450560405834304201413536901473107076246562463854990236188672000'
  actual: '51110289614948550680945062264991250711821112824398848450560405834304201413536901473107076246562463854990236188672000'
  operator: 'notStrictEqual'
  stack: |-
    TestContext.<anonymous> (file:///workspace/scratch/afa9cd11a21b/mathscope-m1/navier/followup-construction/axis-source-certificate.test.mjs:125:10)
    Test.runInAsyncScope (node:async_hooks:227:14)
    Test.run (node:internal/test_runner/test:1382:25)
    Test.processPendingSubtests (node:internal/test_runner/test:960:18)
    Test.postRun (node:internal/test_runner/test:1522:19)
    Test.run (node:internal/test_runner/test:1447:12)
    async Test.processPendingSubtests (node:internal/test_runner/test:960:7)
  ...
# Subtest: all cutoff cells form one exact cover, with an actual low-Z exclusion or positive H-square margin
ok 9 - all cutoff cells form one exact cover, with an actual low-Z exclusion or positive H-square margin
  ---
  duration_ms: 0.582833
  type: 'test'
  ...
# Subtest: repaired E, finite eta jets, the complete witness and the old scalar Lean receipt stay outside scope
ok 10 - repaired E, finite eta jets, the complete witness and the old scalar Lean receipt stay outside scope
  ---
  duration_ms: 0.264061
  type: 'test'
  ...
# Subtest: large exact tuples and every tail are preserved as JSON strings while plotted coordinates stay finite
ok 11 - large exact tuples and every tail are preserved as JSON strings while plotted coordinates stay finite
  ---
  duration_ms: 8.48127
  type: 'test'
  ...
# Subtest: the source adapter refuses a pressure whose derived prefix mass is too small
ok 12 - the source adapter refuses a pressure whose derived prefix mass is too small
  ---
  duration_ms: 143.789735
  type: 'test'
  ...
# Subtest: reject rational family in the source adapter
ok 13 - reject rational family in the source adapter
  ---
  duration_ms: 0.413332
  type: 'test'
  ...
# Subtest: reject untrusted mass upper
ok 14 - reject untrusted mass upper
  ---
  duration_ms: 0.125535
  type: 'test'
  ...
# Subtest: reject pressure-truth flag
ok 15 - reject pressure-truth flag
  ---
  duration_ms: 0.102412
  type: 'test'
  ...
# Subtest: reject top-level norm assertion
ok 16 - reject top-level norm assertion
  ---
  duration_ms: 0.191403
  type: 'test'
  ...
# Subtest: reject caller-selected Lambda
ok 17 - reject caller-selected Lambda
  ---
  duration_ms: 0.1823
  type: 'test'
  ...
# Subtest: reject caller-selected logC
ok 18 - reject caller-selected logC
  ---
  duration_ms: 0.126147
  type: 'test'
  ...
# Subtest: reject changed real coefficient window
ok 19 - reject changed real coefficient window
  ---
  duration_ms: 0.086628
  type: 'test'
  ...
# Subtest: reject mismatched axis h
ok 20 - reject mismatched axis h
  ---
  duration_ms: 0.427372
  type: 'test'
  ...
# Subtest: reject nonfinite j0
ok 21 - reject nonfinite j0
  ---
  duration_ms: 0.395626
  type: 'test'
  ...
# Subtest: reject NaN source parameter
ok 22 - reject NaN source parameter
  ---
  duration_ms: 0.245513
  type: 'test'
  ...
# Subtest: reject zero rational denominator
ok 23 - reject zero rational denominator
  ---
  duration_ms: 0.581861
  type: 'test'
  ...
# Subtest: reject excess pressure precision
ok 24 - reject excess pressure precision
  ---
  duration_ms: 0.138706
  type: 'test'
  ...
# Subtest: reject noncontracting radius ratio
ok 25 - reject noncontracting radius ratio
  ---
  duration_ms: 0.368686
  type: 'test'
  ...
# Subtest: reject excess coefficient degree
ok 26 - reject excess coefficient degree
  ---
  duration_ms: 0.414193
  type: 'test'
  ...
# Subtest: reject derivative above the retained degree
ok 27 - reject derivative above the retained degree
  ---
  duration_ms: 0.860333
  type: 'test'
  ...
# Subtest: reject excess eta derivative order
ok 28 - reject excess eta derivative order
  ---
  duration_ms: 0.312302
  type: 'test'
  ...
# Subtest: reject eta outside the certified interval
ok 29 - reject eta outside the certified interval
  ---
  duration_ms: 0.539929
  type: 'test'
  ...
# Subtest: reject radius outside the positive interval
ok 30 - reject radius outside the positive interval
  ---
  duration_ms: 0.322698
  type: 'test'
  ...
# Subtest: operation exhaustion and cancellation prevent a source certificate
ok 31 - operation exhaustion and cancellation prevent a source certificate
  ---
  duration_ms: 1.19616
  type: 'test'
  ...
# Subtest: maxPoints bounds both plotted samples and the complete cutoff cover
ok 32 - maxPoints bounds both plotted samples and the complete cutoff cover
  ---
  duration_ms: 340.914566
  type: 'test'
  ...
# Subtest: the producer is recomputed from exact inputs and does not import serialized certificate truth
ok 33 - the producer is recomputed from exact inputs and does not import serialized certificate truth
  ---
  duration_ms: 152.819421
  type: 'test'
  ...
1..33
# tests 33
# suites 0
# pass 32
# fail 1
# cancelled 0
# skipped 0
# todo 0
# duration_ms 17697.658473
