{
  "status": "PASS",
  "counts": {
    "passed": 1135,
    "failed": 0,
    "total": 1135
  },
  "cases": [
    {
      "id": "N512",
      "maximumOriginalIdentityError": 1.2515415495653853e-20,
      "maximumOldFormulaError": 6.0641301576373457e-05
    },
    {
      "id": "N8",
      "maximumOriginalIdentityError": 1.1899954193404218e-18,
      "maximumOldFormulaError": 0.005875188631933917
    },
    {
      "id": "N256",
      "maximumOriginalIdentityError": 2.5326282637346427e-20,
      "maximumOldFormulaError": 0.00011562313191208916
    }
  ]
}
