PASS default-certificate
PASS default-exact-h
PASS numeric-h-exact-match
PASS exact-rational-h-match
PASS decimal-h-is-not-binary64-h
PASS bad-h-binding-refused
PASS default-valid-pure-normalizer
PASS reject-null-input
PASS reject-array-input
PASS reject-fake-certificate
PASS reject-fake-mass
PASS reject-fake-norm
PASS reject-unknown-parameter
PASS reject-nonfinite-parameter
PASS reject-nan-parameter
PASS reject-callback-parameter
PASS reject-zero-h
PASS reject-negative-h
PASS reject-h-too-large-for-lambda
PASS reject-lambda-too-large
PASS reject-negative-logP
PASS reject-too-large-logP
PASS reject-zero-denominator
PASS reject-oversized-rational
PASS reject-overlong-exponent
PASS reject-bound-bits-too-small
PASS reject-bound-bits-too-large
PASS reject-noninteger-bits
PASS reject-window-too-small
PASS reject-window-too-large
PASS reject-zero-tube
PASS reject-tube-at-unsupported-boundary
PASS reject-negative-coefficient-radius
PASS reject-coefficient-ratio-too-large
PASS exact-decimal-input-binding
PASS display-json-only
PASS no-runtime-in-mathematical-result
PASS same-original-input-byte-identical
PASS normalized-input-preserves-mathematical-bounds
PASS no-transcendental-runtime-in-validation-or-producer
PASS positive-nonzero-inner-mass
PASS mass-order
PASS origin-derivative-exact-zero
PASS positive-eta-derivative-strict
PASS negative-eta-derivative-strict
PASS all-real-pressure-negative
PASS real-bounds-refuse-reversed-box
PASS real-bounds-refuse-outside-window
PASS complex-denominator-positive
PASS complex-noninteger-powers-and-domination-explicit
PASS complex-bounds-refuse-half-radius
PASS complex-bounds-refuse-outside-window
PASS complex-bounds-refuse-user-bound
PASS infinite-both-tails-present
PASS mixed-tail-not-rounded-away
PASS terminal-wait-certified-positive
PASS all-eta-derivative-coefficient-bound
PASS seventeen-observations-with-raw-values
PASS visualization-coordinates-finite-and-labels-honest
PASS operation-budget-refused
PASS render-point-budget-refused
PASS cancellation-refused
PASS full-proof-claims-remain-false
PASS actual-variant-bits64
PASS actual-variant-bits256
PASS actual-variant-wide-large-parameters
PASS actual-variant-small-pressure-outside-full-source-order
PASS insufficient-original-parameters-not-promoted
PASS nine-extra-real-interval-enclosures
PASS three-complex-tube-enclosures
{"status":"PASS","counts":{"passed":70,"failed":0,"total":70},"sourceSha256":"3481258e834a6220476eac870568becf4cb9aa88e16a0c67f7057ad54634e59e","defaultBudget":{"operations":685866,"elapsedMilliseconds":1929,"maxOperations":2000000,"maxMilliseconds":20000,"maxPoints":4096}}
