PASS default-exp-00-exact-replay-and-mp120
PASS default-exp-01-exact-replay-and-mp120
PASS default-exp-02-exact-replay-and-mp120
PASS default-exp-03-exact-replay-and-mp120
PASS default-exp-04-exact-replay-and-mp120
PASS default-exp-05-exact-replay-and-mp120
PASS default-exp-06-exact-replay-and-mp120
PASS default-exp-07-exact-replay-and-mp120
PASS default-exp-08-exact-replay-and-mp120
PASS default-exp-09-exact-replay-and-mp120
PASS default-exp-10-exact-replay-and-mp120
PASS default-exp-11-exact-replay-and-mp120
PASS default-exp-12-exact-replay-and-mp120
PASS default-exp-13-exact-replay-and-mp120
PASS default-exp-14-exact-replay-and-mp120
PASS default-mass-envelope-and-both-infinite-tails
PASS default-exact-h-source-binding
PASS default-exp-symbol-vs-rational-enclosure
PASS default-terminal-comparison-without-ODE-sampling
PASS default-full-real-box
PASS default-default-complex-tube-rational-and-noninteger-complex-samples
PASS default-observation-00-raw-interval
PASS default-observation-00-normalization
PASS default-observation-01-raw-interval
PASS default-observation-01-normalization
PASS default-observation-02-raw-interval
PASS default-observation-02-normalization
PASS default-observation-03-raw-interval
PASS default-observation-03-normalization
PASS default-observation-04-raw-interval
PASS default-observation-04-normalization
PASS default-observation-05-raw-interval
PASS default-observation-05-normalization
PASS default-observation-06-raw-interval
PASS default-observation-06-normalization
PASS default-observation-07-raw-interval
PASS default-observation-07-normalization
PASS default-observation-08-raw-interval
PASS default-observation-08-normalization
PASS default-observation-09-raw-interval
PASS default-observation-09-normalization
PASS default-observation-10-raw-interval
PASS default-observation-10-normalization
PASS default-observation-11-raw-interval
PASS default-observation-11-normalization
PASS default-observation-12-raw-interval
PASS default-observation-12-normalization
PASS default-observation-13-raw-interval
PASS default-observation-13-normalization
PASS default-observation-14-raw-interval
PASS default-observation-14-normalization
PASS default-observation-15-raw-interval
PASS default-observation-15-normalization
PASS default-observation-16-raw-interval
PASS default-observation-16-normalization
PASS default-all-orders-cauchy-coefficient-norm
PASS default-global-and-generated-Lean-claims-remain-false
PASS bits64-exp-00-exact-replay-and-mp120
PASS bits64-exp-01-exact-replay-and-mp120
PASS bits64-exp-02-exact-replay-and-mp120
PASS bits64-exp-03-exact-replay-and-mp120
PASS bits64-exp-04-exact-replay-and-mp120
PASS bits64-exp-05-exact-replay-and-mp120
PASS bits64-exp-06-exact-replay-and-mp120
PASS bits64-exp-07-exact-replay-and-mp120
PASS bits64-exp-08-exact-replay-and-mp120
PASS bits64-exp-09-exact-replay-and-mp120
PASS bits64-exp-10-exact-replay-and-mp120
PASS bits64-exp-11-exact-replay-and-mp120
PASS bits64-exp-12-exact-replay-and-mp120
PASS bits64-exp-13-exact-replay-and-mp120
PASS bits64-exp-14-exact-replay-and-mp120
PASS bits64-mass-envelope-and-both-infinite-tails
PASS bits64-exact-h-source-binding
PASS bits64-exp-symbol-vs-rational-enclosure
PASS bits64-terminal-comparison-without-ODE-sampling
PASS bits64-full-real-box
PASS bits64-default-complex-tube-rational-and-noninteger-complex-samples
PASS bits64-observation-00-raw-interval
PASS bits64-observation-00-normalization
PASS bits64-observation-01-raw-interval
PASS bits64-observation-01-normalization
PASS bits64-observation-02-raw-interval
PASS bits64-observation-02-normalization
PASS bits64-observation-03-raw-interval
PASS bits64-observation-03-normalization
PASS bits64-observation-04-raw-interval
PASS bits64-observation-04-normalization
PASS bits64-observation-05-raw-interval
PASS bits64-observation-05-normalization
PASS bits64-observation-06-raw-interval
PASS bits64-observation-06-normalization
PASS bits64-observation-07-raw-interval
PASS bits64-observation-07-normalization
PASS bits64-observation-08-raw-interval
PASS bits64-observation-08-normalization
PASS bits64-observation-09-raw-interval
PASS bits64-observation-09-normalization
PASS bits64-observation-10-raw-interval
PASS bits64-observation-10-normalization
PASS bits64-observation-11-raw-interval
PASS bits64-observation-11-normalization
PASS bits64-observation-12-raw-interval
PASS bits64-observation-12-normalization
PASS bits64-observation-13-raw-interval
PASS bits64-observation-13-normalization
PASS bits64-observation-14-raw-interval
PASS bits64-observation-14-normalization
PASS bits64-observation-15-raw-interval
PASS bits64-observation-15-normalization
PASS bits64-observation-16-raw-interval
PASS bits64-observation-16-normalization
PASS bits64-all-orders-cauchy-coefficient-norm
PASS bits64-global-and-generated-Lean-claims-remain-false
PASS bits256-exp-00-exact-replay-and-mp120
PASS bits256-exp-01-exact-replay-and-mp120
PASS bits256-exp-02-exact-replay-and-mp120
PASS bits256-exp-03-exact-replay-and-mp120
PASS bits256-exp-04-exact-replay-and-mp120
PASS bits256-exp-05-exact-replay-and-mp120
PASS bits256-exp-06-exact-replay-and-mp120
PASS bits256-exp-07-exact-replay-and-mp120
PASS bits256-exp-08-exact-replay-and-mp120
PASS bits256-exp-09-exact-replay-and-mp120
PASS bits256-exp-10-exact-replay-and-mp120
PASS bits256-exp-11-exact-replay-and-mp120
PASS bits256-exp-12-exact-replay-and-mp120
PASS bits256-exp-13-exact-replay-and-mp120
PASS bits256-exp-14-exact-replay-and-mp120
PASS bits256-mass-envelope-and-both-infinite-tails
PASS bits256-exact-h-source-binding
PASS bits256-exp-symbol-vs-rational-enclosure
PASS bits256-terminal-comparison-without-ODE-sampling
PASS bits256-full-real-box
PASS bits256-default-complex-tube-rational-and-noninteger-complex-samples
PASS bits256-observation-00-raw-interval
PASS bits256-observation-00-normalization
PASS bits256-observation-01-raw-interval
PASS bits256-observation-01-normalization
PASS bits256-observation-02-raw-interval
PASS bits256-observation-02-normalization
PASS bits256-observation-03-raw-interval
PASS bits256-observation-03-normalization
PASS bits256-observation-04-raw-interval
PASS bits256-observation-04-normalization
PASS bits256-observation-05-raw-interval
PASS bits256-observation-05-normalization
PASS bits256-observation-06-raw-interval
PASS bits256-observation-06-normalization
PASS bits256-observation-07-raw-interval
PASS bits256-observation-07-normalization
PASS bits256-observation-08-raw-interval
PASS bits256-observation-08-normalization
PASS bits256-observation-09-raw-interval
PASS bits256-observation-09-normalization
PASS bits256-observation-10-raw-interval
PASS bits256-observation-10-normalization
PASS bits256-observation-11-raw-interval
PASS bits256-observation-11-normalization
PASS bits256-observation-12-raw-interval
PASS bits256-observation-12-normalization
PASS bits256-observation-13-raw-interval
PASS bits256-observation-13-normalization
PASS bits256-observation-14-raw-interval
PASS bits256-observation-14-normalization
PASS bits256-observation-15-raw-interval
PASS bits256-observation-15-normalization
PASS bits256-observation-16-raw-interval
PASS bits256-observation-16-normalization
PASS bits256-all-orders-cauchy-coefficient-norm
PASS bits256-global-and-generated-Lean-claims-remain-false
PASS wide-large-parameters-exp-00-exact-replay-and-mp120
PASS wide-large-parameters-exp-01-exact-replay-and-mp120
PASS wide-large-parameters-exp-02-exact-replay-and-mp120
PASS wide-large-parameters-exp-03-exact-replay-and-mp120
PASS wide-large-parameters-exp-04-exact-replay-and-mp120
PASS wide-large-parameters-exp-05-exact-replay-and-mp120
PASS wide-large-parameters-exp-06-exact-replay-and-mp120
PASS wide-large-parameters-exp-07-exact-replay-and-mp120
PASS wide-large-parameters-exp-08-exact-replay-and-mp120
PASS wide-large-parameters-exp-09-exact-replay-and-mp120
PASS wide-large-parameters-exp-10-exact-replay-and-mp120
PASS wide-large-parameters-exp-11-exact-replay-and-mp120
PASS wide-large-parameters-exp-12-exact-replay-and-mp120
PASS wide-large-parameters-exp-13-exact-replay-and-mp120
PASS wide-large-parameters-exp-14-exact-replay-and-mp120
PASS wide-large-parameters-exp-15-exact-replay-and-mp120
PASS wide-large-parameters-mass-envelope-and-both-infinite-tails
PASS wide-large-parameters-exact-h-source-binding
PASS wide-large-parameters-exp-symbol-vs-rational-enclosure
PASS wide-large-parameters-terminal-comparison-without-ODE-sampling
PASS wide-large-parameters-full-real-box
PASS wide-large-parameters-default-complex-tube-rational-and-noninteger-complex-samples
PASS wide-large-parameters-observation-00-raw-interval
PASS wide-large-parameters-observation-00-normalization
PASS wide-large-parameters-observation-01-raw-interval
PASS wide-large-parameters-observation-01-normalization
PASS wide-large-parameters-observation-02-raw-interval
PASS wide-large-parameters-observation-02-normalization
PASS wide-large-parameters-observation-03-raw-interval
PASS wide-large-parameters-observation-03-normalization
PASS wide-large-parameters-observation-04-raw-interval
PASS wide-large-parameters-observation-04-normalization
PASS wide-large-parameters-observation-05-raw-interval
PASS wide-large-parameters-observation-05-normalization
PASS wide-large-parameters-observation-06-raw-interval
PASS wide-large-parameters-observation-06-normalization
PASS wide-large-parameters-observation-07-raw-interval
PASS wide-large-parameters-observation-07-normalization
PASS wide-large-parameters-observation-08-raw-interval
PASS wide-large-parameters-observation-08-normalization
PASS wide-large-parameters-observation-09-raw-interval
PASS wide-large-parameters-observation-09-normalization
PASS wide-large-parameters-observation-10-raw-interval
PASS wide-large-parameters-observation-10-normalization
PASS wide-large-parameters-observation-11-raw-interval
PASS wide-large-parameters-observation-11-normalization
PASS wide-large-parameters-observation-12-raw-interval
PASS wide-large-parameters-observation-12-normalization
PASS wide-large-parameters-observation-13-raw-interval
PASS wide-large-parameters-observation-13-normalization
PASS wide-large-parameters-observation-14-raw-interval
PASS wide-large-parameters-observation-14-normalization
PASS wide-large-parameters-observation-15-raw-interval
PASS wide-large-parameters-observation-15-normalization
PASS wide-large-parameters-observation-16-raw-interval
PASS wide-large-parameters-observation-16-normalization
PASS wide-large-parameters-all-orders-cauchy-coefficient-norm
PASS wide-large-parameters-global-and-generated-Lean-claims-remain-false
PASS small-pressure-outside-full-source-order-exp-00-exact-replay-and-mp120
PASS small-pressure-outside-full-source-order-exp-01-exact-replay-and-mp120
PASS small-pressure-outside-full-source-order-exp-02-exact-replay-and-mp120
PASS small-pressure-outside-full-source-order-exp-03-exact-replay-and-mp120
PASS small-pressure-outside-full-source-order-exp-04-exact-replay-and-mp120
PASS small-pressure-outside-full-source-order-exp-05-exact-replay-and-mp120
PASS small-pressure-outside-full-source-order-exp-06-exact-replay-and-mp120
PASS small-pressure-outside-full-source-order-exp-07-exact-replay-and-mp120
PASS small-pressure-outside-full-source-order-exp-08-exact-replay-and-mp120
PASS small-pressure-outside-full-source-order-exp-09-exact-replay-and-mp120
PASS small-pressure-outside-full-source-order-exp-10-exact-replay-and-mp120
PASS small-pressure-outside-full-source-order-exp-11-exact-replay-and-mp120
PASS small-pressure-outside-full-source-order-exp-12-exact-replay-and-mp120
PASS small-pressure-outside-full-source-order-exp-13-exact-replay-and-mp120
PASS small-pressure-outside-full-source-order-exp-14-exact-replay-and-mp120
PASS small-pressure-outside-full-source-order-mass-envelope-and-both-infinite-tails
PASS small-pressure-outside-full-source-order-exact-h-source-binding
PASS small-pressure-outside-full-source-order-exp-symbol-vs-rational-enclosure
PASS small-pressure-outside-full-source-order-terminal-comparison-without-ODE-sampling
PASS small-pressure-outside-full-source-order-full-real-box
PASS small-pressure-outside-full-source-order-default-complex-tube-rational-and-noninteger-complex-samples
PASS small-pressure-outside-full-source-order-observation-00-raw-interval
PASS small-pressure-outside-full-source-order-observation-00-normalization
PASS small-pressure-outside-full-source-order-observation-01-raw-interval
PASS small-pressure-outside-full-source-order-observation-01-normalization
PASS small-pressure-outside-full-source-order-observation-02-raw-interval
PASS small-pressure-outside-full-source-order-observation-02-normalization
PASS small-pressure-outside-full-source-order-observation-03-raw-interval
PASS small-pressure-outside-full-source-order-observation-03-normalization
PASS small-pressure-outside-full-source-order-observation-04-raw-interval
PASS small-pressure-outside-full-source-order-observation-04-normalization
PASS small-pressure-outside-full-source-order-observation-05-raw-interval
PASS small-pressure-outside-full-source-order-observation-05-normalization
PASS small-pressure-outside-full-source-order-observation-06-raw-interval
PASS small-pressure-outside-full-source-order-observation-06-normalization
PASS small-pressure-outside-full-source-order-observation-07-raw-interval
PASS small-pressure-outside-full-source-order-observation-07-normalization
PASS small-pressure-outside-full-source-order-observation-08-raw-interval
PASS small-pressure-outside-full-source-order-observation-08-normalization
PASS small-pressure-outside-full-source-order-observation-09-raw-interval
PASS small-pressure-outside-full-source-order-observation-09-normalization
PASS small-pressure-outside-full-source-order-observation-10-raw-interval
PASS small-pressure-outside-full-source-order-observation-10-normalization
PASS small-pressure-outside-full-source-order-observation-11-raw-interval
PASS small-pressure-outside-full-source-order-observation-11-normalization
PASS small-pressure-outside-full-source-order-observation-12-raw-interval
PASS small-pressure-outside-full-source-order-observation-12-normalization
PASS small-pressure-outside-full-source-order-observation-13-raw-interval
PASS small-pressure-outside-full-source-order-observation-13-normalization
PASS small-pressure-outside-full-source-order-observation-14-raw-interval
PASS small-pressure-outside-full-source-order-observation-14-normalization
PASS small-pressure-outside-full-source-order-observation-15-raw-interval
PASS small-pressure-outside-full-source-order-observation-15-normalization
PASS small-pressure-outside-full-source-order-observation-16-raw-interval
PASS small-pressure-outside-full-source-order-observation-16-normalization
PASS small-pressure-outside-full-source-order-all-orders-cauchy-coefficient-norm
PASS small-pressure-outside-full-source-order-global-and-generated-Lean-claims-remain-false
PASS extra-real-interval-00
PASS extra-real-interval-01
PASS extra-real-interval-02
PASS extra-real-interval-03
PASS extra-real-interval-04
PASS extra-real-interval-05
PASS extra-real-interval-06
PASS extra-real-interval-07
PASS extra-real-interval-08
PASS extra-complex-tube-00-rational-and-noninteger-complex-samples
PASS extra-complex-tube-01-rational-and-noninteger-complex-samples
PASS extra-complex-tube-02-rational-and-noninteger-complex-samples
PASS independent-default-source-integral-eta-0.0
PASS independent-default-source-integral-eta-0.5
PASS independent-default-source-integral-eta-1.0
PASS negative-control-omitted-exponential-remainder-rejected
PASS negative-control-inner-mass-only-upper-rejected
PASS negative-control-missing-complex-denominator-loss-rejected
PASS negative-control-wrong-factor-in-pressure-derivative-rejected
PASS negative-control-dropping-nonzero-mixed-tail-rejected
{"status": "PASS", "counts": {"passed": 306, "failed": 0, "total": 306}, "elapsedSeconds": 0.7437722399990889}
