✔ The executable example validates without claiming a uniform parameter theorem (1.83814ms)
✔ Actual B.26 endpoint, B.34 transition and three eta solves reach numerical B.8 matching (0.275057ms)
✔ The physical XR overflow is retained as a nonzero signed logarithm (0.138045ms)
✔ B.34 reaches the ideal A.7 logarithmic profile at the exact defining scale (0.192184ms)
✔ All two U and three E bumps are strictly inside the original disjoint B.8 patch (0.992028ms)
✔ Analytic integral of each U bump checks quadrature independently of the Newton residual (0.154338ms)
✔ Independent reintegration keeps all five raw moment residuals below the chosen normalized tolerance (0.154159ms)
✔ B.35 displays actual finite-node relaxed-cone checks without a whole-eta certificate (0.373883ms)
✔ The common-pressure and endpoint field match use actual computed restoration and moments (0.251672ms)
✔ The executable small-amplitude candidate is explicitly not the full source hierarchy (0.214147ms)
✔ A user cannot replace the measured five-moment debt or upstream endpoint (0.460822ms)
✔ Inherited object names are not allowed as extra own JSON input keys (0.381575ms)
✔ Structural validation rejects unknown pressure parameters before computation (0.456886ms)
✔ The source datum and axis cannot use different h values (0.431328ms)
✔ An unrelated rational pressure family is not silently treated as the A.21 source datum (0.53398ms)
✔ B.38 rejects insufficient amplitude before beginning a profile job (0.393072ms)
✔ Eta finite-difference nodes must lie in the source parameter interval (0.228609ms)
✔ Nonzero underflow and overflow debt rows are rejected by the actual Newton representation guard (0.316529ms)
✔ The debt representation guard preserves signed finite values and the computed zero marker (0.156231ms)
✔ A larger original j0 retains actual unsuccessful Newton/cone diagnostics (996.954572ms)
✔ Insufficient Newton iterations remain an explicit numerical-match failure (556.416467ms)
✔ The large-Pstar source branch retains actual upstream finite-axis positivity failure (74.07501ms)
✔ Cancellation remains distinguishable from a mathematical failure (1.146958ms)
✔ Operation and point limits are enforced before delivering a mathematical result (1.0332ms)
✔ The mathematical job output replays deterministically (482.390369ms)
✔ All output values survive JSON serialization without hidden NaN or Infinity (3.18918ms)
ℹ tests 26
ℹ suites 0
ℹ pass 26
ℹ fail 0
ℹ cancelled 0
ℹ skipped 0
ℹ todo 0
ℹ duration_ms 3043.523001
