✔ [9093/9152] Built NavierStokes.HarmonicSourceSupport (11s)
✔ [9094/9155] Built NavierStokes.PrimaryResidualClass (11s)
✔ [9097/9158] Built NavierStokes.LocalSignedRequest (12s)
✔ [9098/9158] Built NavierStokes.SignedCopyBounds (12s)
✔ [9099/9158] Built NavierStokes.OutgoingCone (15s)
✔ [9100/9159] Built NavierStokes.LocalizedWaveBounds (20s)
✔ [9101/9159] Built NavierStokes.PhysicalParticularWave (21s)
✔ [9102/9159] Built NavierStokes.HarmonicStructurePreservation (11s)
✔ [9103/9159] Built NavierStokes.TerminalPressure (23s)
✔ [9104/9166] Built NavierStokes.UniformBlockBounds (12s)
✔ [9105/9167] Built NavierStokes.LocalizedMeanInteraction (8.0s)
✔ [9107/9179] Built NavierStokes.LocalizedGaussianBounds (8.2s)
✔ [9109/9208] Built NavierStokes.PeriodicPhaseAssembly (8.1s)
✔ [9112/9229] Built NavierStokes.ParticularCopyBounds (18s)
✔ [9115/9229] Built NavierStokes.PhysicalResidualNaturality (14s)
✔ [9116/9230] Built NavierStokes.NativePrincipalEquations (9.5s)
✔ [9117/9230] Built NavierStokes.HeatSwitchCone (25s)
✔ [9118/9237] Built NavierStokes.TerminalEdgeFactor (17s)
✔ [9119/9237] Built NavierStokes.UniformHarmonicInteraction (13s)
✔ [9120/9237] Built NavierStokes.PhysicalClassBounds (19s)
✔ [9121/9239] Built NavierStokes.HeatSwitchHistoryDerivatives (14s)
✔ [9122/9239] Built NavierStokes.MeanBoundsReindex (14s)
✔ [9123/9239] Built NavierStokes.LocalizedCurlRealization (17s)
✔ [9125/9242] Built NavierStokes.ActualParticularControl (25s)
✔ [9129/9260] Built NavierStokes.VariableGaugeMean (45s)
✔ [9130/9260] Built NavierStokes.TerminalCone (8.9s)
✔ [9131/9260] Built NavierStokes.SlowFirstOrderEdge (16s)
✔ [9132/9260] Built NavierStokes.PhysicalCopyBounds (9.3s)
✔ [9133/9262] Built NavierStokes.ClosedNativeWaveIdentities (10s)
✔ [9134/9262] Built NavierStokes.PhysicalSignedWave (26s)
✔ [9135/9263] Built NavierStokes.ActiveAnnulusWeight (12s)
✔ [9136/9263] Built NavierStokes.ModeSolenoidalReindex (10s)
✔ [9138/9264] Built NavierStokes.RepairConeBounds (28s)
✔ [9139/9265] Built NavierStokes.ScheduledProfileChoice (3.3s)
✔ [9140/9348] Built NavierStokes.GaugeStateCoherence (7.6s)
✔ [9166/9371] Built NavierStokes.PreparedOutgoing (3.4s)
✔ [9167/9371] Built NavierStokes.GaugeMomentBalances (8.6s)
✔ [9168/9371] Built NavierStokes.LocalRankDefect (9.6s)
✔ [9169/9371] Built NavierStokes.ActualPeriodizedSignedRealization (11s)
✔ [9170/9371] Built NavierStokes.LocalPhysicalCopyBounds (11s)
✔ [9171/9371] Built NavierStokes.TerminalHistoryBridge (17s)
✔ [9172/9371] Built NavierStokes.PositiveTimeCopyFamily (4.9s)
✔ [9173/9371] Built NavierStokes.RankStateBounds (11s)
✔ [9174/9371] Built NavierStokes.MovingMomentBounds (11s)
✔ [9175/9371] Built NavierStokes.CartesianCopySource (9.3s)
✔ [9176/9371] Built NavierStokes.GaugeAliasDecay (16s)
✔ [9177/9371] Built NavierStokes.SignedMeanGain (21s)
✔ [9178/9371] Built NavierStokes.NominalConeAssembly (12s)
✔ [9179/9371] Built NavierStokes.PhysicalMeanJetBounds (16s)
✔ [9180/9371] Built NavierStokes.GaugeMassPreservation (15s)
✔ [9181/9371] Built NavierStokes.BandReindexedSignedMeanGain (11s)
✔ [9182/9371] Built NavierStokes.BaseResidual (39s)
✔ [9183/9371] Built NavierStokes.GaugeDebtIncrement (14s)
✔ [9184/9371] Built NavierStokes.ModulatedProfileAssembly (15s)
✔ [9185/9371] Built NavierStokes.ResidualPolarGraph (12s)
✔ [9186/9371] Built NavierStokes.MeanStateRegularity (6.2s)
✔ [9187/9371] Built NavierStokes.WaveStateRegularity (6.2s)
✔ [9188/9371] Built NavierStokes.BasePrefixIdentity (8.8s)
✔ [9189/9371] Built NavierStokes.BaseExterior (12s)
✔ [9190/9371] Built NavierStokes.FirstOrderBaseEdge (14s)
✔ [9191/9371] Built NavierStokes.LeadingStressWeights (15s)
✔ [9192/9371] Built NavierStokes.MeanStageRegularity (35s)
✔ [9193/9371] Built NavierStokes.SignedCrossDefectClass (36s)
✔ [9194/9371] Built NavierStokes.GaugeExcludedBounds (37s)
✔ [9195/9371] Built NavierStokes.TorusMeanRequestRebase (37s)
✔ [9196/9371] Built NavierStokes.GaugeRadialResidualBounds (37s)
✔ [9197/9371] Built NavierStokes.ConstructedSlowBase (48s)
✔ [9198/9371] Built NavierStokes.ModulatedExterior (11s)
✔ [9199/9371] Built NavierStokes.EntranceAlignedBase (12s)
✔ [9200/9371] Built NavierStokes.BaseChartJets (15s)
✔ [9201/9371] Built NavierStokes.ComparatorBridge (202s)
✔ [9202/9371] Built NavierStokes.ProfileSpectralCone (20s)
✔ [9203/9371] Built NavierStokes.AlignedProfileSpectralCone (35s)
✔ [9204/9371] Built NavierStokes.FinalSlowBase (71s)
✔ [9205/9371] Built NavierStokes.CompactSpatialForceDecay (137s)
✔ [9206/9371] Built NavierStokes.ComparatorR3Bridge (137s)
✔ [9207/9371] Built NavierStokes.PeriodicViscosityUniqueness (137s)
✔ [9208/9371] Built NavierStokes.GlobalBaseError (27s)
✔ [9209/9371] Built NavierStokes.BaseRankPatch (27s)
✔ [9210/9371] Built NavierStokes.PrimaryGeometryAssembly (28s)
✔ [9211/9371] Built NavierStokes.SlowBaseEndpoint (28s)
✔ [9212/9371] Built NavierStokes.BaseRadialJets (29s)
✔ [9213/9371] Built NavierStokes.AllBandBaseJets (7.8s)
✔ [9214/9371] Built NavierStokes.TailGaugePotential (9.8s)
✔ [9215/9371] Built NavierStokes.PrimaryTargetBounds (20s)
✔ [9216/9371] Built NavierStokes.AnnularEndpoint (18s)
✔ [9217/9371] Built NavierStokes.PhysicalStageBounds (19s)
✔ [9218/9371] Built NavierStokes.BaseContextAssembly (19s)
✔ [9219/9371] Built NavierStokes.PrimaryCopyBounds (27s)
✔ [9220/9371] Built NavierStokes.ActualIterationLedger (38s)
✔ [9221/9371] Built NavierStokes.ActualBaseVelocityBounds (41s)
✔ [9222/9371] Built NavierStokes.OffplaneCorrectionExtensions (43s)
✔ [9223/9371] Built NavierStokes.PhysicalResidualJetBounds (50s)
✔ [9224/9371] Built NavierStokes.BaseStressClasses (45s)
✔ [9225/9371] Built NavierStokes.WaveEdgeExtension (42s)
✔ [9226/9371] Built NavierStokes.MixedDiagonalExtensions (56s)
✔ [9227/9371] Built NavierStokes.DirectAngularDiagonal (62s)
✔ [9228/9371] Built NavierStokes.ActualSignedControl (66s)
✔ [9229/9371] Built NavierStokes.CommonBaseContext (78s)
✔ [9230/9371] Built NavierStokes.ValidDyadicBandCover (69s)
✔ [9231/9371] Built NavierStokes.MixedAxisPreservation (64s)
✔ [9232/9371] Built NavierStokes.MixedPeriodicAssembly (64s)
✔ [9233/9371] Built NavierStokes.ActualSignedGeometry (83s)
✔ [9234/9371] Built NavierStokes.ActualBaseResidual (85s)
✔ [9235/9371] Built NavierStokes.LocalAngularDiagonal (62s)
✔ [9236/9371] Built NavierStokes.MixedDiagonalResidual (62s)
✔ [9237/9371] Built NavierStokes.CandidateConsequences (62s)
✔ [9238/9371] Built NavierStokes.TemporalStateCoherence (106s)
✔ [9239/9371] Built NavierStokes.NativeBandExtension (40s)
✔ [9240/9371] Built NavierStokes.ActualSignedPhysicalData (51s)
✔ [9241/9371] Built NavierStokes.R3.ComparatorBridge (317s)
✔ [9242/9371] Built NavierStokes.PeriodicViscosity (317s)
✔ [9243/9371] Built NavierStokes.R3CompactCandidate (319s)
✔ [9244/9371] Built NavierStokes.MixedCandidateAssembly (51s)
✔ [9245/9371] Built NavierStokes.MixedCandidateWitness (4.0s)
✔ [9246/9371] Built NavierStokes.FlatDyadicExtension (29s)
✔ [9247/9371] Built NavierStokes.MixedFiniteBackground (4.5s)
✔ [9248/9371] Built NavierStokes.DependentSignedPhysicalFamily (16s)
✔ [9249/9371] Built NavierStokes.CurrentPhysicalChartJets (17s)
✔ [9250/9371] Built NavierStokes.RankStateCoherence (47s)
✔ [9251/9371] Built NavierStokes.ScaledActualParticularControl (57s)
✔ [9252/9371] Built NavierStokes.GermCandidateAssembly (3.6s)
✔ [9253/9371] Built NavierStokes.InitializedPhysicalBackground (3.8s)
✔ [9254/9371] Built NavierStokes.ScaledParticularFrameJets (4.9s)
✔ [9255/9371] Built NavierStokes.ActualGaussianCoverage (11s)
✔ [9256/9371] Built NavierStokes.NativeCutoffJets (7.7s)
✔ [9257/9371] Built NavierStokes.LabelSupportPreservation (10s)
✔ [9258/9371] Built NavierStokes.ScalarParticularSupport (30s)
✔ [9259/9371] Built NavierStokes.R3FiniteEnergyComparison (100s)
✔ [9260/9371] Built NavierStokes.CorrectionStep (102s)
✔ [9261/9371] Built NavierStokes.ActualCycleExcluded (16s)
✔ [9262/9371] Built NavierStokes.CyclePhysicalPrefixes (17s)
✔ [9263/9371] Built NavierStokes.GaussianErrorNaturality (18s)
✔ [9264/9371] Built NavierStokes.CycleStateCoherence (18s)
✔ [9265/9371] Built NavierStokes.ActualWaveRegularity (21s)
✔ [9266/9371] Built NavierStokes.CrossBasedMeanComposition (23s)
✔ [9267/9371] Built NavierStokes.ActualParticularRealization (11s)
✔ [9268/9371] Built NavierStokes.CorrectionInitialization (73s)
✔ [9269/9371] Built NavierStokes.ActualMeanPotentialRealization (9.2s)
✔ [9270/9371] Built NavierStokes.ActualPrimaryCovariance (20s)
✔ [9271/9371] Built NavierStokes.ActualPrimaryCoherence (21s)
✔ [9272/9371] Built NavierStokes.ActualPhaseDefect (26s)
✔ [9273/9371] Built NavierStokes.ActualInitialCoherence (6.6s)
✔ [9274/9371] Built NavierStokes.ActualInitialMeanEquation (6.5s)
✔ [9275/9371] Built NavierStokes.ActualPrimaryDynamics (15s)
✔ [9276/9371] Built NavierStokes.ActualPrimaryBounds (18s)
✔ [9277/9371] Built NavierStokes.InitialNativeRegularity (3.9s)
✔ [9278/9371] Built NavierStokes.CycleMeanEquation (14s)
✔ [9279/9371] Built NavierStokes.ActualParticularBackground (4.6s)
✔ [9280/9371] Built NavierStokes.ActualSignedDynamics (7.8s)
✔ [9281/9371] Built NavierStokes.ActualInitialMean (5.7s)
✔ [9282/9371] Built NavierStokes.ActualPhaseJetBounds (8.4s)
✔ [9283/9371] Built NavierStokes.CorrectionAnalyticStep (7.5s)
✔ [9284/9371] Built NavierStokes.ActualInitialExcluded (12s)
✔ [9285/9371] Built NavierStokes.ActualCarrierGeometry (4.0s)
✔ [9286/9371] Built NavierStokes.ActualSignedStageControls (24s)
✔ [9287/9371] Built NavierStokes.ParticularPaddedBackground (6.8s)
✔ [9288/9371] Built NavierStokes.ActualCarrierTransportBase (7.1s)
✔ [9289/9371] Built NavierStokes.ActualInitialization (11s)
✔ [9290/9371] Built NavierStokes.ActualPolarCoverage (5.0s)
✔ [9291/9371] Built NavierStokes.PhysicalStageSupport (6.1s)
✔ [9292/9371] Built NavierStokes.ActualCycleGeometry (7.4s)
✔ [9293/9371] Built NavierStokes.ActualCoreSupport (7.4s)
✔ [9294/9371] Built NavierStokes.ActualParticularStageControls (11s)
✔ [9295/9371] Built NavierStokes.ActualSignedCoherence (13s)
✔ [9296/9371] Built NavierStokes.LocalMeanPhysicalBounds (7.9s)
✔ [9297/9371] Built NavierStokes.ActualCurrentCarrierJets (4.4s)
✔ [9298/9371] Built NavierStokes.InitialPhysicalData (23s)
✔ [9299/9371] Built NavierStokes.ActualCopySliceRegularity (7.3s)
✔ [9300/9371] Built NavierStokes.ActualCycleResidualBounds (12s)
✔ [9301/9371] Built NavierStokes.ActualCycleParameters (8.9s)
✔ [9302/9371] Built NavierStokes.ActualSignedPotentialCoherence (5.2s)
✔ [9303/9371] Built NavierStokes.ActualSignedGaussianCoherence (4.9s)
✔ [9304/9371] Built NavierStokes.ActualExteriorPrefix (3.4s)
✔ [9305/9371] Built NavierStokes.ActualCarrierTransport (2.7s)
✔ [9306/9371] Built NavierStokes.ActualParticularMeanGain (4.2s)
✔ [9307/9371] Built NavierStokes.ActualParticularGaussian (14s)
✔ [9308/9371] Built NavierStokes.ActualSignedPhysicalGeometry (4.6s)
✔ [9309/9371] Built NavierStokes.ActualPhysicalPrefixFields (5.6s)
✔ [9310/9371] Built NavierStokes.ActualIntermediateDebtBounds (6.2s)
✔ [9311/9371] Built NavierStokes.ActualSignedMeanBinding (13s)
✔ [9312/9371] Built NavierStokes.ActualWaveRegularityData (23s)
✔ [9313/9371] Built NavierStokes.ActualSeedPeriodicity (2.0s)
✔ [9314/9371] Built NavierStokes.ActualWaveCoefficientPeriodicity (3.6s)
✔ [9315/9371] Built NavierStokes.ActualSignedGaussian (3.9s)
✔ [9316/9371] Built NavierStokes.ActualSignedOutputBounds (4.2s)
✔ [9317/9371] Built NavierStokes.ActualCyclePeriodicity (4.3s)
✔ [9318/9371] Built NavierStokes.ActualMeanPhysicalData (26s)
✔ [9319/9371] Built NavierStokes.ActualSignedCommonDynamics (6.3s)
✔ [9320/9371] Built NavierStokes.ActualCycleAssembly (11s)
✔ [9321/9371] Built NavierStokes.CurrentSignedCurl (4.9s)
✔ [9322/9371] Built NavierStokes.ActualPhysicalStageBounds (7.9s)
✔ [9323/9371] Built NavierStokes.ActualParticularDynamics (41s)
✔ [9324/9371] Built NavierStokes.OffplaneJetExtensions (6.9s)
✔ [9325/9371] Built NavierStokes.ActualReferenceRebase (48s)
✔ [9326/9371] Built NavierStokes.ActualMeanStageData (17s)
✔ [9327/9371] Built NavierStokes.ActualMeanExterior (3.7s)
✔ [9328/9371] Built NavierStokes.ActualParticularCoherence (18s)
✔ [9329/9371] Built NavierStokes.ActualParticularPotentialCoherence (4.8s)
✔ [9330/9371] Built NavierStokes.ActualCycleCoherence (16s)
✔ [9331/9371] Built NavierStokes.ActualSignedPhysicalBinding (38s)
✔ [9332/9371] Built NavierStokes.PositiveTimeSignedLocalization (2.8s)
✔ [9333/9371] Built NavierStokes.ActualSignedExterior (3.9s)
✔ [9334/9371] Built NavierStokes.ActualSignedUnmaskedBounds (5.0s)
✔ [9335/9371] Built NavierStokes.ActualCandidateConstruction (43s)
✔ [9336/9371] Built NavierStokes.ActualSignedReferenceGeometry (3.3s)
✔ [9337/9371] Built NavierStokes.ActualSignedNativeProfiles (3.9s)
✔ [9338/9371] Built NavierStokes.PositiveTimeSignedData (7.6s)
✔ [9339/9371] Built NavierStokes.ActualSignedFamilySupport (3.4s)
✔ [9340/9371] Built NavierStokes.ActualSignedUnmaskedBinding (13s)
✔ [9341/9371] Built NavierStokes.ActualParticularCycleData (22s)
✔ [9342/9371] Built NavierStokes.ActualSignedNativeBounds (17s)
✔ [9343/9371] Built NavierStokes.ActualSignedNativeRegularity (6.8s)
✔ [9344/9371] Built NavierStokes.ActualCurrentParticularPhysical (6.0s)
✔ [9345/9371] Built NavierStokes.ActualCyclePreservation (8.6s)
✔ [9346/9371] Built NavierStokes.CurrentParticularPhysicalCoherence (2.3s)
✔ [9347/9371] Built NavierStokes.CurrentPhysicalModeGerms (2.8s)
✔ [9348/9371] Built NavierStokes.ActualCurrentParticularAssembly (3.4s)
✔ [9349/9371] Built NavierStokes.ActualSignedPhysicalZeros (4.7s)
✔ [9350/9371] Built NavierStokes.ActualSignedCurrentSupport (2.9s)
✔ [9351/9371] Built NavierStokes.ActualStageEstimates (3.8s)
✔ [9352/9371] Built NavierStokes.ActualCurrentWaveSupport (5.0s)
✔ [9353/9371] Built NavierStokes.ActualEndpointInputs (2.9s)
✔ [9354/9371] Built NavierStokes.CurrentModeGeometry (3.1s)
✔ [9355/9371] Built NavierStokes.ActualValidBandWaves (3.7s)
✔ [9356/9371] Built NavierStokes.CurrentParticularLabelBounds (4.5s)
✔ [9357/9371] Built NavierStokes.GermEndpointInputs (3.8s)
✔ [9358/9371] Built NavierStokes.ActualSignedPhysicalCoherence (8.9s)
✔ [9359/9371] Built NavierStokes.ActualCurrentParticularBounds (9.4s)
✔ [9360/9371] Built NavierStokes.GluedStageEstimates (7.1s)
✔ [9361/9371] Built NavierStokes.ActualSignedWaveData (6.4s)
✔ [9362/9371] Built NavierStokes.ActualCandidateAssembly (11s)
✔ [9363/9371] Built NavierStokes.R3ActualCandidate (48s)
✔ [9364/9371] Built NavierStokes.R3.ActualCandidate (56s)
✔ [9365/9371] Built NavierStokes.R3.Theorem (44s)
✔ [9366/9371] Built NavierStokes.ComparatorR3Theorem (80s)
✔ [9367/9371] Built NavierStokes.PeriodicPaperTheorem (80s)
✔ [9368/9371] Built NavierStokes.PeriodicComparatorSolution (70s)
✔ [9369/9371] Built NavierStokes.PeriodicPaperComparator (72s)
✔ [9370/9371] Built NavierStokes.ComparatorTheorem (84s)
ℹ [9371/9371] Built NavierStokes.ComparatorSolution (82s)
info: NavierStokes/ComparatorSolution.lean:31:0: 'NavierStokes.Comparator.navier_stokes_breakdown_R3' depends on axioms: [propext, Classical.choice, Quot.sound]
info: NavierStokes/ComparatorSolution.lean:32:0: 'NavierStokes.Comparator.navier_stokes_breakdown_periodic' depends on axioms: [propext, Classical.choice, Quot.sound]
Build completed successfully (9371 jobs).
