BEGIN /workspace/scratch/9a6c38c54c2e/MathScopeCompute/research-ide/mathscope-m1/navier/followup-20261010-symbolic-gluing/formal-clean-replay/attempts/0001/SameDatumInputs.lean
/workspace/scratch/afa9cd11a21b/mathscope-m1/navier/official-validation/lake-home/.lake/build/lib/lean/Init.olean
/workspace/scratch/afa9cd11a21b/mathscope-m1/navier/official-validation/lake-home/.lake/build/lib/lean/Init.olean
/workspace/scratch/afa9cd11a21b/mathscope-m1/navier/official-validation/repo/.lake/build/lib/lean/NavierStokes/AxisCoefficientSpace.olean
/workspace/scratch/afa9cd11a21b/mathscope-m1/navier/official-validation/repo/.lake/build/lib/lean/NavierStokes/NaturalAxisCoefficients.olean
/workspace/scratch/afa9cd11a21b/mathscope-m1/navier/official-validation/repo/.lake/build/lib/lean/NavierStokes/SchedulePressure.olean
/workspace/scratch/afa9cd11a21b/mathscope-m1/navier/official-validation/repo/.lake/packages/mathlib/.lake/build/lib/lean/Mathlib/Analysis/SpecialFunctions/ExpDeriv.olean
/workspace/scratch/afa9cd11a21b/mathscope-m1/navier/official-validation/repo/.lake/packages/mathlib/.lake/build/lib/lean/Mathlib/Tactic/FunProp.olean
/workspace/scratch/afa9cd11a21b/mathscope-m1/navier/official-validation/repo/.lake/packages/mathlib/.lake/build/lib/lean/Mathlib/MeasureTheory/Integral/Asymptotics.olean
END /workspace/scratch/9a6c38c54c2e/MathScopeCompute/research-ide/mathscope-m1/navier/followup-20261010-symbolic-gluing/formal-clean-replay/attempts/0001/SameDatumInputs.lean
BEGIN /workspace/scratch/9a6c38c54c2e/MathScopeCompute/research-ide/mathscope-m1/navier/followup-20261010-symbolic-gluing/formal-clean-replay/attempts/0001/SameDatumMass.lean
/workspace/scratch/afa9cd11a21b/mathscope-m1/navier/official-validation/lake-home/.lake/build/lib/lean/Init.olean
/workspace/scratch/afa9cd11a21b/mathscope-m1/navier/official-validation/lake-home/.lake/build/lib/lean/Init.olean
/workspace/scratch/9a6c38c54c2e/MathScopeCompute/research-ide/mathscope-m1/navier/followup-20261010-symbolic-gluing/formal-clean-replay/attempts/0001/SameDatumInputs.olean
/workspace/scratch/afa9cd11a21b/mathscope-m1/navier/official-validation/repo/.lake/packages/mathlib/.lake/build/lib/lean/Mathlib/Analysis/Complex/ExponentialBounds.olean
END /workspace/scratch/9a6c38c54c2e/MathScopeCompute/research-ide/mathscope-m1/navier/followup-20261010-symbolic-gluing/formal-clean-replay/attempts/0001/SameDatumMass.lean
BEGIN /workspace/scratch/9a6c38c54c2e/MathScopeCompute/research-ide/mathscope-m1/navier/followup-20261010-symbolic-gluing/formal-clean-replay/attempts/0001/FieldBounds.lean
/workspace/scratch/afa9cd11a21b/mathscope-m1/navier/official-validation/lake-home/.lake/build/lib/lean/Init.olean
/workspace/scratch/afa9cd11a21b/mathscope-m1/navier/official-validation/lake-home/.lake/build/lib/lean/Init.olean
/workspace/scratch/9a6c38c54c2e/MathScopeCompute/research-ide/mathscope-m1/navier/followup-20261010-symbolic-gluing/formal-clean-replay/attempts/0001/SameDatumInputs.olean
/workspace/scratch/9a6c38c54c2e/MathScopeCompute/research-ide/mathscope-m1/navier/followup-20261010-symbolic-gluing/formal-clean-replay/attempts/0001/SameDatumMass.olean
END /workspace/scratch/9a6c38c54c2e/MathScopeCompute/research-ide/mathscope-m1/navier/followup-20261010-symbolic-gluing/formal-clean-replay/attempts/0001/FieldBounds.lean
BEGIN /workspace/scratch/9a6c38c54c2e/MathScopeCompute/research-ide/mathscope-m1/navier/followup-20261010-symbolic-gluing/formal-clean-replay/attempts/0001/ThresholdBridge.lean
/workspace/scratch/afa9cd11a21b/mathscope-m1/navier/official-validation/lake-home/.lake/build/lib/lean/Init.olean
/workspace/scratch/afa9cd11a21b/mathscope-m1/navier/official-validation/lake-home/.lake/build/lib/lean/Init.olean
/workspace/scratch/afa9cd11a21b/mathscope-m1/navier/official-validation/repo/.lake/build/lib/lean/NavierStokes/AxisContraction.olean
/workspace/scratch/afa9cd11a21b/mathscope-m1/navier/official-validation/repo/.lake/packages/mathlib/.lake/build/lib/lean/Mathlib/Tactic.olean
END /workspace/scratch/9a6c38c54c2e/MathScopeCompute/research-ide/mathscope-m1/navier/followup-20261010-symbolic-gluing/formal-clean-replay/attempts/0001/ThresholdBridge.lean
BEGIN /workspace/scratch/9a6c38c54c2e/MathScopeCompute/research-ide/mathscope-m1/navier/followup-20261010-symbolic-gluing/formal-clean-replay/attempts/0001/PressureSelection.lean
/workspace/scratch/afa9cd11a21b/mathscope-m1/navier/official-validation/lake-home/.lake/build/lib/lean/Init.olean
/workspace/scratch/afa9cd11a21b/mathscope-m1/navier/official-validation/lake-home/.lake/build/lib/lean/Init.olean
/workspace/scratch/9a6c38c54c2e/MathScopeCompute/research-ide/mathscope-m1/navier/followup-20261010-symbolic-gluing/formal-clean-replay/attempts/0001/SameDatumInputs.olean
/workspace/scratch/afa9cd11a21b/mathscope-m1/navier/official-validation/repo/.lake/packages/mathlib/.lake/build/lib/lean/Mathlib/Analysis/Complex/ExponentialBounds.olean
/workspace/scratch/afa9cd11a21b/mathscope-m1/navier/official-validation/repo/.lake/packages/mathlib/.lake/build/lib/lean/Mathlib/Tactic.olean
END /workspace/scratch/9a6c38c54c2e/MathScopeCompute/research-ide/mathscope-m1/navier/followup-20261010-symbolic-gluing/formal-clean-replay/attempts/0001/PressureSelection.lean
BEGIN /workspace/scratch/9a6c38c54c2e/MathScopeCompute/research-ide/mathscope-m1/navier/followup-20261010-symbolic-gluing/formal-clean-replay/attempts/0001/AmplitudeInput.lean
/workspace/scratch/afa9cd11a21b/mathscope-m1/navier/official-validation/lake-home/.lake/build/lib/lean/Init.olean
/workspace/scratch/afa9cd11a21b/mathscope-m1/navier/official-validation/lake-home/.lake/build/lib/lean/Init.olean
/workspace/scratch/9a6c38c54c2e/MathScopeCompute/research-ide/mathscope-m1/navier/followup-20261010-symbolic-gluing/formal-clean-replay/attempts/0001/FieldBounds.olean
/workspace/scratch/afa9cd11a21b/mathscope-m1/navier/official-validation/repo/.lake/packages/mathlib/.lake/build/lib/lean/Mathlib/Tactic.olean
END /workspace/scratch/9a6c38c54c2e/MathScopeCompute/research-ide/mathscope-m1/navier/followup-20261010-symbolic-gluing/formal-clean-replay/attempts/0001/AmplitudeInput.lean
BEGIN /workspace/scratch/9a6c38c54c2e/MathScopeCompute/research-ide/mathscope-m1/navier/followup-20261010-symbolic-gluing/formal-clean-replay/attempts/0001/AmplitudeDynamics.lean
/workspace/scratch/afa9cd11a21b/mathscope-m1/navier/official-validation/lake-home/.lake/build/lib/lean/Init.olean
/workspace/scratch/afa9cd11a21b/mathscope-m1/navier/official-validation/lake-home/.lake/build/lib/lean/Init.olean
/workspace/scratch/9a6c38c54c2e/MathScopeCompute/research-ide/mathscope-m1/navier/followup-20261010-symbolic-gluing/formal-clean-replay/attempts/0001/AmplitudeInput.olean
END /workspace/scratch/9a6c38c54c2e/MathScopeCompute/research-ide/mathscope-m1/navier/followup-20261010-symbolic-gluing/formal-clean-replay/attempts/0001/AmplitudeDynamics.lean
BEGIN /workspace/scratch/9a6c38c54c2e/MathScopeCompute/research-ide/mathscope-m1/navier/followup-20261010-symbolic-gluing/formal-clean-replay/attempts/0001/OperatorBounds.lean
/workspace/scratch/afa9cd11a21b/mathscope-m1/navier/official-validation/lake-home/.lake/build/lib/lean/Init.olean
/workspace/scratch/afa9cd11a21b/mathscope-m1/navier/official-validation/lake-home/.lake/build/lib/lean/Init.olean
/workspace/scratch/9a6c38c54c2e/MathScopeCompute/research-ide/mathscope-m1/navier/followup-20261010-symbolic-gluing/formal-clean-replay/attempts/0001/FieldBounds.olean
/workspace/scratch/9a6c38c54c2e/MathScopeCompute/research-ide/mathscope-m1/navier/followup-20261010-symbolic-gluing/formal-clean-replay/attempts/0001/ThresholdBridge.olean
/workspace/scratch/afa9cd11a21b/mathscope-m1/navier/official-validation/repo/.lake/packages/mathlib/.lake/build/lib/lean/Mathlib/Analysis/SpecialFunctions/Exponential.olean
END /workspace/scratch/9a6c38c54c2e/MathScopeCompute/research-ide/mathscope-m1/navier/followup-20261010-symbolic-gluing/formal-clean-replay/attempts/0001/OperatorBounds.lean
BEGIN /workspace/scratch/9a6c38c54c2e/MathScopeCompute/research-ide/mathscope-m1/navier/followup-20261010-symbolic-gluing/formal-clean-replay/attempts/0001/AxisFiniteJet.lean
/workspace/scratch/afa9cd11a21b/mathscope-m1/navier/official-validation/lake-home/.lake/build/lib/lean/Init.olean
/workspace/scratch/afa9cd11a21b/mathscope-m1/navier/official-validation/lake-home/.lake/build/lib/lean/Init.olean
/workspace/scratch/afa9cd11a21b/mathscope-m1/navier/official-validation/repo/.lake/build/lib/lean/NavierStokes/AxisReference.olean
/workspace/scratch/afa9cd11a21b/mathscope-m1/navier/official-validation/repo/.lake/packages/mathlib/.lake/build/lib/lean/Mathlib/Tactic.olean
END /workspace/scratch/9a6c38c54c2e/MathScopeCompute/research-ide/mathscope-m1/navier/followup-20261010-symbolic-gluing/formal-clean-replay/attempts/0001/AxisFiniteJet.lean
BEGIN /workspace/scratch/9a6c38c54c2e/MathScopeCompute/research-ide/mathscope-m1/navier/followup-20261010-symbolic-gluing/formal-clean-replay/attempts/0001/ConcreteProducer.lean
/workspace/scratch/afa9cd11a21b/mathscope-m1/navier/official-validation/lake-home/.lake/build/lib/lean/Init.olean
/workspace/scratch/afa9cd11a21b/mathscope-m1/navier/official-validation/lake-home/.lake/build/lib/lean/Init.olean
/workspace/scratch/9a6c38c54c2e/MathScopeCompute/research-ide/mathscope-m1/navier/followup-20261010-symbolic-gluing/formal-clean-replay/attempts/0001/OperatorBounds.olean
/workspace/scratch/9a6c38c54c2e/MathScopeCompute/research-ide/mathscope-m1/navier/followup-20261010-symbolic-gluing/formal-clean-replay/attempts/0001/AmplitudeInput.olean
/workspace/scratch/9a6c38c54c2e/MathScopeCompute/research-ide/mathscope-m1/navier/followup-20261010-symbolic-gluing/formal-clean-replay/attempts/0001/AmplitudeDynamics.olean
/workspace/scratch/9a6c38c54c2e/MathScopeCompute/research-ide/mathscope-m1/navier/followup-20261010-symbolic-gluing/formal-clean-replay/attempts/0001/PressureSelection.olean
/workspace/scratch/9a6c38c54c2e/MathScopeCompute/research-ide/mathscope-m1/navier/followup-20261010-symbolic-gluing/formal-clean-replay/attempts/0001/AxisFiniteJet.olean
END /workspace/scratch/9a6c38c54c2e/MathScopeCompute/research-ide/mathscope-m1/navier/followup-20261010-symbolic-gluing/formal-clean-replay/attempts/0001/ConcreteProducer.lean
BEGIN /workspace/scratch/9a6c38c54c2e/MathScopeCompute/research-ide/mathscope-m1/navier/followup-20261010-symbolic-gluing/formal-clean-replay/attempts/0001/SelectedReferenceBoxes.lean
/workspace/scratch/afa9cd11a21b/mathscope-m1/navier/official-validation/lake-home/.lake/build/lib/lean/Init.olean
/workspace/scratch/afa9cd11a21b/mathscope-m1/navier/official-validation/lake-home/.lake/build/lib/lean/Init.olean
/workspace/scratch/9a6c38c54c2e/MathScopeCompute/research-ide/mathscope-m1/navier/followup-20261010-symbolic-gluing/formal-clean-replay/attempts/0001/FieldBounds.olean
/workspace/scratch/9a6c38c54c2e/MathScopeCompute/research-ide/mathscope-m1/navier/followup-20261010-symbolic-gluing/formal-clean-replay/attempts/0001/AxisFiniteJet.olean
END /workspace/scratch/9a6c38c54c2e/MathScopeCompute/research-ide/mathscope-m1/navier/followup-20261010-symbolic-gluing/formal-clean-replay/attempts/0001/SelectedReferenceBoxes.lean
BEGIN /workspace/scratch/9a6c38c54c2e/MathScopeCompute/research-ide/mathscope-m1/navier/followup-20261010-symbolic-gluing/formal-clean-replay/attempts/0001/ConcreteFiniteJet.lean
/workspace/scratch/afa9cd11a21b/mathscope-m1/navier/official-validation/lake-home/.lake/build/lib/lean/Init.olean
/workspace/scratch/afa9cd11a21b/mathscope-m1/navier/official-validation/lake-home/.lake/build/lib/lean/Init.olean
/workspace/scratch/9a6c38c54c2e/MathScopeCompute/research-ide/mathscope-m1/navier/followup-20261010-symbolic-gluing/formal-clean-replay/attempts/0001/ConcreteProducer.olean
/workspace/scratch/9a6c38c54c2e/MathScopeCompute/research-ide/mathscope-m1/navier/followup-20261010-symbolic-gluing/formal-clean-replay/attempts/0001/SelectedReferenceBoxes.olean
END /workspace/scratch/9a6c38c54c2e/MathScopeCompute/research-ide/mathscope-m1/navier/followup-20261010-symbolic-gluing/formal-clean-replay/attempts/0001/ConcreteFiniteJet.lean
BEGIN /workspace/scratch/9a6c38c54c2e/MathScopeCompute/research-ide/mathscope-m1/navier/followup-20261010-symbolic-gluing/formal-clean-replay/attempts/0001/ConcreteJetRecurrence.lean
/workspace/scratch/afa9cd11a21b/mathscope-m1/navier/official-validation/lake-home/.lake/build/lib/lean/Init.olean
/workspace/scratch/afa9cd11a21b/mathscope-m1/navier/official-validation/lake-home/.lake/build/lib/lean/Init.olean
/workspace/scratch/9a6c38c54c2e/MathScopeCompute/research-ide/mathscope-m1/navier/followup-20261010-symbolic-gluing/formal-clean-replay/attempts/0001/ConcreteProducer.olean
END /workspace/scratch/9a6c38c54c2e/MathScopeCompute/research-ide/mathscope-m1/navier/followup-20261010-symbolic-gluing/formal-clean-replay/attempts/0001/ConcreteJetRecurrence.lean
