info: Comparator: cloning https://github.com/leanprover/comparator.git
info: Comparator: checking out revision '19e111e2141cf333c7daff0f64c5f24acc91dd2e'
info: mathlib: cloning https://github.com/leanprover-community/mathlib4.git
info: mathlib: checking out revision '85e3a25e006c35636f0e53b0e9296caca2685bc0'
info: lean4export: cloning https://github.com/leanprover/lean4export
info: lean4export: checking out revision 'cacf989bd75f608700820f6afc595f32e7a99a4d'
info: plausible: cloning https://github.com/leanprover-community/plausible
info: plausible: checking out revision 'd9598f07b1bc701f1e3aae163d2681c1fd978793'
info: LeanSearchClient: cloning https://github.com/leanprover-community/LeanSearchClient
info: LeanSearchClient: checking out revision 'ba67e212be1197b84c1f1f6299488a10a3002713'
info: importGraph: cloning https://github.com/leanprover-community/import-graph
info: importGraph: checking out revision 'd8823026ac7ef130c253089d95685f9877b95323'
info: proofwidgets: cloning https://github.com/leanprover-community/ProofWidgets4
info: proofwidgets: checking out revision 'a8acbfd87375ff4abe14ce09db5b7664d383bc7f'
info: aesop: cloning https://github.com/leanprover-community/aesop
info: aesop: checking out revision '18889deb9e83ea7420ef51c160d6f88552e744e3'
info: Qq: cloning https://github.com/leanprover-community/quote4
info: Qq: checking out revision '507746ab8f4b643ccdacb2ec4cdb5853fa9f8ab3'
info: batteries: cloning https://github.com/leanprover-community/batteries
info: batteries: checking out revision 'd54dddc581e08be364c278052863524bff7a99a9'
info: Cli: cloning https://github.com/leanprover/lean4-cli
info: Cli: checking out revision 'ab3a82db9fea14cf0fd7f5a2de650f4b534640af'
✔ [2/6] Built Cache.Cli (319ms)
✔ [3/6] Built Cache.Lean (350ms)
✔ [8/27] Built Cache.Cli:c.o (192ms)
✔ [9/27] Built Cache.Lean:c.o (226ms)
✔ [11/27] Built Cache.Infra (448ms)
✔ [12/27] Built Cache.Infra:c.o (267ms)
✔ [13/27] Built Cache.IO (1.3s)
✔ [14/27] Built Cache.Hashing (705ms)
✔ [15/27] Built Cache.Hashing:c.o (451ms)
✔ [16/27] Built Cache.IO:c.o (1.7s)
✔ [17/27] Built Cache.Requests (1.9s)
✔ [18/27] Built Cache.Marker (506ms)
✔ [19/27] Built Cache.Marker:c.o (153ms)
✔ [20/27] Built Cache.Query (643ms)
✔ [21/27] Built Cache.Query:c.o (402ms)
✔ [22/27] Built Cache.Warning (610ms)
✔ [23/27] Built Cache.Warning:c.o (320ms)
✔ [24/27] Built Cache.Main (1.2s)
✔ [25/27] Built Cache.Requests:c.o (2.9s)
✔ [26/27] Built Cache.Main:c.o (889ms)
✔ [27/27] Built cache:exe (668ms)
Current branch: HEAD
Using cache from origin: (some leanprover-community/mathlib4)
Attempting to download 8747 file(s) from leanprover-community/mathlib4 cache at https://lakecache.blob.core.windows.net/mathlib4-master

Downloaded: 1 file(s) [attempted 1/8747 = 0%, 26 KB/s], Decompressed: 0[K
Downloaded: 77 file(s) [attempted 77/8747 = 0%, 736 KB/s], Decompressed: 22[K
Downloaded: 163 file(s) [attempted 163/8747 = 1%, 268 KB/s], Decompressed: 41[K
Downloaded: 253 file(s) [attempted 253/8747 = 2%, 1668 KB/s], Decompressed: 81[K
Downloaded: 346 file(s) [attempted 346/8747 = 3%, 1584 KB/s], Decompressed: 81[K
Downloaded: 443 file(s) [attempted 443/8747 = 5%, 394 KB/s], Decompressed: 81[K
Downloaded: 546 file(s) [attempted 546/8747 = 6%, 592 KB/s], Decompressed: 191[K
Downloaded: 649 file(s) [attempted 649/8747 = 7%, 851 KB/s], Decompressed: 191[K
Downloaded: 748 file(s) [attempted 748/8747 = 8%, 860 KB/s], Decompressed: 191[K
Downloaded: 850 file(s) [attempted 850/8747 = 9%, 1577 KB/s], Decompressed: 191[K
Downloaded: 954 file(s) [attempted 954/8747 = 10%, 415 KB/s], Decompressed: 191[K
Downloaded: 1062 file(s) [attempted 1062/8747 = 12%, 2286 KB/s], Decompressed: 191[K
Downloaded: 1169 file(s) [attempted 1169/8747 = 13%, 432 KB/s], Decompressed: 191[K
Downloaded: 1270 file(s) [attempted 1270/8747 = 14%, 2666 KB/s], Decompressed: 191[K
Downloaded: 1374 file(s) [attempted 1374/8747 = 15%, 984 KB/s], Decompressed: 191[K
Downloaded: 1485 file(s) [attempted 1485/8747 = 16%, 3561 KB/s], Decompressed: 487[K
Downloaded: 1591 file(s) [attempted 1591/8747 = 18%, 240 KB/s], Decompressed: 487[K
Downloaded: 1695 file(s) [attempted 1695/8747 = 19%, 816 KB/s], Decompressed: 487[K
Downloaded: 1797 file(s) [attempted 1797/8747 = 20%, 660 KB/s], Decompressed: 487[K
Downloaded: 1908 file(s) [attempted 1908/8747 = 21%, 3047 KB/s], Decompressed: 487[K
Downloaded: 2007 file(s) [attempted 2007/8747 = 22%, 427 KB/s], Decompressed: 487[K
Downloaded: 2104 file(s) [attempted 2104/8747 = 24%, 646 KB/s], Decompressed: 487[K
Downloaded: 2208 file(s) [attempted 2208/8747 = 25%, 1141 KB/s], Decompressed: 487[K
Downloaded: 2315 file(s) [attempted 2315/8747 = 26%, 372 KB/s], Decompressed: 487[K
Downloaded: 2412 file(s) [attempted 2412/8747 = 27%, 389 KB/s], Decompressed: 487[K
Downloaded: 2497 file(s) [attempted 2497/8747 = 28%, 315 KB/s], Decompressed: 487[K
Downloaded: 2594 file(s) [attempted 2594/8747 = 29%, 467 KB/s], Decompressed: 487[K
Downloaded: 2684 file(s) [attempted 2684/8747 = 30%, 1513 KB/s], Decompressed: 487[K
Downloaded: 2790 file(s) [attempted 2790/8747 = 31%, 111 KB/s], Decompressed: 487[K
Downloaded: 2902 file(s) [attempted 2902/8747 = 33%, 1199 KB/s], Decompressed: 487[K
Downloaded: 3003 file(s) [attempted 3003/8747 = 34%, 677 KB/s], Decompressed: 487[K
Downloaded: 3109 file(s) [attempted 3109/8747 = 35%, 3135 KB/s], Decompressed: 487[K
Downloaded: 3213 file(s) [attempted 3213/8747 = 36%, 697 KB/s], Decompressed: 487[K
Downloaded: 3315 file(s) [attempted 3315/8747 = 37%, 620 KB/s], Decompressed: 487[K
Downloaded: 3416 file(s) [attempted 3416/8747 = 39%, 766 KB/s], Decompressed: 487[K
Downloaded: 3520 file(s) [attempted 3520/8747 = 40%, 3604 KB/s], Decompressed: 487[K
Downloaded: 3631 file(s) [attempted 3631/8747 = 41%, 372 KB/s], Decompressed: 487[K
Downloaded: 3737 file(s) [attempted 3737/8747 = 42%, 3428 KB/s], Decompressed: 487[K
Downloaded: 3803 file(s) [attempted 3803/8747 = 43%, 2076 KB/s], Decompressed: 487[K
Downloaded: 3911 file(s) [attempted 3911/8747 = 44%, 293 KB/s], Decompressed: 487[K
Downloaded: 4017 file(s) [attempted 4017/8747 = 45%, 667 KB/s], Decompressed: 487[K
Downloaded: 4120 file(s) [attempted 4120/8747 = 47%, 901 KB/s], Decompressed: 487[K
Downloaded: 4218 file(s) [attempted 4218/8747 = 48%, 2258 KB/s], Decompressed: 487[K
Downloaded: 4320 file(s) [attempted 4320/8747 = 49%, 2160 KB/s], Decompressed: 1434[K
Downloaded: 4424 file(s) [attempted 4424/8747 = 50%, 1103 KB/s], Decompressed: 1434[K
Downloaded: 4532 file(s) [attempted 4532/8747 = 51%, 3630 KB/s], Decompressed: 1434[K
Downloaded: 4638 file(s) [attempted 4638/8747 = 53%, 264 KB/s], Decompressed: 1434[K
Downloaded: 4749 file(s) [attempted 4749/8747 = 54%, 1740 KB/s], Decompressed: 1434[K
Downloaded: 4837 file(s) [attempted 4837/8747 = 55%, 1878 KB/s], Decompressed: 1434[K
Downloaded: 4939 file(s) [attempted 4939/8747 = 56%, 3775 KB/s], Decompressed: 1434[K
Downloaded: 5048 file(s) [attempted 5048/8747 = 57%, 4360 KB/s], Decompressed: 1434[K
Downloaded: 5151 file(s) [attempted 5151/8747 = 58%, 306 KB/s], Decompressed: 1434[K
Downloaded: 5251 file(s) [attempted 5251/8747 = 60%, 980 KB/s], Decompressed: 1434[K
Downloaded: 5348 file(s) [attempted 5348/8747 = 61%, 961 KB/s], Decompressed: 1434[K
Downloaded: 5459 file(s) [attempted 5459/8747 = 62%, 219 KB/s], Decompressed: 1434[K
Downloaded: 5558 file(s) [attempted 5558/8747 = 63%, 63 KB/s], Decompressed: 1434[K
Downloaded: 5664 file(s) [attempted 5664/8747 = 64%, 192 KB/s], Decompressed: 1434[K
Downloaded: 5770 file(s) [attempted 5770/8747 = 65%, 811 KB/s], Decompressed: 1434[K
Downloaded: 5872 file(s) [attempted 5872/8747 = 67%, 74 KB/s], Decompressed: 1434[K
Downloaded: 5978 file(s) [attempted 5978/8747 = 68%, 267 KB/s], Decompressed: 1434[K
Downloaded: 6022 file(s) [attempted 6022/8747 = 68%, 901 KB/s], Decompressed: 1434[K
Downloaded: 6126 file(s) [attempted 6126/8747 = 70%, 336 KB/s], Decompressed: 1434[K
Downloaded: 6235 file(s) [attempted 6235/8747 = 71%, 2588 KB/s], Decompressed: 1434[K
Downloaded: 6336 file(s) [attempted 6336/8747 = 72%, 2648 KB/s], Decompressed: 1434[K
Downloaded: 6443 file(s) [attempted 6443/8747 = 73%, 786 KB/s], Decompressed: 1434[K
Downloaded: 6554 file(s) [attempted 6554/8747 = 74%, 112 KB/s], Decompressed: 1434[K
Downloaded: 6657 file(s) [attempted 6657/8747 = 76%, 809 KB/s], Decompressed: 1434[K
Downloaded: 6761 file(s) [attempted 6761/8747 = 77%, 1365 KB/s], Decompressed: 1434[K
Downloaded: 6872 file(s) [attempted 6872/8747 = 78%, 169 KB/s], Decompressed: 1434[K
Downloaded: 6972 file(s) [attempted 6972/8747 = 79%, 1076 KB/s], Decompressed: 1434[K
Downloaded: 7062 file(s) [attempted 7062/8747 = 80%, 709 KB/s], Decompressed: 1434[K
Downloaded: 7163 file(s) [attempted 7163/8747 = 81%, 90 KB/s], Decompressed: 1434[K
Downloaded: 7267 file(s) [attempted 7267/8747 = 83%, 1321 KB/s], Decompressed: 1434[K
Downloaded: 7376 file(s) [attempted 7376/8747 = 84%, 424 KB/s], Decompressed: 1434[K
Downloaded: 7482 file(s) [attempted 7482/8747 = 85%, 2641 KB/s], Decompressed: 1434[K
Downloaded: 7588 file(s) [attempted 7588/8747 = 86%, 1094 KB/s], Decompressed: 1434[K
Downloaded: 7702 file(s) [attempted 7702/8747 = 88%, 456 KB/s], Decompressed: 1434[K
Downloaded: 7817 file(s) [attempted 7817/8747 = 89%, 144 KB/s], Decompressed: 1434[K
Downloaded: 7889 file(s) [attempted 7889/8747 = 90%, 1635 KB/s], Decompressed: 1434[K
Downloaded: 7940 file(s) [attempted 7940/8747 = 90%, 577 KB/s], Decompressed: 1434[K
Downloaded: 8041 file(s) [attempted 8041/8747 = 91%, 292 KB/s], Decompressed: 1434[K
Downloaded: 8147 file(s) [attempted 8147/8747 = 93%, 608 KB/s], Decompressed: 1434[K
Downloaded: 8256 file(s) [attempted 8256/8747 = 94%, 445 KB/s], Decompressed: 1434[K
Downloaded: 8360 file(s) [attempted 8360/8747 = 95%, 1051 KB/s], Decompressed: 1434[K
Downloaded: 8469 file(s) [attempted 8469/8747 = 96%, 1851 KB/s], Decompressed: 1434[K
Downloaded: 8573 file(s) [attempted 8573/8747 = 98%, 165 KB/s], Decompressed: 1434[K
Downloaded: 8686 file(s) [attempted 8686/8747 = 99%, 947 KB/s], Decompressed: 1434[K
Downloaded: 8746 file(s) [attempted 8746/8747 = 99%, 794 KB/s], Decompressed: 1434[K
Downloaded: 8747 file(s) [attempted 8747/8747 = 100%, 794 KB/s], Decompressed: 1434[K
Decompressed 8747 file(s)
Already decompressed 8747 file(s)
