/workspace/scratch/9a6c38c54c2e/MathScopeCompute/research-ide/mathscope-m1/navier/followup-20261010-same-datum-axis/independent-review/formal-finite-jet/attempts/0005/ConcreteFiniteJet.lean:52:96: error: Application type mismatch: The argument
  hn
has type
  n ∈ Finset.range 25
but is expected to have type
  ?m.37 < ?m.38
in the application
  Nat.le_pred_of_lt hn
/workspace/scratch/9a6c38c54c2e/MathScopeCompute/research-ide/mathscope-m1/navier/followup-20261010-same-datum-axis/independent-review/formal-finite-jet/attempts/0005/ConcreteFiniteJet.lean:114:29: warning: This simp argument is unused:
  Nat.add_zero

Hint: Omit it from the simp argument list.
  [apply] simp only [jetBound, majorant, pow_zero, Nat.factorial_zero, Nat.cast_one, Nat.cast_zero, zero_add, mul_one,
    one_mul]

Note: This linter can be disabled with `set_option linter.unusedSimpArgs false`
'MathScope.ConcreteFiniteJet.actual_nonlinear_coefficient_boxes' depends on axioms: [propext,
 Classical.choice,
 Quot.sound]
'MathScope.ConcreteFiniteJet.actual_coefficient_roundoff' depends on axioms: [propext, Classical.choice, Quot.sound]
'MathScope.ConcreteFiniteJet.actual_finite_roundoff' depends on axioms: [propext, sorryAx, Classical.choice, Quot.sound]
'MathScope.ConcreteFiniteJet.actual_mixed_truncation_and_roundoff' depends on axioms: [propext,
 Classical.choice,
 Quot.sound]
'MathScope.ConcreteFiniteJet.actual_radial_truncation_and_roundoff' depends on axioms: [propext,
 Classical.choice,
 Quot.sound]
'MathScope.ConcreteFiniteJet.selected_reference_truncation' depends on axioms: [propext, Classical.choice, Quot.sound]
'MathScope.ConcreteFiniteJet.actual_profile_comparison_error' depends on axioms: [propext, Classical.choice, Quot.sound]
