ℹ [9527/9580] Replayed NavierStokes.ComparatorSolution
info: NavierStokes/ComparatorSolution.lean:31:0: 'NavierStokes.Comparator.navier_stokes_breakdown_R3' depends on axioms: [propext, Classical.choice, Quot.sound]
info: NavierStokes/ComparatorSolution.lean:32:0: 'NavierStokes.Comparator.navier_stokes_breakdown_periodic' depends on axioms: [propext, Classical.choice, Quot.sound]
✔ [9599/11421] Built Euler.AngleMeanZeroPrimitive (39s)
✔ [9600/11421] Built Euler.TimeH1PointwiseBounds (39s)
✔ [9601/11421] Built Euler.TransverseFrameCoordinates (40s)
✔ [9605/11421] Built Euler.TimeWeakDerivative (41s)
✔ [9608/11421] Built Euler.TimeH1OperatorProduct (41s)
✔ [9621/11421] Built Euler.MeanCoefficientSpatial (41s)
✔ [9622/11421] Built Euler.HilbertCoerciveParameter (40s)
✔ [9623/11421] Built Euler.InitialTimePrimitive (39s)
✔ [9675/11424] Built Euler.TimeLpBoundedMap (40s)
✔ [9676/11424] Built Euler.MeanVariationalOperator (39s)
✔ [9677/11424] Built Euler.TransverseGramInverse (42s)
✔ [9678/11424] Built Euler.MeanBoundaryDerivative (52s)
✔ [9679/11424] Built Euler.AnglePrimitiveMap (132s)
✔ [9682/11424] Built Euler.PeriodicDerivativeMean (133s)
✔ [9683/11424] Built Euler.AnglePrimitiveBounds (133s)
✔ [9684/11424] Built Euler.HilbertCoerciveTransport (133s)
✔ [9685/11424] Built Euler.AnglePrimitiveSpatialRegularity (134s)
✔ [9690/11424] Built NavierStokes.R3EnergyNorms (335s)
✔ [9691/11424] Built NavierStokes.R3LocalizedPressure (335s)
✔ [9692/11424] Built Euler.AnglePrimitiveTranslation (242s)
✔ [9693/11424] Built Euler.TimeH1ContinuousDerivative (142s)
✔ [9694/11424] Built Euler.TimeH1WeakPairing (142s)
✔ [9695/11424] Built Euler.TimeWeakBoundary (142s)
✔ [9708/11424] Built Euler.TimeLpCoefficientMap (148s)
✔ [9709/11424] Built Euler.TransverseVariationalInverse (148s)
✔ [9736/11424] Built Euler.TimeH1FieldProduct (35s)
✔ [9737/11424] Built Euler.ContinuousTimeIntegral (58s)
⚠ [9738/11424] Replayed ComparatorChallenges.NavierStokes
warning: ComparatorChallenges/NavierStokes.lean:273:8: declaration uses `sorry`
warning: ComparatorChallenges/NavierStokes.lean:280:8: declaration uses `sorry`
⚠ [9739/11424] Replayed ComparatorChallenges.Euler
warning: ComparatorChallenges/Euler.lean:85:8: declaration uses `sorry`
warning: ComparatorChallenges/Euler.lean:170:8: declaration uses `sorry`
✔ [9741/11424] Built Euler.BoundedCoefficientSmooth (37s)
✔ [9742/11424] Built Euler.LinearDuhamel (60s)
✔ [9744/11424] Built Euler.MeanCoefficientTime (63s)
✔ [9747/11424] Built Euler.HilbertCoerciveGevrey (42s)
✔ [9750/11424] Built Euler.TimeLpStrongContinuity (39s)
✔ [9751/11424] Built Euler.TerminalLayerRamp (43s)
✔ [9752/11424] Built Euler.GramNaturality (61s)
✔ [9753/11424] Built Euler.MeanBoundaryFrechet (63s)
✔ [9754/11424] Built Euler.TransverseGramPath (63s)
✔ [9755/11424] Built Euler.MeanVariationalInverse (83s)
✔ [9756/11424] Built NavierStokes.PaperLocalization (491s)
✔ [9757/11424] Built Euler.PacketAngularPotential (109s)
✔ [9759/11424] Built Euler.AnglePrimitiveKernel (71s)
✔ [9762/11424] Built Euler.AnglePrimitiveParity (89s)
✔ [9771/11424] Built Euler.TimeIntervalGlue (109s)
✔ [9772/11424] Built Euler.PacketPiola (153s)
✔ [9791/11424] Built Euler.PacketPotentialNormalMap (157s)
✔ [9792/11424] Built Euler.TransverseEndpointEnergy (162s)
✔ [9793/11424] Built Euler.TransverseMomentumRegularity (239s)
✔ [9794/11424] Built Euler.BoundedPathFamily (184s)
✔ [9795/11424] Built Euler.TimeContinuousPrimitive (189s)
✔ [9796/11424] Built Euler.IntervalPathConcatenation (231s)
✔ [9797/11424] Built NavierStokes.R3UniformBounds (538s)
✔ [9798/11424] Built NavierStokes.R3SpaceTimeCalculus (535s)
✔ [9799/11424] Built NavierStokes.R3StressPressureEstimate (542s)
✔ [9800/11424] Built Euler.BoundedFieldTimeDerivative (62s)
✔ [9801/11424] Built Euler.ContinuousTimeWeight (62s)
✔ [9802/11424] Built Euler.SeparatingTimeDerivative (116s)
✔ [9804/11424] Built Euler.InitialH1OperatorProduct (63s)
✔ [9805/11424] Built Euler.LinearDuhamelNaturality (21s)
✔ [9806/11424] Built Euler.LinearDuhamelOperator (26s)
✔ [9807/11424] Built Euler.BoundedCoefficientJets (31s)
✔ [9810/11424] Built Euler.LinearFundamentalExistence (13s)
✔ [9811/11424] Built Euler.MeanCoefficientFrame (19s)
✔ [9812/11424] Built Euler.FrozenEvolutionGevrey (30s)
✔ [9813/11424] Built Euler.MeanCoefficientPath (33s)
✔ [9814/11424] Built NavierStokes.R3PressurePairing (553s)
✔ [9815/11424] Built NavierStokes.R3EnergyBoundary (558s)
✔ [9816/11424] Built Euler.BoundedInverseGevrey (50s)
✔ [9819/11424] Built Euler.OperatorGevreyCalculus (51s)
✔ [9826/11424] Built Euler.MeanTimeTranslation (51s)
✔ [9836/11424] Built Euler.TerminalProjectionTrial (51s)
✔ [9844/11424] Built Euler.TransverseInitialCoordinates (34s)
✔ [9845/11424] Built Euler.PacketPotentialParity (7.4s)
✔ [9846/11424] Built Euler.TransverseStrongAlgebra (35s)
✔ [9847/11424] Built Euler.MeanBoundaryIterated (51s)
✔ [9848/11424] Built Euler.PacketNormalTimeMap (6.4s)
✔ [9849/11424] Built Euler.PacketLiftedCurl (6.8s)
✔ [9850/11424] Built Euler.TransverseEndpointUniqueness (8.9s)
✔ [9851/11424] Built Euler.MovingNormalProjection (10s)
✔ [9852/11424] Built Euler.FinitePathTensor (15s)
✔ [9855/11424] Built Euler.MeanDisplacementRegularity (28s)
✔ [9858/11424] Built Euler.TransverseEndpointMomentum (15s)
✔ [9859/11424] Built Euler.TimeEndpointEnergyUniqueness (30s)
✔ [9860/11424] Built Euler.TransverseCoordinateRegularity (34s)
✔ [9861/11424] Built Euler.LpSupportedEvolution (60s)
✔ [9862/11424] Built Euler.LinearDuhamelWeighted (54s)
✔ [9863/11424] Built Euler.SobolevPathInterpolation (55s)
✔ [9864/11424] Built Euler.LpOperatorFieldPath (62s)
✔ [9865/11424] Built Euler.LinearFundamentalPath (52s)
✔ [9866/11424] Built Euler.ShortTimeLinearGrowth (55s)
✔ [9869/11424] Built Euler.LpSupportedTranslation (135s)
✔ [9870/11424] Built Euler.SmoothCoefficientPath (143s)
✔ [9871/11424] Built Euler.ContinuousPathCalculus (193s)
✔ [9872/11424] Built Euler.TimeLpCoefficientGevrey (193s)
✔ [9875/11424] Built Euler.MeanFormGevrey (265s)
✔ [9883/11424] Built Euler.PacketCofactorOperator (284s)
✔ [9892/11424] Built NavierStokes.R3CutoffTestFields (510s)
✔ [9893/11424] Built NavierStokes.R3DifferenceStress (514s)
✔ [9894/11424] Built Euler.ParameterWordGevrey (259s)
✔ [9895/11424] Built Euler.GevreyFixedShift (259s)
✔ [9896/11424] Built Euler.TransverseNormalResidual (132s)
✔ [9897/11424] Built Euler.MeanOrdinaryLift (141s)
✔ [9898/11424] Built Euler.DeformationTimeInverse (119s)
✔ [9899/11424] Built Euler.MeanBoundaryGevrey (127s)
✔ [9900/11424] Built Euler.TransverseActivationTrial (120s)
✔ [9901/11424] Built Euler.PacketLiftedPiola (120s)
✔ [9904/11424] Built NavierStokes.PaperAdditionalResults (700s)
✔ [9906/11424] Built Euler.FinitePathTensorIntegral (75s)
✔ [9907/11424] Built Euler.ContinuousBoundedTensor (87s)
✔ [9908/11424] Built Euler.PacketKnownGrade (46s)
✔ [9909/11424] Built Euler.MeanFrameCoefficients (51s)
✔ [9910/11424] Built Euler.MeanOperatorTranslation (76s)
✔ [9911/11424] Built Euler.MeanMomentumRegularity (72s)
✔ [9912/11424] Built NavierStokes.R3AbsorbedBoundary (646s)
✔ [9913/11424] Built NavierStokes.R3LocalizedPressureTests (648s)
✔ [9919/11424] Built Euler.LinearDuhamelWeightedNaturality (14s)
✔ [9920/11424] Built Euler.LinearDuhamelSymmetry (10s)
✔ [9921/11424] Built Euler.FrameEndpointUniqueness (30s)
✔ [9922/11424] Built Euler.TransverseEndpointGreen (37s)
✔ [9923/11424] Built Euler.LinearEvolutionDeterminant (10s)
✔ [9924/11424] Built Euler.TransverseStrongEquation (22s)
✔ [9925/11424] Built Euler.LpCylinderTranslation (10s)
✔ [9926/11424] Built Euler.LpSupportedConstructedEvolution (11s)
✔ [9927/11424] Built Euler.SobolevCauchyInterpolation (16s)
✔ [9928/11424] Built Euler.TimeLpGramInverse (9.1s)
✔ [9929/11424] Built Euler.TimeH1Reconstruction (7.8s)
✔ [9938/11424] Built Euler.SmoothPathSuperposition (7.0s)
✔ [9947/11424] Built Euler.SobolevPointMultiplication (3.8s)
✔ [9948/11424] Built Euler.LinearDuhamelParameter (5.9s)
✔ [9949/11424] Built Euler.CylinderAngleRepresentative (7.0s)
✔ [9950/11424] Built Euler.MeanCoefficientPathJets (13s)
✔ [9951/11424] Built Euler.SobolevJointEvaluation (4.3s)
✔ [9954/11424] Built Euler.ParameterWordCalculus (3.9s)
✔ [9957/11424] Built Euler.SobolevProductJet (9.2s)
✔ [9958/11424] Built Euler.MeanSmoothRepresentative (5.8s)
✔ [9959/11424] Built Euler.TransverseForwardInverse (7.7s)
✔ [9960/11424] Built Euler.MeanConcreteTranslation (3.5s)
✔ [9961/11424] Built Euler.PacketCofactorGevrey (9.0s)
✔ [9967/11424] Built Euler.SmoothPathTimeJets (6.2s)
✔ [9968/11424] Built Euler.MeanScaledBoundaryGevrey (7.2s)
✔ [9969/11424] Built Euler.ContinuousPathComposition (14s)
✔ [9970/11424] Built Euler.PacketPiolaPair (7.6s)
✔ [9971/11424] Built Euler.TransverseEndpointVelocity (10s)
✔ [9972/11424] Built Euler.MeanMomentumBoundary (13s)
✔ [9973/11424] Built Euler.TransverseStrongEstimates (15s)
✔ [9975/11424] Built Euler.CylinderPathIntegral (15s)
✔ [9976/11424] Built Euler.CylinderSpatialEmbedding (15s)
✔ [9977/11424] Built Euler.TransverseSourceFrame (16s)
✔ [9978/11424] Built Euler.CylinderCompactTranslation (21s)
✔ [9980/11424] Built Euler.TimeH1ReconstructionNaturality (22s)
✔ [9981/11424] Built Euler.CylinderTranslationAdjoint (27s)
✔ [9983/11424] Built Euler.VolterraUniqueness (20s)
✔ [9984/11424] Built Euler.SobolevWordBlockCoordinates (20s)
✔ [9987/11424] Built Euler.SobolevHeatVolterra (20s)
✔ [9988/11424] Built Euler.TimeLpGramGevrey (26s)
✔ [9990/11424] Built Euler.SmoothTimeField (15s)
✔ [9994/11424] Built Euler.CoefficientPathOrbit (114s)
✔ [9995/11424] Built Euler.LinearDuhamelGevrey (116s)
✔ [9997/11424] Built Euler.OrdinaryMollifier (120s)
✔ [9998/11424] Built Euler.SmoothCoefficientPathMap (218s)
✔ [9999/11424] Built Euler.ParameterWordLocal (213s)
✔ [10000/11424] Built Euler.PacketTimePathGluing (216s)
✔ [10001/11424] Built NavierStokes.R3PhysicalPressureBound (388s)
✔ [10002/11424] Built Euler.ComparatorUniformSpatialJets (349s)
✔ [10003/11424] Built Euler.ReversedVorticityTransport (350s)
✔ [10004/11424] Built Euler.DevelopmentBridge (350s)
✔ [10005/11424] Built Euler.ProjectedEulerPairing (350s)
✔ [10006/11424] Built Euler.ParameterWordProduct (91s)
✔ [10007/11424] Built Euler.ParameterWordHigher (91s)
✔ [10008/11424] Built Euler.PacketProfileRecursion (91s)
✔ [10009/11424] Built Euler.MeanClassicalConstraints (75s)
✔ [10010/11424] Built Euler.PacketPhysicalFrameRenewal (75s)
✔ [10011/11424] Built Euler.PacketPhysicalCompression (75s)
✔ [10012/11424] Built Euler.SobolevSmoothProduct (78s)
✔ [10013/11424] Built Euler.MeanOrbitSobolev (78s)
✔ [10014/11424] Built Euler.ContinuousAccelerationForcing (42s)
✔ [10015/11424] Built Euler.PacketPotentialRegularity (41s)
✔ [10016/11424] Built Euler.PacketWithinStage (41s)
✔ [10017/11424] Built Euler.SmoothPathJoint (43s)
✔ [10018/11424] Built Euler.TransverseActivationSelection (40s)
✔ [10019/11424] Built Euler.TransverseEndpointDifferentiation (40s)
✔ [10020/11424] Built Euler.ContinuousSpatialFamily (50s)
✔ [10021/11424] Built NavierStokes.PaperResults (524s)
✔ [10022/11424] Built Euler.CylinderGradientEmbedding (20s)
✔ [10023/11424] Built Euler.ExternalScalarCommutator (20s)
✔ [10024/11424] Built Euler.SobolevTopBlocks (8.0s)
✔ [10025/11424] Built Euler.ContinuousGramAcceleration (23s)
✔ [10026/11424] Built Euler.TimeH1FrameTransport (23s)
✔ [10027/11424] Built Euler.ContinuousGramPath (26s)
✔ [10028/11424] Built Euler.TransverseSourceCoefficientPath (20s)
✔ [10029/11424] Built Euler.MeanTimeReflection (9.0s)
✔ [10030/11424] Built Euler.MeanTimeContinuousTranslation (9.2s)
✔ [10031/11424] Built Euler.WholeSpaceGaussianKernel (9.1s)
✔ [10032/11424] Built Euler.MeanStrongEquation (31s)
✔ [10033/11424] Built Euler.DivergenceFreeHeat (8.2s)
✔ [10034/11424] Built Euler.MeanHarmonicInterior (4.2s)
✔ [10035/11424] Built Euler.QuadraticSource (8.4s)
✔ [10036/11424] Built Euler.WeightedForcingTime (5.2s)
✔ [10037/11424] Built Euler.CylinderHeatLaplacian (6.5s)
✔ [10038/11424] Built Euler.MeanForcingTranslation (15s)
✔ [10039/11424] Built Euler.TimeLpAccelerationForcing (7.5s)
✔ [10040/11424] Built Euler.LpSmoothFieldAlgebra (14s)
✔ [10041/11424] Built Euler.TruncationFamily (3.5s)
✔ [10042/11424] Built Euler.SmoothTimeFieldDerivativeBounds (5.2s)
✔ [10043/11424] Built Euler.BoundedFieldPullback (4.4s)
✔ [10044/11424] Built Euler.SmoothTimeFieldOrdinary (3.9s)
✔ [10045/11424] Built Euler.SmoothTimeFieldFromPaths (5.4s)
✔ [10046/11424] Built Euler.BoundedTensorCoordinates (9.7s)
✔ [10047/11424] Built Euler.CompactSmoothTimeField (8.8s)
✔ [10048/11424] Built Euler.SmoothTimeSuperposition (6.4s)
✔ [10049/11424] Built Euler.LinearDuhamelFrozenOperator (5.5s)
✔ [10050/11424] Built Euler.MeanCylinderSolenoidal (4.4s)
✔ [10051/11424] Built Euler.BoundedFieldCalculus (88s)
✔ [10052/11424] Built Euler.PacketRecursiveForcing (4.4s)
✔ [10053/11424] Built Euler.PacketActualFrameEstimates (3.9s)
✔ [10054/11424] Built Euler.PacketPhysicalNormBounds (4.3s)
✔ [10055/11424] Built Euler.ParameterWordInverse (4.1s)
✔ [10056/11424] Built Euler.ParameterSobolevBlocks (4.4s)
✔ [10057/11424] Built Euler.HeatAllOrders (4.1s)
✔ [10058/11424] Built Euler.MeanSpatialEvaluation (3.7s)
✔ [10059/11424] Built Euler.PacketWithinRay (3.7s)
✔ [10060/11424] Built Euler.PacketPeriodicPotential (4.1s)
✔ [10061/11424] Built Euler.PacketNeighborStability (5.4s)
✔ [10062/11424] Built Euler.SobolevProductApproximation (6.7s)
✔ [10063/11424] Built Euler.TopBlockTimeNorm (5.9s)
✔ [10064/11424] Built Euler.ExternalTransportCommutator (5.4s)
✔ [10065/11424] Built Euler.TransverseEndpointEquation (7.6s)
✔ [10066/11424] Built Euler.TransverseForwardRegularity (6.4s)
✔ [10067/11424] Built Euler.MeanFixedFrameTransport (9.9s)
✔ [10068/11424] Built Euler.TransverseBoundedFrame (8.9s)
✔ [10069/11424] Built Euler.WholeSpaceGaussianScale (6.4s)
✔ [10070/11424] Built Euler.PacketCoefficientLipschitz (7.3s)
✔ [10071/11424] Built Euler.TransverseFixedSpaceInverse (13s)
✔ [10072/11424] Built Euler.ContinuousGramGevrey (12s)
✔ [10073/11424] Built Euler.WholeSpaceGaussianTimeKernel (4.4s)
✔ [10074/11424] Built Euler.MeanStrongInverse (3.0s)
✔ [10075/11424] Built Euler.SobolevWordConstraints (3.7s)
✔ [10076/11424] Built Euler.MeanHarmonicSmallBall (3.7s)
✔ [10077/11424] Built Euler.WholeSpaceGaussianIntegration (7.6s)
✔ [10078/11424] Built Euler.ContinuousForcingTranslation (12s)
✔ [10079/11424] Built Euler.QuadraticCoefficients (5.8s)
✔ [10080/11424] Built Euler.OrdinaryL2Integration (9.7s)
✔ [10081/11424] Built Euler.SobolevHeatGenerator (10s)
✔ [10082/11424] Built Euler.SmoothTimeFieldJoint (10s)
✔ [10083/11424] Built Euler.SmoothBanachFlow (12s)
✔ [10084/11424] Built Euler.LpOperatorFieldAlgebra (13s)
✔ [10085/11424] Built Euler.LpSmoothJetField (19s)
✔ [10086/11424] Built Euler.LpSmoothCoefficientProduct (19s)
✔ [10087/11424] Built Euler.PacketRecursiveCancellation (46s)
✔ [10088/11424] Built Euler.BoundedFieldMultilinear (50s)
✔ [10089/11424] Built Euler.PacketPhysicalSign (47s)
✔ [10090/11424] Built Euler.PacketTangentNorm (53s)
✔ [10091/11424] Built Euler.BoundedFieldGramInverse (63s)
✔ [10092/11424] Built Euler.PacketTargetAmplification (54s)
✔ [10093/11424] Built Euler.PacketSizeComparison (66s)
✔ [10094/11424] Built Euler.ParameterSobolevLocal (28s)
✔ [10095/11424] Built Euler.IsometricActionWords (27s)
✔ [10096/11424] Built Euler.ParameterSobolevPair (28s)
✔ [10097/11424] Built Euler.ParameterSobolevCoefficient (17s)
✔ [10098/11424] Built Euler.ParameterSobolevInverse (23s)
✔ [10099/11424] Built Euler.ParameterSobolevLinear (24s)
✔ [10100/11424] Built Euler.ParameterSobolevCommutator (39s)
✔ [10101/11424] Built Euler.SmoothInequalityTransfer (35s)
✔ [10102/11424] Built Euler.MeanSobolevBoundedField (39s)
✔ [10103/11424] Built Euler.MeanSpatialTimeDerivative (39s)
✔ [10104/11424] Built Euler.MeanSpatialDerivative (109s)
✔ [10105/11424] Built Euler.MeanPathSpatialRepresentative (133s)
✔ [10106/11424] Built Euler.PacketPhysicalStage (134s)
✔ [10107/11424] Built Euler.PacketTerminalDatum (135s)
✔ [10108/11424] Built Euler.PacketConstructedPiola (135s)
✔ [10109/11424] Built Euler.PacketVelocityPropagator (131s)
✔ [10110/11424] Built Euler.PacketNeighborControlled (135s)
✔ [10111/11424] Built Euler.LowerTransportSource (101s)
✔ [10112/11424] Built Euler.TopBlockCauchy (130s)
✔ [10113/11424] Built Euler.SobolevProduct (107s)
✔ [10114/11424] Built Euler.TransverseBoundedGeometry (108s)
✔ [10115/11424] Built Euler.TransverseFixedEndpoint (111s)
✔ [10116/11424] Built Euler.MeanFixedSpaceInverse (124s)
✔ [10117/11424] Built Euler.ComparatorTruncationFamily (385s)
✔ [10118/11424] Built Euler.TransverseParameterRegularity (140s)
✔ [10119/11424] Built Euler.TransverseFixedStrong (85s)
✔ [10120/11424] Built Euler.FixedFrameNaturality (88s)
✔ [10121/11424] Built Euler.TransverseForwardCoefficientGevrey (90s)
✔ [10122/11424] Built Euler.ContinuousAccelerationGevrey (67s)
✔ [10123/11424] Built Euler.MeanHarmonicScaling (49s)
✔ [10124/11424] Built Euler.MeanLocalL2Energy (51s)
✔ [10125/11424] Built Euler.MeanScalarMollification (35s)
✔ [10126/11424] Built Euler.MeanVelocityPressure (72s)
✔ [10127/11424] Built Euler.WholeSpaceGaussianEvolution (29s)
✔ [10128/11424] Built Euler.WholeSpaceGaussianLow (27s)
✔ [10129/11424] Built Euler.QuadraticSourceLimit (13s)
✔ [10130/11424] Built Euler.ContinuousForcingTimeLp (19s)
✔ [10131/11424] Built Euler.ViscosityDefect (11s)
✔ [10132/11424] Built Euler.QuadraticHeatLocal (15s)
✔ [10133/11424] Built Euler.DuhamelDifferentiation (19s)
✔ [10134/11424] Built Euler.SmoothFlowParity (15s)
✔ [10135/11424] Built Euler.SmoothTimeFieldPrecomp (17s)
✔ [10136/11424] Built Euler.SmoothTimeFieldTimeJets (17s)
✔ [10137/11424] Built Euler.SmoothTimeFieldLinear (22s)
✔ [10138/11424] Built Euler.SmoothFlowJets (15s)
✔ [10139/11424] Built Euler.PacketRecursiveBase (11s)
✔ [10140/11424] Built Euler.PacketBeforeTargetSize (11s)
✔ [10141/11424] Built Euler.PacketResidualTailDecomposition (12s)
✔ [10142/11424] Built Euler.SmoothFlowJacobian (26s)
✔ [10143/11424] Built Euler.CylinderCompactBounds (12s)
✔ [10144/11424] Built Euler.SmoothTimeFieldComposition (27s)
✔ [10145/11424] Built Euler.LpSmoothCoefficientContinuity (30s)
✔ [10146/11424] Built Euler.BoundedFieldGramGevrey (24s)
✔ [10147/11424] Built Euler.ParameterNestedWordSum (28s)
✔ [10148/11424] Built Euler.MeanPathLpBlocks (28s)
✔ [10149/11424] Built Euler.ParameterWordRestriction (28s)
✔ [10150/11424] Built Euler.LinearDuhamelFrozenGevrey (29s)
✔ [10151/11424] Built Euler.SmoothCoefficientTimeRestriction (27s)
✔ [10152/11424] Built Euler.PacketTimeWordGluing (46s)
✔ [10153/11424] Built NavierStokes (541s)
✔ [10155/11424] Built Euler.ParameterSobolevProductGevrey (22s)
✔ [10156/11424] Built Euler.SmoothL2CoefficientPath (23s)
✔ [10157/11424] Built Euler.ParameterSobolevGevrey (23s)
✔ [10158/11424] Built Euler.MeanClassicalWordBounds (23s)
✔ [10159/11424] Built Euler.CylinderConstantMap (41s)
✔ [10160/11424] Built Euler.PacketControlledPropagator (8.5s)
✔ [10161/11424] Built Euler.UnshiftedProducts (6.3s)
✔ [10162/11424] Built Euler.MeanPathTimeDerivative (28s)
✔ [10163/11424] Built Euler.PacketPhysicalNeighbor (12s)
✔ [10164/11424] Built Euler.TransversePacketData (8.4s)
✔ [10165/11424] Built Euler.MeanOperatorReflection (7.6s)
✔ [10166/11424] Built Euler.LpCylinderPaths (52s)
✔ [10167/11424] Built Euler.MeanLocalizedQuadraticBound (5.1s)
✔ [10168/11424] Built Euler.MeanMollifierLimit (4.9s)
✔ [10169/11424] Built Euler.SobolevTransport (14s)
✔ [10170/11424] Built Euler.MeanContinuousVelocity (7.3s)
✔ [10171/11424] Built Euler.MeanFixedTranslation (14s)
✔ [10172/11424] Built Euler.TransverseEndpointParameter (12s)
✔ [10173/11424] Built Euler.TransverseFixedEvolution (11s)
✔ [10174/11424] Built Euler.QuadraticHeatConstraint (4.6s)
✔ [10175/11424] Built Euler.UniformHeatLocal (6.1s)
✔ [10176/11424] Built Euler.SmoothTimeFieldAlgebra (4.7s)
✔ [10177/11424] Built Euler.DuhamelEquation (6.5s)
✔ [10178/11424] Built Euler.SmoothTimeFieldParity (3.5s)
✔ [10179/11424] Built Euler.SmoothTimeFieldSecondJoint (4.4s)
✔ [10180/11424] Built Euler.SmoothFlowAcceleration (4.4s)
✔ [10181/11424] Built Euler.SmoothFlowGevrey (4.6s)
✔ [10182/11424] Built Euler.PacketRecursiveResidual (3.3s)
✔ [10183/11424] Built Euler.TransverseCoefficientGevrey (18s)
✔ [10184/11424] Built Euler.SmoothFlowVolume (4.0s)
✔ [10185/11424] Built Euler.MeanVelocityOperator (15s)
✔ [10186/11424] Built Euler.PacketHorizonSize (4.6s)
✔ [10187/11424] Built Euler.SmoothTimeFieldBilinear (8.0s)
✔ [10188/11424] Built Euler.PacketTerminalDatumBounds (4.6s)
✔ [10189/11424] Built Euler.SmoothTimeFieldRestriction (3.2s)
✔ [10190/11424] Built Euler.PacketShiftedTimeGluing (3.1s)
✔ [10191/11424] Built Euler.TimeH1SobolevReconstruction (3.1s)
✔ [10192/11424] Built Euler.ParameterSobolevProductAt (2.8s)
✔ [10193/11424] Built Euler.ParameterSobolevOperations (3.2s)
✔ [10194/11424] Built Euler.PacketMatchingFamily (4.6s)
✔ [10195/11424] Built Euler.ParameterSobolevGevreyAt (3.4s)
✔ [10196/11424] Built Euler.ParameterSobolevTensorInverse (3.6s)
✔ [10197/11424] Built Euler.MeanOrbitSmoothL2Field (5.4s)
✔ [10198/11424] Built Euler.CylinderConstantMapBounds (3.0s)
✔ [10199/11424] Built Euler.PacketParentLabelBounds (5.5s)
✔ [10200/11424] Built Euler.SmoothFieldSobolevTime (7.7s)
✔ [10201/11424] Built Euler.NonlinearPressureLower (4.2s)
✔ [10202/11424] Built Euler.CylinderScalarPrimitive (6.3s)
✔ [10203/11424] Built Euler.SobolevGevreyProduct (4.9s)
✔ [10204/11424] Built Euler.PacketPhysicalPropagator (6.7s)
✔ [10205/11424] Built Euler.LpCylinderOrbit (4.3s)
✔ [10206/11424] Built Euler.PacketPhysicalFamily (5.7s)
✔ [10207/11424] Built Euler.BoundedFieldForwardGenerator (16s)
✔ [10208/11424] Built Euler.PacketParentCoefficientBounds (6.9s)
✔ [10209/11424] Built Euler.MeanL2Scaling (4.8s)
✔ [10210/11424] Built Euler.MeanHarmonicComponents (5.3s)
✔ [10211/11424] Built Euler.LiftedTransportComponents (3.9s)
✔ [10212/11424] Built Euler.MeanMollificationHarmonic (5.9s)
✔ [10213/11424] Built Euler.MeanFixedReflection (13s)
✔ [10214/11424] Built Euler.TransverseFixedClassical (8.0s)
✔ [10215/11424] Built Euler.FixedEvolutionNaturality (13s)
✔ [10216/11424] Built Euler.CorrectionOperators (16s)
✔ [10217/11424] Built Euler.TransverseEndpointBounds (15s)
✔ [10218/11424] Built Euler.MeanTranslatedInverse (16s)
✔ [10219/11424] Built Euler.TimePathGluing (13s)
✔ [10220/11424] Built Euler.SmoothFlowJoint (8.3s)
✔ [10221/11424] Built Euler.SmoothFlowTimeGevrey (6.8s)
✔ [10222/11424] Built Euler.SmoothGraphFlow (5.8s)
✔ [10223/11424] Built Euler.SmoothCylinderFlow (5.7s)
✔ [10224/11424] Built Euler.PacketAmplitudeBounds (4.0s)
✔ [10225/11424] Built Euler.MildEquationBridge (18s)
✔ [10226/11424] Built Euler.SmoothTimeFieldChain (4.4s)
✔ [10227/11424] Built Euler.LpCylinderCoefficients (31s)
✔ [10228/11424] Built Euler.TruncatedBackwardFlow (6.2s)
✔ [10229/11424] Built Euler.SmoothTimeAmplitudeScaling (3.8s)
✔ [10230/11424] Built Euler.ParameterSobolevScaling (3.1s)
✔ [10231/11424] Built Euler.ParameterSobolevAcceleration (3.6s)
✔ [10232/11424] Built Euler.TransverseGevreyInverse (14s)
✔ [10233/11424] Built Euler.ElapsedTimePathGluing (4.8s)
✔ [10234/11424] Built Euler.ParameterSobolevCostMonotone (3.0s)
✔ [10235/11424] Built Euler.ParentPacketFrames (10s)
✔ [10236/11424] Built Euler.LpCylinderRectangular (37s)
✔ [10237/11424] Built Euler.TimeLpGramSobolev (3.9s)
✔ [10238/11424] Built Euler.MeanStrongEstimates (15s)
✔ [10239/11424] Built Euler.LinearDuhamelSobolevGevrey (5.6s)
✔ [10240/11424] Built Euler.OrdinaryPressureCancellation (4.8s)
✔ [10241/11424] Built Euler.CylinderAngleWordBounds (4.9s)
✔ [10242/11424] Built Euler.SobolevGevreyOperators (5.8s)
✔ [10243/11424] Built Euler.PacketEarlyPhysical (4.9s)
✔ [10244/11424] Built Euler.CylinderSmoothOrbit (5.0s)
✔ [10245/11424] Built Euler.PacketParentLabelCoefficients (4.5s)
✔ [10246/11424] Built Euler.SmoothEulerEvolution (9.2s)
✔ [10247/11424] Built Euler.PacketInverseFlowGevrey (5.6s)
✔ [10248/11424] Built Euler.FunctionalVelocity (3.2s)
✔ [10249/11424] Built Euler.MeanWeakHarmonicInterior (3.0s)
✔ [10250/11424] Built Euler.PhysicalL2Scaling (5.2s)
✔ [10251/11424] Built Euler.CylinderActionWords (10s)
✔ [10252/11424] Built Euler.SobolevMetricTransport (5.7s)
✔ [10253/11424] Built Euler.SourceForwardCoefficient (10s)
✔ [10254/11424] Built Euler.FixedEvolutionRegularity (7.2s)
✔ [10255/11424] Built Euler.TimeH1GeneratorBounds (7.0s)
✔ [10256/11424] Built Euler.SmoothScaledFlow (4.7s)
✔ [10257/11424] Built Euler.SmoothFlowCoefficientPaths (4.8s)
✔ [10258/11424] Built Euler.TransverseInitialInverse (5.7s)
✔ [10259/11424] Built Euler.TransverseGeneratorDifference (9.1s)
✔ [10260/11424] Built Euler.PacketGeometryData (5.8s)
✔ [10261/11424] Built Euler.SmoothCylinderJets (7.7s)
✔ [10262/11424] Built Euler.TransverseEndpointDifference (13s)
✔ [10263/11424] Built Euler.ChildParticleTime (5.8s)
✔ [10264/11424] Built Euler.GainedMildFormula (7.9s)
✔ [10265/11424] Built Euler.PacketGraphFlowFrequency (10s)
✔ [10266/11424] Built Euler.CorrectionTime (18s)
✔ [10267/11424] Built Euler.ParameterSobolevFiniteSum (3.2s)
✔ [10268/11424] Built Euler.SobolevParityOperators (20s)
✔ [10269/11424] Built Euler.CoefficientCostMonotone (3.4s)
✔ [10270/11424] Built Euler.ElapsedTimePathNaturality (5.7s)
✔ [10271/11424] Built Euler.MildWordEquation (15s)
✔ [10272/11424] Built Euler.LpCylinderSolutionTranslation (13s)
✔ [10273/11424] Built Euler.LpCylinderRegularCoefficient (14s)
✔ [10274/11424] Built Euler.CylinderFieldReflection (10s)
✔ [10275/11424] Built Euler.LpCylinderTimeWeight (10s)
✔ [10276/11424] Built Euler.CylinderAngleAverage (11s)
✔ [10277/11424] Built Euler.ContinuousGramSobolev (4.8s)
✔ [10278/11424] Built Euler.TimeLpAccelerationSobolev (5.7s)
✔ [10279/11424] Built Euler.LpCylinderCoefficientTimeInvestigation (16s)
✔ [10280/11424] Built Euler.LpCylinderRectangularRegularity (17s)
✔ [10281/11424] Built Euler.LpCylinderCoefficientTime (21s)
✔ [10282/11424] Built Euler.CylinderRawSupport (15s)
✔ [10283/11424] Built Euler.SobolevWordLevel (19s)
✔ [10284/11424] Built Euler.GevreyMetricComparison (18s)
✔ [10285/11424] Built Euler.GevreyOrderZero (17s)
✔ [10286/11424] Built Euler.MeanStrongCoordinates (20s)
✔ [10287/11424] Built Euler.MeanFixedCoefficientRegularity (27s)
✔ [10288/11424] Built Euler.MeanClassicalTime (28s)
✔ [10289/11424] Built Euler.MeanWeakHarmonicScaling (17s)
✔ [10290/11424] Built Euler.SobolevTransportCompatibility (16s)
✔ [10291/11424] Built Euler.PacketInverseFlowContinuity (17s)
✔ [10292/11424] Built Euler.PacketInverseFlowSobolevBound (17s)
✔ [10293/11424] Built Euler.SobolevViscousEnergy (16s)
✔ [10294/11424] Built Euler.CylinderOrbitSobolev (25s)
✔ [10295/11424] Built Euler.TransportL2Time (22s)
✔ [10296/11424] Built Euler.SobolevLaplacian (24s)
✔ [10297/11424] Built Euler.PacketGeometryGuards (18s)
✔ [10298/11424] Built Euler.SmoothPhysicalGraphFlow (19s)
✔ [10299/11424] Built Euler.SourceNormalCoefficient (19s)
✔ [10300/11424] Built Euler.SmoothFlowDeformation (19s)
✔ [10301/11424] Built Euler.PacketSourcePropagator (22s)
✔ [10302/11424] Built Euler.PacketActivationScales (18s)
✔ [10303/11424] Built Euler.ChildParticleJacobian (14s)
✔ [10304/11424] Built Euler.TransverseFixedSobolev (28s)
✔ [10305/11424] Built Euler.EulerCorrectionLocal (13s)
✔ [10306/11424] Built Euler.HeatRestart (15s)
✔ [10307/11424] Built Euler.TransverseEndpointCoordinates (15s)
✔ [10308/11424] Built Euler.ContinuousAccelerationSobolev (12s)
✔ [10309/11424] Built Euler.MildTopWord (21s)
✔ [10310/11424] Built Euler.CylinderAngleAverageRepresentative (19s)
✔ [10311/11424] Built Euler.CylinderSpatialMean (19s)
✔ [10312/11424] Built Euler.LpCylinderRegularForward (28s)
✔ [10313/11424] Built Euler.SourceCylinderForcing (19s)
✔ [10314/11424] Built Euler.LpCylinderPathBounds (23s)
✔ [10315/11424] Built Euler.PacketCurlCoordinates (29s)
✔ [10316/11424] Built Euler.CylinderForwardParity (18s)
✔ [10317/11424] Built Euler.LpCylinderNormalBounds (28s)
✔ [10318/11424] Built Euler.LpCylinderFullTime (21s)
✔ [10319/11424] Built Euler.AsymmetricTransport (17s)
✔ [10320/11424] Built Euler.CylinderAngleAverageEvolution (30s)
✔ [10321/11424] Built Euler.SobolevDriftNorm (24s)
✔ [10322/11424] Built Euler.PacketContinuousInverse (40s)
✔ [10323/11424] Built Euler.SobolevL2Stability (41s)
✔ [10324/11424] Built Euler.MeanSourceOperatorRegularity (47s)
✔ [10325/11424] Built Euler.CompactSolenoidalDensity (42s)
✔ [10326/11424] Built Euler.MeanFixedCoefficientGevrey (57s)
✔ [10327/11424] Built Euler.MeanGramTranslation (66s)
✔ [10328/11424] Built Euler.MeanBoundaryLocalization (61s)
✔ [10329/11424] Built Euler.SobolevEnergyPaths (57s)
✔ [10330/11424] Built Euler.CylinderClassicalWordBounds (49s)
✔ [10331/11424] Built Euler.SquaredMetricStability (51s)
✔ [10332/11424] Built Euler.CylinderTimeRegularity (49s)
✔ [10333/11424] Built Euler.WeightedSobolevEnergy (49s)
✔ [10334/11424] Built Euler.SobolevHeatDerivativeCommutation (60s)
✔ [10335/11424] Built Euler.HeatGradientEnergy (70s)
✔ [10336/11424] Built Euler.PacketGeometryAssembly (70s)
✔ [10337/11424] Built Euler.SourcePotentialCoefficient (85s)
✔ [10338/11424] Built Euler.CorrectionTimeRestriction (63s)
✔ [10339/11424] Built Euler.EulerCorrectionEquation (66s)
✔ [10340/11424] Built Euler.HeatRegularizedPaths (66s)
✔ [10341/11424] Built Euler.DuhamelPasting (69s)
✔ [10342/11424] Built Euler.FixedEndpointStrong (47s)
✔ [10343/11424] Built Euler.CylinderSpatialMeanPath (22s)
✔ [10344/11424] Built Euler.CylinderSpatialMeanRepresentative (16s)
✔ [10345/11424] Built Euler.TransverseHistoryBounds (55s)
✔ [10346/11424] Built Euler.FixedEvolutionSobolev (38s)
✔ [10347/11424] Built Euler.PacketTerminalAdmissible (41s)
✔ [10348/11424] Built Euler.LpCylinderUnweightedForward (42s)
✔ [10349/11424] Built Euler.LpCylinderRegularSobolev (47s)
✔ [10350/11424] Built Euler.SourceNormalResidualBounds (54s)
✔ [10351/11424] Built Euler.SobolevNonlinearCompatibility (58s)
✔ [10352/11424] Built Euler.CylinderDirichletData (61s)
✔ [10353/11424] Built Euler.MeanPhysicalTranslation (61s)
✔ [10354/11424] Built Euler.SourceCylinderTimeBounds (66s)
✔ [10355/11424] Built Euler.MeanPointwiseGramTranslation (41s)
✔ [10356/11424] Built Euler.MeanAccelerationGevrey (35s)
✔ [10357/11424] Built Euler.MeanTranslatedGevrey (47s)
✔ [10358/11424] Built Euler.CylinderAngleAverageTime (18s)
✔ [10359/11424] Built Euler.MeanBoundaryCoercivity (26s)
✔ [10360/11424] Built Euler.PDEEnergyLimit (18s)
✔ [10361/11424] Built Euler.WeightedSobolevMajorant (22s)
✔ [10362/11424] Built Euler.CylinderScalarTime (18s)
✔ [10363/11424] Built Euler.CylinderAngleEvolution (21s)
✔ [10364/11424] Built Euler.CylinderScalarClassical (17s)
✔ [10365/11424] Built Euler.CylinderRetractRepresentative (21s)
✔ [10366/11424] Built Euler.CylinderCoveringDerivative (24s)
✔ [10367/11424] Built Euler.HeatGradientIntegral (24s)
✔ [10368/11424] Built Euler.CylinderTimeWords (25s)
✔ [10369/11424] Built Euler.HeatHessianEnergy (28s)
✔ [10370/11424] Built Euler.ComparatorLocalCompactVorticity (415s)
✔ [10371/11424] Built Euler.PacketGeometrySourceGrowth (32s)
✔ [10372/11424] Built Euler.CorrectionParity (29s)
✔ [10373/11424] Built Euler.InviscidSobolevEvolution (24s)
✔ [10374/11424] Built Euler.GainedMildPasting (22s)
✔ [10375/11424] Built Euler.GevreyCorrectionSplit (39s)
✔ [10376/11424] Built Euler.TransverseHistoryLipschitz (11s)
✔ [10377/11424] Built Euler.FixedEndpointClassical (13s)
✔ [10378/11424] Built Euler.FixedEndpointForcing (10s)
✔ [10379/11424] Built Euler.CylinderSpatialMeanTime (7.3s)
✔ [10380/11424] Built Euler.SourceCylinderForward (7.9s)
✔ [10381/11424] Built Euler.SobolevCorrectionCompatibility (8.8s)
✔ [10382/11424] Built Euler.TransversePacketHistoryData (8.9s)
✔ [10383/11424] Built Euler.SobolevTimeRegularization (37s)
✔ [10384/11424] Built Euler.RegularizedMildEquation (37s)
✔ [10385/11424] Built Euler.MeanSourceVariationalInverse (8.0s)
✔ [10386/11424] Built Euler.CylinderEndpointData (15s)
✔ [10387/11424] Built Euler.MeanStrongGevrey (10s)
✔ [10388/11424] Built Euler.MeanAccelerationSobolev (13s)
✔ [10389/11424] Built Euler.SourcePotentialTimeCoefficient (64s)
✔ [10390/11424] Built Euler.CylinderScalarParity (4.4s)
✔ [10391/11424] Built Euler.CylinderScalarRepresentative (5.5s)
✔ [10392/11424] Built Euler.CylinderSliceRepresentatives (10s)
✔ [10393/11424] Built Euler.PDESubintervalEnergyLimit (11s)
✔ [10394/11424] Built Euler.CylinderTimePrecomposition (6.5s)
✔ [10395/11424] Built Euler.SobolevEllipticBound (5.5s)
✔ [10396/11424] Built Euler.CylinderCoverTensor (8.4s)
✔ [10397/11424] Built Euler.PacketCylinderField (5.0s)
✔ [10398/11424] Built Euler.CylinderPotentialPath (11s)
✔ [10399/11424] Built Euler.CylinderTimeGradient (6.6s)
✔ [10400/11424] Built Euler.CylinderDirichletNaturality (27s)
✔ [10401/11424] Built Euler.MeanFixedSobolevGevrey (25s)
✔ [10402/11424] Built Euler.CylinderPathWords (10s)
✔ [10403/11424] Built Euler.BasePressureCommutator (4.7s)
✔ [10404/11424] Built Euler.WindowSource (6.1s)
✔ [10405/11424] Built Euler.PacketNeighborInitial (7.4s)
✔ [10406/11424] Built Euler.PacketParentJacobiCoefficient (6.4s)
✔ [10407/11424] Built Euler.TransversePacketIntervalData (8.5s)
✔ [10408/11424] Built Euler.CorrectionResidualCancellation (18s)
✔ [10409/11424] Built Euler.SourceCylinderForwardSobolev (14s)
✔ [10410/11424] Built Euler.CorrectionDifference (17s)
✔ [10411/11424] Built Euler.SobolevTransportCommutator (17s)
✔ [10412/11424] Built Euler.TimeSobolevTransport (12s)
✔ [10413/11424] Built Euler.CylinderEndpointLabels (6.0s)
✔ [10414/11424] Built Euler.MeanSourceStrongInverse (7.4s)
✔ [10415/11424] Built Euler.CylinderScalarAverage (4.4s)
✔ [10416/11424] Built Euler.RegularizedTopBlocks (15s)
✔ [10417/11424] Built Euler.TimeLpSubintervalBound (5.9s)
✔ [10418/11424] Built Euler.PDEMajorantLimit (4.8s)
✔ [10419/11424] Built Euler.MeanCoordinatePath (9.2s)
✔ [10420/11424] Built Euler.ElapsedTimePathWeight (6.8s)
✔ [10421/11424] Built Euler.PacketCylinderParity (3.0s)
✔ [10422/11424] Built Euler.SourceCylinderEquation (23s)
✔ [10423/11424] Built Euler.MeanSourceFixedInverse (17s)
✔ [10424/11424] Built Euler.CylinderEndpointForcing (16s)
✔ [10425/11424] Built Euler.CylinderJetLp (7.9s)
✔ [10426/11424] Built Euler.PacketCurlTime (5.9s)
✔ [10427/11424] Built Euler.PacketCylinderFieldAlgebra (7.2s)
✔ [10428/11424] Built Euler.CylinderGraphRealization (4.3s)
✔ [10429/11424] Built Euler.CylinderDirichletSupport (13s)
✔ [10430/11424] Built Euler.CylinderSobolevOrbit (10s)
✔ [10431/11424] Built Euler.CylinderDirichletParity (14s)
✔ [10432/11424] Built Euler.HeatMaximalEstimate (22s)
✔ [10433/11424] Built Euler.CylinderDirichletTranslation (16s)
✔ [10434/11424] Built Euler.CylinderSlowCurl (13s)
✔ [10435/11424] Built Euler.CylinderPotentialWeight (15s)
✔ [10436/11424] Built Euler.BaseTransportL2 (3.5s)
✔ [10437/11424] Built Euler.QuadraticMildPasting (12s)
✔ [10438/11424] Built Euler.CylinderDirichletMean (19s)
✔ [10439/11424] Built Euler.CorrectionStabilityConstants (6.8s)
✔ [10440/11424] Built Euler.TransportL2Bilinear (7.1s)
✔ [10441/11424] Built Euler.GevreyTransportCommutator (7.3s)
✔ [10442/11424] Built Euler.PacketCylinderTimeParity (2.8s)
✔ [10443/11424] Built Euler.RegularizedWordEquation (6.6s)
✔ [10444/11424] Built Euler.SourceCylinderMeanZero (9.3s)
✔ [10445/11424] Built Euler.SourceCylinderRegularity (10s)
✔ [10446/11424] Built Euler.MeanContinuousAcceleration (12s)
✔ [10447/11424] Built Euler.SourceCylinderParity (11s)
✔ [10448/11424] Built Euler.TimeCorrectionSource (15s)
✔ [10449/11424] Built Euler.SourceCylinderWeight (11s)
✔ [10450/11424] Built Euler.PacketTimeAlgebra (4.8s)
✔ [10451/11424] Built Euler.PacketCylinderConvolution (2.9s)
✔ [10452/11424] Built Euler.PacketCylinderFieldUnique (2.0s)
✔ [10453/11424] Built Euler.PacketCylinderSpatialJet (3.7s)
✔ [10454/11424] Built Euler.CylinderGraphAffine (4.3s)
✔ [10455/11424] Built Euler.CylinderGraphPath (4.2s)
✔ [10456/11424] Built Euler.MeanSourceGevrey (15s)
✔ [10457/11424] Built Euler.CylinderPhysicalTensor (4.1s)
✔ [10458/11424] Built Euler.TransverseSolutionHomogeneity (19s)
✔ [10459/11424] Built Euler.CylinderPotentialTime (17s)
✔ [10460/11424] Built Euler.CylinderSobolevWordBounds (9.0s)
✔ [10461/11424] Built Euler.CylinderLocalSupport (6.7s)
✔ [10462/11424] Built Euler.CylinderEndpointParity (9.4s)
✔ [10463/11424] Built Euler.BoundedMildContinuation (5.6s)
✔ [10464/11424] Built Euler.CylinderCorrectorMeanZero (9.9s)
✔ [10465/11424] Built Euler.CylinderSlowCurlBounds (7.6s)
✔ [10466/11424] Built Euler.CylinderPathProduct (14s)
✔ [10467/11424] Built Euler.GevreyLowNorms (3.9s)
✔ [10468/11424] Built Euler.CylinderEndpointSupport (8.5s)
✔ [10469/11424] Built Euler.SobolevDifferenceEnergy (7.3s)
✔ [10470/11424] Built Euler.GevreyPressureTransport (5.7s)
✔ [10471/11424] Built Euler.CylinderDirichletEquation (12s)
✔ [10472/11424] Built Euler.SobolevBaseCommutator (10s)
✔ [10473/11424] Built Euler.RegularizedWordConvergence (9.8s)
✔ [10474/11424] Built Euler.MeanContinuousSobolev (9.8s)
✔ [10475/11424] Built Euler.PacketFiniteFieldAlgebra (5.1s)
✔ [10476/11424] Built Euler.CylinderDirichletRegularity (29s)
✔ [10477/11424] Built Euler.SourceCylinderClassical (16s)
✔ [10478/11424] Built Euler.TimeCorrectionRestriction (10s)
✔ [10479/11424] Built Euler.SourceCylinderDerivativeWeight (10s)
✔ [10480/11424] Built Euler.PacketCylinderKnownJets (6.4s)
✔ [10481/11424] Built Euler.MeanContinuousPhysical (15s)
✔ [10482/11424] Built Euler.CylinderGraphDerivative (5.2s)
✔ [10483/11424] Built Euler.SourceCylinderPressureSource (17s)
✔ [10484/11424] Built Euler.HeatMaximalCauchy (34s)
✔ [10485/11424] Built Euler.CylinderGraphGevrey (5.9s)
✔ [10486/11424] Built Euler.MeanSourceSobolev (7.6s)
✔ [10487/11424] Built Euler.CylinderPhysicalTensorLp (5.9s)
✔ [10488/11424] Built Euler.PacketPhysicalGevrey (6.3s)
✔ [10489/11424] Built Euler.SourcePotentialTime (5.7s)
✔ [10490/11424] Built Euler.CorrectionContinuation (6.2s)
✔ [10491/11424] Built Euler.CylinderBoundedCover (8.7s)
✔ [10492/11424] Built Euler.GevreyPressureShifted (5.4s)
✔ [10493/11424] Built Euler.CylinderPotentialTimeWeight (12s)
✔ [10494/11424] Built Euler.CylinderPathBilinear (7.0s)
✔ [10495/11424] Built Euler.MeanSourceSpatialRegularity (15s)
✔ [10496/11424] Built Euler.GevreyBaseTransport (8.3s)
✔ [10497/11424] Built Euler.CylinderEndpointEquation (10s)
✔ [10498/11424] Built Euler.CylinderPathProductBounds (14s)
✔ [10499/11424] Built Euler.CylinderEndpointRegularity (11s)
✔ [10500/11424] Built Euler.TimeCorrectionStrongIdentity (7.5s)
✔ [10501/11424] Built Euler.CylinderSlowCurlTime (16s)
✔ [10502/11424] Built Euler.MeanClassicalSpatialTime (6.3s)
✔ [10503/11424] Built Euler.SourceCylinderDerivativeBounds (9.6s)
✔ [10504/11424] Built Euler.MeanStrongContinuousGevrey (7.6s)
✔ [10505/11424] Built Euler.SourceCylinderClassicalEquation (11s)
✔ [10506/11424] Built Euler.CylinderPhysicalTensorDifference (4.0s)
✔ [10507/11424] Built Euler.CorrectionMildEquation (3.9s)
✔ [10508/11424] Built Euler.CylinderDirichletSobolev (15s)
✔ [10509/11424] Built Euler.DriftPreservingTransport (4.4s)
✔ [10510/11424] Built Euler.GevreyPressureEnergy (4.1s)
✔ [10511/11424] Built Euler.CylinderSmoothTimeField (7.6s)
✔ [10512/11424] Built Euler.CylinderPathDerivativeProduct (4.9s)
✔ [10513/11424] Built Euler.MeanSourceStrongSobolev (6.8s)
✔ [10514/11424] Built Euler.HeatMaximalRegularity (10s)
✔ [10515/11424] Built Euler.MeanTimeSobolev (12s)
✔ [10516/11424] Built Euler.CylinderPathBilinearBounds (6.8s)
✔ [10517/11424] Built Euler.SourcePotentialTimePath (15s)
✔ [10518/11424] Built Euler.CylinderTerminalAmplitude (8.2s)
✔ [10519/11424] Built Euler.SobolevDriftTransport (5.0s)
✔ [10520/11424] Built Euler.GevreyForcingComponents (6.3s)
✔ [10521/11424] Built Euler.CorrectionDifferencePDE (8.7s)
✔ [10522/11424] Built Euler.GevreyPressureComplete (3.6s)
✔ [10523/11424] Built Euler.CylinderSlowCurlWeight (9.4s)
✔ [10524/11424] Built Euler.SourceCylinderPressureMean (10s)
✔ [10525/11424] Built Euler.InviscidDifferencePDE (3.5s)
✔ [10526/11424] Built Euler.CylinderPathAdvection (7.4s)
✔ [10527/11424] Built Euler.MeanStrongSobolev (5.5s)
✔ [10528/11424] Built Euler.MaximalTopCauchy (6.3s)
✔ [10529/11424] Built Euler.CylinderDirichletTimeBounds (17s)
✔ [10530/11424] Built Euler.CylinderEndpointPointwise (20s)
✔ [10531/11424] Built Euler.GevreyCorrectionForcing (5.1s)
✔ [10532/11424] Built Euler.CorrectionDifferenceMetric (10s)
✔ [10533/11424] Built Euler.CylinderPathProductSupport (6.8s)
✔ [10534/11424] Built Euler.PacketCylinderFieldProducts (7.5s)
✔ [10535/11424] Built Euler.MeanContinuousPressure (12s)
✔ [10536/11424] Built Euler.SobolevMaximalRegularity (6.0s)
✔ [10537/11424] Built Euler.TransversePacketTimeData (15s)
✔ [10538/11424] Built Euler.GevreyUniformConstants (3.0s)
✔ [10539/11424] Built Euler.PacketCylinderFieldSupport (3.7s)
✔ [10540/11424] Built Euler.CorrectionStabilityBudget (4.8s)
✔ [10541/11424] Built Euler.MeanPressureSobolev (5.8s)
✔ [10542/11424] Built Euler.PacketCylinderFieldAdvection (6.2s)
✔ [10543/11424] Built Euler.PacketCylinderCoefficientData (6.0s)
✔ [10544/11424] Built Euler.CylinderDirichletPhysicalBounds (13s)
✔ [10545/11424] Built Euler.SourceCylinderPressureField (18s)
✔ [10546/11424] Built Euler.MeanSourceTimeSobolev (13s)
✔ [10547/11424] Built Euler.PacketCylinderSpatialInvariance (4.5s)
✔ [10548/11424] Built Euler.PacketCylinderJetOperations (3.9s)
✔ [10549/11424] Built Euler.LiftedVelocitySplit (4.8s)
✔ [10550/11424] Built Euler.GevreyDifferentiatedEquation (15s)
✔ [10551/11424] Built Euler.InviscidCorrectionUniqueness (6.4s)
✔ [10552/11424] Built Euler.MeanPressureRepresentative (11s)
✔ [10553/11424] Built Euler.CorrectionViscosityStability (7.7s)
✔ [10554/11424] Built Euler.PacketCylinderPrefixLocality (3.4s)
✔ [10555/11424] Built Euler.CylinderEndpointBudget (5.3s)
✔ [10556/11424] Built Euler.RegularizedWordTime (16s)
✔ [10557/11424] Built Euler.PacketCylinderCoefficientBounds (7.4s)
✔ [10558/11424] Built Euler.PacketCylinderJetParity (4.7s)
✔ [10559/11424] Built Euler.SourceCylinderPressureRegularity (6.3s)
✔ [10560/11424] Built Euler.MeanSourcePressureSobolev (12s)
✔ [10561/11424] Built Euler.GevreyRestriction (4.4s)
✔ [10562/11424] Built Euler.PacketMatrixCoefficientAlgebra (12s)
✔ [10563/11424] Built Euler.PacketCylinderScalarGradient (6.2s)
✔ [10564/11424] Built Euler.SourceCylinderPressureWeight (11s)
✔ [10565/11424] Built Euler.ViscosityCauchy (4.8s)
✔ [10566/11424] Built Euler.PacketCylinderFieldBounds (8.5s)
✔ [10567/11424] Built Euler.InviscidCorrectionParity (6.4s)
✔ [10568/11424] Built Euler.GevreyCorrectionBound (4.1s)
✔ [10569/11424] Built Euler.GevreyRadiusReduction (4.7s)
✔ [10570/11424] Built Euler.PacketCylinderPressureLocality (4.4s)
✔ [10571/11424] Built Euler.MeanPacketData (10s)
✔ [10572/11424] Built Euler.CylinderEndpointUnitBounds (10s)
✔ [10573/11424] Built Euler.TransversePacketForcing (8.4s)
✔ [10574/11424] Built Euler.ViscousPathDerivative (4.9s)
✔ [10575/11424] Built Euler.PacketGradeAbsorption (3.7s)
✔ [10576/11424] Built Euler.RegularizedForcingWord (10s)
✔ [10577/11424] Built Euler.PacketCylinderScalarGradientBounds (8.9s)
✔ [10578/11424] Built Euler.PacketCylinderFieldWeight (4.6s)
✔ [10579/11424] Built Euler.SobolevPathLimits (6.3s)
✔ [10580/11424] Built Euler.DriftCorrectionForcing (4.0s)
✔ [10581/11424] Built Euler.PacketMatrixCoefficientGevrey (12s)
✔ [10582/11424] Built Euler.GevreyNonlinearEstimate (5.6s)
✔ [10583/11424] Built Euler.PacketTerminalInitialData (2.0s)
✔ [10584/11424] Built Euler.CylinderEndpointBounds (4.2s)
✔ [10585/11424] Built Euler.MeanPacketForcing (6.1s)
✔ [10586/11424] Built Euler.PacketLinearCostAbsorption (3.6s)
✔ [10587/11424] Built Euler.TransversePacketProvider (6.5s)
✔ [10588/11424] Built Euler.PacketParentMeanCoercivity (9.2s)
✔ [10589/11424] Built Euler.PacketCylinderWeightedProduct (4.9s)
✔ [10590/11424] Built Euler.PacketGraphHessian (10s)
✔ [10591/11424] Built Euler.PacketCylinderScalarGradientWeight (6.3s)
✔ [10592/11424] Built Euler.RegularizedEnergyFamily (8.9s)
✔ [10593/11424] Built Euler.TransversePacketHistory (11s)
✔ [10594/11424] Built Euler.GevreyMetricEstimate (4.5s)
✔ [10595/11424] Built Euler.PacketTerminalEnvelope (3.9s)
✔ [10596/11424] Built Euler.DriftNonlinearEstimate (5.3s)
✔ [10597/11424] Built Euler.MeanPacketForcingAlgebra (3.7s)
✔ [10598/11424] Built Euler.TransversePacketPressureGradient (2.8s)
✔ [10599/11424] Built Euler.CorrectionFamilyCompactness (9.4s)
✔ [10600/11424] Built Euler.MeanPacketProvider (5.4s)
✔ [10601/11424] Built Euler.TransversePacketJets (3.5s)
✔ [10602/11424] Built Euler.TransversePacketRegularity (4.1s)
✔ [10603/11424] Built Euler.TransversePacketInitial (5.4s)
✔ [10604/11424] Built Euler.PacketTimeProfileArithmetic (4.2s)
✔ [10605/11424] Built Euler.RegularizedMetricPaths (4.3s)
✔ [10606/11424] Built Euler.EnergyWordCoordinates (4.7s)
✔ [10607/11424] Built Euler.TransversePacketIntervalForcing (5.9s)
✔ [10608/11424] Built Euler.TransversePacketCorrector (11s)
✔ [10609/11424] Built Euler.RegularizedForcingRepresentative (9.2s)
✔ [10610/11424] Built Euler.ViscousSourcePathLimit (18s)
✔ [10611/11424] Built Euler.TransverseHistoryPolynomialCost (12s)
✔ [10612/11424] Built Euler.GevreyContinuationNorm (7.3s)
✔ [10613/11424] Built Euler.GevreyEnergyLimit (7.6s)
✔ [10614/11424] Built Euler.TransversePacketHistoryPressure (10s)
✔ [10615/11424] Built Euler.MeanPacketForcingProduct (4.5s)
✔ [10616/11424] Built Euler.SobolevWordValueIdentity (4.0s)
✔ [10617/11424] Built Euler.GevreyGrowthCoefficient (8.1s)
✔ [10618/11424] Built Euler.GevreyMetricForcing (8.1s)
✔ [10619/11424] Built Euler.TransversePacketPressureGradientBounds (6.8s)
✔ [10620/11424] Built Euler.MeanPacketConstraints (6.9s)
✔ [10621/11424] Built Euler.MildMajorantEnergy (6.5s)
✔ [10622/11424] Built Euler.TransversePacketLocalHistory (3.7s)
✔ [10623/11424] Built Euler.TransversePacketCorrectorNoOptions (5.5s)
✔ [10624/11424] Built Euler.EnergyForcingIdentity (8.3s)
✔ [10625/11424] Built Euler.TransversePacketEndpoint (18s)
✔ [10626/11424] Built Euler.TransversePacketCorrectorSupport (5.2s)
✔ [10627/11424] Built Euler.TransversePacketHistoryBounds (9.3s)
✔ [10628/11424] Built Euler.TransversePacketCorrectorMean (6.8s)
✔ [10629/11424] Built Euler.GevreyEnergyCutoff (3.7s)
✔ [10630/11424] Built Euler.MeanPacketNonlinearForcing (3.7s)
✔ [10631/11424] Built Euler.TransverseHistoryParentCost (6.9s)
✔ [10632/11424] Built Euler.TransversePacketCoefficientBounds (9.1s)
✔ [10633/11424] Built Euler.TransversePacketCorrectorBounds (10s)
✔ [10634/11424] Built Euler.GevreyGrowthBudget (4.2s)
✔ [10635/11424] Built Euler.EnergyMetricPaths (7.5s)
✔ [10636/11424] Built Euler.MeanPacketJets (5.1s)
✔ [10637/11424] Built Euler.TransversePacketCylinderFields (4.4s)
✔ [10638/11424] Built Euler.TransversePacketEndpointPointwise (5.4s)
✔ [10639/11424] Built Euler.MeanPacketReflection (7.6s)
✔ [10640/11424] Built Euler.GevreyEnergyPathLimit (5.2s)
✔ [10641/11424] Built Euler.TransversePacketMatching (7.9s)
✔ [10642/11424] Built Euler.ProjectedEnergyForcing (7.8s)
✔ [10643/11424] Built Euler.ParentHistoryCostPolynomial (3.8s)
✔ [10644/11424] Built Euler.GevreyPathNorm (3.3s)
✔ [10645/11424] Built Euler.MeanPacketOrbitForcing (4.8s)
✔ [10646/11424] Built Euler.TransversePacketInitialRepresentative (4.1s)
✔ [10647/11424] Built Euler.TransversePacketCorrectorOperator (4.0s)
✔ [10648/11424] Built Euler.ProjectedForcingFields (4.0s)
✔ [10649/11424] Built Euler.MeanPacketParity (5.3s)
✔ [10650/11424] Built Euler.MeanPacketPressureForcing (4.2s)
✔ [10651/11424] Built Euler.MeanPacketCylinderFields (6.9s)
✔ [10652/11424] Built Euler.MeanPacketAngularForcing (5.6s)
✔ [10653/11424] Built Euler.PacketSourceOperators (4.0s)
✔ [10654/11424] Built Euler.MeanPacketSobolevData (5.7s)
✔ [10655/11424] Built Euler.TransversePacketPiolaData (4.5s)
✔ [10656/11424] Built Euler.MeanPacketHomogeneity (8.9s)
✔ [10657/11424] Built Euler.TransverseHighSolveFields (6.1s)
✔ [10658/11424] Built Euler.MeanPacketContract (3.4s)
✔ [10659/11424] Built Euler.PacketCylinderFieldAverage (3.8s)
✔ [10660/11424] Built Euler.TransversePacketCorrectorParity (5.4s)
✔ [10661/11424] Built Euler.TransversePacketForwardBounds (19s)
✔ [10662/11424] Built Euler.PacketCylinderPiolaCorrector (3.8s)
✔ [10663/11424] Built Euler.MeanPacketInitialZero (3.3s)
✔ [10664/11424] Built Euler.TransversePacketTraceMatching (15s)
✔ [10665/11424] Built Euler.MeanPacketZeroForcing (4.1s)
✔ [10666/11424] Built Euler.MeanCylinderWordBounds (7.8s)
✔ [10667/11424] Built Euler.PacketCylinderKnownForce (3.1s)
✔ [10668/11424] Built Euler.PacketCylinderAngularRegularity (4.4s)
✔ [10669/11424] Built Euler.PacketCylinderWeightedLinear (6.4s)
✔ [10670/11424] Built Euler.PacketCylinderPiolaPair (4.7s)
✔ [10671/11424] Built Euler.TransversePacketParity (6.8s)
✔ [10672/11424] Built Euler.CorrectionEnergyTime (12s)
✔ [10673/11424] Built Euler.TransversePacketBudget (7.0s)
✔ [10674/11424] Built Euler.TransversePacketForwardBudget (7.2s)
✔ [10675/11424] Built Euler.PacketCylinderHighMean (3.3s)
✔ [10676/11424] Built Euler.MeanPacketEnvelopeBoundsNoOptions (6.1s)
✔ [10677/11424] Built Euler.PacketCylinderHighSupport (4.0s)
✔ [10678/11424] Built Euler.MeanPacketEnvelopeBounds (5.2s)
✔ [10679/11424] Built Euler.PacketKnownPieces (4.3s)
✔ [10680/11424] Built Euler.PacketCylinderMeanParity (3.7s)
✔ [10681/11424] Built Euler.PacketCylinderBoundTransfer (2.9s)
✔ [10682/11424] Built Euler.PacketCylinderProfileChange (3.5s)
✔ [10683/11424] Built Euler.PacketCylinderWeightedAdvection (5.6s)
✔ [10684/11424] Built Euler.TransversePacketJoinedPaths (11s)
✔ [10685/11424] Built Euler.PacketCylinderHighPartBounds (4.1s)
✔ [10686/11424] Built Euler.TransversePacketPressureParity (4.7s)
✔ [10687/11424] Built Euler.PacketCylinderMeanStep (4.5s)
✔ [10688/11424] Built Euler.PacketCylinderHighForcing (4.5s)
✔ [10689/11424] Built Euler.TransversePacketPrimaryMatching (16s)
✔ [10690/11424] Built Euler.CorrectionEnergyBound (7.1s)
✔ [10691/11424] Built Euler.TransversePacketNormalBudget (5.4s)
✔ [10692/11424] Built Euler.TransversePacketPrimaryBudget (5.5s)
✔ [10693/11424] Built Euler.PacketParentTransverseCosts (6.7s)
✔ [10694/11424] Built Euler.PacketCylinderTimeUnique (3.6s)
✔ [10695/11424] Built Euler.MeanPacketPathEnvelope (7.1s)
✔ [10696/11424] Built Euler.PacketTimeProfiles (3.9s)
✔ [10697/11424] Built Euler.PacketFiniteSumBounds (3.6s)
✔ [10698/11424] Built Euler.PacketCylinderForcingParity (5.1s)
✔ [10699/11424] Built Euler.CorrectionLowerData (13s)
✔ [10700/11424] Built Euler.PacketConvolutionBounds (4.9s)
✔ [10701/11424] Built Euler.PacketCylinderTermBudget (5.8s)
✔ [10702/11424] Built Euler.PacketCylinderRecursiveAdmissibility (2.9s)
✔ [10703/11424] Built Euler.TransversePacketJoinedField (4.6s)
✔ [10704/11424] Built Euler.TransversePacketPressureGradientProperties (3.8s)
✔ [10705/11424] Built Euler.NonlinearEnergyConstants (3.3s)
✔ [10706/11424] Built Euler.TransversePacketHistoryParity (5.6s)
✔ [10707/11424] Built Euler.PacketParentNormalBudget (4.6s)
✔ [10708/11424] Built Euler.PacketKnownDecomposition (11s)
✔ [10709/11424] Built Euler.PacketKnownPieceScales (4.1s)
✔ [10710/11424] Built Euler.PacketParentForwardBudget (5.0s)
✔ [10711/11424] Built Euler.MeanPacketBudget (5.6s)
✔ [10712/11424] Built Euler.PacketParentJoinedBudget (6.4s)
✔ [10713/11424] Built Euler.PacketFiniteRemainderBounds (5.4s)
✔ [10714/11424] Built Euler.TransversePacketJoinedUnitBounds (12s)
✔ [10715/11424] Built Euler.PacketCylinderHighParity (5.6s)
✔ [10716/11424] Built Euler.PacketCylinderLinearTermBudget (3.7s)
✔ [10717/11424] Built Euler.PacketProfileRegularity (3.6s)
✔ [10718/11424] Built Euler.TransversePacketJoinedEquation (3.6s)
✔ [10719/11424] Built Euler.CorrectionEnergyRestriction (6.1s)
✔ [10720/11424] Built Euler.PacketSourceCoefficientBudget (5.4s)
✔ [10721/11424] Built Euler.DriftEnergyConstants (3.9s)
✔ [10722/11424] Built Euler.CorrectionEnergyData (6.5s)
✔ [10723/11424] Built Euler.ParentCoefficientPolynomial (5.1s)
✔ [10724/11424] Built Euler.TransversePacketJoinedSupport (8.5s)
✔ [10725/11424] Built Euler.CorrectionSourceRestriction (13s)
✔ [10726/11424] Built Euler.PacketKnownTermFields (5.7s)
✔ [10727/11424] Built Euler.PacketKnownTermScales (3.5s)
✔ [10728/11424] Built Euler.TransversePacketJoinedPressure (10s)
✔ [10729/11424] Built Euler.PacketKnownPieceBounds (3.1s)
✔ [10730/11424] Built Euler.PacketShortTimePropagator (7.2s)
✔ [10731/11424] Built Euler.PacketUnweightedAdvection (2.9s)
✔ [10732/11424] Built Euler.PacketTailNormalization (3.3s)
✔ [10733/11424] Built Euler.PacketMeanGradeBounds (3.7s)
✔ [10734/11424] Built Euler.PacketProfileParity (3.2s)
✔ [10735/11424] Built Euler.PacketProfileStepRegularity (3.4s)
✔ [10736/11424] Built Euler.PacketResidualTailFields (3.9s)
✔ [10737/11424] Built Euler.PacketFiniteProfileFields (4.3s)
✔ [10738/11424] Built Euler.PacketPrimaryRegularity (2.0s)
✔ [10739/11424] Built Euler.PacketParentMeanBudget (7.6s)
✔ [10740/11424] Built Euler.GevreyStabilityBudget (3.5s)
✔ [10741/11424] Built Euler.DriftMetricForcing (4.7s)
✔ [10742/11424] Built Euler.CorrectionBudgetRestriction (3.6s)
✔ [10743/11424] Built Euler.GevreyCorrectionSourceBounds (6.2s)
✔ [10744/11424] Built Euler.CorrectionEnergyMajorants (4.4s)
✔ [10745/11424] Built Euler.TransversePacketHomogeneity (32s)
✔ [10746/11424] Built Euler.CorrectionLimitDerivative (3.9s)
✔ [10747/11424] Built Euler.PacketKnownTermProfiles (2.9s)
✔ [10748/11424] Built Euler.PacketKnownTermSums (4.4s)
✔ [10749/11424] Built Euler.TransversePacketJoinedCorrector (6.6s)
✔ [10750/11424] Built Euler.PacketProfileBudget (3.3s)
✔ [10751/11424] Built Euler.PacketMaskedProductBounds (3.0s)
✔ [10752/11424] Built Euler.InviscidCorrectionRestriction (7.7s)
✔ [10753/11424] Built Euler.PacketApproximationNormalization (3.0s)
✔ [10754/11424] Built Euler.PacketProfileStepParity (3.5s)
✔ [10755/11424] Built Euler.PacketProfilesRegularity (3.1s)
✔ [10756/11424] Built Euler.PacketTailSumBounds (3.2s)
✔ [10757/11424] Built Euler.PacketShortTimePhysicalGrowth (5.3s)
✔ [10758/11424] Built Euler.PacketPrimaryParity (3.3s)
✔ [10759/11424] Built Euler.PacketFiniteParity (4.6s)
✔ [10760/11424] Built Euler.PacketParentLabelBudgets (4.8s)
✔ [10761/11424] Built Euler.DriftCorrectionBudget (3.5s)
✔ [10762/11424] Built Euler.GevreyFamilyCompactness (4.4s)
✔ [10763/11424] Built Euler.CorrectionMildEnergy (3.8s)
✔ [10764/11424] Built Euler.PacketProfileBudgetTransport (3.5s)
✔ [10765/11424] Built Euler.PacketProfileCoarseBounds (4.1s)
✔ [10766/11424] Built Euler.PacketBudgetTimeChange (3.9s)
✔ [10767/11424] Built Euler.TransversePacketPrimaryPaths (17s)
✔ [10768/11424] Built Euler.PacketFieldTimeFreeze (5.6s)
✔ [10769/11424] Built Euler.TransversePacketAmplitude (8.0s)
✔ [10770/11424] Built Euler.TransversePacketJoinedCorrectorSupport (9.4s)
✔ [10771/11424] Built Euler.PacketKnownTermBounds (4.2s)
✔ [10772/11424] Built Euler.PacketProfilesParity (3.2s)
✔ [10773/11424] Built Euler.PacketMatrixNormalization (3.4s)
✔ [10774/11424] Built Euler.PacketConstructedProfiles (2.0s)
✔ [10775/11424] Built Euler.TransversePacketJoinedCorrectorBounds (10s)
✔ [10776/11424] Built Euler.CorrectionLimitPathDerivative (12s)
✔ [10777/11424] Built Euler.PacketForwardPrimary (4.9s)
✔ [10778/11424] Built Euler.PacketFieldParityAlgebra (3.2s)
✔ [10779/11424] Built Euler.PacketFiniteVelocityBounds (3.1s)
✔ [10780/11424] Built Euler.SmoothL2Gevrey (4.1s)
✔ [10781/11424] Built Euler.PacketParentPhysicalBudgets (4.5s)
✔ [10782/11424] Built Euler.PacketProfileBudgetTimeChange (2.9s)
✔ [10783/11424] Built Euler.PacketFiniteAssemblyBounds (3.6s)
✔ [10784/11424] Built Euler.CorrectionEnergyScalar (4.9s)
✔ [10785/11424] Built Euler.PacketGevreyProfileChoice (2.0s)
✔ [10786/11424] Built Euler.InviscidCorrectionCompatibility (10s)
✔ [10787/11424] Built Euler.TransversePacketJoinedBounds (4.2s)
✔ [10788/11424] Built Euler.PacketForcingBounds (3.9s)
✔ [10789/11424] Built Euler.PacketSourceProfiles (3.1s)
✔ [10790/11424] Built Euler.TransversePacketPrimaryEquation (5.6s)
✔ [10791/11424] Built Euler.TransversePacketJoinedParity (6.4s)
✔ [10792/11424] Built Euler.PacketTailProductBounds (3.4s)
✔ [10793/11424] Built Euler.PacketTailLinearBounds (3.5s)
✔ [10794/11424] Built Euler.TransversePacketPrimaryParity (9.6s)
✔ [10795/11424] Built Euler.OrdinarySmoothWords (4.0s)
✔ [10796/11424] Built Euler.PhysicalGraphGevrey (6.0s)
✔ [10797/11424] Built Euler.StaticCylinderField (7.2s)
✔ [10798/11424] Built Euler.SobolevSourceExponent (5.2s)
✔ [10799/11424] Built Euler.TransversePacketPrimaryUnitBounds (14s)
✔ [10800/11424] Built Euler.CorrectionLimitEquation (11s)
✔ [10801/11424] Built Euler.PacketInitialFields (6.9s)
✔ [10802/11424] Built Euler.PacketProfileEnvelope (4.1s)
✔ [10803/11424] Built Euler.PacketFiniteProfileBounds (7.2s)
✔ [10804/11424] Built Euler.DriftEnergyMajorants (5.0s)
✔ [10805/11424] Built Euler.TransversePacketPrimaryHomogeneity (17s)
✔ [10806/11424] Built Euler.CorrectionEnergyBootstrap (5.7s)
✔ [10807/11424] Built Euler.PacketSourceParity (3.9s)
✔ [10808/11424] Built Euler.PacketSourceRegularity (3.8s)
✔ [10809/11424] Built Euler.PacketSourceEquations (4.3s)
✔ [10810/11424] Built Euler.PacketTailNonlinearBounds (3.2s)
✔ [10811/11424] Built Euler.OrdinaryWordConstraints (4.0s)
✔ [10812/11424] Built Euler.SmoothTimeAmplitudeBounds (3.9s)
✔ [10813/11424] Built Euler.TransversePacketJoinedFullBounds (8.6s)
✔ [10814/11424] Built Euler.TransversePacketPrimaryField (4.0s)
✔ [10815/11424] Built Euler.SmoothL2ScalingContinuity (4.4s)
✔ [10816/11424] Built Euler.TransversePacketJoinedProvider (6.7s)
✔ [10817/11424] Built Euler.PacketInitialSupport (3.6s)
✔ [10818/11424] Built Euler.OrdinaryFieldAlgebra (5.6s)
✔ [10819/11424] Built Euler.PacketFiniteCoarseBounds (4.2s)
✔ [10820/11424] Built Euler.PacketSourceMeanZero (4.9s)
✔ [10821/11424] Built Euler.PacketSourceResidual (4.9s)
✔ [10822/11424] Built Euler.PacketInitialAmplitude (6.2s)
✔ [10823/11424] Built Euler.DriftCorrectionEnergyBound (6.6s)
✔ [10824/11424] Built Euler.PartialCorrectionBootstrap (7.6s)
✔ [10825/11424] Built Euler.PacketCylinderMeanSolenoidal (7.6s)
✔ [10826/11424] Built Euler.PacketTailGradeBounds (3.9s)
✔ [10827/11424] Built Euler.ParentPacketSourceData (9.3s)
✔ [10828/11424] Built Euler.TransversePacketPrimaryHistory (4.5s)
✔ [10829/11424] Built Euler.TransversePacketPairAmplitude (11s)
✔ [10830/11424] Built Euler.PacketJoinedGradeBounds (5.3s)
✔ [10831/11424] Built Euler.PacketJoinedStepParity (5.3s)
✔ [10832/11424] Built Euler.OrdinaryWordTime (9.3s)
✔ [10833/11424] Built Euler.TransversePacketPrimaryCorrector (12s)
✔ [10834/11424] Built Euler.TransversePacketPrimaryPressure (14s)
✔ [10835/11424] Built Euler.PacketJoinedSourceOperators (14s)
✔ [10836/11424] Built Euler.PacketJoinedStepRegularity (15s)
✔ [10837/11424] Built Euler.OrdinaryTransportCancellation (16s)
✔ [10838/11424] Built Euler.OrdinaryGradientInterpolation (16s)
✔ [10839/11424] Built Euler.PacketCorrectionConstants (26s)
✔ [10840/11424] Built Euler.PacketInitialBounds (27s)
✔ [10841/11424] Built Euler.PacketResidualTailActual (50s)
✔ [10842/11424] Built Euler.TransversePacketPrimaryBounds (28s)
✔ [10843/11424] Built Euler.PacketFiniteApproximationBounds (32s)
✔ [10844/11424] Built Euler.PacketSourcePiola (32s)
✔ [10845/11424] Built Euler.DriftCorrectionMildEnergy (30s)
✔ [10846/11424] Built Euler.GlobalGevreyCorrection (27s)
✔ [10847/11424] Built Euler.PacketPrimaryShearIdentity (30s)
✔ [10848/11424] Built Euler.PacketJoinedStepBudget (7.1s)
✔ [10849/11424] Built Euler.ParentPacketPhysicalCoefficients (16s)
✔ [10850/11424] Built Euler.PacketPrimarySourceRegularity (4.4s)
✔ [10851/11424] Built Euler.PacketJoinedProfilesRegularity (4.3s)
✔ [10852/11424] Built Euler.PacketCorrectionScalar (5.1s)
✔ [10853/11424] Built Euler.PacketCommonRadius (5.8s)
✔ [10854/11424] Built Euler.TransversePacketForwardNorms (17s)
✔ [10855/11424] Built Euler.PacketProfileTailGrade (3.5s)
✔ [10856/11424] Built Euler.PacketApproximationBounds (3.2s)
✔ [10857/11424] Built Euler.PacketPrimaryFactorization (8.0s)
✔ [10858/11424] Built Euler.PacketSourceSolenoidal (4.8s)
✔ [10859/11424] Built Euler.ViscousCorrectionFamily (4.8s)
✔ [10860/11424] Built Euler.PacketMeanPressureStepBound (5.0s)
✔ [10861/11424] Built Euler.DriftCorrectionBootstrap (5.5s)
✔ [10862/11424] Built Euler.PacketPrimarySourceParity (5.3s)
✔ [10863/11424] Built Euler.ParentPacketHessianSymmetry (8.1s)
✔ [10864/11424] Built Euler.ParentLagrangianEuler (5.8s)
✔ [10865/11424] Built Euler.PacketTerminalPrimaryFields (14s)
✔ [10866/11424] Built Euler.PacketJoinedProfilesParity (13s)
✔ [10867/11424] Built Euler.PacketSourceFrequency (13s)
✔ [10868/11424] Built Euler.TransversePacketPrimaryFullBounds (20s)
✔ [10869/11424] Built Euler.ParentPacketStrainEvolution (19s)
✔ [10870/11424] Built Euler.TransversePacketPrimaryRadius (16s)
✔ [10871/11424] Built Euler.PacketProfileTailEstimates (16s)
✔ [10872/11424] Built Euler.TransversePacketForwardFullBounds (21s)
✔ [10873/11424] Built Euler.PacketSourceResidualFields (45s)
✔ [10874/11424] Built Euler.PacketJoinedSourceProfiles (24s)
✔ [10875/11424] Built Euler.PacketRemainderBounds (26s)
✔ [10876/11424] Built Euler.PacketCorrectionRapidDecay (21s)
✔ [10877/11424] Built Euler.PacketPrimaryFullShear (29s)
✔ [10878/11424] Built Euler.PacketPrimaryGradeBounds (23s)
✔ [10879/11424] Built Euler.TransversePacketForwardGradeBounds (17s)
✔ [10880/11424] Built Euler.GevreyInviscidEnergyCompactness (30s)
✔ [10881/11424] Built Euler.DriftPartialCorrectionBootstrap (30s)
✔ [10882/11424] Built Euler.PacketSourceInitialMean (4.5s)
✔ [10883/11424] Built Euler.PacketJoinedSourceEquations (5.1s)
✔ [10884/11424] Built Euler.PacketLiftedSmallness (4.3s)
✔ [10885/11424] Built Euler.PacketNormalDriftBounds (5.1s)
✔ [10886/11424] Built Euler.PacketTerminalPrimaryBudget (2.7s)
✔ [10887/11424] Built Euler.PacketPrimaryCommonRadius (3.0s)
✔ [10888/11424] Built Euler.PacketPrimaryScaling (3.7s)
✔ [10889/11424] Built Euler.PacketForwardForcedBounds (3.4s)
✔ [10890/11424] Built Euler.PacketForwardCommonRadius (3.9s)
✔ [10891/11424] Built Euler.PacketJoinedSourceRegularity (3.1s)
✔ [10892/11424] Built Euler.DriftGlobalGevreyCorrection (4.2s)
✔ [10893/11424] Built Euler.PacketForwardPrimaryBounds (5.1s)
✔ [10894/11424] Built Euler.PacketJoinedSourceConstraints (3.8s)
✔ [10895/11424] Built Euler.PacketInitializedRadius (2.0s)
✔ [10896/11424] Built Euler.PacketUniformFrequencyMargin (3.7s)
✔ [10897/11424] Built Euler.GlobalInviscidGevrey (5.9s)
✔ [10898/11424] Built Euler.PacketJoinedSourceResidual (3.4s)
✔ [10899/11424] Built Euler.PacketForwardStepBudget (3.9s)
✔ [10900/11424] Built Euler.DriftViscousCorrectionFamily (3.3s)
✔ [10901/11424] Built Euler.PacketJoinedUniformProfiles (3.6s)
✔ [10902/11424] Built Euler.PacketJoinedSourcePiola (3.6s)
✔ [10903/11424] Built Euler.PacketPrimaryPressureShear (5.2s)
✔ [10904/11424] Built Euler.PacketPrimaryDynamics (6.1s)
✔ [10905/11424] Built Euler.PacketInitializedCanonicalRadius (3.9s)
✔ [10906/11424] Built Euler.PacketForwardUniformProfiles (2.9s)
✔ [10907/11424] Built Euler.PacketInitializedProfiles (3.2s)
✔ [10908/11424] Built Euler.AllOrderCorrectionData (6.0s)
✔ [10909/11424] Built Euler.PacketJoinedSourceSolenoidal (4.2s)
✔ [10910/11424] Built Euler.PacketActivationRay (5.9s)
✔ [10911/11424] Built Euler.PacketForwardApproximationBounds (4.4s)
✔ [10912/11424] Built Euler.DriftGevreyInviscidEnergyCompactness (8.7s)
✔ [10913/11424] Built Euler.PacketRadiusCostPolynomial (6.3s)
✔ [10914/11424] Built Euler.PacketPhysicalLowBounds (8.6s)
✔ [10915/11424] Built Euler.PacketForwardInitializedProfiles (6.0s)
✔ [10916/11424] Built Euler.PacketPrimaryUncut (9.9s)
✔ [10917/11424] Built Euler.PacketInitializedProfilesParity (4.4s)
✔ [10918/11424] Built Euler.PacketForwardResidualBounds (6.9s)
✔ [10919/11424] Built Euler.PacketFieldTower (4.3s)
✔ [10920/11424] Built Euler.FieldTowerGraph (4.9s)
✔ [10921/11424] Built Euler.FieldTowerRepresentative (5.1s)
✔ [10922/11424] Built Euler.CorrectionAssemblyData (6.0s)
✔ [10923/11424] Built Euler.AllOrderCorrectionCoherence (5.5s)
✔ [10924/11424] Built Euler.PacketJoinedApproximationBounds (6.7s)
✔ [10925/11424] Built Euler.PacketActivationSourceData (8.4s)
✔ [10926/11424] Built Euler.CoefficientPathSmooth (12s)
✔ [10927/11424] Built Euler.DriftGlobalInviscidGevrey (13s)
✔ [10928/11424] Built Euler.PacketForwardInitializedProfilesParity (13s)
✔ [10929/11424] Built Euler.PacketForwardFactorization (17s)
✔ [10930/11424] Built Euler.PacketForwardInitializedBounds (22s)
✔ [10931/11424] Built Euler.PacketInitializedRadiusPolynomial (29s)
✔ [10932/11424] Built Euler.PacketJoinedResidualFields (43s)
✔ [10933/11424] Built Euler.PacketActivationLipschitz (26s)
✔ [10934/11424] Built Euler.PacketActivationHistory (25s)
✔ [10935/11424] Built Euler.FieldTowerAlgebra (14s)
✔ [10936/11424] Built Euler.LiftedTransportTrace (18s)
✔ [10937/11424] Built Euler.FieldTowerGraphDerivative (21s)
✔ [10938/11424] Built Euler.FieldTowerPointwiseGevrey (6.2s)
✔ [10939/11424] Built Euler.PacketFieldSobolev (27s)
✔ [10940/11424] Built Euler.FieldTowerTimeRestriction (7.8s)
✔ [10941/11424] Built Euler.CorrectionAssemblyCompatibility (8.5s)
✔ [10942/11424] Built Euler.AllOrderCorrectionBudget (8.5s)
✔ [10943/11424] Built Euler.AllOrderDriftBudget (9.5s)
✔ [10944/11424] Built Euler.PacketJoinedResidualBounds (7.6s)
✔ [10945/11424] Built Euler.PacketFirstPressureSign (8.5s)
✔ [10946/11424] Built Euler.CoefficientPathBounds (9.7s)
✔ [10947/11424] Built Euler.CoefficientPathSobolev (11s)
✔ [10948/11424] Built Euler.PacketFieldGraphBounds (6.9s)
✔ [10949/11424] Built Euler.PacketFieldMap (4.5s)
✔ [10950/11424] Built Euler.PacketFieldSobolevBudget (6.9s)
✔ [10951/11424] Built Euler.PacketSourceRadiusPolynomial (14s)
✔ [10952/11424] Built Euler.LiftedSmoothTimeField (11s)
✔ [10953/11424] Built Euler.AllOrderCorrectionStability (3.4s)
✔ [10954/11424] Built Euler.FieldTowerCanonicalGraph (6.5s)
✔ [10955/11424] Built Euler.FieldTowerSmoothTimeField (13s)
✔ [10956/11424] Built Euler.CorrectionAssemblyCommon (5.3s)
✔ [10957/11424] Built Euler.PacketCoefficientTower (4.1s)
✔ [10958/11424] Built Euler.PacketActivationData (17s)
✔ [10959/11424] Built Euler.PacketInitializedBounds (4.8s)
✔ [10960/11424] Built Euler.AllOrderDriftFinite (5.3s)
✔ [10961/11424] Built Euler.CoefficientPathWeightedBounds (5.7s)
✔ [10962/11424] Built Euler.PacketFieldTensorBounds (5.1s)
✔ [10963/11424] Built Euler.PacketFieldDrift (6.2s)
✔ [10964/11424] Built Euler.ConstantCorrectionData (11s)
✔ [10965/11424] Built Euler.FieldTowerPhysicalL2 (4.8s)
✔ [10966/11424] Built Euler.PacketForwardRadiusPolynomial (7.6s)
✔ [10967/11424] Built Euler.FieldTowerJetLp (4.6s)
✔ [10968/11424] Built Euler.LiftedSmoothTimeFieldBounds (5.8s)
✔ [10969/11424] Built Euler.AllOrderCorrectionFamily (7.9s)
✔ [10970/11424] Built Euler.CylinderJetLpMap (8.1s)
✔ [10971/11424] Built Euler.CorrectionAssemblyPressure (6.8s)
✔ [10972/11424] Built Euler.CoefficientPathPressureBounds (4.5s)
✔ [10973/11424] Built Euler.PacketFieldSmoothTimeField (5.4s)
✔ [10974/11424] Built Euler.SmallCorrectionScales (5.2s)
✔ [10975/11424] Built Euler.PacketActivationFrame (7.9s)
✔ [10976/11424] Built Euler.FieldTowerPhysicalContinuity (4.1s)
✔ [10977/11424] Built Euler.PacketSourceCorrectionCoefficients (8.0s)
✔ [10978/11424] Built Euler.PacketPhysicalFrequencyBounds (4.9s)
✔ [10979/11424] Built Euler.PacketPressureFastHessian (8.1s)
✔ [10980/11424] Built Euler.PacketForwardCanonicalRadius (3.7s)
✔ [10981/11424] Built Euler.PacketFieldPhysicalSobolev (5.3s)
✔ [10982/11424] Built Euler.PacketFieldJetLp (3.3s)
✔ [10983/11424] Built Euler.AllOrderLiftedCorrection (4.9s)
✔ [10984/11424] Built Euler.CylinderJetLpAlgebra (5.1s)
✔ [10985/11424] Built Euler.SmallCorrectionBounds (4.0s)
✔ [10986/11424] Built Euler.CorrectionAssemblyRealizations (4.9s)
✔ [10987/11424] Built Euler.FlowL2Transport (4.1s)
✔ [10988/11424] Built Euler.PacketCoefficientTowerBounds (5.5s)
✔ [10989/11424] Built Euler.PacketActivationInitial (5.1s)
✔ [10990/11424] Built Euler.FieldTowerGraphGevrey (7.2s)
✔ [10991/11424] Built Euler.PacketCoordinateJets (7.5s)
✔ [10992/11424] Built Euler.PacketInitialPhysical (5.3s)
✔ [10993/11424] Built Euler.SmallCorrectionBudget (4.6s)
✔ [10994/11424] Built Euler.PacketCorrectionMetric (8.2s)
✔ [10995/11424] Built Euler.AllOrderPressureCoherence (6.6s)
✔ [10996/11424] Built Euler.PacketPhysicalPressureGevrey (8.0s)
✔ [10997/11424] Built Euler.CorrectionAssemblyParity (4.0s)
✔ [10998/11424] Built Euler.PacketSourceCoefficientGevrey (8.9s)
✔ [10999/11424] Built Euler.PacketPrimaryGlobalShear (9.1s)
✔ [11000/11424] Built Euler.PacketActivationNeighbor (4.8s)
✔ [11001/11424] Built Euler.PacketPhysicalFieldTower (6.2s)
✔ [11002/11424] Built Euler.PacketActivationConstructed (5.1s)
✔ [11003/11424] Built Euler.PacketCorrectionSourceData (3.9s)
✔ [11004/11424] Built Euler.VolumeSobolevComposition (7.2s)
✔ [11005/11424] Built Euler.AllOrderSmoothPressure (4.4s)
✔ [11006/11424] Built Euler.PacketCoordinateResidual (7.3s)
✔ [11007/11424] Built Euler.PacketCorrectionCoefficientBudget (5.3s)
✔ [11008/11424] Built Euler.PacketCorrectionMetricTime (8.9s)
✔ [11009/11424] Built Euler.PacketInitializedCorrectionData (4.5s)
✔ [11010/11424] Built Euler.PacketPressureFastBounds (7.3s)
✔ [11011/11424] Built Euler.PacketForwardInitializedCorrectionData (6.0s)
✔ [11012/11424] Built Euler.PacketForwardPrimaryShear (9.1s)
✔ [11013/11424] Built Euler.GevreyCompositionLp (4.0s)
✔ [11014/11424] Built Euler.CommonPressureRepresentative (5.5s)
✔ [11015/11424] Built Euler.PacketCorrectionCoefficientParity (8.7s)
✔ [11016/11424] Built Euler.PacketSourceGeometryData (9.0s)
✔ [11017/11424] Built Euler.PacketForwardCoefficientBudgets (4.5s)
✔ [11018/11424] Built Euler.PacketJoinedCoefficientBudgets (4.5s)
✔ [11019/11424] Built Euler.PacketScalarPressureGradient (8.1s)
✔ [11020/11424] Built Euler.PacketCorrectionPrimitivePolynomial (5.6s)
✔ [11021/11424] Built Euler.PacketInitializedFieldParity (4.9s)
✔ [11022/11424] Built Euler.PacketCoordinateSobolev (10s)
✔ [11023/11424] Built Euler.PacketInitializedSolenoidal (7.1s)
✔ [11024/11424] Built Euler.VolumeSobolevPath (12s)
✔ [11025/11424] Built Euler.PacketForwardInitializedSolenoidal (4.5s)
✔ [11026/11424] Built Euler.PacketInitializedCorrectionNorms (7.1s)
✔ [11027/11424] Built Euler.PacketForwardInitializedCorrectionNorms (4.5s)
✔ [11028/11424] Built Euler.GevreyProductLp (4.8s)
✔ [11029/11424] Built Euler.PacketForwardInitializedFieldParity (5.3s)
✔ [11030/11424] Built Euler.GevreyJetCompositionLp (7.4s)
✔ [11031/11424] Built Euler.CorrectionAssemblyReconstruction (5.9s)
✔ [11032/11424] Built Euler.PacketCorrectionMetricBudget (10s)
✔ [11033/11424] Built Euler.ParentFrameReframe (6.9s)
✔ [11034/11424] Built Euler.PacketScalarPressureGrade (6.0s)
✔ [11035/11424] Built Euler.PacketPressureWitness (7.9s)
✔ [11036/11424] Built Euler.PacketSourceGeometryAssembly (9.7s)
✔ [11037/11424] Built Euler.PacketInitializedCorrectionParity (11s)
✔ [11038/11424] Built Euler.SmoothL2ClassicalBounds (6.3s)
✔ [11039/11424] Built Euler.ParentPacketGeometryFrame (13s)
✔ [11040/11424] Built Euler.OrdinaryWordBounds (7.4s)
✔ [11041/11424] Built Euler.SmoothL2GevreyCalculus (10s)
✔ [11042/11424] Built Euler.CorrectionAssemblyPressureParity (7.4s)
✔ [11043/11424] Built Euler.GevreyFlowLpIntegration (8.2s)
✔ [11044/11424] Built Euler.PacketForwardInitializedCorrectionParity (10s)
✔ [11045/11424] Built Euler.PacketCorrectionGrowth (5.4s)
✔ [11046/11424] Built Euler.FieldTowerVolumeSobolev (14s)
✔ [11047/11424] Built Euler.PacketAngularPressureStepBound (4.0s)
✔ [11048/11424] Built Euler.PacketForwardScalarPressureGrade (8.6s)
✔ [11049/11424] Built Euler.PacketCorrectionMetricBounds (9.2s)
✔ [11050/11424] Built Euler.PacketSourceGeometryGrowth (4.9s)
✔ [11051/11424] Built Euler.CorrectionAssemblyTime (9.8s)
✔ [11052/11424] Built Euler.PacketMeanPressureGradient (5.6s)
✔ [11053/11424] Built Euler.PacketPressureCovector (5.9s)
✔ [11054/11424] Built Euler.OrdinaryWordInterpolation (5.6s)
✔ [11055/11424] Built Euler.OrdinaryH3Norms (8.0s)
✔ [11056/11424] Built Euler.GevreyCompactProduct (5.7s)
✔ [11057/11424] Built Euler.AllOrderDriftPressure (5.9s)
✔ [11058/11424] Built Euler.OrdinaryH3Products (6.0s)
✔ [11059/11424] Built Euler.PacketForwardGeometryData (10s)
✔ [11060/11424] Built Euler.ParentPacketPhysicalFrame (9.6s)
✔ [11061/11424] Built Euler.ChildParticleFieldBounds (9.8s)
✔ [11062/11424] Built Euler.CompactSmoothL2Bounds (11s)
✔ [11063/11424] Built Euler.PacketForwardInitializedSpatialBudget (6.6s)
✔ [11064/11424] Built Euler.PacketInitializedSpatialBudget (5.0s)
✔ [11065/11424] Built Euler.PacketInitializedPressureBudgets (5.6s)
✔ [11066/11424] Built Euler.PacketSourceVolumeSobolev (7.1s)
✔ [11067/11424] Built Euler.PacketCorrectionPrimitiveBounds (7.5s)
✔ [11068/11424] Built Euler.SmoothCylinderGevrey (9.7s)
✔ [11069/11424] Built Euler.PacketSourcePressureAssembly (3.7s)
✔ [11070/11424] Built Euler.PacketJoinedPressureAssembly (4.1s)
✔ [11071/11424] Built Euler.PacketGeometryLowBounds (9.6s)
✔ [11072/11424] Built Euler.OrdinaryFieldScaling (4.8s)
✔ [11073/11424] Built Euler.BaseEulerDatum (5.6s)
✔ [11074/11424] Built Euler.WholeSpaceGaussianFields (6.9s)
✔ [11075/11424] Built Euler.OrdinaryTameProduct (4.1s)
✔ [11076/11424] Built Euler.PacketPhysicalCorrectionPotential (5.3s)
✔ [11077/11424] Built Euler.OrdinaryGradientProducts (4.8s)
✔ [11078/11424] Built Euler.OrdinaryH3Commutator (4.5s)
✔ [11079/11424] Built Euler.PacketForwardGeometryAssembly (6.7s)
✔ [11080/11424] Built Euler.ParentPacketPrimaryCenter (7.1s)
✔ [11081/11424] Built Euler.ChildParticleFieldTime (4.8s)
✔ [11082/11424] Built Euler.AllOrderDriftCorrection (14s)
✔ [11083/11424] Built Euler.ChildParticleSourceBound (5.1s)
✔ [11084/11424] Built Euler.PacketForwardInitializedAllOrderBudget (5.0s)
✔ [11085/11424] Built Euler.PacketForwardPressureBudgets (6.9s)
✔ [11086/11424] Built Euler.PacketInitializedAllOrderBudget (7.6s)
✔ [11087/11424] Built Euler.ParentCorrectionCostEnvelope (4.1s)
✔ [11088/11424] Built Euler.PacketSourcePrimitiveBounds (3.9s)
✔ [11089/11424] Built Euler.PacketForwardInitializedPressure (3.6s)
✔ [11090/11424] Built Euler.PacketPressureRemainder (8.2s)
✔ [11091/11424] Built Euler.PacketSourceSmoothField (6.8s)
✔ [11092/11424] Built Euler.SmoothCylinderComposition (6.4s)
✔ [11093/11424] Built Euler.WholeSpaceGaussianHigh (4.7s)
✔ [11094/11424] Built Euler.PacketForwardGeometryLowBounds (5.1s)
✔ [11095/11424] Built Euler.OrdinaryH3Energy (5.9s)
✔ [11096/11424] Built Euler.BaseEulerGevrey (8.6s)
✔ [11097/11424] Built Euler.AllOrderDriftRadiusBounds (5.0s)
✔ [11098/11424] Built Euler.PacketInitializedCorrectionChoice (4.5s)
✔ [11099/11424] Built Euler.PacketForwardInitializedCorrectionChoice (5.1s)
✔ [11100/11424] Built Euler.CorrectionAssemblySourceTower (11s)
✔ [11101/11424] Built Euler.AllOrderDriftEquation (11s)
✔ [11102/11424] Built Euler.WholeSpaceGaussianElliptic (6.2s)
✔ [11103/11424] Built Euler.PacketEulerianRegularity (7.6s)
✔ [11104/11424] Built Euler.SmoothCylinderAccelerationLp (8.2s)
✔ [11105/11424] Built Euler.PacketFiveCostPolynomial (10s)
✔ [11106/11424] Built Euler.PacketGeometryControlledGrowth (7.6s)
✔ [11107/11424] Built Euler.PacketFirstLowBounds (8.5s)
✔ [11108/11424] Built Euler.OrdinaryTameEnergy (7.9s)
✔ [11109/11424] Built Euler.BaseEulerUniform (4.6s)
✔ [11110/11424] Built Euler.OrdinaryEulerDifference (6.0s)
✔ [11111/11424] Built Euler.AllOrderDriftPressureBounds (5.3s)
✔ [11112/11424] Built Euler.AllOrderDriftGraph (4.8s)
✔ [11113/11424] Built Euler.PacketForwardInitializedResidualEquation (5.2s)
✔ [11114/11424] Built Euler.WholeSpaceLogarithmic (4.3s)
✔ [11115/11424] Built Euler.PacketInitializedResidualEquation (4.8s)
✔ [11116/11424] Built Euler.PacketGeometryJoinedBudget (4.5s)
✔ [11117/11424] Built Euler.SmoothCylinderAccelerationComposition (5.0s)
✔ [11118/11424] Built Euler.PacketFiveCostGuards (5.7s)
✔ [11119/11424] Built Euler.OrdinaryGradientEnergy (4.9s)
✔ [11120/11424] Built Euler.EvolutionTimeShift (4.7s)
✔ [11121/11424] Built Euler.OrdinaryH3Envelope (5.1s)
✔ [11122/11424] Built Euler.CorrectionSmoothTimeField (4.5s)
✔ [11123/11424] Built Euler.AllOrderDriftPointwiseBounds (4.6s)
✔ [11124/11424] Built Euler.AllOrderDriftResidualBounds (5.4s)
✔ [11125/11424] Built Euler.PacketForwardInitializedTimeBounds (4.4s)
✔ [11126/11424] Built Euler.PacketInitializedTimeBounds (4.2s)
✔ [11127/11424] Built Euler.PacketInitializedUniformCosts (4.0s)
✔ [11128/11424] Built Euler.PacketForwardRemainder (6.0s)
✔ [11129/11424] Built Euler.PacketInitializedCorrectionBounds (3.3s)
✔ [11130/11424] Built Euler.PacketInitializedRemainder (7.0s)
✔ [11131/11424] Built Euler.PacketInitializedExactLifted (7.1s)
✔ [11132/11424] Built Euler.OrdinaryEulerStability (5.7s)
✔ [11133/11424] Built Euler.PacketInitializedParameterBounds (3.6s)
✔ [11134/11424] Built Euler.PhysicalGraphFlowBounds (8.8s)
✔ [11135/11424] Built Euler.PacketInitializedUniformBudget (4.4s)
✔ [11136/11424] Built Euler.AllOrderDriftFieldDecomposition (3.4s)
✔ [11137/11424] Built Euler.PacketForwardInitializedExactLifted (3.5s)
✔ [11138/11424] Built Euler.PacketForwardPressureRemainder (5.8s)
✔ [11139/11424] Built Euler.PacketForwardInitializedCorrectionEstimates (7.4s)
✔ [11140/11424] Built Euler.PacketCorrectionOutputPolynomial (6.5s)
✔ [11141/11424] Built Euler.PacketInitializedCorrectionEstimateChoice (7.0s)
✔ [11142/11424] Built Euler.PacketInitializedPressureRemainder (5.5s)
✔ [11143/11424] Built Euler.PacketInitializedInitial (6.4s)
✔ [11144/11424] Built Euler.OrdinaryEulerRestriction (5.4s)
✔ [11145/11424] Built Euler.PacketForwardUniformCosts (3.7s)
✔ [11146/11424] Built Euler.H3CurlConvergence (6.7s)
✔ [11147/11424] Built Euler.ExactLiftedPointwise (8.8s)
✔ [11148/11424] Built Euler.PacketGraphFlowFieldBounds (3.0s)
✔ [11149/11424] Built Euler.PhysicalGraphFlowSupBounds (4.8s)
✔ [11150/11424] Built Euler.OrdinaryEulerL2Stability (7.5s)
✔ [11151/11424] Built Euler.PhysicalGraphTimeFields (4.9s)
✔ [11152/11424] Built Euler.PacketLiftedCoefficient (4.0s)
✔ [11153/11424] Built Euler.PacketExactShearError (6.2s)
✔ [11154/11424] Built Euler.PacketInitializedPointwiseChoice (4.7s)
✔ [11155/11424] Built Euler.PacketForwardHessianError (5.8s)
✔ [11156/11424] Built Euler.OrdinaryEulerVaryingHorizon (4.3s)
✔ [11157/11424] Built Euler.PacketInitializedUniformBounds (5.7s)
✔ [11158/11424] Built Euler.PacketInitializedHessianError (5.8s)
✔ [11159/11424] Built Euler.PhysicalChildFields (5.5s)
✔ [11160/11424] Built Euler.OrdinaryEulerHigherEnergy (3.9s)
✔ [11161/11424] Built Euler.SmallCorrectionResidual (7.7s)
✔ [11162/11424] Built Euler.OrdinaryQuadraticControl (3.7s)
✔ [11163/11424] Built Euler.ExactLiftedJointDifferentiability (8.3s)
✔ [11164/11424] Built Euler.PacketGraphFlowSupBounds (6.3s)
✔ [11165/11424] Built Euler.OrdinaryVariableGronwall (9.9s)
✔ [11166/11424] Built Euler.PhysicalChildStructure (10s)
✔ [11167/11424] Built Euler.PacketLiftedParity (11s)
✔ [11168/11424] Built Euler.PhysicalChildSourceBound (7.5s)
✔ [11169/11424] Built Euler.PacketInitializedInitialExact (10s)
✔ [11170/11424] Built Euler.PacketInitializedPhysicalChoice (10s)
✔ [11171/11424] Built Euler.StaticEulerCorrection (4.7s)
✔ [11172/11424] Built Euler.PacketExactGlobalShear (12s)
✔ [11173/11424] Built Euler.SmallCorrectionParity (4.8s)
✔ [11174/11424] Built Euler.PacketForwardUniformBudget (11s)
✔ [11175/11424] Built Euler.PacketLiftedCoefficientBounds (14s)
✔ [11176/11424] Built Euler.ExactLiftedGraphPressure (4.2s)
✔ [11177/11424] Built Euler.PacketExactSourceEquation (7.6s)
✔ [11178/11424] Built Euler.PacketUniversalFrequency (4.5s)
✔ [11179/11424] Built Euler.OrdinaryCauchyInterpolation (11s)
✔ [11180/11424] Built Euler.OrdinaryEulerGradientControl (5.5s)
✔ [11181/11424] Built Euler.PhysicalChildParent (5.1s)
✔ [11182/11424] Built Euler.PacketInitialSmoothFields (4.8s)
✔ [11183/11424] Built Euler.StaticEulerWeightedBounds (6.3s)
✔ [11184/11424] Built Euler.PacketGraphFlowExplicitBounds (10s)
✔ [11185/11424] Built Euler.PacketExactPhysicalMomentum (4.5s)
✔ [11186/11424] Built Euler.PacketInitializedPhysicalFieldsChoice (9.3s)
✔ [11187/11424] Built Euler.PacketExactPressureError (6.8s)
✔ [11188/11424] Built Euler.PacketForwardExactFields (6.0s)
✔ [11189/11424] Built Euler.OrdinarySobolevTower (7.5s)
✔ [11190/11424] Built Euler.PacketLiftedTimeBounds (8.2s)
✔ [11191/11424] Built Euler.OrdinaryEulerRescaling (5.1s)
✔ [11192/11424] Built Euler.OrdinaryEulerVorticity (6.4s)
✔ [11193/11424] Built Euler.OrdinaryGradientStability (5.1s)
✔ [11194/11424] Built Euler.ParentPacketLabelData (4.6s)
✔ [11195/11424] Built Euler.PacketExactPhysicalDivergence (3.9s)
✔ [11196/11424] Built Euler.PhysicalChildVelocity (4.3s)
✔ [11197/11424] Built Euler.PacketInitializedHessianChoice (4.0s)
✔ [11198/11424] Built Euler.PacketForwardExactPressureError (4.1s)
✔ [11199/11424] Built Euler.PacketForwardInitialSupport (4.0s)
✔ [11200/11424] Built Euler.PacketWeightedPhysicalErrors (6.1s)
✔ [11201/11424] Built Euler.OrdinaryStrongTime (5.3s)
✔ [11202/11424] Built Euler.PacketForwardGlobalShear (6.3s)
✔ [11203/11424] Built Euler.PacketLiftedFlowData (5.3s)
✔ [11204/11424] Built Euler.OrdinaryVorticityCoordinates (5.4s)
✔ [11205/11424] Built Euler.ParentPacketRestriction (5.8s)
✔ [11206/11424] Built Euler.PhysicalChildPacketMatch (4.3s)
✔ [11207/11424] Built Euler.OrdinaryHelmholtzField (9.6s)
✔ [11208/11424] Built Euler.PacketExactPhysicalEuler (4.8s)
✔ [11209/11424] Built Euler.ParentPacketScaledBounds (7.2s)
✔ [11210/11424] Built Euler.PacketExactGlobalChoice (5.6s)
