/workspace/scratch/9a6c38c54c2e/MathScopeCompute/research-ide/mathscope-m1/navier/followup-20261010-symbolic-gluing/formal-amplitude-input/attempts/0001/AmplitudeInput.lean:30:33: error: unsolved goals
hs : sigma ^ 2 ≤ 1
hp : 1 ≤ Pstar ^ 2
⊢ 1 ≤ 2 ^ 260
/workspace/scratch/9a6c38c54c2e/MathScopeCompute/research-ide/mathscope-m1/navier/followup-20261010-symbolic-gluing/formal-amplitude-input/attempts/0001/AmplitudeInput.lean:33:2: error: linarith failed to find a contradiction
hs : sigma ^ 2 ≤ 1
hp : 1 ≤ Pstar ^ 2
hk : 1 ≤ 2 ^ 260
a✝ : 2 ^ 260 * Pstar ^ 2 < 1 * sigma ^ 2
⊢ False
failed
/workspace/scratch/9a6c38c54c2e/MathScopeCompute/research-ide/mathscope-m1/navier/followup-20261010-symbolic-gluing/formal-amplitude-input/attempts/0001/AmplitudeInput.lean:37:35: error: unsolved goals
hp : 1 ≤ Pstar ^ 2
⊢ 200 ≤ 2 ^ 260
/workspace/scratch/9a6c38c54c2e/MathScopeCompute/research-ide/mathscope-m1/navier/followup-20261010-symbolic-gluing/formal-amplitude-input/attempts/0001/AmplitudeInput.lean:40:2: error: linarith failed to find a contradiction
hp : 1 ≤ Pstar ^ 2
hk : 200 ≤ 2 ^ 260
a✝ : 2 ^ 260 * Pstar ^ 2 < 200
⊢ False
failed
/workspace/scratch/9a6c38c54c2e/MathScopeCompute/research-ide/mathscope-m1/navier/followup-20261010-symbolic-gluing/formal-amplitude-input/attempts/0001/AmplitudeInput.lean:48:20: error: not a positivity goal
/workspace/scratch/9a6c38c54c2e/MathScopeCompute/research-ide/mathscope-m1/navier/followup-20261010-symbolic-gluing/formal-amplitude-input/attempts/0001/AmplitudeInput.lean:138:4: error: Type mismatch: After simplification, term
  Convex.smul_mem_of_zero_mem (convex_Icc axisWindow.left axisWindow.right) hx0 hx ht
 has type
  @Membership.mem ℝ (Set ℝ) instMembership (Icc axisWindow.left axisWindow.right) (t * x)
but is expected to have type
  @Membership.mem ℝ (Set ℝ) instMembership axisWindow.interval (t * x)
/workspace/scratch/9a6c38c54c2e/MathScopeCompute/research-ide/mathscope-m1/navier/followup-20261010-symbolic-gluing/formal-amplitude-input/attempts/0001/AmplitudeInput.lean:182:38: error: unsolved goals
z : ℂ
hz : z ∈ closedTube axisWindow (16 * rho)
hp : (axisPhase h j sigma z).re ≤ actualAmplitudeQ
hΛ : 0 ≤ actualAmplitudeLambda
⊢ actualAmplitudeQ ^ 63 * actualAmplitudeQ * actualAmplitudeQ = actualAmplitudeQ ^ 65
'MathScope.SameDatumInputs.actualPhase_analytic' depends on axioms: [propext, Classical.choice, Quot.sound]
'MathScope.SameDatumInputs.actualPhase_derivative' depends on axioms: [propext, Classical.choice, Quot.sound]
'MathScope.SameDatumInputs.actualPhase_norm' depends on axioms: [propext, sorryAx, Classical.choice, Quot.sound]
'MathScope.SameDatumInputs.actualComplexAmplitude_norm' depends on axioms: [propext,
 sorryAx,
 Classical.choice,
 Quot.sound]
'MathScope.SameDatumInputs.actualAmplitudeInput_norm' depends on axioms: [propext,
 sorryAx,
 Classical.choice,
 Quot.sound]
'MathScope.SameDatumInputs.actualAmplitudeInput_coefficient' depends on axioms: [propext,
 sorryAx,
 Classical.choice,
 Quot.sound]
'MathScope.SameDatumInputs.actualAmplitudeInput_radial' depends on axioms: [propext,
 sorryAx,
 Classical.choice,
 Quot.sound]
'MathScope.SameDatumInputs.actualAmplitudeInput_value' depends on axioms: [propext,
 sorryAx,
 Classical.choice,
 Quot.sound]
