/workspace/scratch/afa9cd11a21b/mathscope-m1/navier/followup-next/source-coherence/CoreAlgebra.lean:11:5: error(lean.synthInstanceFailed): failed to synthesize instance of type class
  HMul ℕ ℝ ?m.32

Hint: Type class instance resolution failures can be inspected with the `set_option trace.Meta.synthInstance true` command.
/workspace/scratch/afa9cd11a21b/mathscope-m1/navier/followup-next/source-coherence/CoreAlgebra.lean:11:19: error(lean.synthInstanceFailed): failed to synthesize instance of type class
  HMul ℕ ℝ ?m.40

Hint: Type class instance resolution failures can be inspected with the `set_option trace.Meta.synthInstance true` command.
/workspace/scratch/afa9cd11a21b/mathscope-m1/navier/followup-next/source-coherence/CoreAlgebra.lean:11:38: error(lean.synthInstanceFailed): failed to synthesize instance of type class
  HMul ℕ ℝ ?m.68

Hint: Type class instance resolution failures can be inspected with the `set_option trace.Meta.synthInstance true` command.
/workspace/scratch/afa9cd11a21b/mathscope-m1/navier/followup-next/source-coherence/CoreAlgebra.lean:11:43: error(lean.synthInstanceFailed): failed to synthesize instance of type class
  HSub ℕ ℝ ℕ

Hint: Type class instance resolution failures can be inspected with the `set_option trace.Meta.synthInstance true` command.
/workspace/scratch/afa9cd11a21b/mathscope-m1/navier/followup-next/source-coherence/CoreAlgebra.lean:12:9: error(lean.synthInstanceFailed): failed to synthesize instance of type class
  HSub ℕ ℝ ?m.84

Hint: Type class instance resolution failures can be inspected with the `set_option trace.Meta.synthInstance true` command.
/workspace/scratch/afa9cd11a21b/mathscope-m1/navier/followup-next/source-coherence/CoreAlgebra.lean:12:11: error(lean.synthInstanceFailed): failed to synthesize instance of type class
  HPow ℝ ℕ ℝ

Hint: Type class instance resolution failures can be inspected with the `set_option trace.Meta.synthInstance true` command.
/workspace/scratch/afa9cd11a21b/mathscope-m1/navier/followup-next/source-coherence/CoreAlgebra.lean:13:4: error(lean.synthInstanceFailed): failed to synthesize instance of type class
  HMul ℕ ℝ ?m.108

Hint: Type class instance resolution failures can be inspected with the `set_option trace.Meta.synthInstance true` command.
/workspace/scratch/afa9cd11a21b/mathscope-m1/navier/followup-next/source-coherence/CoreAlgebra.lean:13:9: error(lean.synthInstanceFailed): failed to synthesize instance of type class
  HAdd ℕ ℝ ℕ

Hint: Type class instance resolution failures can be inspected with the `set_option trace.Meta.synthInstance true` command.
/workspace/scratch/afa9cd11a21b/mathscope-m1/navier/followup-next/source-coherence/CoreAlgebra.lean:13:29: error(lean.synthInstanceFailed): failed to synthesize instance of type class
  HSub ℕ ℝ ?m.120

Hint: Type class instance resolution failures can be inspected with the `set_option trace.Meta.synthInstance true` command.
/workspace/scratch/afa9cd11a21b/mathscope-m1/navier/followup-next/source-coherence/CoreAlgebra.lean:13:31: error(lean.synthInstanceFailed): failed to synthesize instance of type class
  HPow ℝ ℕ ℝ

Hint: Type class instance resolution failures can be inspected with the `set_option trace.Meta.synthInstance true` command.
/workspace/scratch/afa9cd11a21b/mathscope-m1/navier/followup-next/source-coherence/CoreAlgebra.lean:13:45: error(lean.synthInstanceFailed): failed to synthesize instance of type class
  HMul ℕ ℝ ?m.132

Hint: Type class instance resolution failures can be inspected with the `set_option trace.Meta.synthInstance true` command.
Try this:
  [apply] ring_nf
  
  The `ring` tactic failed to close the goal. Use `ring_nf` to obtain a normal form.
    
  Note that `ring` works primarily in *commutative* rings. If you have a noncommutative ring, abelian group or module, consider using `noncomm_ring`, `abel` or `module` instead.
/workspace/scratch/afa9cd11a21b/mathscope-m1/navier/followup-next/source-coherence/CoreAlgebra.lean:13:59: error: unsolved goals
ℝ : Type u_1
h eta X U Ux Ueta : ℝ
⊢ 2 * eta * U + 2 * eta * X * Ux - (0 - h) * 2 * eta * U - (1 - eta ^ 2) * Ueta =
    (0 + h) * 2 * eta * U - (1 - eta ^ 2) * Ueta + 2 * eta * X * Ux
/workspace/scratch/afa9cd11a21b/mathscope-m1/navier/followup-next/source-coherence/CoreAlgebra.lean:22:14: error(lean.synthInstanceFailed): failed to synthesize instance of type class
  HMul ℝ ℝ ?m.274

Hint: Type class instance resolution failures can be inspected with the `set_option trace.Meta.synthInstance true` command.
/workspace/scratch/afa9cd11a21b/mathscope-m1/navier/followup-next/source-coherence/CoreAlgebra.lean:17:10: error(lean.synthInstanceFailed): failed to synthesize instance of type class
  HMul ℕ ℝ ?m.76

Hint: Type class instance resolution failures can be inspected with the `set_option trace.Meta.synthInstance true` command.
/workspace/scratch/afa9cd11a21b/mathscope-m1/navier/followup-next/source-coherence/CoreAlgebra.lean:17:13: error(lean.synthInstanceFailed): failed to synthesize instance of type class
  HSub ℕ ℝ ℕ

Hint: Type class instance resolution failures can be inspected with the `set_option trace.Meta.synthInstance true` command.
/workspace/scratch/afa9cd11a21b/mathscope-m1/navier/followup-next/source-coherence/CoreAlgebra.lean:17:29: error(lean.synthInstanceFailed): failed to synthesize instance of type class
  HSub ℕ ℝ ?m.92

Hint: Type class instance resolution failures can be inspected with the `set_option trace.Meta.synthInstance true` command.
/workspace/scratch/afa9cd11a21b/mathscope-m1/navier/followup-next/source-coherence/CoreAlgebra.lean:17:31: error(lean.synthInstanceFailed): failed to synthesize instance of type class
  HPow ℝ ℕ ℝ

Hint: Type class instance resolution failures can be inspected with the `set_option trace.Meta.synthInstance true` command.
/workspace/scratch/afa9cd11a21b/mathscope-m1/navier/followup-next/source-coherence/CoreAlgebra.lean:17:45: error(lean.synthInstanceFailed): failed to synthesize instance of type class
  HMul ℕ ℝ ?m.106

Hint: Type class instance resolution failures can be inspected with the `set_option trace.Meta.synthInstance true` command.
/workspace/scratch/afa9cd11a21b/mathscope-m1/navier/followup-next/source-coherence/CoreAlgebra.lean:18:9: error(lean.synthInstanceFailed): failed to synthesize instance of type class
  HMul ℕ ℝ ?m.126

Hint: Type class instance resolution failures can be inspected with the `set_option trace.Meta.synthInstance true` command.
/workspace/scratch/afa9cd11a21b/mathscope-m1/navier/followup-next/source-coherence/CoreAlgebra.lean:18:13: error(lean.synthInstanceFailed): failed to synthesize instance of type class
  HMul ℕ ℝ ?m.122

Hint: Type class instance resolution failures can be inspected with the `set_option trace.Meta.synthInstance true` command.
/workspace/scratch/afa9cd11a21b/mathscope-m1/navier/followup-next/source-coherence/CoreAlgebra.lean:18:22: error(lean.synthInstanceFailed): failed to synthesize instance of type class
  HSub ℕ ℝ ℤ

Hint: Type class instance resolution failures can be inspected with the `set_option trace.Meta.synthInstance true` command.
/workspace/scratch/afa9cd11a21b/mathscope-m1/navier/followup-next/source-coherence/CoreAlgebra.lean:18:28: error(lean.synthInstanceFailed): failed to synthesize instance of type class
  HMul ℕ ℝ ?m.146

Hint: Type class instance resolution failures can be inspected with the `set_option trace.Meta.synthInstance true` command.
/workspace/scratch/afa9cd11a21b/mathscope-m1/navier/followup-next/source-coherence/CoreAlgebra.lean:19:6: error(lean.synthInstanceFailed): failed to synthesize instance of type class
  HSub ℕ ℝ ?m.166

Hint: Type class instance resolution failures can be inspected with the `set_option trace.Meta.synthInstance true` command.
/workspace/scratch/afa9cd11a21b/mathscope-m1/navier/followup-next/source-coherence/CoreAlgebra.lean:19:18: error(lean.synthInstanceFailed): failed to synthesize instance of type class
  HMul ℕ ℝ ?m.174

Hint: Type class instance resolution failures can be inspected with the `set_option trace.Meta.synthInstance true` command.
/workspace/scratch/afa9cd11a21b/mathscope-m1/navier/followup-next/source-coherence/CoreAlgebra.lean:20:6: error(lean.synthInstanceFailed): failed to synthesize instance of type class
  HSub ℕ ℝ ℤ

Hint: Type class instance resolution failures can be inspected with the `set_option trace.Meta.synthInstance true` command.
/workspace/scratch/afa9cd11a21b/mathscope-m1/navier/followup-next/source-coherence/CoreAlgebra.lean:20:8: error(lean.synthInstanceFailed): failed to synthesize instance of type class
  HPow ℝ ℕ ℝ

Hint: Type class instance resolution failures can be inspected with the `set_option trace.Meta.synthInstance true` command.
/workspace/scratch/afa9cd11a21b/mathscope-m1/navier/followup-next/source-coherence/CoreAlgebra.lean:20:22: error(lean.synthInstanceFailed): failed to synthesize instance of type class
  HMul ℕ ℝ ?m.198

Hint: Type class instance resolution failures can be inspected with the `set_option trace.Meta.synthInstance true` command.
/workspace/scratch/afa9cd11a21b/mathscope-m1/navier/followup-next/source-coherence/CoreAlgebra.lean:20:32: error(lean.synthInstanceFailed): failed to synthesize instance of type class
  HMul ℕ ℝ ?m.210

Hint: Type class instance resolution failures can be inspected with the `set_option trace.Meta.synthInstance true` command.
/workspace/scratch/afa9cd11a21b/mathscope-m1/navier/followup-next/source-coherence/CoreAlgebra.lean:21:5: error(lean.synthInstanceFailed): failed to synthesize instance of type class
  HMul ℕ ℝ ?m.250

Hint: Type class instance resolution failures can be inspected with the `set_option trace.Meta.synthInstance true` command.
/workspace/scratch/afa9cd11a21b/mathscope-m1/navier/followup-next/source-coherence/CoreAlgebra.lean:21:11: error(lean.synthInstanceFailed): failed to synthesize instance of type class
  HSub ℕ ℝ ?m.239

Hint: Type class instance resolution failures can be inspected with the `set_option trace.Meta.synthInstance true` command.
/workspace/scratch/afa9cd11a21b/mathscope-m1/navier/followup-next/source-coherence/CoreAlgebra.lean:21:26: error(lean.synthInstanceFailed): failed to synthesize instance of type class
  HMul ℕ ℝ ?m.258

Hint: Type class instance resolution failures can be inspected with the `set_option trace.Meta.synthInstance true` command.
Try this:
  [apply] ring_nf
  
  The `ring` tactic failed to close the goal. Use `ring_nf` to obtain a normal form.
    
  Note that `ring` works primarily in *commutative* rings. If you have a noncommutative ring, abelian group or module, consider using `noncomm_ring`, `abel` or `module` instead.
/workspace/scratch/afa9cd11a21b/mathscope-m1/navier/followup-next/source-coherence/CoreAlgebra.lean:23:45: error: unsolved goals
ℝ : Type u_1
h eta X F Fx Feta U Ueta NW : ℝ
⊢ sorry
/workspace/scratch/afa9cd11a21b/mathscope-m1/navier/followup-next/source-coherence/CoreAlgebra.lean:27:42: error(lean.synthInstanceFailed): failed to synthesize instance of type class
  HMul ℝ ℝ ?m.134

Hint: Type class instance resolution failures can be inspected with the `set_option trace.Meta.synthInstance true` command.
/workspace/scratch/afa9cd11a21b/mathscope-m1/navier/followup-next/source-coherence/CoreAlgebra.lean:27:4: error(lean.synthInstanceFailed): failed to synthesize instance of type class
  HMul ℤ ℝ ?m.130

Hint: Type class instance resolution failures can be inspected with the `set_option trace.Meta.synthInstance true` command.
/workspace/scratch/afa9cd11a21b/mathscope-m1/navier/followup-next/source-coherence/CoreAlgebra.lean:27:8: error(lean.synthInstanceFailed): failed to synthesize instance of type class
  HMul ℕ ℝ ?m.102

Hint: Type class instance resolution failures can be inspected with the `set_option trace.Meta.synthInstance true` command.
/workspace/scratch/afa9cd11a21b/mathscope-m1/navier/followup-next/source-coherence/CoreAlgebra.lean:27:11: error(lean.synthInstanceFailed): failed to synthesize instance of type class
  HSub ℕ ℝ ℕ

Hint: Type class instance resolution failures can be inspected with the `set_option trace.Meta.synthInstance true` command.
/workspace/scratch/afa9cd11a21b/mathscope-m1/navier/followup-next/source-coherence/CoreAlgebra.lean:27:25: error(lean.synthInstanceFailed): failed to synthesize instance of type class
  HSub ℕ ℝ ?m.118

Hint: Type class instance resolution failures can be inspected with the `set_option trace.Meta.synthInstance true` command.
/workspace/scratch/afa9cd11a21b/mathscope-m1/navier/followup-next/source-coherence/CoreAlgebra.lean:27:27: error(lean.synthInstanceFailed): failed to synthesize instance of type class
  HPow ℝ ℕ ℝ

Hint: Type class instance resolution failures can be inspected with the `set_option trace.Meta.synthInstance true` command.
Try this:
  [apply] ring_nf
  
  The `ring` tactic failed to close the goal. Use `ring_nf` to obtain a normal form.
    
  Note that `ring` works primarily in *commutative* rings. If you have a noncommutative ring, abelian group or module, consider using `noncomm_ring`, `abel` or `module` instead.
/workspace/scratch/afa9cd11a21b/mathscope-m1/navier/followup-next/source-coherence/CoreAlgebra.lean:34:53: error: unsolved goals
ℝ : Type u_1
h eta X F Feta U Ux Ueta NW Pi Pieta : ℝ
⊢ sorry
/workspace/scratch/afa9cd11a21b/mathscope-m1/navier/followup-next/source-coherence/CoreAlgebra.lean:37:4: error(lean.synthInstanceFailed): failed to synthesize instance of type class
  HSub ℝ ℝ ?m.20

Hint: Type class instance resolution failures can be inspected with the `set_option trace.Meta.synthInstance true` command.
/workspace/scratch/afa9cd11a21b/mathscope-m1/navier/followup-next/source-coherence/CoreAlgebra.lean:37:4: error(lean.synthInstanceFailed): failed to synthesize instance of type class
  HPow ℝ ℕ ℝ

Hint: Type class instance resolution failures can be inspected with the `set_option trace.Meta.synthInstance true` command.
/workspace/scratch/afa9cd11a21b/mathscope-m1/navier/followup-next/source-coherence/CoreAlgebra.lean:37:8: error(lean.synthInstanceFailed): failed to synthesize instance of type class
  HPow ℝ ℕ ℝ

Hint: Type class instance resolution failures can be inspected with the `set_option trace.Meta.synthInstance true` command.
Try this:
  [apply] ring_nf
  
  The `ring` tactic failed to close the goal. Use `ring_nf` to obtain a normal form.
    
  Note that `ring` works primarily in *commutative* rings. If you have a noncommutative ring, abelian group or module, consider using `noncomm_ring`, `abel` or `module` instead.
/workspace/scratch/afa9cd11a21b/mathscope-m1/navier/followup-next/source-coherence/CoreAlgebra.lean:37:33: error: unsolved goals
ℝ : Type u_1
U c : ℝ
⊢ sorry
/workspace/scratch/afa9cd11a21b/mathscope-m1/navier/followup-next/source-coherence/CoreAlgebra.lean:40:10: error(lean.synthInstanceFailed): failed to synthesize instance of type class
  LT ℝ

Hint: Type class instance resolution failures can be inspected with the `set_option trace.Meta.synthInstance true` command.
/workspace/scratch/afa9cd11a21b/mathscope-m1/navier/followup-next/source-coherence/CoreAlgebra.lean:40:24: error(lean.synthInstanceFailed): failed to synthesize instance of type class
  LT ℝ

Hint: Type class instance resolution failures can be inspected with the `set_option trace.Meta.synthInstance true` command.
/workspace/scratch/afa9cd11a21b/mathscope-m1/navier/followup-next/source-coherence/CoreAlgebra.lean:40:39: error(lean.synthInstanceFailed): failed to synthesize instance of type class
  LE ℝ

Hint: Type class instance resolution failures can be inspected with the `set_option trace.Meta.synthInstance true` command.
/workspace/scratch/afa9cd11a21b/mathscope-m1/navier/followup-next/source-coherence/CoreAlgebra.lean:41:4: error(lean.synthInstanceFailed): failed to synthesize instance of type class
  LT ℝ

Hint: Type class instance resolution failures can be inspected with the `set_option trace.Meta.synthInstance true` command.
/workspace/scratch/afa9cd11a21b/mathscope-m1/navier/followup-next/source-coherence/CoreAlgebra.lean:40:10: error(lean.synthInstanceFailed): failed to synthesize instance of type class
  OfNat ℝ 0
numerals are polymorphic in Lean, but the numeral `0` cannot be used in a context where the expected type is
  ℝ
due to the absence of the instance above

Hint: Type class instance resolution failures can be inspected with the `set_option trace.Meta.synthInstance true` command.
/workspace/scratch/afa9cd11a21b/mathscope-m1/navier/followup-next/source-coherence/CoreAlgebra.lean:40:47: error(lean.synthInstanceFailed): failed to synthesize instance of type class
  OfNat ℝ 1
numerals are polymorphic in Lean, but the numeral `1` cannot be used in a context where the expected type is
  ℝ
due to the absence of the instance above

Hint: Type class instance resolution failures can be inspected with the `set_option trace.Meta.synthInstance true` command.
/workspace/scratch/afa9cd11a21b/mathscope-m1/navier/followup-next/source-coherence/CoreAlgebra.lean:41:4: error(lean.synthInstanceFailed): failed to synthesize instance of type class
  OfNat ℝ 0
numerals are polymorphic in Lean, but the numeral `0` cannot be used in a context where the expected type is
  ℝ
due to the absence of the instance above

Hint: Type class instance resolution failures can be inspected with the `set_option trace.Meta.synthInstance true` command.
/workspace/scratch/afa9cd11a21b/mathscope-m1/navier/followup-next/source-coherence/CoreAlgebra.lean:40:28: error(lean.synthInstanceFailed): failed to synthesize instance of type class
  HDiv ℕ ℕ ℝ

Hint: Type class instance resolution failures can be inspected with the `set_option trace.Meta.synthInstance true` command.
/workspace/scratch/afa9cd11a21b/mathscope-m1/navier/followup-next/source-coherence/CoreAlgebra.lean:40:39: error(lean.synthInstanceFailed): failed to synthesize instance of type class
  HPow ℝ ℕ ℝ

Hint: Type class instance resolution failures can be inspected with the `set_option trace.Meta.synthInstance true` command.
/workspace/scratch/afa9cd11a21b/mathscope-m1/navier/followup-next/source-coherence/CoreAlgebra.lean:41:10: error(lean.synthInstanceFailed): failed to synthesize instance of type class
  HMul ℕ ℝ ?m.42

Hint: Type class instance resolution failures can be inspected with the `set_option trace.Meta.synthInstance true` command.
/workspace/scratch/afa9cd11a21b/mathscope-m1/navier/followup-next/source-coherence/CoreAlgebra.lean:41:14: error(lean.synthInstanceFailed): failed to synthesize instance of type class
  HPow ℝ ℕ ℝ

Hint: Type class instance resolution failures can be inspected with the `set_option trace.Meta.synthInstance true` command.
/workspace/scratch/afa9cd11a21b/mathscope-m1/navier/followup-next/source-coherence/CoreAlgebra.lean:41:26: error: linarith failed to find a contradiction
ℝ : Type u_1
h eta : ℝ
hh : sorry
hh2 : sorry
he : sorry
⊢ False
failed
/workspace/scratch/afa9cd11a21b/mathscope-m1/navier/followup-next/source-coherence/CoreAlgebra.lean:47:5: error(lean.synthInstanceFailed): failed to synthesize instance of type class
  OfNat ℝ 33065
numerals are polymorphic in Lean, but the numeral `33065` cannot be used in a context where the expected type is
  ℝ
due to the absence of the instance above

Hint: Type class instance resolution failures can be inspected with the `set_option trace.Meta.synthInstance true` command.
/workspace/scratch/afa9cd11a21b/mathscope-m1/navier/followup-next/source-coherence/CoreAlgebra.lean:47:4: error(lean.synthInstanceFailed): failed to synthesize instance of type class
  HDiv ℝ ℕ ?m.28

Hint: Type class instance resolution failures can be inspected with the `set_option trace.Meta.synthInstance true` command.
/workspace/scratch/afa9cd11a21b/mathscope-m1/navier/followup-next/source-coherence/CoreAlgebra.lean:47:66: error: unsolved goals
ℝ : Type u_1
⊢ False
/workspace/scratch/afa9cd11a21b/mathscope-m1/navier/followup-next/source-coherence/CoreAlgebra.lean:49:5: error(lean.synthInstanceFailed): failed to synthesize instance of type class
  OfNat ℝ 29309
numerals are polymorphic in Lean, but the numeral `29309` cannot be used in a context where the expected type is
  ℝ
due to the absence of the instance above

Hint: Type class instance resolution failures can be inspected with the `set_option trace.Meta.synthInstance true` command.
/workspace/scratch/afa9cd11a21b/mathscope-m1/navier/followup-next/source-coherence/CoreAlgebra.lean:49:4: error(lean.synthInstanceFailed): failed to synthesize instance of type class
  HDiv ℝ ℕ ?m.28

Hint: Type class instance resolution failures can be inspected with the `set_option trace.Meta.synthInstance true` command.
/workspace/scratch/afa9cd11a21b/mathscope-m1/navier/followup-next/source-coherence/CoreAlgebra.lean:49:66: error: unsolved goals
ℝ : Type u_1
⊢ False
/workspace/scratch/afa9cd11a21b/mathscope-m1/navier/followup-next/source-coherence/CoreAlgebra.lean:51:5: error(lean.synthInstanceFailed): failed to synthesize instance of type class
  OfNat ℝ 3204447
numerals are polymorphic in Lean, but the numeral `3204447` cannot be used in a context where the expected type is
  ℝ
due to the absence of the instance above

Hint: Type class instance resolution failures can be inspected with the `set_option trace.Meta.synthInstance true` command.
/workspace/scratch/afa9cd11a21b/mathscope-m1/navier/followup-next/source-coherence/CoreAlgebra.lean:51:4: error(lean.synthInstanceFailed): failed to synthesize instance of type class
  HDiv ℝ ℕ ?m.46

Hint: Type class instance resolution failures can be inspected with the `set_option trace.Meta.synthInstance true` command.
/workspace/scratch/afa9cd11a21b/mathscope-m1/navier/followup-next/source-coherence/CoreAlgebra.lean:51:70: error: unsolved goals
ℝ : Type u_1
⊢ False
/workspace/scratch/afa9cd11a21b/mathscope-m1/navier/followup-next/source-coherence/CoreAlgebra.lean:53:5: error(lean.synthInstanceFailed): failed to synthesize instance of type class
  OfNat ℝ 7290926
numerals are polymorphic in Lean, but the numeral `7290926` cannot be used in a context where the expected type is
  ℝ
due to the absence of the instance above

Hint: Type class instance resolution failures can be inspected with the `set_option trace.Meta.synthInstance true` command.
/workspace/scratch/afa9cd11a21b/mathscope-m1/navier/followup-next/source-coherence/CoreAlgebra.lean:53:4: error(lean.synthInstanceFailed): failed to synthesize instance of type class
  HDiv ℝ ℕ ?m.46

Hint: Type class instance resolution failures can be inspected with the `set_option trace.Meta.synthInstance true` command.
/workspace/scratch/afa9cd11a21b/mathscope-m1/navier/followup-next/source-coherence/CoreAlgebra.lean:53:71: error: unsolved goals
ℝ : Type u_1
⊢ False
/workspace/scratch/afa9cd11a21b/mathscope-m1/navier/followup-next/source-coherence/CoreAlgebra.lean:55:5: error(lean.synthInstanceFailed): failed to synthesize instance of type class
  OfNat ℝ 4080614
numerals are polymorphic in Lean, but the numeral `4080614` cannot be used in a context where the expected type is
  ℝ
due to the absence of the instance above

Hint: Type class instance resolution failures can be inspected with the `set_option trace.Meta.synthInstance true` command.
/workspace/scratch/afa9cd11a21b/mathscope-m1/navier/followup-next/source-coherence/CoreAlgebra.lean:55:4: error(lean.synthInstanceFailed): failed to synthesize instance of type class
  HDiv ℝ ℕ ?m.46

Hint: Type class instance resolution failures can be inspected with the `set_option trace.Meta.synthInstance true` command.
/workspace/scratch/afa9cd11a21b/mathscope-m1/navier/followup-next/source-coherence/CoreAlgebra.lean:55:70: error: unsolved goals
ℝ : Type u_1
⊢ False
/workspace/scratch/afa9cd11a21b/mathscope-m1/navier/followup-next/source-coherence/CoreAlgebra.lean:59:7: error(lean.unknownIdentifier): Unknown identifier `MathScope.SourceCoherence.radial_flux_identity`
/workspace/scratch/afa9cd11a21b/mathscope-m1/navier/followup-next/source-coherence/CoreAlgebra.lean:60:14: error(lean.unknownIdentifier): Unknown constant `MathScope.SourceCoherence.radial_flux_identity`
[Error pretty printing signature: incorrect number of universe levels MathScope.SourceCoherence.angular_integrated_source_identity]
MathScope.SourceCoherence.angular_integrated_source_identity
'MathScope.SourceCoherence.angular_integrated_source_identity' does not depend on any axioms
[Error pretty printing signature: incorrect number of universe levels MathScope.SourceCoherence.axial_integrated_source_identity]
MathScope.SourceCoherence.axial_integrated_source_identity
'MathScope.SourceCoherence.axial_integrated_source_identity' does not depend on any axioms
[Error pretty printing signature: incorrect number of universe levels MathScope.SourceCoherence.centered_energy_debt_identity]
MathScope.SourceCoherence.centered_energy_debt_identity
'MathScope.SourceCoherence.centered_energy_debt_identity' does not depend on any axioms
[Error pretty printing signature: incorrect number of universe levels MathScope.SourceCoherence.physical_axis_denominator_positive]
MathScope.SourceCoherence.physical_axis_denominator_positive
'MathScope.SourceCoherence.physical_axis_denominator_positive' does not depend on any axioms
/workspace/scratch/afa9cd11a21b/mathscope-m1/navier/followup-next/source-coherence/CoreAlgebra.lean:69:7: error(lean.unknownIdentifier): Unknown identifier `MathScope.SourceCoherence.first_preconditioned_U_margin`
/workspace/scratch/afa9cd11a21b/mathscope-m1/navier/followup-next/source-coherence/CoreAlgebra.lean:70:14: error(lean.unknownIdentifier): Unknown constant `MathScope.SourceCoherence.first_preconditioned_U_margin`
/workspace/scratch/afa9cd11a21b/mathscope-m1/navier/followup-next/source-coherence/CoreAlgebra.lean:71:7: error(lean.unknownIdentifier): Unknown identifier `MathScope.SourceCoherence.second_preconditioned_U_margin`
/workspace/scratch/afa9cd11a21b/mathscope-m1/navier/followup-next/source-coherence/CoreAlgebra.lean:72:14: error(lean.unknownIdentifier): Unknown constant `MathScope.SourceCoherence.second_preconditioned_U_margin`
/workspace/scratch/afa9cd11a21b/mathscope-m1/navier/followup-next/source-coherence/CoreAlgebra.lean:73:7: error(lean.unknownIdentifier): Unknown identifier `MathScope.SourceCoherence.first_preconditioned_E_margin`
/workspace/scratch/afa9cd11a21b/mathscope-m1/navier/followup-next/source-coherence/CoreAlgebra.lean:74:14: error(lean.unknownIdentifier): Unknown constant `MathScope.SourceCoherence.first_preconditioned_E_margin`
/workspace/scratch/afa9cd11a21b/mathscope-m1/navier/followup-next/source-coherence/CoreAlgebra.lean:75:7: error(lean.unknownIdentifier): Unknown identifier `MathScope.SourceCoherence.second_preconditioned_E_margin`
/workspace/scratch/afa9cd11a21b/mathscope-m1/navier/followup-next/source-coherence/CoreAlgebra.lean:76:14: error(lean.unknownIdentifier): Unknown constant `MathScope.SourceCoherence.second_preconditioned_E_margin`
/workspace/scratch/afa9cd11a21b/mathscope-m1/navier/followup-next/source-coherence/CoreAlgebra.lean:77:7: error(lean.unknownIdentifier): Unknown identifier `MathScope.SourceCoherence.third_preconditioned_E_margin`
/workspace/scratch/afa9cd11a21b/mathscope-m1/navier/followup-next/source-coherence/CoreAlgebra.lean:78:14: error(lean.unknownIdentifier): Unknown constant `MathScope.SourceCoherence.third_preconditioned_E_margin`
