ℹ [9527/9580] Replayed NavierStokes.ComparatorSolution
info: NavierStokes/ComparatorSolution.lean:31:0: 'NavierStokes.Comparator.navier_stokes_breakdown_R3' depends on axioms: [propext, Classical.choice, Quot.sound]
info: NavierStokes/ComparatorSolution.lean:32:0: 'NavierStokes.Comparator.navier_stokes_breakdown_periodic' depends on axioms: [propext, Classical.choice, Quot.sound]
⚠ [11204/11424] Replayed ComparatorChallenges.NavierStokes
warning: ComparatorChallenges/NavierStokes.lean:273:8: declaration uses `sorry`
warning: ComparatorChallenges/NavierStokes.lean:280:8: declaration uses `sorry`
⚠ [11205/11424] Replayed ComparatorChallenges.Euler
warning: ComparatorChallenges/Euler.lean:85:8: declaration uses `sorry`
warning: ComparatorChallenges/Euler.lean:170:8: declaration uses `sorry`
✔ [11210/11424] Built Euler.ParentPacketJoinedInput (9.5s)
✔ [11211/11424] Built Euler.ParentPacketForwardInput (9.4s)
✔ [11212/11424] Built Euler.BaseEulerGuards (9.5s)
✔ [11213/11424] Built Euler.PacketExactEulerianField (9.5s)
✔ [11214/11424] Built Euler.ParentStageHorizon (10s)
✔ [11216/11424] Built Euler.ParentNormalizedGeometry (11s)
✔ [11217/11424] Built Euler.ParentPacketNeighborBounds (11s)
✔ [11218/11424] Built Euler.OrdinarySmoothLimit (19s)
✔ [11219/11424] Built Euler.OrdinaryLogarithmicGradient (14s)
✔ [11220/11424] Built Euler.OrdinaryEulerKineticEnergy (14s)
✔ [11221/11424] Built Euler.CompactProjectedPairing (14s)
✔ [11222/11424] Built Euler.ParentForwardGeometryInput (12s)
✔ [11223/11424] Built Euler.OrdinaryEulerUniqueness (14s)
✔ [11224/11424] Built Euler.PacketForwardInitializedFlowBounds (14s)
✔ [11225/11424] Built Euler.ConstantEulerGraph (26s)
✔ [11226/11424] Built Euler.PacketPhysicalCostPolynomial (16s)
✔ [11227/11424] Built Euler.ParentNormalizedEuler (16s)
✔ [11228/11424] Built Euler.ParentPacketGeometryInput (17s)
✔ [11229/11424] Built Euler.ParentParticleInverse (15s)
✔ [11230/11424] Built Euler.ParentPacketHistoryLowBounds (17s)
✔ [11231/11424] Built Euler.BaseEulerSign (23s)
✔ [11232/11424] Built Euler.PacketInitializedFlowAndShear (19s)
✔ [11233/11424] Built Euler.ParentStageDirection (20s)
✔ [11234/11424] Built Euler.ParentInitializedRadiusPolynomial (20s)
✔ [11235/11424] Built Euler.ParentForwardGeometryGuards (18s)
✔ [11236/11424] Built Euler.OrdinaryEulerLogarithmicControl (7.2s)
✔ [11237/11424] Built Euler.SmoothL2Series (13s)
✔ [11238/11424] Built Euler.ParentPacketHistoryNeighbor (13s)
✔ [11239/11424] Built Euler.OrdinaryAdvectionLimit (13s)
✔ [11240/11424] Built Euler.OrdinarySmoothingOperator (13s)
✔ [11241/11424] Built Euler.PacketGeometryProfileEnvelope (13s)
✔ [11242/11424] Built Euler.PacketForwardInitializedFlowAndShear (17s)
✔ [11243/11424] Built Euler.StaticEulerTime (16s)
✔ [11244/11424] Built Euler.ParentPacketSobolevFields (10s)
✔ [11245/11424] Built Euler.StaticEulerSolution (12s)
✔ [11246/11424] Built Euler.PacketInitializedOutputCosts (12s)
✔ [11247/11424] Built Euler.ParentPacketExactEuler (12s)
✔ [11248/11424] Built Euler.ParentParticleRegularity (35s)
✔ [11249/11424] Built Euler.ParentPacketParity (48s)
✔ [11250/11424] Built Euler.PacketParameterEnvelope (44s)
✔ [11251/11424] Built Euler.PacketInitializedChildBounds (45s)
✔ [11252/11424] Built Euler.ParentForwardRadiusPolynomial (44s)
✔ [11253/11424] Built Euler.BaseEulerParent (46s)
✔ [11254/11424] Built Euler.ParentShortForwardRadius (45s)
✔ [11255/11424] Built Euler.ParentPacketGeometryGuards (55s)
✔ [11256/11424] Built Euler.StaticEulerRegularity (66s)
✔ [11257/11424] Built Euler.OrdinaryRegularizer (66s)
✔ [11258/11424] Built Euler.PacketForwardInitializedChildShear (66s)
✔ [11259/11424] Built Euler.OrdinaryEulerLimit (67s)
✔ [11260/11424] Built Euler.OrdinaryRegularizedEquation (67s)
✔ [11261/11424] Built Euler.ParentPacketHistoryPolynomial (68s)
✔ [11262/11424] Built Euler.StaticEulerParity (146s)
✔ [11263/11424] Built Euler.ParentEulerState (114s)
✔ [11264/11424] Built Euler.PacketForwardOutputCosts (115s)
✔ [11265/11424] Built Euler.PacketSourceUniformEnvelope (115s)
✔ [11266/11424] Built Euler.ParentPacketExactDivergence (115s)
✔ [11267/11424] Built Euler.PacketInitializedUniformFlow (119s)
✔ [11268/11424] Built Euler.ParentPacketExactPressure (118s)
✔ [11269/11424] Built Euler.CompactProjectedEulerLaw (342s)
✔ [11270/11424] Built Euler.ComparatorEvolutionIdentification (340s)
✔ [11271/11424] Built Euler.BaseEulerParity (93s)
✔ [11272/11424] Built Euler.StaticEulerForceField (93s)
✔ [11273/11424] Built Euler.ParentPacketCorrectionParity (93s)
✔ [11274/11424] Built Euler.ParentPacketChildChoice (94s)
✔ [11275/11424] Built Euler.ParentPacketForwardChildChoice (90s)
✔ [11276/11424] Built Euler.StaticEulerGevrey (94s)
✔ [11277/11424] Built Euler.BaseEulerFlowL2 (97s)
✔ [11278/11424] Built Euler.ParentEulerLowBounds (6.8s)
✔ [11279/11424] Built Euler.PacketPressureSymmetry (6.0s)
✔ [11280/11424] Built Euler.OrdinaryEulerCauchy (11s)
✔ [11281/11424] Built Euler.ParentPacketBadRatioPolynomial (12s)
✔ [11282/11424] Built Euler.OrdinaryRegularizedFlow (16s)
✔ [11283/11424] Built Euler.PacketForwardUniformFlow (12s)
✔ [11284/11424] Built Euler.ParentPacketNeighborPolynomial (12s)
✔ [11285/11424] Built Euler.ParentEulerParity (9.3s)
✔ [11286/11424] Built Euler.ParentEulerSobolev (9.0s)
✔ [11287/11424] Built Euler.PacketInitialCostPolynomial (7.4s)
✔ [11288/11424] Built Euler.ParentForwardUniformCosts (7.8s)
✔ [11289/11424] Built Euler.BaseEulerLabelData (3.3s)
✔ [11290/11424] Built Euler.ParentChildEulerMatch (3.8s)
✔ [11291/11424] Built Euler.ParentInitializedUniformCosts (8.6s)
✔ [11292/11424] Built Euler.PacketInitializedUniformChild (5.1s)
✔ [11293/11424] Built Euler.OrdinaryGradientLimit (3.9s)
✔ [11294/11424] Built Euler.PacketChildFieldMatch (6.4s)
✔ [11295/11424] Built Euler.PacketCurlTransport (5.1s)
✔ [11296/11424] Built Euler.OrdinaryEulerLocalCauchy (3.7s)
✔ [11297/11424] Built Euler.OrdinaryRegularizationError (5.3s)
✔ [11298/11424] Built Euler.OrdinaryRegularizedEnergy (4.7s)
✔ [11299/11424] Built Euler.PacketForwardUniformChild (5.1s)
✔ [11300/11424] Built Euler.ParentPacketNeighborScaleGuard (4.9s)
✔ [11301/11424] Built Euler.ParentPacketParameterCaps (4.7s)
✔ [11302/11424] Built Euler.ParentOrdinaryEvolution (4.3s)
✔ [11303/11424] Built Euler.PacketPressureScaleCosts (6.8s)
✔ [11304/11424] Built Euler.ParentEulerEndpoints (4.9s)
✔ [11305/11424] Built Euler.ParentEulerChild (4.2s)
✔ [11306/11424] Built Euler.PacketUniformInitialBounds (6.1s)
✔ [11307/11424] Built Euler.BaseStaticEuler (5.3s)
✔ [11308/11424] Built Euler.ParentUniformJoinedChild (4.5s)
✔ [11309/11424] Built Euler.OrdinaryEulerEndpoint (4.4s)
✔ [11310/11424] Built Euler.ParentForwardInitialSupport (4.2s)
✔ [11311/11424] Built Euler.ParentUniformForwardChild (4.0s)
✔ [11312/11424] Built Euler.ParentNeighborThreshold (4.0s)
✔ [11313/11424] Built Euler.PacketGeometryInitialAmplitude (4.1s)
✔ [11314/11424] Built Euler.OrdinaryPerturbedEnergy (6.3s)
✔ [11315/11424] Built Euler.PacketInitialPolynomialBounds (3.5s)
✔ [11316/11424] Built Euler.BaseEulerInput (3.6s)
✔ [11317/11424] Built Euler.PacketGeometryPressureCosts (4.5s)
✔ [11318/11424] Built Euler.ParentEulerSobolevChild (4.4s)
✔ [11319/11424] Built Euler.OrdinaryEulerLifespan (3.1s)
✔ [11320/11424] Built Euler.PacketChildLowBounds (10s)
✔ [11321/11424] Built Euler.BaseEulerSobolev (2.8s)
✔ [11322/11424] Built Euler.OrdinaryRegularizedCauchy (4.2s)
✔ [11323/11424] Built Euler.PacketPressureSeries (3.2s)
✔ [11324/11424] Built Euler.ParentState (2.8s)
✔ [11325/11424] Built Euler.ParentGeometryInitialBounds (4.8s)
✔ [11326/11424] Built Euler.OrdinaryEulerConcatenation (4.5s)
✔ [11327/11424] Built Euler.OrdinaryEulerMaximal (5.7s)
✔ [11328/11424] Built Euler.ParentInitializedState (4.4s)
✔ [11329/11424] Built Euler.PacketCommonScaleChoice (4.6s)
✔ [11330/11424] Built Euler.BaseEulerState (5.3s)
✔ [11331/11424] Built Euler.ParentStateGeometry (5.2s)
✔ [11332/11424] Built Euler.OrdinaryEulerLocalExistence (6.1s)
✔ [11333/11424] Built Euler.PacketInitialInput (5.9s)
✔ [11334/11424] Built Euler.BaseSmoothState (2.6s)
✔ [11335/11424] Built Euler.OrdinaryEulerSobolevClass (5.4s)
✔ [11336/11424] Built Euler.ParentPacketStateGeometry (3.5s)
✔ [11337/11424] Built Euler.PacketForwardChildLowBounds (9.6s)
✔ [11338/11424] Built Euler.PacketInitialSummability (3.0s)
✔ [11339/11424] Built Euler.OrdinaryEulerContinuation (4.2s)
✔ [11340/11424] Built Euler.ParentRenewalParameters (6.8s)
✔ [11341/11424] Built Euler.BasePacketSetup (6.1s)
✔ [11342/11424] Built Euler.ParentPacketInitialLowBounds (5.3s)
✔ [11343/11424] Built Euler.OrdinaryBKMReduction (4.6s)
✔ [11344/11424] Built Euler.PacketInitialSmoothLimit (7.0s)
✔ [11345/11424] Built Euler.ParentHomogeneousPacketLowBounds (8.2s)
✔ [11346/11424] Built Euler.OrdinaryEulerClassicalClass (11s)
✔ [11347/11424] Built Euler.ParentGeometryForwardChoiceNoOptions (17s)
✔ [11348/11424] Built Euler.OrdinaryMaximalVorticity (16s)
✔ [11349/11424] Built Euler.OrdinaryEulerNontriviality (15s)
✔ [11350/11424] Built Euler.ParentGeometryForwardChoice (21s)
✔ [11351/11424] Built Euler.BasePacketFrameValues (10s)
✔ [11352/11424] Built Euler.ParentRenewalScaleCosts (14s)
✔ [11353/11424] Built Euler.BasePacketUniformCosts (14s)
✔ [11354/11424] Built Euler.ParentTargetRenewal (39s)
✔ [11355/11424] Built Euler.ParentFirstPacketLowGuards (45s)
✔ [11356/11424] Built Euler.ParentPacketChildLowGuards (46s)
✔ [11357/11424] Built Euler.PacketLowConstants (50s)
✔ [11358/11424] Built Euler.BasePacketLowBounds (47s)
✔ [11359/11424] Built Euler.PacketInitialExactLimit (47s)
✔ [11360/11424] Built Euler.OrdinaryMaximalVorticityIntegral (57s)
✔ [11361/11424] Built Euler.ParentRenewalScaleApplication (34s)
✔ [11362/11424] Built Euler.BasePacketFrequencyCost (45s)
✔ [11363/11424] Built Euler.ParentNormalPacketParameters (45s)
✔ [11364/11424] Built Euler.ParentGeometryJoinedChoice (56s)
✔ [11365/11424] Built Euler.ParentGeometryJoinedChoiceInvestigation (56s)
✔ [11366/11424] Built Euler.BaseFirstPacket (57s)
✔ [11367/11424] Built Euler.OrdinaryEulerBKM (68s)
✔ [11368/11424] Built Euler.BaseFirstPacketScales (97s)
✔ [11369/11424] Built Euler.NormalPacketFrequencyGuards (96s)
✔ [11370/11424] Built Euler.ParentForwardNormalParameters (96s)
✔ [11371/11424] Built Euler.BaseFirstPacketChoiceNoOptions (119s)
✔ [11372/11424] Built Euler.ParentGeometryChoiceCenter (121s)
✔ [11373/11424] Built Euler.ParentGeometryChoiceLow (122s)
✔ [11374/11424] Built Euler.BaseFirstPacketChoice (181s)
✔ [11375/11424] Built Euler.PacketInductionScales (213s)
✔ [11376/11424] Built Euler.ParentGeometryChoiceRenewal (184s)
✔ [11377/11424] Built Euler.ParentGeometryChoiceInitial (188s)
✔ [11378/11424] Built Euler.BaseLiteralFirstPacket (207s)
✔ [11379/11424] Built Euler.BaseFirstPacketEvolution (226s)
✔ [11380/11424] Built Euler.BaseFirstPacketEvolutionNoOptions (226s)
✔ [11381/11424] Built Euler.ComparatorIdentification (581s)
✔ [11382/11424] Built Euler.PacketInductionScaleBounds (167s)
✔ [11383/11424] Built Euler.ParentChoiceInitialSupport (157s)
