✔ request normalization owns finite inputs, is idempotent and rejects unsupported resource fields (2.529433ms)
✔ all shipped example contracts are finite and use registered domain kinds (31.855031ms)
✔ an exact P1 computation has real differentials and its actual cohomology (17.017639ms)
✔ typed mathematical objects, installed source, exact input and finite result share one session graph (2386.889706ms)
✔ public JSON copies, invented receipts and mutated completed values cannot acquire execution authority (25.497485ms)
✔ rehashed metadata cannot rebind a real calculation to another object, source or adapter (40.132898ms)
✔ assumptions revised during a job make its pending interpretation unsavable, without mutating unrelated data (27.737859ms)
✔ immutable input snapshot survives caller edits while digest/execution is pending (14.108825ms)
✔ fresh replay matches actual values and refuses rehashed input/environment forgery (35.01118ms)
✔ real isolated Worker runs the same P1 algorithm and result as the local evaluator (192.584396ms)
✔ worker cancellation terminates a running calculation and retains truthful restart semantics (25.768221ms)
✔ worker watchdog refuses work after its hard time budget (112.362435ms)
✔ concurrent duplicate job identities are rejected atomically (16.487063ms)
✔ M1 schema rejects changing the object label without changing its actual mathematical operation (7.757027ms)
✔ a revised constructed gauge assumption cannot be overwritten by saving its original calculation again (578.794696ms)
✔ domain precision failures and malformed inputs never become completed calculations (1.0135ms)
✔ exact pinned Lean source comparison rejects one changed source and never claims browser compilation (19.828928ms)
✔ analytic and theorem adapter guards reject source-only promotion and unrecognized Lean targets (1.548601ms)
✔ WebMCP exposes bounded named operations and refuses unknown or oversized payloads (0.768897ms)
✔ new source constructions have unique, valid, finite shipped requests (12.029729ms)
✔ ns-axis-exact-bounds: isolated Worker, exact local result identity, and bounded source scope (1944.306936ms)
✔ ns-source-outer-repairs: isolated Worker, exact local result identity, and bounded source scope (1152.500248ms)
✔ ns-controlled-axis: isolated Worker, exact local result identity, and bounded source scope (987.851299ms)
✔ ns-controlled-source-datum: isolated Worker, exact local result identity, and bounded source scope (856.285987ms)
✔ ns-loop-zero-p2: isolated Worker, exact local result identity, and bounded source scope (160.814667ms)
✔ ns-loop-tilted: isolated Worker, exact local result identity, and bounded source scope (143.839487ms)
✔ ns-source-pressure-bounds: isolated Worker, exact local result identity, and bounded source scope (484.2439ms)
✔ ns-axis-source-exact-bounds: isolated Worker, exact local result identity, and bounded source scope (25268.159359ms)
✔ ns-source-radial-modulation: isolated Worker, exact local result identity, and bounded source scope (5693.603145ms)
✔ ns-source-radial-small-frequency: isolated Worker, exact local result identity, and bounded source scope (468.402471ms)
✔ ns-source-inner-gluing: isolated Worker, exact local result identity, and bounded source scope (1283.301274ms)
✔ exact axis certificate remains exact in M0, keeps theorem-reference premises, and replays freshly (2350.449582ms)
✔ all new component kinds bind to typed M0 objects without universal or continuum promotion (44.369389ms)
✔ actual B34/B8 debt, scope and source remain bound through M0 save and a fresh Worker replay (1755.614535ms)
✔ the actual large-amplitude source failure is retained by the integrated Worker (196.638893ms)
✔ new components preserve budget exhaustion, unsupported inputs and precision failures (8.178823ms)
✔ isolated source-profile work can be cancelled without issuing a completed certificate (21.753781ms)
✔ precision rejects malformed bits and an explicit operation budget is never silently increased (1.579267ms)
✔ All 59 actual example IDs have English labels with the original order and domain (1.921843ms)
✔ English listing preserves every exact request and the original label (2.841694ms)
✔ English run delegates to the pinned Worker with the same prime result and mathematical hash (1044.385142ms)
✔ Delegation preserves invalid-example and existing-directory refusal (723.364695ms)
✔ Unsupported English-list arguments fail without inventing a run interface (265.632736ms)
ℹ tests 43
ℹ suites 0
ℹ pass 43
ℹ fail 0
ℹ cancelled 0
ℹ skipped 0
ℹ todo 0
ℹ duration_ms 43145.541365
