TAP version 13
ok 1 - installed build equals the snapshot of the actual CLI invocations
ok 2 - all current source graph file digests match the build snapshot
ok 3 - CLI source digest matches the executed command record
ok 4 - installed Worker bytes and engine version match candidate build
ok 5 - actual CLI list contains exactly 59 unique installed examples
ok 6 - all six recorded run/refusal commands have the expected actual exits
ok 7 - actual gluing stdout/stderr hashes
ok 8 - actual pressure stdout/stderr hashes
ok 9 - actual axis stdout/stderr hashes
ok 10 - actual existing-output-refusal stdout/stderr hashes
ok 11 - actual unknown-example-refusal stdout/stderr hashes
ok 12 - actual arbitrary-request-refusal stdout/stderr hashes
ok 13 - gluing: six files retained and all five manifest byte digests correct
ok 14 - gluing: request is the unchanged registered and normalized example
ok 15 - gluing: public environment digest, source and bounded Node Worker recorded
ok 16 - gluing: saved result, canonical result hash and bundle digest agree
ok 17 - gluing: mathematical hash excludes only top-level executionMetrics
ok 18 - gluing: status and finite/untrusted export boundary preserved
ok 19 - pressure: six files retained and all five manifest byte digests correct
ok 20 - pressure: request is the unchanged registered and normalized example
ok 21 - pressure: public environment digest, source and bounded Node Worker recorded
ok 22 - pressure: saved result, canonical result hash and bundle digest agree
ok 23 - pressure: mathematical hash excludes only top-level executionMetrics
ok 24 - pressure: status and finite/untrusted export boundary preserved
ok 25 - axis: six files retained and all five manifest byte digests correct
ok 26 - axis: request is the unchanged registered and normalized example
ok 27 - axis: public environment digest, source and bounded Node Worker recorded
ok 28 - axis: saved result, canonical result hash and bundle digest agree
ok 29 - axis: mathematical hash excludes only top-level executionMetrics
ok 30 - axis: status and finite/untrusted export boundary preserved
ok 31 - existing-output refusal did not overwrite the validated gluing bundle
ok 32 - unknown example is rejected before creating an output directory
ok 33 - CLI rejects unsupported arbitrary-request flag
ok 34 - new gluing route exposes real B26/B34 debt, five-variable correction and all seven finite conditions
ok 35 - gluing exports signed-log scale beyond Float64 and finite five-moment residuals
ok 36 - gluing finite cone diagnostics do not become interval/global/formal certification
ok 37 - pressure CLI binds the exact binary64 value of h with rational bounds
ok 38 - pressure and A21 axis CLI routes retain identical exact source pressure certificate data
ok 39 - completed pressure/axis bounds do not claim completed outgoing field or whole-profile proof
ok 40 - terminal replay engine has the exact CLI environment
ok 41 - actual exported gluing bundle replays by recomputation with MATCH
ok 42 - tampered mathematical result is refused despite recomputed outer bundle digest
ok 43 - self-consistent forged full-profile promotion yields MISMATCH after real replay
ok 44 - self-consistent foreign Worker/source environment cannot authorize replay
ok 45 - actual Worker rejects an unsupported 100-bit gluing request
ok 46 - actual Worker preserves maxOperations=1 and returns BUDGET_EXCEEDED
ok 47 - actual Worker rejects caller-supplied gluing debt instead of bypassing the measured path
ok 48 - build/source pins remain unchanged after terminal controls
1..48
# pass 48
# fail 0
