{
  "schema": "MathScope.M1.CliRun/1",
  "cliVersion": "1.0.0",
  "example": {
    "id": "ns-source-pressure-bounds",
    "label": "실제 A.21 압력 · 복소 영역과 모든 η 도함수 상계",
    "domain": "ns"
  },
  "status": "COMPLETED",
  "jobId": "m1-job:mv1a5qn8:1",
  "submittedAt": "2026-10-09T18:09:52.678Z",
  "finishedAt": "2026-10-09T18:09:53.174Z",
  "execution": {
    "kind": "NODE_WORKER_THREADS",
    "nodeVersion": "v24.19.0",
    "workerResourceLimits": {
      "maxOldGenerationSizeMb": 512,
      "maxYoungGenerationSizeMb": 64
    }
  },
  "inputHash": "a6fce5811c0df2bd8cede6c6d867b9a2495136b8a1117dc89270af2239a69dd9",
  "workerSha256": "0526fb1030c328e940c39672e86dfb9d24f09f4622794269c1e0eadbb92cc0ca",
  "environmentHash": "2ba35ddc155a734db13ea59f20efabcd861d79323f1dd51ee8a5f1fb730f96eb",
  "resultHash": "78f9949094fe821c5f84a8631208eedac2457a96ec0641753bcf5d2a02d3b454",
  "mathematicalHash": "9b6a0e0d934cecf1d25e0149fef39226de74d790390ec86adb28a45685514e55",
  "bundleHash": "8f82c34eba51073409f5632a6250ba9fe6a2cf964e7d6ade8296d824ef9a70a1",
  "scope": {
    "finite": true,
    "definition": "Exactly the bounded recorded request; domain/model/observation details remain in result.json.",
    "domain": null
  },
  "requestBudget": {
    "maxBytes": 8388608,
    "maxItems": 250000,
    "maxMillis": 30000,
    "maxMilliseconds": 30000,
    "maxOperations": 20000000,
    "maxPoints": 2048
  },
  "interpretation": {
    "finiteComputation": true,
    "browserSessionModified": false,
    "browserKernelRerun": false,
    "exportedEvidenceTrusted": false,
    "note": "The bundle retains the original request and pinned engine source identity. Serialized results are historical data; import cannot issue formal authority."
  },
  "outputDirectory": "/workspace/scratch/afa9cd11a21b/mathscope-m1/evidence/cli-v53-pressure-run",
  "files": [
    "request.json",
    "environment.json",
    "result.json",
    "replay-bundle.json",
    "summary.json",
    "files-manifest.json"
  ],
  "checkpointRetained": false
}
