✔ request normalization owns finite inputs, is idempotent and rejects unsupported resource fields (2.609381ms)
✔ all shipped example contracts are finite and use registered domain kinds (16.576718ms)
✔ an exact P1 computation has real differentials and its actual cohomology (17.025723ms)
✔ typed mathematical objects, installed source, exact input and finite result share one session graph (1552.831851ms)
✔ public JSON copies, invented receipts and mutated completed values cannot acquire execution authority (21.478887ms)
✔ rehashed metadata cannot rebind a real calculation to another object, source or adapter (31.655827ms)
✔ assumptions revised during a job make its pending interpretation unsavable, without mutating unrelated data (28.195029ms)
✔ immutable input snapshot survives caller edits while digest/execution is pending (29.334166ms)
✔ fresh replay matches actual values and refuses rehashed input/environment forgery (30.847068ms)
✔ real isolated Worker runs the same P1 algorithm and result as the local evaluator (99.153076ms)
✔ worker cancellation terminates a running calculation and retains truthful restart semantics (5.962823ms)
✔ worker watchdog refuses work after its hard time budget (66.134444ms)
✔ concurrent duplicate job identities are rejected atomically (19.121854ms)
✔ M1 schema rejects changing the object label without changing its actual mathematical operation (11.458986ms)
✔ a revised constructed gauge assumption cannot be overwritten by saving its original calculation again (425.129865ms)
✔ domain precision failures and malformed inputs never become completed calculations (0.629752ms)
✔ exact pinned Lean source comparison rejects one changed source and never claims browser compilation (5.753804ms)
✔ analytic and theorem adapter guards reject source-only promotion and unrecognized Lean targets (0.887163ms)
✔ WebMCP exposes bounded named operations and refuses unknown or oversized payloads (0.745504ms)
ℹ tests 19
ℹ suites 0
ℹ pass 19
ℹ fail 0
ℹ cancelled 0
ℹ skipped 0
ℹ todo 0
ℹ duration_ms 2489.512038
