✔ request normalization owns finite inputs, is idempotent and rejects unsupported resource fields (3.000069ms)
✔ all shipped example contracts are finite and use registered domain kinds (37.991947ms)
✔ an exact P1 computation has real differentials and its actual cohomology (39.844357ms)
✔ typed mathematical objects, installed source, exact input and finite result share one session graph (2852.360721ms)
✔ public JSON copies, invented receipts and mutated completed values cannot acquire execution authority (30.435886ms)
✔ rehashed metadata cannot rebind a real calculation to another object, source or adapter (36.682969ms)
✔ assumptions revised during a job make its pending interpretation unsavable, without mutating unrelated data (18.588966ms)
✔ immutable input snapshot survives caller edits while digest/execution is pending (22.059321ms)
✔ fresh replay matches actual values and refuses rehashed input/environment forgery (34.191954ms)
✔ real isolated Worker runs the same P1 algorithm and result as the local evaluator (205.519675ms)
✔ worker cancellation terminates a running calculation and retains truthful restart semantics (48.122156ms)
✔ worker watchdog refuses work after its hard time budget (145.566673ms)
✔ concurrent duplicate job identities are rejected atomically (33.120759ms)
✔ M1 schema rejects changing the object label without changing its actual mathematical operation (10.422853ms)
✔ a revised constructed gauge assumption cannot be overwritten by saving its original calculation again (996.940919ms)
✔ domain precision failures and malformed inputs never become completed calculations (0.678083ms)
✔ exact pinned Lean source comparison rejects one changed source and never claims browser compilation (23.893665ms)
✔ analytic and theorem adapter guards reject source-only promotion and unrecognized Lean targets (1.045477ms)
✔ WebMCP exposes bounded named operations and refuses unknown or oversized payloads (0.815867ms)
ℹ tests 19
ℹ suites 0
ℹ pass 19
ℹ fail 0
ℹ cancelled 0
ℹ skipped 0
ℹ todo 0
ℹ duration_ms 4745.406855
