✔ request normalization owns finite inputs, is idempotent and rejects unsupported resource fields (2.401253ms)
✔ all shipped example contracts are finite and use registered domain kinds (33.944496ms)
✔ an exact P1 computation has real differentials and its actual cohomology (18.175233ms)
✔ typed mathematical objects, installed source, exact input and finite result share one session graph (2178.155104ms)
✔ public JSON copies, invented receipts and mutated completed values cannot acquire execution authority (25.826395ms)
✔ rehashed metadata cannot rebind a real calculation to another object, source or adapter (35.409394ms)
✔ assumptions revised during a job make its pending interpretation unsavable, without mutating unrelated data (29.086513ms)
✔ immutable input snapshot survives caller edits while digest/execution is pending (17.749152ms)
✔ fresh replay matches actual values and refuses rehashed input/environment forgery (55.396217ms)
✔ real isolated Worker runs the same P1 algorithm and result as the local evaluator (159.401258ms)
✔ worker cancellation terminates a running calculation and retains truthful restart semantics (10.46221ms)
✔ worker watchdog refuses work after its hard time budget (131.293232ms)
✔ concurrent duplicate job identities are rejected atomically (24.667604ms)
✔ M1 schema rejects changing the object label without changing its actual mathematical operation (9.438386ms)
✔ a revised constructed gauge assumption cannot be overwritten by saving its original calculation again (732.153061ms)
✔ domain precision failures and malformed inputs never become completed calculations (1.03432ms)
✔ exact pinned Lean source comparison rejects one changed source and never claims browser compilation (20.786857ms)
✔ analytic and theorem adapter guards reject source-only promotion and unrecognized Lean targets (1.638675ms)
✔ WebMCP exposes bounded named operations and refuses unknown or oversized payloads (1.156542ms)
ℹ tests 19
ℹ suites 0
ℹ pass 19
ℹ fail 0
ℹ cancelled 0
ℹ skipped 0
ℹ todo 0
ℹ duration_ms 3710.680179
