TAP version 13
# Subtest: request normalization owns finite inputs, is idempotent and rejects unsupported resource fields
ok 1 - request normalization owns finite inputs, is idempotent and rejects unsupported resource fields
  ---
  duration_ms: 2.677172
  type: 'test'
  ...
# Subtest: all shipped example contracts are finite and use registered domain kinds
ok 2 - all shipped example contracts are finite and use registered domain kinds
  ---
  duration_ms: 25.173832
  type: 'test'
  ...
# Subtest: an exact P1 computation has real differentials and its actual cohomology
ok 3 - an exact P1 computation has real differentials and its actual cohomology
  ---
  duration_ms: 18.763465
  type: 'test'
  ...
# Subtest: typed mathematical objects, installed source, exact input and finite result share one session graph
ok 4 - typed mathematical objects, installed source, exact input and finite result share one session graph
  ---
  duration_ms: 2418.604751
  type: 'test'
  ...
# Subtest: public JSON copies, invented receipts and mutated completed values cannot acquire execution authority
ok 5 - public JSON copies, invented receipts and mutated completed values cannot acquire execution authority
  ---
  duration_ms: 28.727858
  type: 'test'
  ...
# Subtest: rehashed metadata cannot rebind a real calculation to another object, source or adapter
ok 6 - rehashed metadata cannot rebind a real calculation to another object, source or adapter
  ---
  duration_ms: 37.22366
  type: 'test'
  ...
# Subtest: assumptions revised during a job make its pending interpretation unsavable, without mutating unrelated data
ok 7 - assumptions revised during a job make its pending interpretation unsavable, without mutating unrelated data
  ---
  duration_ms: 34.32453
  type: 'test'
  ...
# Subtest: immutable input snapshot survives caller edits while digest/execution is pending
ok 8 - immutable input snapshot survives caller edits while digest/execution is pending
  ---
  duration_ms: 16.607834
  type: 'test'
  ...
# Subtest: fresh replay matches actual values and refuses rehashed input/environment forgery
ok 9 - fresh replay matches actual values and refuses rehashed input/environment forgery
  ---
  duration_ms: 41.080456
  type: 'test'
  ...
# Subtest: real isolated Worker runs the same P1 algorithm and result as the local evaluator
ok 10 - real isolated Worker runs the same P1 algorithm and result as the local evaluator
  ---
  duration_ms: 206.782184
  type: 'test'
  ...
# Subtest: worker cancellation terminates a running calculation and retains truthful restart semantics
ok 11 - worker cancellation terminates a running calculation and retains truthful restart semantics
  ---
  duration_ms: 26.1673
  type: 'test'
  ...
# Subtest: worker watchdog refuses work after its hard time budget
ok 12 - worker watchdog refuses work after its hard time budget
  ---
  duration_ms: 100.24401
  type: 'test'
  ...
# Subtest: concurrent duplicate job identities are rejected atomically
ok 13 - concurrent duplicate job identities are rejected atomically
  ---
  duration_ms: 22.307308
  type: 'test'
  ...
# Subtest: M1 schema rejects changing the object label without changing its actual mathematical operation
ok 14 - M1 schema rejects changing the object label without changing its actual mathematical operation
  ---
  duration_ms: 9.098993
  type: 'test'
  ...
# Subtest: a revised constructed gauge assumption cannot be overwritten by saving its original calculation again
ok 15 - a revised constructed gauge assumption cannot be overwritten by saving its original calculation again
  ---
  duration_ms: 635.753345
  type: 'test'
  ...
# Subtest: domain precision failures and malformed inputs never become completed calculations
ok 16 - domain precision failures and malformed inputs never become completed calculations
  ---
  duration_ms: 0.83787
  type: 'test'
  ...
# Subtest: exact pinned Lean source comparison rejects one changed source and never claims browser compilation
ok 17 - exact pinned Lean source comparison rejects one changed source and never claims browser compilation
  ---
  duration_ms: 18.949409
  type: 'test'
  ...
# Subtest: analytic and theorem adapter guards reject source-only promotion and unrecognized Lean targets
ok 18 - analytic and theorem adapter guards reject source-only promotion and unrecognized Lean targets
  ---
  duration_ms: 1.178644
  type: 'test'
  ...
# Subtest: WebMCP exposes bounded named operations and refuses unknown or oversized payloads
ok 19 - WebMCP exposes bounded named operations and refuses unknown or oversized payloads
  ---
  duration_ms: 0.94629
  type: 'test'
  ...
1..19
# tests 19
# suites 0
# pass 19
# fail 0
# cancelled 0
# skipped 0
# todo 0
# duration_ms 3848.408189
