TAP version 13
# Subtest: new source constructions have unique, valid, finite shipped requests
ok 1 - new source constructions have unique, valid, finite shipped requests
  ---
  duration_ms: 13.594143
  type: 'test'
  ...
# Subtest: ns-axis-exact-bounds: isolated Worker, exact local result identity, and bounded source scope
ok 2 - ns-axis-exact-bounds: isolated Worker, exact local result identity, and bounded source scope
  ---
  duration_ms: 2114.486921
  type: 'test'
  ...
# Subtest: ns-source-outer-repairs: isolated Worker, exact local result identity, and bounded source scope
ok 3 - ns-source-outer-repairs: isolated Worker, exact local result identity, and bounded source scope
  ---
  duration_ms: 1154.450249
  type: 'test'
  ...
# Subtest: ns-controlled-axis: isolated Worker, exact local result identity, and bounded source scope
ok 4 - ns-controlled-axis: isolated Worker, exact local result identity, and bounded source scope
  ---
  duration_ms: 902.380006
  type: 'test'
  ...
# Subtest: ns-controlled-source-datum: isolated Worker, exact local result identity, and bounded source scope
ok 5 - ns-controlled-source-datum: isolated Worker, exact local result identity, and bounded source scope
  ---
  duration_ms: 736.640501
  type: 'test'
  ...
# Subtest: ns-loop-zero-p2: isolated Worker, exact local result identity, and bounded source scope
ok 6 - ns-loop-zero-p2: isolated Worker, exact local result identity, and bounded source scope
  ---
  duration_ms: 170.943924
  type: 'test'
  ...
# Subtest: ns-loop-tilted: isolated Worker, exact local result identity, and bounded source scope
ok 7 - ns-loop-tilted: isolated Worker, exact local result identity, and bounded source scope
  ---
  duration_ms: 170.686201
  type: 'test'
  ...
# Subtest: ns-source-pressure-bounds: isolated Worker, exact local result identity, and bounded source scope
ok 8 - ns-source-pressure-bounds: isolated Worker, exact local result identity, and bounded source scope
  ---
  duration_ms: 570.472624
  type: 'test'
  ...
# Subtest: ns-axis-source-exact-bounds: isolated Worker, exact local result identity, and bounded source scope
ok 9 - ns-axis-source-exact-bounds: isolated Worker, exact local result identity, and bounded source scope
  ---
  duration_ms: 26312.37115
  type: 'test'
  ...
# Subtest: ns-source-radial-modulation: isolated Worker, exact local result identity, and bounded source scope
ok 10 - ns-source-radial-modulation: isolated Worker, exact local result identity, and bounded source scope
  ---
  duration_ms: 5560.962598
  type: 'test'
  ...
# Subtest: ns-source-radial-small-frequency: isolated Worker, exact local result identity, and bounded source scope
ok 11 - ns-source-radial-small-frequency: isolated Worker, exact local result identity, and bounded source scope
  ---
  duration_ms: 459.959396
  type: 'test'
  ...
# Subtest: exact axis certificate remains exact in M0, keeps theorem-reference premises, and replays freshly
ok 12 - exact axis certificate remains exact in M0, keeps theorem-reference premises, and replays freshly
  ---
  duration_ms: 2277.520489
  type: 'test'
  ...
# Subtest: all new component kinds bind to typed M0 objects without universal or continuum promotion
ok 13 - all new component kinds bind to typed M0 objects without universal or continuum promotion
  ---
  duration_ms: 31.446551
  type: 'test'
  ...
# Subtest: new components preserve budget exhaustion, unsupported inputs and precision failures
ok 14 - new components preserve budget exhaustion, unsupported inputs and precision failures
  ---
  duration_ms: 4.842997
  type: 'test'
  ...
# Subtest: isolated source-profile work can be cancelled without issuing a completed certificate
ok 15 - isolated source-profile work can be cancelled without issuing a completed certificate
  ---
  duration_ms: 11.731569
  type: 'test'
  ...
# Subtest: precision rejects malformed bits and an explicit operation budget is never silently increased
ok 16 - precision rejects malformed bits and an explicit operation budget is never silently increased
  ---
  duration_ms: 0.687518
  type: 'test'
  ...
1..16
# tests 16
# suites 0
# pass 16
# fail 0
# cancelled 0
# skipped 0
# todo 0
# duration_ms 40889.776815
