✔ new source constructions have unique, valid, finite shipped requests (13.631801ms)
✔ ns-axis-exact-bounds: isolated Worker, exact local result identity, and bounded source scope (2359.841947ms)
✔ ns-source-outer-repairs: isolated Worker, exact local result identity, and bounded source scope (1195.585172ms)
✔ ns-controlled-axis: isolated Worker, exact local result identity, and bounded source scope (1247.128756ms)
✔ ns-controlled-source-datum: isolated Worker, exact local result identity, and bounded source scope (848.854269ms)
✔ ns-loop-zero-p2: isolated Worker, exact local result identity, and bounded source scope (193.70281ms)
✔ ns-loop-tilted: isolated Worker, exact local result identity, and bounded source scope (235.879204ms)
✔ ns-source-pressure-bounds: isolated Worker, exact local result identity, and bounded source scope (602.029437ms)
✔ ns-axis-source-exact-bounds: isolated Worker, exact local result identity, and bounded source scope (28775.083947ms)
✔ ns-source-radial-modulation: isolated Worker, exact local result identity, and bounded source scope (6094.868059ms)
✔ ns-source-radial-small-frequency: isolated Worker, exact local result identity, and bounded source scope (541.828738ms)
✔ ns-source-inner-gluing: isolated Worker, exact local result identity, and bounded source scope (1444.583709ms)
✔ exact axis certificate remains exact in M0, keeps theorem-reference premises, and replays freshly (2174.728563ms)
✔ all new component kinds bind to typed M0 objects without universal or continuum promotion (41.818245ms)
✔ actual B34/B8 debt, scope and source remain bound through M0 save and a fresh Worker replay (1723.452305ms)
✔ the actual large-amplitude source failure is retained by the integrated Worker (212.834143ms)
✔ new components preserve budget exhaustion, unsupported inputs and precision failures (3.758342ms)
✔ isolated source-profile work can be cancelled without issuing a completed certificate (11.020539ms)
✔ precision rejects malformed bits and an explicit operation budget is never silently increased (0.517576ms)
ℹ tests 19
ℹ suites 0
ℹ pass 19
ℹ fail 0
ℹ cancelled 0
ℹ skipped 0
ℹ todo 0
ℹ duration_ms 47966.882209
