{
  "status": "FAIL",
  "counts": {
    "passed": 684,
    "failed": 4,
    "total": 688
  },
  "failures": [
    {
      "id": "eta=0:B34:integrated-moment-1",
      "pass": false,
      "absoluteDifference": "1.453850394674182591114375987890196574631970256173227349532817713581477e-117",
      "tolerance": "2.924009181314353025274227768947185910944457752143219533436274928298132e-121"
    },
    {
      "id": "eta=0:B34:actual-separation-debt-1",
      "pass": false,
      "absoluteDifference": "1.45385036149194715811284399766596834524650288007759834096898206823784e-117",
      "tolerance": "2.924009181314353025274227768947185910944457752143219533436274928298132e-121"
    },
    {
      "id": "eta=0:B34:integrated-moment-2",
      "pass": false,
      "absoluteDifference": "1.466719055061098929570286447116892016034599536140698228956327925945732e-123",
      "tolerance": "2.949890826709121046460975675508973558356367137514799409570309004671197e-127"
    },
    {
      "id": "eta=0:B34:actual-separation-debt-2",
      "pass": false,
      "absoluteDifference": "1.466719055061098929570286447116892016034599536140698228956327925945732e-123",
      "tolerance": "2.949890826709121046460975675508973558356367137514799409570309004671197e-127"
    }
  ]
}
