{
  "status": "FAIL",
  "counts": {
    "passed": 479,
    "failed": 134,
    "total": 613
  },
  "failures": [
    {
      "id": "eta=-2e-05:linear-0-0",
      "pass": false,
      "absoluteDifference": "0.00000001680827397729754701938276184591813944280147552490234375",
      "tolerance": "0.00000000000001330999382005972764663415119912315276451408863067626953125"
    },
    {
      "id": "eta=-2e-05:linear-0-1",
      "pass": false,
      "absoluteDifference": "0.0000000168082739776770177797526883978207479231059551239013671875",
      "tolerance": "0.000000000000013309993820059705962590701489034472615458071231842041015625"
    },
    {
      "id": "eta=-2e-05:linear-1-2",
      "pass": false,
      "absoluteDifference": "0.000000001613662141680068931870734699244302969851729683257871553025324825432923",
      "tolerance": "0.000000000000001277815449413940399722447463260163347029241603484361257835463766241272"
    },
    {
      "id": "eta=-2e-05:linear-1-3",
      "pass": false,
      "absoluteDifference": "0.00000000173349430047339033547845629955503885993109084224233210841377534366831",
      "tolerance": "0.000000000000001372708353431141836167207158302205286519955996889400248319287876267183"
    },
    {
      "id": "eta=-2e-05:linear-1-4",
      "pass": false,
      "absoluteDifference": "0.000000001845562284230103614455360545959176444384392567213137584765158969490882",
      "tolerance": "0.000000000000001461452662150047297602905201130770435254435573342826751849941382948475"
    },
    {
      "id": "eta=-2e-05:linear-2-0",
      "pass": false,
      "absoluteDifference": "0.0000000007554455897440864785051593781917992266964594356925897585679391514097637",
      "tolerance": "0.0000000000000005982191079532818585697244512728547636999464522045488735675182407075705"
    },
    {
      "id": "eta=-2e-05:linear-2-1",
      "pass": false,
      "absoluteDifference": "0.0000000008522714690895934848192741940881938933430167910466638428424230645085517",
      "tolerance": "0.0000000000000006748942553398073343350327461137656328275522120439857743542514961532254"
    },
    {
      "id": "eta=-2e-05:linear-2-2",
      "pass": false,
      "absoluteDifference": "0.0000000000001290929713337691374618633410108211660088492526306791583200083431692202",
      "tolerance": "0.0000000000000000001122244359531152403400668426649389661623089898131629779114300995382522"
    },
    {
      "id": "eta=-2e-05:linear-2-3",
      "pass": false,
      "absoluteDifference": "0.0000000000001386795440383240604316275033454688330046327972727721447514990969719071",
      "tolerance": "0.0000000000000000001198158682744913558766499657385525087311066635684200510656573747595361"
    },
    {
      "id": "eta=-2e-05:linear-2-4",
      "pass": false,
      "absoluteDifference": "0.0000000000001476449827385382923732655166079388674925175757008105033929985630305939",
      "tolerance": "0.000000000000000000126915412972003793372270246820522702781649729603084737730593958705007"
    },
    {
      "id": "eta=-2e-05:linear-3-0",
      "pass": false,
      "absoluteDifference": "0.000000000002689323836367546841653869785403666535186693326967286674045122961879589",
      "tolerance": "0.000000000000000002139597411209556597669036036216553230579954370985432829837394883101219"
    },
    {
      "id": "eta=-2e-05:quadratic-3-0-0",
      "pass": false,
      "absoluteDifference": "0.00000195194520987059254015178978311016707374661798151414193221355179113236",
      "tolerance": "0.00000000000007308153160225177496249507667119120132116179150088234772161067758955662"
    },
    {
      "id": "eta=-2e-05:linear-3-1",
      "pass": false,
      "absoluteDifference": "0.000000000002689323836430506800623281923930387825411549195527131620850483657828817",
      "tolerance": "0.000000000000000002139597411209553128222084082602080595374929054076032295587847944104766"
    },
    {
      "id": "eta=-2e-05:quadratic-3-1-1",
      "pass": false,
      "absoluteDifference": "0.000001951945209869729198826331013656483000259238142427006255392348017618098",
      "tolerance": "0.0000000000000730815316022516559012767297474081365957913616130081911330821174008809"
    },
    {
      "id": "eta=-2e-05:linear-3-2",
      "pass": false,
      "absoluteDifference": "0.000000009814728778266670598762389044515891487731434572511007756147221020608366",
      "tolerance": "0.00000000000000777199385568621392996323028301955592983975181468669439804405736105103"
    },
    {
      "id": "eta=-2e-05:quadratic-3-2-2",
      "pass": false,
      "absoluteDifference": "0.0000009759726049372518543988984336298188406681910001196423205355721220519179",
      "tolerance": "0.0000000000000365407708011257684200291914118125359352104658625670172722767786061026"
    },
    {
      "id": "eta=-2e-05:linear-3-3",
      "pass": false,
      "absoluteDifference": "0.000000009956350871902524261598432152397195850721522820398712987263782722721155",
      "tolerance": "0.000000000000007884143782152253323287000358855426917949004050326963539164988189136136"
    },
    {
      "id": "eta=-2e-05:quadratic-3-3-3",
      "pass": false,
      "absoluteDifference": "0.0000009759726049372518543988984336298188406681910001196423205355721220519179",
      "tolerance": "0.0000000000000365407708011257684200291914118125359352104658625670172722767786061026"
    },
    {
      "id": "eta=-2e-05:linear-3-4",
      "pass": false,
      "absoluteDifference": "0.00000001008187720002706503420623080113775915788940068522324897986910632497351",
      "tolerance": "0.000000000000007983546807768341389951772337227486810940013493834157402683368455316249"
    },
    {
      "id": "eta=-2e-05:quadratic-3-4-4",
      "pass": false,
      "absoluteDifference": "0.0000009759726049372518543988984336298188406681910001196423205355721220519179",
      "tolerance": "0.0000000000000365407708011257684200291914118125359352104658625670172722767786061026"
    },
    {
      "id": "eta=-2e-05:linear-4-2",
      "pass": false,
      "absoluteDifference": "0.000002129707854562199093531148898257393282966496654055691701087068420005213",
      "tolerance": "0.000000000001686514427998200308516390083477603294136241906986023097085054353421"
    },
    {
      "id": "eta=-2e-05:quadratic-4-2-2",
      "pass": false,
      "absoluteDifference": "0.0002117786260076490754835486349128118269293414421264275449336749955165236",
      "tolerance": "0.000000000007929284426837113314106177224579453126155579620934446377246683749775826"
    },
    {
      "id": "eta=-2e-05:linear-4-3",
      "pass": false,
      "absoluteDifference": "0.000001872080931642835513096588936738062578901354529997857406152150380683429",
      "tolerance": "0.000000000001482486535511418431588893153078431442748927310310728408495307607519034"
    },
    {
      "id": "eta=-2e-05:quadratic-4-3-3",
      "pass": false,
      "absoluteDifference": "0.0001835118583406595595245614524870502646078404837179358826583667838460267",
      "tolerance": "0.000000000006870890632562886980614089485574212609208175227310896794132918339192301"
    },
    {
      "id": "eta=-2e-05:linear-4-4",
      "pass": false,
      "absoluteDifference": "0.000001672456374470589757972733246055150802252381619892186663847191335256879",
      "tolerance": "0.000000000001324397454357850760585131232064904631042247895875428203083192359566763"
    },
    {
      "id": "eta=-2e-05:quadratic-4-4-4",
      "pass": false,
      "absoluteDifference": "0.0001619021591436608770567079596205393635318609934168165066764503661666546",
      "tolerance": "0.000000000006061771490218416883941414370408085001821746095325137700333822518308333"
    },
    {
      "id": "eta=-2e-05:transformed-0-0",
      "pass": false,
      "absoluteDifference": "0.00000001680827397729754701938276184591813944280147552490234375",
      "tolerance": "0.00000000000001331048382005972764663415119912315276451408863067626953125"
    },
    {
      "id": "eta=-2e-05:transformed-1-0",
      "pass": false,
      "absoluteDifference": "0.0000000007554455897440864785051593781917992266964594356925897585679391514097637",
      "tolerance": "0.0000000000000005987091079532818585697244512728547636999464522045488735675182407075705"
    },
    {
      "id": "eta=-2e-05:transformed-0-1",
      "pass": false,
      "absoluteDifference": "0.0000000168082739776770177797526883978207479231059551239013671875",
      "tolerance": "0.000000000000013310483820059705962590701489034472615458071231842041015625"
    },
    {
      "id": "eta=-2e-05:transformed-1-1",
      "pass": false,
      "absoluteDifference": "0.0000000008522714690895934848192741940881938933430167910466638428424230645085517",
      "tolerance": "0.0000000000000006753842553398073343350327461137656328275522120439857743542514961532254"
    },
    {
      "id": "eta=-2e-05:transformed-2-2",
      "pass": false,
      "absoluteDifference": "0.000000001613662141680068931870734699244302969851729683257871553025324825432923",
      "tolerance": "0.000000000000001278305449413940399722447463260163347029241603484361257835463766241272"
    },
    {
      "id": "eta=-2e-05:transformed-3-2",
      "pass": false,
      "absoluteDifference": "0.000000009814728778266670598762389044515891487731434572511007756147221020608366",
      "tolerance": "0.00000000000000777248385568621392996323028301955592983975181468669439804405736105103"
    },
    {
      "id": "eta=-2e-05:transformed-4-2",
      "pass": false,
      "absoluteDifference": "0.000002129707854562199093531148898257393282966496654055691701087068420005213",
      "tolerance": "0.000000000001686514917998200308516390083477603294136241906986023097085054353421"
    },
    {
      "id": "eta=-2e-05:transformed-2-3",
      "pass": false,
      "absoluteDifference": "0.00000000173349430047339033547845629955503885993109084224233210841377534366831",
      "tolerance": "0.000000000000001373198353431141836167207158302205286519955996889400248319287876267183"
    },
    {
      "id": "eta=-2e-05:transformed-3-3",
      "pass": false,
      "absoluteDifference": "0.000000009956350871902524261598432152397195850721522820398712987263782722721155",
      "tolerance": "0.000000000000007884633782152253323287000358855426917949004050326963539164988189136136"
    },
    {
      "id": "eta=-2e-05:transformed-4-3",
      "pass": false,
      "absoluteDifference": "0.000001872080931642835513096588936738062578901354529997857406152150380683429",
      "tolerance": "0.000000000001482487025511418431588893153078431442748927310310728408495307607519034"
    },
    {
      "id": "eta=-2e-05:transformed-2-4",
      "pass": false,
      "absoluteDifference": "0.000000001845562284230103614455360545959176444384392567213137584765158969490882",
      "tolerance": "0.000000000000001461942662150047297602905201130770435254435573342826751849941382948475"
    },
    {
      "id": "eta=-2e-05:transformed-3-4",
      "pass": false,
      "absoluteDifference": "0.00000001008187720002706503420623080113775915788940068522324897986910632497351",
      "tolerance": "0.000000000000007984036807768341389951772337227486810940013493834157402683368455316249"
    },
    {
      "id": "eta=-2e-05:transformed-4-4",
      "pass": false,
      "absoluteDifference": "0.000001672456374470589757972733246055150802252381619892186663847191335256879",
      "tolerance": "0.000000000001324397944357850760585131232064904631042247895875428203083192359566763"
    },
    {
      "id": "eta=-2e-05:actual-integral-change-0",
      "pass": false,
      "absoluteDifference": "0.0000000000000002206178574718503867324242302295181904831904255647151251451543174653125",
      "tolerance": "0.00000000000000007556988150649468764469728175214682456218003297646531504044278750725772"
    },
    {
      "id": "eta=-2e-05:actual-integral-change-2",
      "pass": false,
      "absoluteDifference": "0.000000000000000002170150137012439234648969294788470714169685588279689368857773039002336",
      "tolerance": "0.000000000000000001733778140088215267072458476910020711321539657935064325531290224058123"
    },
    {
      "id": "eta=-2e-05:actual-integral-change-3",
      "pass": false,
      "absoluteDifference": "0.0000000000000702375466587867972447229003172626407049035372884845296849318055983501",
      "tolerance": "0.0000000000000002589932435210478905030468488951695384865721695842114217667557811215903"
    },
    {
      "id": "eta=-2e-05:residual-3",
      "pass": false,
      "absoluteDifference": "0.0000000000000702375465529076788379353579337223281199482920320605794896193055983501",
      "tolerance": "0.0000000000000002238465742894842373021443021910709660811441114656520016579606151059653"
    },
    {
      "id": "eta=-2e-05:actual-integral-change-4",
      "pass": false,
      "absoluteDifference": "0.00000000002397892043062384881408329000611719419919837941149384269454334468948922",
      "tolerance": "0.00000000000007536265077242448477092650050173439867045950410931777428562963472716723"
    },
    {
      "id": "eta=-2e-05:residual-4",
      "pass": false,
      "absoluteDifference": "0.00000000002397892043062384870160290465394954218425047015456713416820110230144772",
      "tolerance": "0.00000000000007536265077242448477092649487771513106207690336192231143929420841005512"
    },
    {
      "id": "eta=0:linear-0-0",
      "pass": false,
      "absoluteDifference": "0.00000001680827397729754701938276184591813944280147552490234375",
      "tolerance": "0.00000000000001330999382005972764663415119912315276451408863067626953125"
    },
    {
      "id": "eta=0:linear-0-1",
      "pass": false,
      "absoluteDifference": "0.0000000168082739776770177797526883978207479231059551239013671875",
      "tolerance": "0.000000000000013309993820059705962590701489034472615458071231842041015625"
    },
    {
      "id": "eta=0:linear-1-2",
      "pass": false,
      "absoluteDifference": "0.000000001613662141680068931870734699244302969851729683257871553025324825432923",
      "tolerance": "0.000000000000001277815449413940399722447463260163347029241603484361257835463766241272"
    },
    {
      "id": "eta=0:linear-1-3",
      "pass": false,
      "absoluteDifference": "0.00000000173349430047339033547845629955503885993109084224233210841377534366831",
      "tolerance": "0.000000000000001372708353431141836167207158302205286519955996889400248319287876267183"
    },
    {
      "id": "eta=0:linear-1-4",
      "pass": false,
      "absoluteDifference": "0.000000001845562284230103614455360545959176444384392567213137584765158969490882",
      "tolerance": "0.000000000000001461452662150047297602905201130770435254435573342826751849941382948475"
    },
    {
      "id": "eta=0:linear-2-0",
      "pass": false,
      "absoluteDifference": "0.0000000007554455900467163511777529117533521601507183374133652589373663368796707",
      "tolerance": "0.000000000000000598219108192565501751037233849010072022603339162772729725349212066844"
    },
    {
      "id": "eta=0:linear-2-1",
      "pass": false,
      "absoluteDifference": "0.0000000008522714694280462226502524753949082667821642082772471571884823536991659",
      "tolerance": "0.000000000000000674894255609761036470955724013853231507565936055391241203074267867685"
    },
    {
      "id": "eta=0:quadratic-3-0-0",
      "pass": false,
      "absoluteDifference": "0.00000195194520987059254015178978311016707374661798151414193221355179113236",
      "tolerance": "0.00000000000007308153160225177496249507667119120132116179150088234772161067758955662"
    },
    {
      "id": "eta=0:quadratic-3-1-1",
      "pass": false,
      "absoluteDifference": "0.000001951945209869729198826331013656483000259238142427006255392348017618098",
      "tolerance": "0.0000000000000730815316022516559012767297474081365957913616130081911330821174008809"
    },
    {
      "id": "eta=0:linear-3-2",
      "pass": false,
      "absoluteDifference": "0.000000009814728782190238165960489596218319843746237536656428180887716482980837",
      "tolerance": "0.000000000000007771993858795007472237716363622459535591827681292116024534044385824149"
    },
    {
      "id": "eta=0:quadratic-3-2-2",
      "pass": false,
      "absoluteDifference": "0.0000009759726049372518543988984336298188406681910001196423205355721220519179",
      "tolerance": "0.0000000000000365407708011257684200291914118125359352104658625670172722767786061026"
    },
    {
      "id": "eta=0:linear-3-3",
      "pass": false,
      "absoluteDifference": "0.000000009956350875875310879669044551246922990932742875112927764609377642244846",
      "tolerance": "0.000000000000007884143785305906836147902204127203738960282488670016022364792968882112"
    },
    {
      "id": "eta=0:quadratic-3-3-3",
      "pass": false,
      "absoluteDifference": "0.0000009759726049372518543988984336298188406681910001196423205355721220519179",
      "tolerance": "0.0000000000000365407708011257684200291914118125359352104658625670172722767786061026"
    },
    {
      "id": "eta=0:linear-3-4",
      "pass": false,
      "absoluteDifference": "0.00000001008187720401597317148827949893407552752548569206796791563621576152213",
      "tolerance": "0.000000000000007983546810961756113059109415670349274252666112837078373981719310788076"
    },
    {
      "id": "eta=0:quadratic-3-4-4",
      "pass": false,
      "absoluteDifference": "0.0000009759726049372518543988984336298188406681910001196423205355721220519179",
      "tolerance": "0.0000000000000365407708011257684200291914118125359352104658625670172722767786061026"
    },
    {
      "id": "eta=0:linear-4-2",
      "pass": false,
      "absoluteDifference": "0.000002129707855413881287927318674947371981101009901153483668865119971691466",
      "tolerance": "0.000000000001686514428672806075715670317253783217365620373371034236683443255998585"
    },
    {
      "id": "eta=0:quadratic-4-2-2",
      "pass": false,
      "absoluteDifference": "0.0002117786260076490754835486349128118269293414421264275449336749955165236",
      "tolerance": "0.000000000007929284426837113314106177224579453126155579620934446377246683749775826"
    },
    {
      "id": "eta=0:linear-4-3",
      "pass": false,
      "absoluteDifference": "0.000001872080932389429632968384643425545251765471749296649772313963871636647",
      "tolerance": "0.000000000001482486536104413041793460622731528842568715344968080066863615698193582"
    },
    {
      "id": "eta=0:quadratic-4-3-3",
      "pass": false,
      "absoluteDifference": "0.0001835118583406595595245614524870502646078404837179358826583667838460267",
      "tolerance": "0.000000000006870890632562886980614089485574212609208175227310896794132918339192301"
    },
    {
      "id": "eta=0:linear-4-4",
      "pass": false,
      "absoluteDifference": "0.000001672456375135295871155093905170270346932242854661136606032266967464605",
      "tolerance": "0.000000000001324397454887609738328271622970761559396651021169832666205301613348373"
    },
    {
      "id": "eta=0:quadratic-4-4-4",
      "pass": false,
      "absoluteDifference": "0.0001619021591436608770567079596205393635318609934168165066764503661666546",
      "tolerance": "0.000000000006061771490218416883941414370408085001821746095325137700333822518308333"
    },
    {
      "id": "eta=0:transformed-0-0",
      "pass": false,
      "absoluteDifference": "0.00000001680827397729754701938276184591813944280147552490234375",
      "tolerance": "0.00000000000001331048382005972764663415119912315276451408863067626953125"
    },
    {
      "id": "eta=0:transformed-1-0",
      "pass": false,
      "absoluteDifference": "0.0000000007554455900467163511777529117533521601507183374133652589373663368796707",
      "tolerance": "0.000000000000000598709108192565501751037233849010072022603339162772729725349212066844"
    },
    {
      "id": "eta=0:transformed-0-1",
      "pass": false,
      "absoluteDifference": "0.0000000168082739776770177797526883978207479231059551239013671875",
      "tolerance": "0.000000000000013310483820059705962590701489034472615458071231842041015625"
    },
    {
      "id": "eta=0:transformed-1-1",
      "pass": false,
      "absoluteDifference": "0.0000000008522714694280462226502524753949082667821642082772471571884823536991659",
      "tolerance": "0.000000000000000675384255609761036470955724013853231507565936055391241203074267867685"
    },
    {
      "id": "eta=0:transformed-2-2",
      "pass": false,
      "absoluteDifference": "0.000000001613662141680068931870734699244302969851729683257871553025324825432923",
      "tolerance": "0.000000000000001278305449413940399722447463260163347029241603484361257835463766241272"
    },
    {
      "id": "eta=0:transformed-3-2",
      "pass": false,
      "absoluteDifference": "0.000000009814728782190238165960489596218319843746237536656428180887716482980837",
      "tolerance": "0.000000000000007772483858795007472237716363622459535591827681292116024534044385824149"
    },
    {
      "id": "eta=0:transformed-4-2",
      "pass": false,
      "absoluteDifference": "0.000002129707855413881287927318674947371981101009901153483668865119971691466",
      "tolerance": "0.000000000001686514918672806075715670317253783217365620373371034236683443255998585"
    },
    {
      "id": "eta=0:transformed-2-3",
      "pass": false,
      "absoluteDifference": "0.00000000173349430047339033547845629955503885993109084224233210841377534366831",
      "tolerance": "0.000000000000001373198353431141836167207158302205286519955996889400248319287876267183"
    },
    {
      "id": "eta=0:transformed-3-3",
      "pass": false,
      "absoluteDifference": "0.000000009956350875875310879669044551246922990932742875112927764609377642244846",
      "tolerance": "0.000000000000007884633785305906836147902204127203738960282488670016022364792968882112"
    },
    {
      "id": "eta=0:transformed-4-3",
      "pass": false,
      "absoluteDifference": "0.000001872080932389429632968384643425545251765471749296649772313963871636647",
      "tolerance": "0.000000000001482487026104413041793460622731528842568715344968080066863615698193582"
    },
    {
      "id": "eta=0:transformed-2-4",
      "pass": false,
      "absoluteDifference": "0.000000001845562284230103614455360545959176444384392567213137584765158969490882",
      "tolerance": "0.000000000000001461942662150047297602905201130770435254435573342826751849941382948475"
    },
    {
      "id": "eta=0:transformed-3-4",
      "pass": false,
      "absoluteDifference": "0.00000001008187720401597317148827949893407552752548569206796791563621576152213",
      "tolerance": "0.000000000000007984036810961756113059109415670349274252666112837078373981719310788076"
    },
    {
      "id": "eta=0:transformed-4-4",
      "pass": false,
      "absoluteDifference": "0.000001672456375135295871155093905170270346932242854661136606032266967464605",
      "tolerance": "0.000000000001324397944887609738328271622970761559396651021169832666205301613348373"
    },
    {
      "id": "eta=0:actual-integral-change-0",
      "pass": false,
      "absoluteDifference": "0.0000000000000002206744985658752414634150972541547816200546503806330083321423675413175",
      "tolerance": "0.00000000000000007558768051058153208064890095534231395203683277568962216746915041660712"
    },
    {
      "id": "eta=0:actual-integral-change-2",
      "pass": false,
      "absoluteDifference": "0.000000000000000002170587003320446998336724262581214330701477994799888709174543521625304",
      "tolerance": "0.000000000000000001733953285090376940418142042327928657346562623213154458516849904208727"
    },
    {
      "id": "eta=0:actual-integral-change-3",
      "pass": false,
      "absoluteDifference": "0.00000000000007056050692407789650910638514387169216228194909476680476771604266029765",
      "tolerance": "0.0000000000000002604387772931306254997546127471972641475780710715392615315531290108021"
    },
    {
      "id": "eta=0:residual-3",
      "pass": false,
      "absoluteDifference": "0.00000000000007056050681819877810231884276033137957732670383834285457240354266029765",
      "tolerance": "0.0000000000000002250622142846452611267453820251192307099949266666138555523966348701771"
    },
    {
      "id": "eta=0:actual-integral-change-4",
      "pass": false,
      "absoluteDifference": "0.00000000002404380919113238483489994881700812814803940703354444256299553791904564",
      "tolerance": "0.0000000000000756880090020691368947038399922894194736587694148335108569096281497769"
    },
    {
      "id": "eta=0:residual-4",
      "pass": false,
      "absoluteDifference": "0.00000000002404380919113238472241956337485615129841194255993327579487466275748737",
      "tolerance": "0.00000000000007568800900206913689470383436827014736605992693346028717635128974373314"
    },
    {
      "id": "eta=2e-05:linear-0-0",
      "pass": false,
      "absoluteDifference": "0.00000001680827397729754701938276184591813944280147552490234375",
      "tolerance": "0.00000000000001330999382005972764663415119912315276451408863067626953125"
    },
    {
      "id": "eta=2e-05:linear-0-1",
      "pass": false,
      "absoluteDifference": "0.0000000168082739776770177797526883978207479231059551239013671875",
      "tolerance": "0.000000000000013309993820059705962590701489034472615458071231842041015625"
    },
    {
      "id": "eta=2e-05:linear-1-2",
      "pass": false,
      "absoluteDifference": "0.000000001613662141680068931870734699244302969851729683257871553025324825432923",
      "tolerance": "0.000000000000001277815449413940399722447463260163347029241603484361257835463766241272"
    },
    {
      "id": "eta=2e-05:linear-1-3",
      "pass": false,
      "absoluteDifference": "0.00000000173349430047339033547845629955503885993109084224233210841377534366831",
      "tolerance": "0.000000000000001372708353431141836167207158302205286519955996889400248319287876267183"
    },
    {
      "id": "eta=2e-05:linear-1-4",
      "pass": false,
      "absoluteDifference": "0.000000001845562284230103614455360545959176444384392567213137584765158969490882",
      "tolerance": "0.000000000000001461452662150047297602905201130770435254435573342826751849941382948475"
    },
    {
      "id": "eta=2e-05:linear-2-0",
      "pass": false,
      "absoluteDifference": "0.0000000007554455897440864785051593781917992266964594356925897585679391514097637",
      "tolerance": "0.0000000000000005982191079532818585697244512728547636999464522045488735675182407075705"
    },
    {
      "id": "eta=2e-05:linear-2-1",
      "pass": false,
      "absoluteDifference": "0.0000000008522714690895934848192741940881938933430167910466638428424230645085517",
      "tolerance": "0.0000000000000006748942553398073343350327461137656328275522120439857743542514961532254"
    },
    {
      "id": "eta=2e-05:linear-2-2",
      "pass": false,
      "absoluteDifference": "0.0000000000001290929713337691374618633410108211660088492526306791583200083431692202",
      "tolerance": "0.0000000000000000001122244359531152403400668426649389661623089898131629779114300995382522"
    },
    {
      "id": "eta=2e-05:linear-2-3",
      "pass": false,
      "absoluteDifference": "0.0000000000001386795440383240604316275033454688330046327972727721447514990969719071",
      "tolerance": "0.0000000000000000001198158682744913558766499657385525087311066635684200510656573747595361"
    },
    {
      "id": "eta=2e-05:linear-2-4",
      "pass": false,
      "absoluteDifference": "0.0000000000001476449827385382923732655166079388674925175757008105033929985630305939",
      "tolerance": "0.000000000000000000126915412972003793372270246820522702781649729603084737730593958705007"
    },
    {
      "id": "eta=2e-05:linear-3-0",
      "pass": false,
      "absoluteDifference": "0.000000000002689323836367546841653869785403666535186693326967286674045122961879589",
      "tolerance": "0.000000000000000002139597411209556597669036036216553230579954370985432829837394883101219"
    },
    {
      "id": "eta=2e-05:quadratic-3-0-0",
      "pass": false,
      "absoluteDifference": "0.00000195194520987059254015178978311016707374661798151414193221355179113236",
      "tolerance": "0.00000000000007308153160225177496249507667119120132116179150088234772161067758955662"
    },
    {
      "id": "eta=2e-05:linear-3-1",
      "pass": false,
      "absoluteDifference": "0.000000000002689323836430506800623281923930387825411549195527131620850483657828817",
      "tolerance": "0.000000000000000002139597411209553128222084082602080595374929054076032295587847944104766"
    },
    {
      "id": "eta=2e-05:quadratic-3-1-1",
      "pass": false,
      "absoluteDifference": "0.000001951945209869729198826331013656483000259238142427006255392348017618098",
      "tolerance": "0.0000000000000730815316022516559012767297474081365957913616130081911330821174008809"
    },
    {
      "id": "eta=2e-05:linear-3-2",
      "pass": false,
      "absoluteDifference": "0.000000009814728778266670598762389044515891487731434572511007756147221020608366",
      "tolerance": "0.00000000000000777199385568621392996323028301955592983975181468669439804405736105103"
    },
    {
      "id": "eta=2e-05:quadratic-3-2-2",
      "pass": false,
      "absoluteDifference": "0.0000009759726049372518543988984336298188406681910001196423205355721220519179",
      "tolerance": "0.0000000000000365407708011257684200291914118125359352104658625670172722767786061026"
    },
    {
      "id": "eta=2e-05:linear-3-3",
      "pass": false,
      "absoluteDifference": "0.000000009956350871902524261598432152397195850721522820398712987263782722721155",
      "tolerance": "0.000000000000007884143782152253323287000358855426917949004050326963539164988189136136"
    },
    {
      "id": "eta=2e-05:quadratic-3-3-3",
      "pass": false,
      "absoluteDifference": "0.0000009759726049372518543988984336298188406681910001196423205355721220519179",
      "tolerance": "0.0000000000000365407708011257684200291914118125359352104658625670172722767786061026"
    },
    {
      "id": "eta=2e-05:linear-3-4",
      "pass": false,
      "absoluteDifference": "0.00000001008187720002706503420623080113775915788940068522324897986910632497351",
      "tolerance": "0.000000000000007983546807768341389951772337227486810940013493834157402683368455316249"
    },
    {
      "id": "eta=2e-05:quadratic-3-4-4",
      "pass": false,
      "absoluteDifference": "0.0000009759726049372518543988984336298188406681910001196423205355721220519179",
      "tolerance": "0.0000000000000365407708011257684200291914118125359352104658625670172722767786061026"
    },
    {
      "id": "eta=2e-05:linear-4-2",
      "pass": false,
      "absoluteDifference": "0.000002129707854562199093531148898257393282966496654055691701087068420005213",
      "tolerance": "0.000000000001686514427998200308516390083477603294136241906986023097085054353421"
    },
    {
      "id": "eta=2e-05:quadratic-4-2-2",
      "pass": false,
      "absoluteDifference": "0.0002117786260076490754835486349128118269293414421264275449336749955165236",
      "tolerance": "0.000000000007929284426837113314106177224579453126155579620934446377246683749775826"
    },
    {
      "id": "eta=2e-05:linear-4-3",
      "pass": false,
      "absoluteDifference": "0.000001872080931642835513096588936738062578901354529997857406152150380683429",
      "tolerance": "0.000000000001482486535511418431588893153078431442748927310310728408495307607519034"
    },
    {
      "id": "eta=2e-05:quadratic-4-3-3",
      "pass": false,
      "absoluteDifference": "0.0001835118583406595595245614524870502646078404837179358826583667838460267",
      "tolerance": "0.000000000006870890632562886980614089485574212609208175227310896794132918339192301"
    },
    {
      "id": "eta=2e-05:linear-4-4",
      "pass": false,
      "absoluteDifference": "0.000001672456374470589757972733246055150802252381619892186663847191335256879",
      "tolerance": "0.000000000001324397454357850760585131232064904631042247895875428203083192359566763"
    },
    {
      "id": "eta=2e-05:quadratic-4-4-4",
      "pass": false,
      "absoluteDifference": "0.0001619021591436608770567079596205393635318609934168165066764503661666546",
      "tolerance": "0.000000000006061771490218416883941414370408085001821746095325137700333822518308333"
    },
    {
      "id": "eta=2e-05:transformed-0-0",
      "pass": false,
      "absoluteDifference": "0.00000001680827397729754701938276184591813944280147552490234375",
      "tolerance": "0.00000000000001331048382005972764663415119912315276451408863067626953125"
    },
    {
      "id": "eta=2e-05:transformed-1-0",
      "pass": false,
      "absoluteDifference": "0.0000000007554455897440864785051593781917992266964594356925897585679391514097637",
      "tolerance": "0.0000000000000005987091079532818585697244512728547636999464522045488735675182407075705"
    },
    {
      "id": "eta=2e-05:transformed-0-1",
      "pass": false,
      "absoluteDifference": "0.0000000168082739776770177797526883978207479231059551239013671875",
      "tolerance": "0.000000000000013310483820059705962590701489034472615458071231842041015625"
    },
    {
      "id": "eta=2e-05:transformed-1-1",
      "pass": false,
      "absoluteDifference": "0.0000000008522714690895934848192741940881938933430167910466638428424230645085517",
      "tolerance": "0.0000000000000006753842553398073343350327461137656328275522120439857743542514961532254"
    },
    {
      "id": "eta=2e-05:transformed-2-2",
      "pass": false,
      "absoluteDifference": "0.000000001613662141680068931870734699244302969851729683257871553025324825432923",
      "tolerance": "0.000000000000001278305449413940399722447463260163347029241603484361257835463766241272"
    },
    {
      "id": "eta=2e-05:transformed-3-2",
      "pass": false,
      "absoluteDifference": "0.000000009814728778266670598762389044515891487731434572511007756147221020608366",
      "tolerance": "0.00000000000000777248385568621392996323028301955592983975181468669439804405736105103"
    },
    {
      "id": "eta=2e-05:transformed-4-2",
      "pass": false,
      "absoluteDifference": "0.000002129707854562199093531148898257393282966496654055691701087068420005213",
      "tolerance": "0.000000000001686514917998200308516390083477603294136241906986023097085054353421"
    },
    {
      "id": "eta=2e-05:transformed-2-3",
      "pass": false,
      "absoluteDifference": "0.00000000173349430047339033547845629955503885993109084224233210841377534366831",
      "tolerance": "0.000000000000001373198353431141836167207158302205286519955996889400248319287876267183"
    },
    {
      "id": "eta=2e-05:transformed-3-3",
      "pass": false,
      "absoluteDifference": "0.000000009956350871902524261598432152397195850721522820398712987263782722721155",
      "tolerance": "0.000000000000007884633782152253323287000358855426917949004050326963539164988189136136"
    },
    {
      "id": "eta=2e-05:transformed-4-3",
      "pass": false,
      "absoluteDifference": "0.000001872080931642835513096588936738062578901354529997857406152150380683429",
      "tolerance": "0.000000000001482487025511418431588893153078431442748927310310728408495307607519034"
    },
    {
      "id": "eta=2e-05:transformed-2-4",
      "pass": false,
      "absoluteDifference": "0.000000001845562284230103614455360545959176444384392567213137584765158969490882",
      "tolerance": "0.000000000000001461942662150047297602905201130770435254435573342826751849941382948475"
    },
    {
      "id": "eta=2e-05:transformed-3-4",
      "pass": false,
      "absoluteDifference": "0.00000001008187720002706503420623080113775915788940068522324897986910632497351",
      "tolerance": "0.000000000000007984036807768341389951772337227486810940013493834157402683368455316249"
    },
    {
      "id": "eta=2e-05:transformed-4-4",
      "pass": false,
      "absoluteDifference": "0.000001672456374470589757972733246055150802252381619892186663847191335256879",
      "tolerance": "0.000000000001324397944357850760585131232064904631042247895875428203083192359566763"
    },
    {
      "id": "eta=2e-05:actual-integral-change-0",
      "pass": false,
      "absoluteDifference": "0.0000000000000002207244490430876414005506880375564907075383768542687725315869402831215",
      "tolerance": "0.00000000000000007560541971259807887919554596725666012512058423996676259271343862657935"
    },
    {
      "id": "eta=2e-05:actual-integral-change-2",
      "pass": false,
      "absoluteDifference": "0.000000000000000002171160550383672857130120105310228405312967483377333587276509442737601",
      "tolerance": "0.000000000000000001734127841044578445986784359347853495321341314383426541297429606609919"
    },
    {
      "id": "eta=2e-05:actual-integral-change-3",
      "pass": false,
      "absoluteDifference": "0.00000000000007088724173560020795571874438312176742473084229008976452796847750653754",
      "tolerance": "0.0000000000000002619004613800412545520017441554905742450988091870340197168905701484239"
    },
    {
      "id": "eta=2e-05:residual-3",
      "pass": false,
      "absoluteDifference": "0.00000000000007088724194735844476929382915020239259464133280293766491859347750653754",
      "tolerance": "0.0000000000000002262936216069832870834532555595098242961772248956503956400473084296739"
    },
    {
      "id": "eta=2e-05:actual-integral-change-4",
      "pass": false,
      "absoluteDifference": "0.00000000002410937163342162302434427664975724605780140910807322700116668201085514",
      "tolerance": "0.0000000000000760164710837379824603591054062742702719268640186867884114738500583341"
    },
    {
      "id": "eta=2e-05:residual-4",
      "pass": false,
      "absoluteDifference": "0.00000000002410937163342162291186389129758959404285349985114651847482443962281364",
      "tolerance": "0.00000000000007601647108373798246035909978225500266354426327129132556513842374122198"
    },
    {
      "id": "eta=0:B34:integrated-moment-1",
      "pass": false,
      "absoluteDifference": "1.45385026170597024136696312019222245873553612950469479504711342143671e-117",
      "tolerance": "2.924009181314353025274227768947185910944457752143219533436274928298132e-121"
    },
    {
      "id": "eta=0:B34:actual-separation-debt-1",
      "pass": false,
      "absoluteDifference": "1.453850228523734808368283631266191147465987718249309962204689391966438e-117",
      "tolerance": "2.924009181314353025274227768947185910944457752143219533436274928298132e-121"
    },
    {
      "id": "eta=0:B34:integrated-moment-2",
      "pass": false,
      "absoluteDifference": "5.274466402094359554904516902772135474310248397647489157130386336113394e-119",
      "tolerance": "1.060809934465283919394229776545822178101055058910041423193526147176011e-122"
    },
    {
      "id": "eta=0:B34:actual-separation-debt-2",
      "pass": false,
      "absoluteDifference": "5.274466402094359554904516902772135474310248397647489157130386336113394e-119",
      "tolerance": "1.060809934465283919394229776545822178101055058910041423193526147176011e-122"
    }
  ]
}
