/workspace/scratch/9a6c38c54c2e/MathScopeCompute/research-ide/mathscope-m1/navier/followup-20261010-same-datum-axis/formal-input-producer/field-attempts/0008/FieldBounds.lean:302:55: error: unsolved goals
z : ℂ
hz : ‖z‖ ≤ 3 / 2
hs : ‖z‖ ^ 2 ≤ 9 / 4
hb : ‖1 - 2 * ↑h * z ^ 2‖ ≤ 1 + 2 * h * ‖z‖ ^ 2
⊢ 0 ≤ ?m.171
/workspace/scratch/9a6c38c54c2e/MathScopeCompute/research-ide/mathscope-m1/navier/followup-20261010-same-datum-axis/formal-input-producer/field-attempts/0008/FieldBounds.lean:297:74: error: unsolved goals
z : ℂ
hz : ‖z‖ ≤ 3 / 2
hs : ‖z‖ ^ 2 ≤ 9 / 4
hb : ‖1 - 2 * ↑h * z ^ 2‖ ≤ 1 + 2 * h * ‖z‖ ^ 2
⊢ ‖complexL h z‖ ≤ 2
/workspace/scratch/9a6c38c54c2e/MathScopeCompute/research-ide/mathscope-m1/navier/followup-20261010-same-datum-axis/formal-input-producer/field-attempts/0008/FieldBounds.lean:361:38: warning: Used `tac1 <;> tac2` where `(tac1; tac2)` would suffice

Note: This linter can be disabled with `set_option linter.unnecessarySeqFocus false`
'MathScope.SameDatumInputs.denominator_norm_lower' depends on axioms: [propext, Classical.choice, Quot.sound]
'MathScope.SameDatumInputs.chiInput_norm' depends on axioms: [propext, Classical.choice, Quot.sound]
'MathScope.SameDatumInputs.chiInput_coefficient' depends on axioms: [propext, Classical.choice, Quot.sound]
'MathScope.SameDatumInputs.newComplexPressure_norm' depends on axioms: [propext, Classical.choice, Quot.sound]
'MathScope.SameDatumInputs.pressure_prime_norm' depends on axioms: [propext, Classical.choice, Quot.sound]
'MathScope.SameDatumInputs.selectedElement_norm' depends on axioms: [propext, sorryAx, Classical.choice, Quot.sound]
'MathScope.SameDatumInputs.selectedElement_coefficient' depends on axioms: [propext,
 sorryAx,
 Classical.choice,
 Quot.sound]
'MathScope.SameDatumInputs.selectedAxisData_compatible' depends on axioms: [propext,
 sorryAx,
 Classical.choice,
 Quot.sound]
