MathScope differential release browser QA — completed with limitations
Observed closure UTC: 2026-10-10T17:14:57.573Z
Last actual source completion UTC: 2026-10-10T17:11:38.227Z
Verified URL: https://project29770.websitepublisher.ai/v0.3.1.html#research-m2/ns
Observed UI runtime: M2 0.3.8 / 79 examples / original 64 criteria unchanged
Published release identity supplied by root: page version 74 / version_hash b9e93d8d / implementation cc075ec661b573671ac43a88cf30ccdc2dbb9bd8
Browser: Cloud Chrome via documented cua_repl DOM/locator APIs. No hidden app globals or alternate browser control.
LIGHT: five hash routes PASS; three new NS example selections/preflight PASS; input-only import did not submit/adopt a result; real arithmetic replay MATCH, imported evidence untrusted and automatic evidence save false.
CAMERA: 30 actual left/right clicks; representation revision 1 -> 31; input/result/source hashes unchanged; displayed runtime draw p95 4.1ms <= 100ms.
CAMERA LIMIT: the retained renderer draw window includes initial page/result rendering; this is not a camera-only sample percentile or end-to-end latency.
DESKTOP: 1348x936 CSS viewport, 12 genuine source panels READY, no unintended document overflow. Intentional scroll containers retain long exact expressions.
HEAVY WORKERS: three actual differential examples, each submitted once and run serially. The first short locator timeout did not cancel/resubmit covariance; its original job completed.
ns-m2-actual-covariance-sensitivity | m2-job:mv2nfiet:1 | COMPLETED | nodes=220154 | panels=5
  compiler SHA256: 67e500546cd8dcbf5404aa5ce82900a8dabefe09fe76bae07ec6461b3ea1b7bd
  mathematical hash: 6ee460ec9f791e523195978dbd95aff71dd232b96217f0f381da1e6ad127f396
  same compiler and mathematical hash as the recorded Node Worker: true
ns-m2-actual-pulse-jet | m2-job:mv2nhco2:2 | COMPLETED | nodes=392631 | panels=4
  compiler SHA256: c3ad36b3fb6d9e0b2b0617dc33ee62b8a1d4b3fd4ac7f825a35826140a898894
  mathematical hash: 106d4ac5e2106ff8cc6ccb12850adbdd282ed1983d68c9beb4eb41297507ef99
  same compiler and mathematical hash as the recorded Node Worker: true
ns-m2-actual-full-curl | m2-job:mv2nicae:3 | COMPLETED | nodes=383534 | panels=3
  compiler SHA256: 554cc288213b1d96de9f81c9da4e387ab58afe3438388a0fbbf5660f1b0c192d
  mathematical hash: dd36d027fbaffb55438c00dc7291dd0e1148baec02e5fab38fe14a67d19e9822
  same compiler and mathematical hash as the recorded Node Worker: true
SCOPE: curl remains conditional on its positive-weight domain and one slow box; both divergence rows retain domainMembershipCertified=false; global gluing/residual/flat-error claims remain false.
RESPONSIVE LIMIT: no advertised viewport emulation. The one file:// iframe navigation was explicitly rejected by Browser URL security policy. No workaround was attempted; 360/390/412 (and planned iframe 960) were NOT executed.
LOCAL BROWSER LIMIT: Playwright package exists but browser binary was unavailable; official download returned HTTP 200 text/html Site Unavailable, 195 bytes. Further retries were stopped.
CONSOLE: strictConsoleClean=false. Returned 200-entry window 2026-10-10T17:03:08.843Z to 2026-10-10T17:12:36.613Z contains extension metadata 188, THREE disabled/sandboxed WebGL context 12, other returned errors 0. This is not a complete-history console-clean guarantee.
HELPER RECOVERIES: regex-locator quotation false timeout, large DOM JSON string truncation at 200000 characters, short locator deadline, and nested shared-file availability were handled without product-code changes. Final parsing uses complete read-only DOM JSON and bounded fields; browser artifacts were saved through the documented shared root.
HELPER SHA256: 03d7555274092c03ad5c6a1ed30f0597a75c1bc6ce97934acace0fa5e657a3cd
No product source changed, new mathematical proof issued, evidence automatically saved, all-table-cells source-path claim made, or further heavy browser test run during finalization.
Six inspected screenshots are in scratch only; the committed report retains their metadata.
