TAP version 13
# Converted from the retained execution transcript; no source rerun.
# Original transcript: covariance-source-original.log
# Subtest: the R derivative is attached to both original theta,z,mass integrals with all Haar and cutoff factors
ok 1 - the R derivative is attached to both original theta,z,mass integrals with all Haar and cutoff factors
  ---
  duration_ms: 768.55468
  ...
# Subtest: the original source first-variation norms give nonzero convergent covariance-derivative tails, including P squared
ok 2 - the original source first-variation norms give nonzero convergent covariance-derivative tails, including P squared
  ---
  duration_ms: 0.295065
  ...
# Subtest: the source target matches the existing full target builder after alpha-renaming only
ok 3 - the source target matches the existing full target builder after alpha-renaming only
  ---
  duration_ms: 1038.549004
  ...
# Subtest: the actual inverse derivative retains Ha*y and never asserts ell=1 invertibility or positive square roots
ok 4 - the actual inverse derivative retains Ha*y and never asserts ell=1 invertibility or positive square roots
  ---
  duration_ms: 0.305711
  ...
# Subtest: source derivative, scope and appended node mutations are rejected without altering the original source
ok 5 - source derivative, scope and appended node mutations are rejected without altering the original source
  ---
  duration_ms: 365.120381
  ...
1..5
# tests 5
# pass 5
# fail 0
# cancelled 0
# skipped 0
# todo 0
