TAP version 13
# Subtest: nonconstant covariance integrals retain factor, cutoff, amplitude and moving endpoint derivatives
ok 1 - nonconstant covariance integrals retain factor, cutoff, amplitude and moving endpoint derivatives
  ---
  duration_ms: 102.049603
  type: 'test'
  ...
# Subtest: fixed endpoints do not erase parameter derivatives of nonconstant time amplitudes
ok 2 - fixed endpoints do not erase parameter derivatives of nonconstant time amplitudes
  ---
  duration_ms: 76.449461
  type: 'test'
  ...
# Subtest: a nonconstant H and target match an independent numerical inverse derivative, including Ha*y
ok 3 - a nonconstant H and target match an independent numerical inverse derivative, including Ha*y
  ---
  duration_ms: 69.043585
  type: 'test'
  ...
# Subtest: actual differentiated H integrals feed the inverse derivative with a nonconstant target
ok 4 - actual differentiated H integrals feed the inverse derivative with a nonconstant target
  ---
  duration_ms: 64.897096
  type: 'test'
  ...
# Subtest: factorial derivative-integral bounds enclose an independent exponential example and have no fixed floor
ok 5 - factorial derivative-integral bounds enclose an independent exponential example and have no fixed floor
  ---
  duration_ms: 724.395085
  type: 'test'
  ...
# Subtest: invalid geometry, singular matrices and caller-authored source derivatives are rejected
ok 6 - invalid geometry, singular matrices and caller-authored source derivatives are rejected
  ---
  duration_ms: 54.290792
  type: 'test'
  ...
1..6
# tests 6
# suites 0
# pass 6
# fail 0
# cancelled 0
# skipped 0
# todo 0
# duration_ms 1234.239176
