TAP version 13
# Subtest: public UI routes select exact covariance, all-RZT jet and full-curl tables as the main view
ok 1 - public UI routes select exact covariance, all-RZT jet and full-curl tables as the main view
  ---
  duration_ms: 23.068848
  type: 'test'
  ...
# Subtest: every exact table cell, axis, chart row and detail resolves to the retained fixture field without numeric marks
ok 2 - every exact table cell, axis, chart row and detail resolves to the retained fixture field without numeric marks
  ---
  duration_ms: 4.786336
  type: 'test'
  ...
# Subtest: all three components and both signs retain every first, second and mixed jet and endpoint direction
ok 3 - all three components and both signs retain every first, second and mixed jet and endpoint direction
  ---
  duration_ms: 1.234472
  type: 'test'
  ...
# Subtest: covariance tables preserve H_a*y, Haar/cutoff/endpoints, nonzero tails, retained P squared and conditional inverse
ok 4 - covariance tables preserve H_a*y, Haar/cutoff/endpoints, nonzero tails, retained P squared and conditional inverse
  ---
  duration_ms: 0.323929
  type: 'test'
  ...
# Subtest: full curl keeps the remainder and potential and does not promote divergence to global residual or positive ell=1
ok 5 - full curl keeps the remainder and potential and does not promote divergence to global residual or positive ell=1
  ---
  duration_ms: 0.26478
  type: 'test'
  ...
# Subtest: display row budgets preserve endpoints and cell bindings while frozen full results remain unchanged
ok 6 - display row budgets preserve endpoints and cell bindings while frozen full results remain unchanged
  ---
  duration_ms: 14.860882
  type: 'test'
  ...
# Subtest: changed inputs, failures, nonpassing certificates and malformed payloads cannot display a differential certificate
ok 7 - changed inputs, failures, nonpassing certificates and malformed payloads cannot display a differential certificate
  ---
  duration_ms: 1.740154
  type: 'test'
  ...
# Subtest: all table panels produce finite narrow and wide canvas commands without source expression marks
ok 8 - all table panels produce finite narrow and wide canvas commands without source expression marks
  ---
  duration_ms: 17.649121
  type: 'test'
  ...
# Subtest: long symbolic expressions survive exact HTML table rendering without truncation or unsafe conversion
ok 9 - long symbolic expressions survive exact HTML table rendering without truncation or unsafe conversion
  ---
  duration_ms: 4.007222
  type: 'test'
  ...
1..9
# tests 9
# suites 0
# pass 9
# fail 0
# cancelled 0
# skipped 0
# todo 0
# duration_ms 188.362029
