TAP version 13
# Subtest: nonconstant covariance integrals retain factor, cutoff, amplitude and moving endpoint derivatives
ok 1 - nonconstant covariance integrals retain factor, cutoff, amplitude and moving endpoint derivatives
  ---
  duration_ms: 118.347074
  type: 'test'
  ...
# Subtest: fixed endpoints do not erase parameter derivatives of nonconstant time amplitudes
ok 2 - fixed endpoints do not erase parameter derivatives of nonconstant time amplitudes
  ---
  duration_ms: 78.40101
  type: 'test'
  ...
# Subtest: a nonconstant H and target match an independent numerical inverse derivative, including Ha*y
ok 3 - a nonconstant H and target match an independent numerical inverse derivative, including Ha*y
  ---
  duration_ms: 101.541775
  type: 'test'
  ...
# Subtest: actual differentiated H integrals feed the inverse derivative with a nonconstant target
ok 4 - actual differentiated H integrals feed the inverse derivative with a nonconstant target
  ---
  duration_ms: 79.904647
  type: 'test'
  ...
# Subtest: factorial derivative-integral bounds enclose an independent exponential example and have no fixed floor
ok 5 - factorial derivative-integral bounds enclose an independent exponential example and have no fixed floor
  ---
  duration_ms: 781.789349
  type: 'test'
  ...
# Subtest: invalid geometry, singular matrices and caller-authored source derivatives are rejected
ok 6 - invalid geometry, singular matrices and caller-authored source derivatives are rejected
  ---
  duration_ms: 53.8456
  type: 'test'
  ...
# Subtest: literal full cylindrical curl has exact zero complex divergence with all spatial chains
ok 7 - literal full cylindrical curl has exact zero complex divergence with all spatial chains
  ---
  duration_ms: 64.566521
  type: 'test'
  ...
# Subtest: deleting the cylindrical C_theta/R term is rejected by independent divergence
ok 8 - deleting the cylindrical C_theta/R term is rejected by independent divergence
  ---
  duration_ms: 51.602267
  type: 'test'
  ...
# Subtest: transverse chain changes the actual curl; it cannot be discarded as a frozen cutoff
ok 9 - transverse chain changes the actual curl; it cannot be discarded as a frozen cutoff
  ---
  duration_ms: 34.636715
  type: 'test'
  ...
# Subtest: real full harmonic curl agrees with an independent Cartesian finite difference
ok 10 - real full harmonic curl agrees with an independent Cartesian finite difference
  ---
  duration_ms: 36.551174
  type: 'test'
  ...
# Subtest: non-gradient normal and supplied derivative shortcuts fail explicitly
ok 11 - non-gradient normal and supplied derivative shortcuts fail explicitly
  ---
  duration_ms: 38.420804
  type: 'test'
  ...
# Subtest: inherited all-zero carrier branches normalize by exact equality, while an active branch is retained
ok 12 - inherited all-zero carrier branches normalize by exact equality, while an active branch is retained
  ---
  duration_ms: 37.073771
  type: 'test'
  ...
# Subtest: the FTC envelope differentiates its retained coefficient and binds its actual integration coordinate
ok 13 - the FTC envelope differentiates its retained coefficient and binds its actual integration coordinate
  ---
  duration_ms: 115.254759
  type: 'test'
  ...
# Subtest: constant coefficients reduce exactly and smoothing never creates a zero denominator at a zero derivative
ok 14 - constant coefficients reduce exactly and smoothing never creates a zero denominator at a zero derivative
  ---
  duration_ms: 114.882993
  type: 'test'
  ...
# Subtest: rectangular matrix row sums bound the induced infinity norm and keep parameter dependence
ok 15 - rectangular matrix row sums bound the induced infinity norm and keep parameter dependence
  ---
  duration_ms: 101.429055
  type: 'test'
  ...
# Subtest: hidden coordinates, time-dependent interval lengths, caller derivatives, and source claims are rejected
ok 16 - hidden coordinates, time-dependent interval lengths, caller derivatives, and source claims are rejected
  ---
  duration_ms: 91.108267
  type: 'test'
  ...
# Subtest: three slow directions produce all 20 genuine jet components and the repeated-direction factor two
ok 17 - three slow directions produce all 20 genuine jet components and the repeated-direction factor two
  ---
  duration_ms: 127.842962
  type: 'test'
  ...
# Subtest: every fixed-left mixed jet agrees with independent differentiation of noncommuting ordered integrals
ok 18 - every fixed-left mixed jet agrees with independent differentiation of noncommuting ordered integrals
  ---
  duration_ms: 366.705811
  type: 'test'
  ...
# Subtest: omitting M_ij, one repeated forcing, or a nonconstant datum has an exactly failing control
ok 19 - omitting M_ij, one repeated forcing, or a nonconstant datum has an exactly failing control
  ---
  duration_ms: 52.017698
  type: 'test'
  ...
# Subtest: a time-dependent nilpotent analytic solution verifies every first/second moving-left jet
ok 20 - a time-dependent nilpotent analytic solution verifies every first/second moving-left jet
  ---
  duration_ms: 82.321012
  type: 'test'
  ...
# Subtest: the full moving-evaluation endpoint Hessian retains M_v, mixed RHS terms and endpoint acceleration
ok 21 - the full moving-evaluation endpoint Hessian retains M_v, mixed RHS terms and endpoint acceleration
  ---
  duration_ms: 72.513193
  type: 'test'
  ...
# Subtest: a diagonal exponential initial-boundary check detects an omitted M squared as well as M_v
ok 22 - a diagonal exponential initial-boundary check detects an omitted M squared as well as M_v
  ---
  duration_ms: 74.896984
  type: 'test'
  ...
# Subtest: the actual augmented block-row norm and a nonzero factorial tail enclose an analytic Hessian
ok 23 - the actual augmented block-row norm and a nonzero factorial tail enclose an analytic Hessian
  ---
  duration_ms: 68.277759
  type: 'test'
  ...
# Subtest: binding keeps the original covariance root and gives symmetric second derivatives without redirectable aliases
ok 24 - binding keeps the original covariance root and gives symmetric second derivatives without redirectable aliases
  ---
  duration_ms: 50.066921
  type: 'test'
  ...
# Subtest: unsupported slow orders, undeclared dependencies, absent bounds and forged copies fail explicitly
ok 25 - unsupported slow orders, undeclared dependencies, absent bounds and forged copies fail explicitly
  ---
  duration_ms: 77.171214
  type: 'test'
  ...
# Subtest: a covariance binding rejects a changed original matrix or a replaced live descriptor
ok 26 - a covariance binding rejects a changed original matrix or a replaced live descriptor
  ---
  duration_ms: 45.982649
  type: 'test'
  ...
# Subtest: a frozen piecewise carrier has an exact zero slow derivative even when inherited AD cached a zero-branch expression
ok 27 - a frozen piecewise carrier has an exact zero slow derivative even when inherited AD cached a zero-branch expression
  ---
  duration_ms: 52.195411
  type: 'test'
  ...
# Subtest: the augmented system actually differentiates every coefficient and the parameter-dependent datum
ok 28 - the augmented system actually differentiates every coefficient and the parameter-dependent datum
  ---
  duration_ms: 128.57738
  type: 'test'
  ...
# Subtest: noncommuting time-dependent polynomial coefficients agree with independent differentiation of each ordered-integral partial sum
ok 29 - noncommuting time-dependent polynomial coefficients agree with independent differentiation of each ordered-integral partial sum
  ---
  duration_ms: 139.766617
  type: 'test'
  ...
# Subtest: omitting matrix dependence or initial dependence gives an exact failing control
ok 30 - omitting matrix dependence or initial dependence gives an exact failing control
  ---
  duration_ms: 69.303422
  type: 'test'
  ...
# Subtest: a moving initial endpoint retains its exact boundary correction
ok 31 - a moving initial endpoint retains its exact boundary correction
  ---
  duration_ms: 58.563091
  type: 'test'
  ...
# Subtest: the endpoint chain rule is exact for a solvable nilpotent system with moving data and both endpoints
ok 32 - the endpoint chain rule is exact for a solvable nilpotent system with moving data and both endpoints
  ---
  duration_ms: 72.025813
  type: 'test'
  ...
# Subtest: the four-component factorial bound is nonzero, decreases eventually and encloses an analytic exponential variation
ok 33 - the four-component factorial bound is nonzero, decreases eventually and encloses an analytic exponential variation
  ---
  duration_ms: 73.041195
  type: 'test'
  ...
# Subtest: unbound variables, unsupported orders, negative bounds and mutation cannot silently certify a sensitivity
ok 34 - unbound variables, unsupported orders, negative bounds and mutation cannot silently certify a sensitivity
  ---
  duration_ms: 71.399298
  type: 'test'
  ...
# Subtest: public UI routes select exact covariance, all-RZT jet and full-curl tables as the main view
ok 35 - public UI routes select exact covariance, all-RZT jet and full-curl tables as the main view
  ---
  duration_ms: 33.664008
  type: 'test'
  ...
# Subtest: every exact table cell, axis, chart row and detail resolves to the retained fixture field without numeric marks
ok 36 - every exact table cell, axis, chart row and detail resolves to the retained fixture field without numeric marks
  ---
  duration_ms: 7.367373
  type: 'test'
  ...
# Subtest: all three components and both signs retain every first, second and mixed jet and endpoint direction
ok 37 - all three components and both signs retain every first, second and mixed jet and endpoint direction
  ---
  duration_ms: 2.152687
  type: 'test'
  ...
# Subtest: covariance tables preserve H_a*y, Haar/cutoff/endpoints, nonzero tails, retained P squared and conditional inverse
ok 38 - covariance tables preserve H_a*y, Haar/cutoff/endpoints, nonzero tails, retained P squared and conditional inverse
  ---
  duration_ms: 0.65645
  type: 'test'
  ...
# Subtest: full curl keeps the remainder and potential and does not promote divergence to global residual or positive ell=1
ok 39 - full curl keeps the remainder and potential and does not promote divergence to global residual or positive ell=1
  ---
  duration_ms: 0.484791
  type: 'test'
  ...
# Subtest: display row budgets preserve endpoints and cell bindings while frozen full results remain unchanged
ok 40 - display row budgets preserve endpoints and cell bindings while frozen full results remain unchanged
  ---
  duration_ms: 13.895811
  type: 'test'
  ...
# Subtest: changed inputs, failures, nonpassing certificates and malformed payloads cannot display a differential certificate
ok 41 - changed inputs, failures, nonpassing certificates and malformed payloads cannot display a differential certificate
  ---
  duration_ms: 2.729237
  type: 'test'
  ...
# Subtest: all table panels produce finite narrow and wide canvas commands without source expression marks
ok 42 - all table panels produce finite narrow and wide canvas commands without source expression marks
  ---
  duration_ms: 19.731873
  type: 'test'
  ...
# Subtest: long symbolic expressions survive exact HTML table rendering without truncation or unsafe conversion
ok 43 - long symbolic expressions survive exact HTML table rendering without truncation or unsafe conversion
  ---
  duration_ms: 5.825677
  type: 'test'
  ...
1..43
# tests 43
# suites 0
# pass 43
# fail 0
# cancelled 0
# skipped 0
# todo 0
# duration_ms 1393.566854
