TAP version 13
# file:///workspace/scratch/cf975e3da716/MathScopeCompute/research-ide/mathscope-m2/navier/actual-continuation-arithmetic.mjs:4
# export const fail=(code,message)=>{throw Object.assign(Error(message),{code});};
#                                                        ^
# Error: A literal full-curl geometric or mixed derivative premise failed.
#     at fail (file:///workspace/scratch/cf975e3da716/MathScopeCompute/research-ide/mathscope-m2/navier/actual-continuation-arithmetic.mjs:4:56)
#     at exactCylindricalHarmonicCurl (file:///workspace/scratch/cf975e3da716/MathScopeCompute/research-ide/mathscope-m2/navier/actual-full-curl.mjs:45:31)
#     at attachActualFullCurl (file:///workspace/scratch/cf975e3da716/MathScopeCompute/research-ide/mathscope-m2/navier/actual-full-curl.mjs:102:16)
#     at prepareActualFullCurlProgram (file:///workspace/scratch/cf975e3da716/MathScopeCompute/research-ide/mathscope-m2/navier/actual-full-curl.mjs:149:74)
#     at file:///workspace/scratch/cf975e3da716/MathScopeCompute/research-ide/mathscope-m2/navier/tests/actual-full-curl-source.test.mjs:8:33
#     at ModuleJob.run (node:internal/modules/esm/module_job:439:25)
#     at async node:internal/modules/esm/loader:643:26
#     at async asyncRunEntryPointWithESMLoader (node:internal/modules/run_main:101:5) {
#   code: 'INTERNAL_VALIDATION'
# }
# Node.js v24.19.0
# Subtest: research-ide/mathscope-m2/navier/tests/actual-full-curl-source.test.mjs
not ok 1 - research-ide/mathscope-m2/navier/tests/actual-full-curl-source.test.mjs
  ---
  duration_ms: 17801.69638
  type: 'test'
  location: '/workspace/scratch/cf975e3da716/MathScopeCompute/research-ide/mathscope-m2/navier/tests/actual-full-curl-source.test.mjs:1:1'
  failureType: 'testCodeFailure'
  exitCode: 1
  signal: ~
  error: 'test failed'
  code: 'ERR_TEST_FAILURE'
  ...
1..1
# tests 1
# suites 0
# pass 0
# fail 1
# cancelled 0
# skipped 0
# todo 0
# duration_ms 17809.861263
