Command: node --test research-ide/mathscope-m2/navier/tests/actual-pulse-jet-ftc.test.mjs research-ide/mathscope-m2/navier/tests/actual-pulse-jet-kernel.test.mjs research-ide/mathscope-m2/navier/tests/actual-pulse-sensitivity-kernel.test.mjs
Exit code: 0

✔ the FTC envelope differentiates its retained coefficient and binds its actual integration coordinate (69.736123ms)
✔ constant coefficients reduce exactly and smoothing never creates a zero denominator at a zero derivative (68.125974ms)
✔ rectangular matrix row sums bound the induced infinity norm and keep parameter dependence (69.576878ms)
✔ hidden coordinates, time-dependent interval lengths, caller derivatives, and source claims are rejected (62.3355ms)
✔ three slow directions produce all 20 genuine jet components and the repeated-direction factor two (87.752575ms)
✔ every fixed-left mixed jet agrees with independent differentiation of noncommuting ordered integrals (262.340281ms)
✔ omitting M_ij, one repeated forcing, or a nonconstant datum has an exactly failing control (46.312465ms)
✔ a time-dependent nilpotent analytic solution verifies every first/second moving-left jet (62.720511ms)
✔ the full moving-evaluation endpoint Hessian retains M_v, mixed RHS terms and endpoint acceleration (58.344279ms)
✔ a diagonal exponential initial-boundary check detects an omitted M squared as well as M_v (50.405634ms)
✔ the actual augmented block-row norm and a nonzero factorial tail enclose an analytic Hessian (59.885965ms)
✔ binding keeps the original covariance root and gives symmetric second derivatives without redirectable aliases (52.933247ms)
✔ unsupported slow orders, undeclared dependencies, absent bounds and forged copies fail explicitly (75.308229ms)
✔ a covariance binding rejects a changed original matrix or a replaced live descriptor (43.691166ms)
✔ a frozen piecewise carrier has an exact zero slow derivative even when inherited AD cached a zero-branch expression (44.817706ms)
✔ the augmented system actually differentiates every coefficient and the parameter-dependent datum (66.728627ms)
✔ noncommuting time-dependent polynomial coefficients agree with independent differentiation of each ordered-integral partial sum (101.202504ms)
✔ omitting matrix dependence or initial dependence gives an exact failing control (53.672512ms)
✔ a moving initial endpoint retains its exact boundary correction (52.829971ms)
✔ the endpoint chain rule is exact for a solvable nilpotent system with moving data and both endpoints (51.251771ms)
✔ the four-component factorial bound is nonzero, decreases eventually and encloses an analytic exponential variation (54.317456ms)
✔ unbound variables, unsupported orders, negative bounds and mutation cannot silently certify a sensitivity (47.628205ms)
ℹ tests 22
ℹ suites 0
ℹ pass 22
ℹ fail 0
ℹ cancelled 0
ℹ skipped 0
ℹ todo 0
ℹ duration_ms 950.020315
