{
  "schema": "MathScope.DifferentialReplayViewAudit/1",
  "generatedAt": "2026-10-10T17:08:17.629Z",
  "pass": true,
  "command": "node research-ide/mathscope-m2/tests/differential-replay-view-audit.mjs",
  "exitCode": 0,
  "sourceCompilationRerun": false,
  "browserExecution": false,
  "rendererSHA256": "cf7ccd8745cbcd9fe719f9dcb2c0c033643a2d0a6d414ee6aab6d4f8ccc7f01c",
  "cases": [
    {
      "name": "actual-covariance-sensitivity-source",
      "kind": "ns.actual-covariance-sensitivity",
      "pass": true,
      "replaySHA256": "e26ddded6a0e90a85409250380b746849115ead6413406696a18bd538e08b733",
      "resultHash": "6ee460ec9f791e523195978dbd95aff71dd232b96217f0f381da1e6ad127f396",
      "runtimeRecordSHA256AtViewAudit": "5cfed57d0889a49b5a38d221d4e8cee77376460caf398718e98555a7b2bf8e54",
      "panels": 5,
      "rows": 69,
      "sourcePathCells": 183,
      "displayLabelCells": 45,
      "emptyPlaceholderCells": 0,
      "allCellsSourceBound": false,
      "checkedCellsWithSourcePathsMatchSource": true,
      "rowsSourceLinked": true,
      "unboundCellsAreLabelsOrEmptyPlaceholders": true
    },
    {
      "name": "actual-covariance-sensitivity-worker",
      "kind": "ns.actual-covariance-sensitivity",
      "pass": true,
      "replaySHA256": "d0399fdb473bd80b090a3fcf231c782c9a7f7761d91ed40445a0b264fb8e5174",
      "resultHash": "6ee460ec9f791e523195978dbd95aff71dd232b96217f0f381da1e6ad127f396",
      "runtimeRecordSHA256AtViewAudit": "caf5cb1f489bc818093fab4b002aacd38f45fc94efd6e2c28981edfe355fd391",
      "panels": 5,
      "rows": 69,
      "sourcePathCells": 183,
      "displayLabelCells": 45,
      "emptyPlaceholderCells": 0,
      "allCellsSourceBound": false,
      "checkedCellsWithSourcePathsMatchSource": true,
      "rowsSourceLinked": true,
      "unboundCellsAreLabelsOrEmptyPlaceholders": true
    },
    {
      "name": "actual-pulse-jet-worker",
      "kind": "ns.actual-pulse-jet",
      "pass": true,
      "replaySHA256": "8b4c60659089def9ce9752a91603f0f2ffe387e57d9db1a8b60c6f12f4ef3f47",
      "resultHash": "106d4ac5e2106ff8cc6ccb12850adbdd282ed1983d68c9beb4eb41297507ef99",
      "runtimeRecordSHA256AtViewAudit": "4d03425ae67aa2e55e2b94b2148f457be4c439a548aeb92a8c5f330137c0437b",
      "panels": 4,
      "rows": 173,
      "sourcePathCells": 1132,
      "displayLabelCells": 52,
      "emptyPlaceholderCells": 0,
      "allCellsSourceBound": false,
      "checkedCellsWithSourcePathsMatchSource": true,
      "rowsSourceLinked": true,
      "unboundCellsAreLabelsOrEmptyPlaceholders": true
    },
    {
      "name": "actual-full-curl-worker",
      "kind": "ns.actual-full-curl",
      "pass": true,
      "replaySHA256": "f2738612892815a4de1ab66a4807a492add1f10ee120b0934f710080c7e13998",
      "resultHash": "dd36d027fbaffb55438c00dc7291dd0e1148baec02e5fab38fe14a67d19e9822",
      "runtimeRecordSHA256AtViewAudit": "bea88a1f6774836a1e1ac5a114d9b126eb9856ec823ea2e8bf36b4e360a48508",
      "panels": 3,
      "rows": 76,
      "sourcePathCells": 155,
      "displayLabelCells": 55,
      "emptyPlaceholderCells": 0,
      "allCellsSourceBound": false,
      "checkedCellsWithSourcePathsMatchSource": true,
      "rowsSourceLinked": true,
      "unboundCellsAreLabelsOrEmptyPlaceholders": true
    }
  ]
}
