TAP version 13
# Subtest: a downloaded JSON bundle can be inspected and replayed in a fresh matching session
ok 1 - a downloaded JSON bundle can be inspected and replayed in a fresh matching session
  ---
  duration_ms: 93.674757
  type: 'test'
  ...
# Subtest: text import rejects invalid, excessive and non-object input before engine effects
ok 2 - text import rejects invalid, excessive and non-object input before engine effects
  ---
  duration_ms: 34.608453
  type: 'test'
  ...
# Subtest: untrusted file claims cannot bypass input, result, or environment integrity
ok 3 - untrusted file claims cannot bypass input, result, or environment integrity
  ---
  duration_ms: 66.875019
  type: 'test'
  ...
# Subtest: an intact file from a different execution environment is input-only and cannot replay
ok 4 - an intact file from a different execution environment is input-only and cannot replay
  ---
  duration_ms: 54.795438
  type: 'test'
  ...
# Subtest: hash-consistent fabricated results remain untrusted and fail fresh comparison
ok 5 - hash-consistent fabricated results remain untrusted and fail fresh comparison
  ---
  duration_ms: 62.292756
  type: 'test'
  ...
# Subtest: import replay cancellation before dispatch creates no owned job
ok 6 - import replay cancellation before dispatch creates no owned job
  ---
  duration_ms: 35.234111
  type: 'test'
  ...
# Subtest: a changed input or session guard rejects after asynchronous work before inserting any job
ok 7 - a changed input or session guard rejects after asynchronous work before inserting any job
  ---
  duration_ms: 59.589208
  type: 'test'
  ...
