TAP version 13
# Subtest: actual universal order kernel and every finite witness retain their source identities
ok 1 - actual universal order kernel and every finite witness retain their source identities
  ---
  duration_ms: 16481.338308
  type: 'test'
  ...
# Subtest: canonical cutoff prefix does not change when a later actual order is requested
ok 2 - canonical cutoff prefix does not change when a later actual order is requested
  ---
  duration_ms: 7441.924634
  type: 'test'
  ...
# Subtest: source norm recurrences include actual radial derivatives and all m=2 finite initial terms
ok 3 - source norm recurrences include actual radial derivatives and all m=2 finite initial terms
  ---
  duration_ms: 375.110556
  type: 'test'
  ...
# Subtest: slow chart keeps every Jacobian coefficient derivative and distinguishes raw F0 from slow F0
ok 4 - slow chart keeps every Jacobian coefficient derivative and distinguishes raw F0 from slow F0
  ---
  duration_ms: 0.280463
  type: 'test'
  ...
# Subtest: actual coefficient supports and original extra potential derivative are proved, not sampled
ok 5 - actual coefficient supports and original extra potential derivative are proved, not sampled
  ---
  duration_ms: 0.174713
  type: 'test'
  ...
# Subtest: canonical fixed-q query includes the actual transition term and proves every omitted term off
ok 6 - canonical fixed-q query includes the actual transition term and proves every omitted term off
  ---
  duration_ms: 403.366589
  type: 'test'
  ...
# Subtest: positive rational q guard cannot hide missing active source orders
ok 7 - positive rational q guard cannot hide missing active source orders
  ---
  duration_ms: 2037.542996
  type: 'test'
  ...
# Subtest: symbolic compact band retains actual q derivatives, rather than freezing q before differentiation
ok 8 - symbolic compact band retains actual q derivatives, rather than freezing q before differentiation
  ---
  duration_ms: 1315.817332
  type: 'test'
  ...
# Subtest: the original dyadic band keeps the extra possible source order and its exact positive scale
ok 9 - the original dyadic band keeps the extra possible source order and its exact positive scale
  ---
  duration_ms: 1311.878744
  type: 'test'
  ...
# Subtest: the actual time cutoff materializes its flat endpoint jets without evaluating inactive singular branches
ok 10 - the actual time cutoff materializes its flat endpoint jets without evaluating inactive singular branches
  ---
  duration_ms: 458.837291
  type: 'test'
  ...
# Subtest: every exact integer ell has the same constructive dyadic definition and honest prefix exhaustion
ok 11 - every exact integer ell has the same constructive dyadic definition and honest prefix exhaustion
  ---
  duration_ms: 2112.42671
  type: 'test'
  ...
# Subtest: caller flags, copied receipts and replaced canonical data do not authorize a background
ok 12 - caller flags, copied receipts and replaced canonical data do not authorize a background
  ---
  duration_ms: 435.252878
  type: 'test'
  ...
# Subtest: normalized C2 proof does not claim the unproved residual/stress or whole covariance package
ok 13 - normalized C2 proof does not claim the unproved residual/stress or whole covariance package
  ---
  duration_ms: 0.303077
  type: 'test'
  ...
# Subtest: the complete replayable program is valid canonical JSON without hidden undefined metadata
ok 14 - the complete replayable program is valid canonical JSON without hidden undefined metadata
  ---
  duration_ms: 554.917922
  type: 'test'
  ...
# Subtest: original square and linear seeds compute arbitrary finite jets beyond twelve
ok 15 - original square and linear seeds compute arbitrary finite jets beyond twelve
  ---
  duration_ms: 8.43515
  type: 'test'
  ...
# Subtest: source seed polynomial recurrence preserves every signed coefficient
ok 16 - source seed polynomial recurrence preserves every signed coefficient
  ---
  duration_ms: 4.208777
  type: 'test'
  ...
# Subtest: actual B_rho natural derivative bound retains source Q and positive rho
ok 17 - actual B_rho natural derivative bound retains source Q and positive rho
  ---
  duration_ms: 0.973528
  type: 'test'
  ...
# Subtest: normalization has all h-polynomial Euler terms and the extra cutoff derivative
ok 18 - normalization has all h-polynomial Euler terms and the extra cutoff derivative
  ---
  duration_ms: 3.585386
  type: 'test'
  ...
# Subtest: input substitution and resource exhaustion cannot become a source certificate
ok 19 - input substitution and resource exhaustion cannot become a source certificate
  ---
  duration_ms: 0.82917
  type: 'test'
  ...
# Subtest: actual four-order prefix generates a distinct auxiliary system at every order
ok 20 - actual four-order prefix generates a distinct auxiliary system at every order
  ---
  duration_ms: 7222.429479
  type: 'test'
  ...
# Subtest: every actual and auxiliary generated matrix satisfies all six original equations
ok 21 - every actual and auxiliary generated matrix satisfies all six original equations
  ---
  duration_ms: 467.177773
  type: 'test'
  ...
# Subtest: actual five-moment bodies cancel before subsequent sources and omission is rejected
ok 22 - actual five-moment bodies cancel before subsequent sources and omission is rejected
  ---
  duration_ms: 555.531458
  type: 'test'
  ...
# Subtest: every nonlinear forcing pair is ordered and strictly lower; viscosity index shifts
ok 23 - every nonlinear forcing pair is ordered and strictly lower; viscosity index shifts
  ---
  duration_ms: 0.794317
  type: 'test'
  ...
# Subtest: actual regular stream and pressure profiles use exact source fields and global reconstruction
ok 24 - actual regular stream and pressure profiles use exact source fields and global reconstruction
  ---
  duration_ms: 0.279602
  type: 'test'
  ...
# Subtest: source tail supports eta16 and retains its nonzero remainder and exact index
ok 25 - source tail supports eta16 and retains its nonzero remainder and exact index
  ---
  duration_ms: 45.391811
  type: 'test'
  ...
# Subtest: copied or mutated actual coefficient graph does not pass the induction gate
ok 26 - copied or mutated actual coefficient graph does not pass the induction gate
  ---
  duration_ms: 65.943435
  type: 'test'
  ...
1..26
# tests 26
# suites 0
# pass 26
# fail 0
# cancelled 0
# skipped 0
# todo 0
# duration_ms 33125.257028
