TAP version 13
# Subtest: all fourteen N4/N5 examples execute with source graphics and distinguish completed operators from unresolved constructions
ok 1 - all fourteen N4/N5 examples execute with source graphics and distinguish completed operators from unresolved constructions
  ---
  duration_ms: 457.596694
  type: 'test'
  ...
# Subtest: source recursion retains every ordered pair, separate indices, zero positive-order axis data and n-1 terms
ok 2 - source recursion retains every ordered pair, separate indices, zero positive-order axis data and n-1 terms
  ---
  duration_ms: 24.799259
  type: 'test'
  ...
# Subtest: cutoff inequalities certify the whole stated q domain using an outward derivative interval and preserve finite-schedule limits
ok 3 - cutoff inequalities certify the whole stated q domain using an outward derivative interval and preserve finite-schedule limits
  ---
  duration_ms: 30.762431
  type: 'test'
  ...
# Subtest: full potential curl converges in independent Cartesian divergence and omitting the cutoff derivative fails
ok 4 - full potential curl converges in independent Cartesian divergence and omitting the cutoff derivative fails
  ---
  duration_ms: 0.308776
  type: 'test'
  ...
# Subtest: dyadic charts use the actual source h and preserve the same physical point across interval reconstructions
ok 5 - dyadic charts use the actual source h and preserve the same physical point across interval reconstructions
  ---
  duration_ms: 0.218493
  type: 'test'
  ...
# Subtest: uniform source supports cover the full countable mesh and retain same-label harmonics and once-per-box counting
ok 6 - uniform source supports cover the full countable mesh and retain same-label harmonics and once-per-box counting
  ---
  duration_ms: 4.887791
  type: 'test'
  ...
# Subtest: tangent-coordinate pulse agrees with independently integrated original Cartesian ODE in a nonstiff overlap domain
ok 7 - tangent-coordinate pulse agrees with independently integrated original Cartesian ODE in a nonstiff overlap domain
  ---
  duration_ms: 59.535568
  type: 'test'
  ...
# Subtest: analytic scalar shear and damping agree; logarithmic amplitudes survive ordinary floating point underflow
ok 8 - analytic scalar shear and damping agree; logarithmic amplitudes survive ordinary floating point underflow
  ---
  duration_ms: 7.999384
  type: 'test'
  ...
# Subtest: default pulse ODE refines at fourth order and reports constraints and empirical errors separately
ok 9 - default pulse ODE refines at fourth order and reports constraints and empirical errors separately
  ---
  duration_ms: 48.865241
  type: 'test'
  ...
# Subtest: covariance matches its cone fixture and preserves a visible negative-weight failure outside the cone
ok 10 - covariance matches its cone fixture and preserves a visible negative-weight failure outside the cone
  ---
  duration_ms: 1.305932
  type: 'test'
  ...
# Subtest: flat tails retain finite log intervals, fixed derivative order and an all-later-label monotonicity condition
ok 11 - flat tails retain finite log intervals, fixed derivative order and an all-later-label monotonicity condition
  ---
  duration_ms: 0.392691
  type: 'test'
  ...
# Subtest: unknown fields, malformed shapes, unsupported precision and singular/underflow boundaries produce explicit failure states
ok 12 - unknown fields, malformed shapes, unsupported precision and singular/underflow boundaries produce explicit failure states
  ---
  duration_ms: 1.461262
  type: 'test'
  ...
# Subtest: bounded resource requests reject undersized budgets and computations honor cancellation
ok 13 - bounded resource requests reject undersized budgets and computations honor cancellation
  ---
  duration_ms: 0.717802
  type: 'test'
  ...
# Subtest: local engine replay recomputes the exact request and rejects a tampered result
ok 14 - local engine replay recomputes the exact request and rejects a tampered result
  ---
  duration_ms: 67.369958
  type: 'test'
  ...
# Subtest: all sixteen original blueprint criteria retain exact text and separate ten accepted operator/observation gates from six remaining source constructions
ok 15 - all sixteen original blueprint criteria retain exact text and separate ten accepted operator/observation gates from six remaining source constructions
  ---
  duration_ms: 6.358757
  type: 'test'
  ...
# Subtest: a complete compact cutoff prefix excludes every higher doubling continuation, including exact boundary equality
ok 16 - a complete compact cutoff prefix excludes every higher doubling continuation, including exact boundary equality
  ---
  duration_ms: 3.259012
  type: 'test'
  ...
# Subtest: the actual locally finite potential sum includes a C-infinity collar and differs from the uncut formal prefix
ok 17 - the actual locally finite potential sum includes a C-infinity collar and differs from the uncut formal prefix
  ---
  duration_ms: 5.876794
  type: 'test'
  ...
# Subtest: an exhausted prefix refuses a locally finite total instead of silently dropping active unseen coefficients
ok 18 - an exhausted prefix refuses a locally finite total instead of silently dropping active unseen coefficients
  ---
  duration_ms: 0.324901
  type: 'test'
  ...
# Subtest: all forcing, amplitude and cutoff derivative terms are evaluated as complex interval residuals
ok 19 - all forcing, amplitude and cutoff derivative terms are evaluated as complex interval residuals
  ---
  duration_ms: 10.174964
  type: 'test'
  ...
# Subtest: omitting psi-prime, forcing or the highest cutoff derivative fails meaningful residual controls
ok 20 - omitting psi-prime, forcing or the highest cutoff derivative fails meaningful residual controls
  ---
  duration_ms: 0.83165
  type: 'test'
  ...
# Subtest: independent exact polynomial derivatives and high-precision cutoff sums enclose every computed component
ok 21 - independent exact polynomial derivatives and high-precision cutoff sums enclose every computed component
  ---
  duration_ms: 38.206843
  type: 'test'
  ...
# Subtest: domain results distinguish conditional operator acceptance from actual source instance certification
ok 22 - domain results distinguish conditional operator acceptance from actual source instance certification
  ---
  duration_ms: 61.048967
  type: 'test'
  ...
# Subtest: new source observation, harmonic and conditional operators replay with stable source result hashes
ok 23 - new source observation, harmonic and conditional operators replay with stable source result hashes
  ---
  duration_ms: 235.054843
  type: 'test'
  ...
# Subtest: actual core data is byte-bound to the accepted assembly and every original interval
ok 24 - actual core data is byte-bound to the accepted assembly and every original interval
  ---
  duration_ms: 42.039233
  type: 'test'
  ...
# Subtest: each source chart independently restores the same q,Y and actual physical swirl, including the upper band limit
ok 25 - each source chart independently restores the same q,Y and actual physical swirl, including the upper band limit
  ---
  duration_ms: 54.895879
  type: 'test'
  ...
# Subtest: source interval, receipt, coordinate and physical scale mutations fail the overlap verifier
ok 26 - source interval, receipt, coordinate and physical scale mutations fail the overlap verifier
  ---
  duration_ms: 62.53825
  type: 'test'
  ...
# Subtest: independent exact rational and 400-digit physical field reconstruction agrees in both chart directions
ok 27 - independent exact rational and 400-digit physical field reconstruction agrees in both chart directions
  ---
  duration_ms: 282.935428
  type: 'test'
  ...
# Subtest: the actual core observations are attached to dyadic output and have a visible dedicated source example
ok 28 - the actual core observations are attached to dyadic output and have a visible dedicated source example
  ---
  duration_ms: 20.337617
  type: 'test'
  ...
# Subtest: source 7.37–7.39 cancel as exact differential polynomials, with frame negative control
ok 29 - source 7.37–7.39 cancel as exact differential polynomials, with frame negative control
  ---
  duration_ms: 4.960408
  type: 'test'
  ...
# Subtest: third-order mixed jets preserve derivative factorials and reject unknown derivative order
ok 30 - third-order mixed jets preserve derivative factorials and reject unknown derivative order
  ---
  duration_ms: 1.639646
  type: 'test'
  ...
# Subtest: jet source normal retains every original 7.4 radial and axial phase term
ok 31 - jet source normal retains every original 7.4 radial and axial phase term
  ---
  duration_ms: 11.559932
  type: 'test'
  ...
# Subtest: independent physical Cartesian curl of source C_m converges to complete jet velocity
ok 32 - independent physical Cartesian curl of source C_m converges to complete jet velocity
  ---
  duration_ms: 8.526814
  type: 'test'
  ...
# Subtest: independent physical phase evaluation detects omission of the fast auxiliary radial map
ok 33 - independent physical phase evaluation detects omission of the fast auxiliary radial map
  ---
  duration_ms: 2.161768
  type: 'test'
  ...
# Subtest: full physical divergence has second-order refinement while omitted r_m stays nonzero
ok 34 - full physical divergence has second-order refinement while omitted r_m stays nonzero
  ---
  duration_ms: 112.557449
  type: 'test'
  ...
# Subtest: complex conjugate modes reconstruct the same real potential and velocity, with angular half
ok 35 - complex conjugate modes reconstruct the same real potential and velocity, with angular half
  ---
  duration_ms: 5.572214
  type: 'test'
  ...
# Subtest: generic supplied amplitude is rejected rather than projected, and source scale/label guards fail
ok 36 - generic supplied amplitude is rejected rather than projected, and source scale/label guards fail
  ---
  duration_ms: 1.018828
  type: 'test'
  ...
# Subtest: smooth source coefficient cutoffs have zero extension and actual N3 scope remains explicit
ok 37 - smooth source coefficient cutoffs have zero extension and actual N3 scope remains explicit
  ---
  duration_ms: 77.713701
  type: 'test'
  ...
# Subtest: all six original archive inputs are hash bound; the full parameter graph retains the actual h and lambda
ok 38 - all six original archive inputs are hash bound; the full parameter graph retains the actual h and lambda
  ---
  duration_ms: 15.840299
  type: 'test'
  ...
# Subtest: independent Python physical q Taylor jets and Decimal checks confirm the exact PDE, support, Jacobian, moment and tail computations
ok 39 - independent Python physical q Taylor jets and Decimal checks confirm the exact PDE, support, Jacobian, moment and tail computations
  ---
  duration_ms: 325.206364
  type: 'test'
  ...
# Subtest: source coefficient and dimension checks reject omitted shifts, cylindrical terms, axis pressure substitution and h substitution
ok 40 - source coefficient and dimension checks reject omitted shifts, cylindrical terms, axis pressure substitution and h substitution
  ---
  duration_ms: 133.471169
  type: 'test'
  ...
# Subtest: source q-dependent cutoff has exact zero divergence and its omitted chi-prime correction fails
ok 41 - source q-dependent cutoff has exact zero divergence and its omitted chi-prime correction fails
  ---
  duration_ms: 7.379156
  type: 'test'
  ...
# Subtest: the full six-component Picard system records regular coefficients, common domain and a genuine two-parity infinite tail
ok 42 - the full six-component Picard system records regular coefficients, common domain and a genuine two-parity infinite tail
  ---
  duration_ms: 13.149995
  type: 'test'
  ...
# Subtest: the five-moment operator retains actual lambda and Ipos, proves invertibility, separates n=1 support and guards reuse
ok 43 - the five-moment operator retains actual lambda and Ipos, proves invertibility, separates n=1 support and guards reuse
  ---
  duration_ms: 2.641188
  type: 'test'
  ...
# Subtest: the finite physical residual keeps all exact monomials while refusing an uncomputed actual norm or tail
ok 44 - the finite physical residual keeps all exact monomials while refusing an uncomputed actual norm or tail
  ---
  duration_ms: 49.965099
  type: 'test'
  ...
# Subtest: actual-h band labels survive rounding epsilon to a displayed one; source substitution and q=0 are rejected
ok 45 - actual-h band labels survive rounding epsilon to a displayed one; source substitution and q=0 are rejected
  ---
  duration_ms: 4.255966
  type: 'test'
  ...
# Subtest: exact quadratic-field dual/covering identities enforce every evaluated chain-rule term and correct normalized Haar
ok 46 - exact quadratic-field dual/covering identities enforce every evaluated chain-rule term and correct normalized Haar
  ---
  duration_ms: 1.094309
  type: 'test'
  ...
# Subtest: the uniform all-band palette handles very large exact labels and exposes the modulus-4 negative control
ok 47 - the uniform all-band palette handles very large exact labels and exposes the modulus-4 negative control
  ---
  duration_ms: 3.212111
  type: 'test'
  ...
# Subtest: full three-component affine phase normal agrees with an independent Cartesian ODE and retains FZ/GZ
ok 48 - full three-component affine phase normal agrees with an independent Cartesian ODE and retains FZ/GZ
  ---
  duration_ms: 90.466197
  type: 'test'
  ...
# Subtest: new source requests reject incomplete gradients, replacement profiles, false precision and insufficient budgets
ok 49 - new source requests reject incomplete gradients, replacement profiles, false precision and insufficient budgets
  ---
  duration_ms: 2.604944
  type: 'test'
  ...
# Subtest: source Bs squared and the reference Gaussian bound are correct without promoting the local pulse to a source Gaussian theorem
ok 50 - source Bs squared and the reference Gaussian bound are correct without promoting the local pulse to a source Gaussian theorem
  ---
  duration_ms: 17.470105
  type: 'test'
  ...
# Subtest: source-bound operator receipts replay and cannot elevate imported evidence or change exact labels
ok 51 - source-bound operator receipts replay and cannot elevate imported evidence or change exact labels
  ---
  duration_ms: 43.976229
  type: 'test'
  ...
1..51
# tests 51
# suites 0
# pass 51
# fail 0
# cancelled 0
# skipped 0
# todo 0
# duration_ms 934.861401
