TAP version 13
# Subtest: all imported actual source files retain their exact SHA-256 and byte count
ok 1 - all imported actual source files retain their exact SHA-256 and byte count
  ---
  duration_ms: 2.907342
  type: 'test'
  ...
# Subtest: actual source recurrence constructs positive order one with exactly zero axis datum
ok 2 - actual source recurrence constructs positive order one with exactly zero axis datum
  ---
  duration_ms: 15.892321
  type: 'test'
  ...
# Subtest: coefficient prefix is independent of the requested later radial truncation
ok 3 - coefficient prefix is independent of the requested later radial truncation
  ---
  duration_ms: 29.0475
  type: 'test'
  ...
# Subtest: n=1 first axis slopes agree with independent differentiation of the axis datum
ok 4 - n=1 first axis slopes agree with independent differentiation of the axis datum
  ---
  duration_ms: 8.080933
  type: 'test'
  ...
# Subtest: actual A.21 intervals produce three finite normalized source observations with analytic uncertainty
ok 5 - actual A.21 intervals produce three finite normalized source observations with analytic uncertainty
  ---
  duration_ms: 19.585383
  type: 'test'
  ...
# Subtest: forged interval values, source hashes, coordinates, and zero-parameter claims fail verification
ok 6 - forged interval values, source hashes, coordinates, and zero-parameter claims fail verification
  ---
  duration_ms: 78.075324
  type: 'test'
  ...
# Subtest: same-source norm graph is closed, acyclic, and keeps the original common collar
ok 7 - same-source norm graph is closed, acyclic, and keeps the original common collar
  ---
  duration_ms: 1.835256
  type: 'test'
  ...
# Subtest: universal factorial tail bound is checked against actual term magnitudes
ok 8 - universal factorial tail bound is checked against actual term magnitudes
  ---
  duration_ms: 3.020965
  type: 'test'
  ...
# Subtest: uncompleted higher orders, alternate source profiles, and missing derivative oracles are rejected
ok 9 - uncompleted higher orders, alternate source profiles, and missing derivative oracles are rejected
  ---
  duration_ms: 7.658496
  type: 'test'
  ...
# Subtest: actual Imean forcing excludes a core-only or Ipos-only moment reconstruction
ok 10 - actual Imean forcing excludes a core-only or Ipos-only moment reconstruction
  ---
  duration_ms: 4.743492
  type: 'test'
  ...
# Subtest: public construction keeps generated local data separate from unclosed global criteria
ok 11 - public construction keeps generated local data separate from unclosed global criteria
  ---
  duration_ms: 63.574236
  type: 'test'
  ...
# Subtest: actual nonzero core enclosures retain positive exact radii and distinct observation types
ok 12 - actual nonzero core enclosures retain positive exact radii and distinct observation types
  ---
  duration_ms: 58.730123
  type: 'test'
  ...
# Subtest: point enclosures reject false zero radii, altered remainder bounds, and residual completion claims
ok 13 - point enclosures reject false zero radii, altered remainder bounds, and residual completion claims
  ---
  duration_ms: 288.478644
  type: 'test'
  ...
# Subtest: whole nonlinear core integrals are source-bound, with both distinct errors retained
ok 14 - whole nonlinear core integrals are source-bound, with both distinct errors retained
  ---
  duration_ms: 1.391708
  type: 'test'
  ...
# Subtest: radial scaling before squaring prevents coefficient-roundoff amplification
ok 15 - radial scaling before squaring prevents coefficient-roundoff amplification
  ---
  duration_ms: 0.262475
  type: 'test'
  ...
# Subtest: zero integration interval is exactly zero, whereas Y>4 is natural input only
ok 16 - zero integration interval is exactly zero, whereas Y>4 is natural input only
  ---
  duration_ms: 38.83885
  type: 'test'
  ...
# Subtest: source interval operations reject fake profile, bad eta, extra certificates and cancelled work
ok 17 - source interval operations reject fake profile, bad eta, extra certificates and cancelled work
  ---
  duration_ms: 4.723571
  type: 'test'
  ...
# Subtest: B22 retains the actual positive width and computes a reference rather than relabeling B26
ok 18 - B22 retains the actual positive width and computes a reference rather than relabeling B26
  ---
  duration_ms: 0.32525
  type: 'test'
  ...
# Subtest: ordinary source eta derivatives remain distinct from j-normalized coefficient derivatives
ok 19 - ordinary source eta derivatives remain distinct from j-normalized coefficient derivatives
  ---
  duration_ms: 0.168745
  type: 'test'
  ...
# Subtest: nonzero primitive-offset algorithm retains every logarithmic and eta product term
ok 20 - nonzero primitive-offset algorithm retains every logarithmic and eta product term
  ---
  duration_ms: 1.127159
  type: 'test'
  ...
# Subtest: actual B8 root bound is applied with exact M matching and all comparison coefficients pass
ok 21 - actual B8 root bound is applied with exact M matching and all comparison coefficients pass
  ---
  duration_ms: 0.442628
  type: 'test'
  ...
# Subtest: actual whole inner axial cells retain C12/primitive error and finite directed geometry
ok 22 - actual whole inner axial cells retain C12/primitive error and finite directed geometry
  ---
  duration_ms: 4.20533
  type: 'test'
  ...
# Subtest: literal A2 graph closes every axial stage without field/root oracle leaves
ok 23 - literal A2 graph closes every axial stage without field/root oracle leaves
  ---
  duration_ms: 3.058992
  type: 'test'
  ...
# Subtest: A2 axis branch is regular and finite diagnostics never become source certificates
ok 24 - A2 axis branch is regular and finite diagnostics never become source certificates
  ---
  duration_ms: 14.184074
  type: 'test'
  ...
# Subtest: A2 cumulative mass derivative matches its actual decay formula; mean and final branches persist
ok 25 - A2 cumulative mass derivative matches its actual decay formula; mean and final branches persist
  ---
  duration_ms: 31.483956
  type: 'test'
  ...
# Subtest: complete actual scales fail explicitly in binary64 instead of silently using the comparator
ok 26 - complete actual scales fail explicitly in binary64 instead of silently using the comparator
  ---
  duration_ms: 0.9685
  type: 'test'
  ...
# Subtest: the imported actual debt, continuation and derivative proofs are pinned to their exact files
ok 27 - the imported actual debt, continuation and derivative proofs are pinned to their exact files
  ---
  duration_ms: 0.973027
  type: 'test'
  ...
# Subtest: public construction exposes executed cells and blocks exact debt cancellation from a remainder midpoint
ok 28 - public construction exposes executed cells and blocks exact debt cancellation from a remainder midpoint
  ---
  duration_ms: 99.464215
  type: 'test'
  ...
# Subtest: binds actual assembly, actual pressure and Banach proof to pinned file bytes
ok 29 - binds actual assembly, actual pressure and Banach proof to pinned file bytes
  ---
  duration_ms: 4.029916
  type: 'test'
  ...
# Subtest: nine mixed n=0 Phi intervals have finite displays and real result paths
ok 30 - nine mixed n=0 Phi intervals have finite displays and real result paths
  ---
  duration_ms: 0.728989
  type: 'test'
  ...
# Subtest: retains both positive mathematical errors when arithmetic precision changes
ok 31 - retains both positive mathematical errors when arithmetic precision changes
  ---
  duration_ms: 21.730942
  type: 'test'
  ...
# Subtest: constant axis identity has exact Phi=1 and zero eta derivatives
ok 32 - constant axis identity has exact Phi=1 and zero eta derivatives
  ---
  duration_ms: 10.950328
  type: 'test'
  ...
# Subtest: arbitrary requested rational Y values change actual intervals
ok 33 - arbitrary requested rational Y values change actual intervals
  ---
  duration_ms: 79.941742
  type: 'test'
  ...
# Subtest: resolves the actual small-H eta chart rather than reusing eta-zero Phi
ok 34 - resolves the actual small-H eta chart rather than reusing eta-zero Phi
  ---
  duration_ms: 25.433294
  type: 'test'
  ...
# Subtest: tiny exact rational eta divides symbolically without a rounded zero denominator
ok 35 - tiny exact rational eta divides symbolically without a rounded zero denominator
  ---
  duration_ms: 28.91985
  type: 'test'
  ...
# Subtest: actual U and radial average retain scale and derivative distinction
ok 36 - actual U and radial average retain scale and derivative distinction
  ---
  duration_ms: 14.008129
  type: 'test'
  ...
# Subtest: ordinary eta points keep nonconstant actual pressure and nonzero axial derivatives
ok 37 - ordinary eta points keep nonconstant actual pressure and nonzero axial derivatives
  ---
  duration_ms: 16.44252
  type: 'test'
  ...
# Subtest: natural extension at Y>4 is not mislabeled as the physical B26 collar
ok 38 - natural extension at Y>4 is not mislabeled as the physical B26 collar
  ---
  duration_ms: 24.891287
  type: 'test'
  ...
# Subtest: retains global and formal obligations
ok 39 - retains global and formal obligations
  ---
  duration_ms: 0.313703
  type: 'test'
  ...
# Subtest: rejects extrapolation, malformed precision and altered profile inputs
ok 40 - rejects extrapolation, malformed precision and altered profile inputs
  ---
  duration_ms: 1.918763
  type: 'test'
  ...
# Subtest: deterministic replay and cancellation propagate
ok 41 - deterministic replay and cancellation propagate
  ---
  duration_ms: 8.625463
  type: 'test'
  ...
# Subtest: independent Python Fraction verifies pressure derivatives, axial rational reference and Bessel values
ok 42 - independent Python Fraction verifies pressure derivatives, axial rational reference and Bessel values
  ---
  duration_ms: 170.695336
  type: 'test'
  ...
# Subtest: the source cone uses unchanged accepted source bytes and explicit parameters
ok 43 - the source cone uses unchanged accepted source bytes and explicit parameters
  ---
  duration_ms: 26.228242
  type: 'test'
  ...
# Subtest: continuous Bernstein proof computes all eight margins, without samples
ok 44 - continuous Bernstein proof computes all eight margins, without samples
  ---
  duration_ms: 1.225528
  type: 'test'
  ...
# Subtest: nonpositive polynomial and excessive analytic perturbations are detected
ok 45 - nonpositive polynomial and excessive analytic perturbations are detected
  ---
  duration_ms: 0.833627
  type: 'test'
  ...
# Subtest: the exact interval inverse encloses an entire independent-error family
ok 46 - the exact interval inverse encloses an entire independent-error family
  ---
  duration_ms: 0.846897
  type: 'test'
  ...
# Subtest: positive matrix alone does not certify an out-of-cone target or wrong error budget
ok 47 - positive matrix alone does not certify an out-of-cone target or wrong error budget
  ---
  duration_ms: 2.085424
  type: 'test'
  ...
# Subtest: principal system retains moving normal, forcing, connections, pressure and shear energy
ok 48 - principal system retains moving normal, forcing, connections, pressure and shear energy
  ---
  duration_ms: 1.861737
  type: 'test'
  ...
# Subtest: omitting the moving normal fails even though its contribution is invisible to energy
ok 49 - omitting the moving normal fails even though its contribution is invisible to energy
  ---
  duration_ms: 0.517169
  type: 'test'
  ...
# Subtest: omitting cylindrical connections and incompatible initial data are rejected
ok 50 - omitting cylindrical connections and incompatible initial data are rejected
  ---
  duration_ms: 3.121776
  type: 'test'
  ...
# Subtest: source-independent algebra never authenticates a supplied field or a global covariance
ok 51 - source-independent algebra never authenticates a supplied field or a global covariance
  ---
  duration_ms: 17.431831
  type: 'test'
  ...
# Subtest: malformed, singular, nonperiodic and imprecise inputs cannot pass
ok 52 - malformed, singular, nonperiodic and imprecise inputs cannot pass
  ---
  duration_ms: 0.705914
  type: 'test'
  ...
# Subtest: receipts are deterministic and cancellation is honored
ok 53 - receipts are deterministic and cancellation is honored
  ---
  duration_ms: 20.388659
  type: 'test'
  ...
# Subtest: outer source program preserves the exact selected parameter graph and has no field/root oracle leaves
ok 54 - outer source program preserves the exact selected parameter graph and has no field/root oracle leaves
  ---
  duration_ms: 5.812573
  type: 'test'
  ...
# Subtest: actual tail support includes the complete original late pulse and compact end corrections
ok 55 - actual tail support includes the complete original late pulse and compact end corrections
  ---
  duration_ms: 0.207714
  type: 'test'
  ...
# Subtest: Leibniz expansion includes the moving upper endpoint and second derivative
ok 56 - Leibniz expansion includes the moving upper endpoint and second derivative
  ---
  duration_ms: 7.164802
  type: 'test'
  ...
# Subtest: nested integral differentiation preserves the distinct bound variables
ok 57 - nested integral differentiation preserves the distinct bound variables
  ---
  duration_ms: 56.544438
  type: 'test'
  ...
# Subtest: literal flat step, exact central pulse primitive, and their derivatives are executed
ok 58 - literal flat step, exact central pulse primitive, and their derivatives are executed
  ---
  duration_ms: 1.82404
  type: 'test'
  ...
# Subtest: source pulse diagnostic resolves the separate collars and converges to the pinned continuous Kb enclosure
ok 59 - source pulse diagnostic resolves the separate collars and converges to the pinned continuous Kb enclosure
  ---
  duration_ms: 1488.365711
  type: 'test'
  ...
# Subtest: the whole actual source scale cannot silently become a finite diagnostic field
ok 60 - the whole actual source scale cannot silently become a finite diagnostic field
  ---
  duration_ms: 1.284787
  type: 'test'
  ...
# Subtest: exact jet operator is regular at X=0 and retains eta derivatives of the radial average
ok 61 - exact jet operator is regular at X=0 and retains eta derivatives of the radial average
  ---
  duration_ms: 2.173927
  type: 'test'
  ...
# Subtest: actual pressure boundary at eta zero is exactly minus four and never omitted
ok 62 - actual pressure boundary at eta zero is exactly minus four and never omitted
  ---
  duration_ms: 1.602907
  type: 'test'
  ...
# Subtest: source C12 remainder retains N, its actual local support, and only the justified eta value order
ok 63 - source C12 remainder retains N, its actual local support, and only the justified eta value order
  ---
  duration_ms: 1.099728
  type: 'test'
  ...
# Subtest: actual amplitude rectangle is pinned to the continuous integral receipt
ok 64 - actual amplitude rectangle is pinned to the continuous integral receipt
  ---
  duration_ms: 8.01947
  type: 'test'
  ...
# Subtest: actual positive axial observations are source-bound at every selected full-domain eta
ok 65 - actual positive axial observations are source-bound at every selected full-domain eta
  ---
  duration_ms: 4.53017
  type: 'test'
  ...
# Subtest: the exact five-moment insufficiency counterexample is separate from the actual source
ok 66 - the exact five-moment insufficiency counterexample is separate from the actual source
  ---
  duration_ms: 0.250999
  type: 'test'
  ...
# Subtest: construction rejects profile substitution, bad coordinates, and false completion input
ok 67 - construction rejects profile substitution, bad coordinates, and false completion input
  ---
  duration_ms: 20.290791
  type: 'test'
  ...
# Subtest: mean stress is byte-bound to the actual same-source heat, continuation and restoration evidence
ok 68 - mean stress is byte-bound to the actual same-source heat, continuation and restoration evidence
  ---
  duration_ms: 5.204808
  type: 'test'
  ...
# Subtest: the exact heat program has all three integrands, the full improper tail and an independent Gamma integral
ok 69 - the exact heat program has all three integrands, the full improper tail and an independent Gamma integral
  ---
  duration_ms: 0.68994
  type: 'test'
  ...
# Subtest: differentiating each actual heat integral yields an exactly zero eta derivative at zero
ok 70 - differentiating each actual heat integral yields an exactly zero eta derivative at zero
  ---
  duration_ms: 1.211516
  type: 'test'
  ...
# Subtest: all exact exponent inequalities imply a positive non-degenerate source enclosure
ok 71 - all exact exponent inequalities imply a positive non-degenerate source enclosure
  ---
  duration_ms: 1.845252
  type: 'test'
  ...
# Subtest: finite algebra independently reconstructs (4.16), radial viscosity, and the heat compensation sign
ok 72 - finite algebra independently reconstructs (4.16), radial viscosity, and the heat compensation sign
  ---
  duration_ms: 1.062582
  type: 'test'
  ...
# Subtest: precision changes the analytic radius while retaining the same actual point and complete source program
ok 73 - precision changes the analytic radius while retaining the same actual point and complete source program
  ---
  duration_ms: 44.157227
  type: 'test'
  ...
# Subtest: retained observations reject omitted heat, false parity, fabricated zero or package completion
ok 74 - retained observations reject omitted heat, false parity, fabricated zero or package completion
  ---
  duration_ms: 348.856556
  type: 'test'
  ...
# Subtest: actual representative scope and physical normalization are unambiguous
ok 75 - actual representative scope and physical normalization are unambiguous
  ---
  duration_ms: 0.395456
  type: 'test'
  ...
# Subtest: unsupported source, axis, field, heat debt, and input precision cannot enter this producer
ok 76 - unsupported source, axis, field, heat debt, and input precision cannot enter this producer
  ---
  duration_ms: 25.440725
  type: 'test'
  ...
# Subtest: original criterion text and all mathematical inputs are bound to their exact retained bytes
ok 77 - original criterion text and all mathematical inputs are bound to their exact retained bytes
  ---
  duration_ms: 2.86509
  type: 'test'
  ...
# Subtest: actual n=1 finite acceptance is connected to the original six-component system and real source recurrence
ok 78 - actual n=1 finite acceptance is connected to the original six-component system and real source recurrence
  ---
  duration_ms: 66.701191
  type: 'test'
  ...
# Subtest: A1 has the required structural nilpotence under arbitrary diagonal Green kernels
ok 79 - A1 has the required structural nilpotence under arbitrary diagonal Green kernels
  ---
  duration_ms: 0.310318
  type: 'test'
  ...
# Subtest: strip loss and common collar are exact expressions independent of requested precision
ok 80 - strip loss and common collar are exact expressions independent of requested precision
  ---
  duration_ms: 184.048968
  type: 'test'
  ...
# Subtest: executed finite observations keep actual-source uncertainty and positive radii
ok 81 - executed finite observations keep actual-source uncertainty and positive radii
  ---
  duration_ms: 0.306192
  type: 'test'
  ...
# Subtest: forged source, incomplete forcing, incorrect strip, shrunken radius and too-small K are rejected
ok 82 - forged source, incomplete forcing, incorrect strip, shrunken radius and too-small K are rejected
  ---
  duration_ms: 810.759017
  type: 'test'
  ...
# Subtest: finite acceptance rejects fabricated K-term execution, higher-order, residual and package completion claims
ok 83 - finite acceptance rejects fabricated K-term execution, higher-order, residual and package completion claims
  ---
  duration_ms: 487.484736
  type: 'test'
  ...
# Subtest: unavailable orders, alternate sources and caller majorants cannot enter an actual-source certificate
ok 84 - unavailable orders, alternate sources and caller majorants cannot enter an actual-source certificate
  ---
  duration_ms: 2.087577
  type: 'test'
  ...
# Subtest: actual amplitude source is byte-bound to the unmodified N3 and completed velocity restriction
ok 85 - actual amplitude source is byte-bound to the unmodified N3 and completed velocity restriction
  ---
  duration_ms: 53.782234
  type: 'test'
  ...
# Subtest: the complete phase/frame expression graph has actual operands and every nonzero denominator guard
ok 86 - the complete phase/frame expression graph has actual operands and every nonzero denominator guard
  ---
  duration_ms: 6.47356
  type: 'test'
  ...
# Subtest: compiled n, B and its left inverse satisfy the transverse algebra for both signs
ok 87 - compiled n, B and its left inverse satisfy the transverse algebra for both signs
  ---
  duration_ms: 25.503089
  type: 'test'
  ...
# Subtest: the explicit compiler retains both moving normal and moving frame derivatives
ok 88 - the explicit compiler retains both moving normal and moving frame derivatives
  ---
  duration_ms: 1.617248
  type: 'test'
  ...
# Subtest: full source principal pressure and energy identities agree with the compiled operator
ok 89 - full source principal pressure and energy identities agree with the compiled operator
  ---
  duration_ms: 1.431608
  type: 'test'
  ...
# Subtest: original growing data, actual midpoint and both endpoint scales remain distinct
ok 90 - original growing data, actual midpoint and both endpoint scales remain distinct
  ---
  duration_ms: 46.952352
  type: 'test'
  ...
# Subtest: actual source amplitudes and positive energy are enclosed over the entire returned grid
ok 91 - actual source amplitudes and positive energy are enclosed over the entire returned grid
  ---
  duration_ms: 43.913485
  type: 'test'
  ...
# Subtest: the two source signs share radial growth and reverse axial covariance direction
ok 92 - the two source signs share radial growth and reverse axial covariance direction
  ---
  duration_ms: 62.000434
  type: 'test'
  ...
# Subtest: dyadic cell refinements are independent enclosures and agree at common pulse positions
ok 93 - dyadic cell refinements are independent enclosures and agree at common pulse positions
  ---
  duration_ms: 114.354655
  type: 'test'
  ...
# Subtest: variable-potential comparison contains an independently evaluated constant-potential special case
ok 94 - variable-potential comparison contains an independently evaluated constant-potential special case
  ---
  duration_ms: 0.514326
  type: 'test'
  ...
# Subtest: finite-source-family scope, normalized units, and no full residual/covariance claim are explicit
ok 95 - finite-source-family scope, normalized units, and no full residual/covariance claim are explicit
  ---
  duration_ms: 15.09708
  type: 'test'
  ...
# Subtest: no alternative profile, carrier, tolerance, or claimed certificate can enter actual integration
ok 96 - no alternative profile, carrier, tolerance, or claimed certificate can enter actual integration
  ---
  duration_ms: 2.105885
  type: 'test'
  ...
# Subtest: actual amplitude replay is stable and cancellation can interrupt a cell sequence
ok 97 - actual amplitude replay is stable and cancellation can interrupt a cell sequence
  ---
  duration_ms: 54.918146
  type: 'test'
  ...
# Subtest: actual same-profile source stress and covariance produce positive weights
ok 98 - actual same-profile source stress and covariance produce positive weights
  ---
  duration_ms: 5.654875
  type: 'test'
  ...
# Subtest: actual y endpoints and quadrature refinement stay joined to the requested source
ok 99 - actual y endpoints and quadrature refinement stay joined to the requested source
  ---
  duration_ms: 356.294589
  type: 'test'
  ...
# Subtest: source root equality compares expressions rather than display intervals
ok 100 - source root equality compares expressions rather than display intervals
  ---
  duration_ms: 1.879764
  type: 'test'
  ...
# Subtest: source receipt replay rejects changed y, forged target and altered covariance
ok 101 - source receipt replay rejects changed y, forged target and altered covariance
  ---
  duration_ms: 318.411456
  type: 'test'
  ...
# Subtest: exact source inverse and physical scale algebra expose three wrong conventions
ok 102 - exact source inverse and physical scale algebra expose three wrong conventions
  ---
  duration_ms: 3.185943
  type: 'test'
  ...
# Subtest: explicit smooth translated partition enumerates the whole active set
ok 103 - explicit smooth translated partition enumerates the whole active set
  ---
  duration_ms: 1.351558
  type: 'test'
  ...
# Subtest: actual complete physical sum includes two source signs in one source box
ok 104 - actual complete physical sum includes two source signs in one source box
  ---
  duration_ms: 0.170717
  type: 'test'
  ...
# Subtest: whole-family and common q-star claims remain separate from actual finite assembly
ok 105 - whole-family and common q-star claims remain separate from actual finite assembly
  ---
  duration_ms: 0.09942
  type: 'test'
  ...
# Subtest: full active-set replay rejects omission, double counting and source changes
ok 106 - full active-set replay rejects omission, double counting and source changes
  ---
  duration_ms: 520.138209
  type: 'test'
  ...
# Subtest: input contracts reject hypothetical replacement data and support cancellation
ok 107 - input contracts reject hypothetical replacement data and support cancellation
  ---
  duration_ms: 1.230605
  type: 'test'
  ...
# Subtest: all source-path observations resolve to actual nested output objects
ok 108 - all source-path observations resolve to actual nested output objects
  ---
  duration_ms: 1.967256
  type: 'test'
  ...
# Subtest: the actual covariance, target and phase inputs remain frozen
ok 109 - the actual covariance, target and phase inputs remain frozen
  ---
  duration_ms: 0.894339
  type: 'test'
  ...
# Subtest: new covariance uses the independently frozen actual phase and amplitude modules unchanged
ok 110 - new covariance uses the independently frozen actual phase and amplitude modules unchanged
  ---
  duration_ms: 64.622466
  type: 'test'
  ...
# Subtest: Gaussian center encloses the original source-dependent displacement and full left-to-center evolution
ok 111 - Gaussian center encloses the original source-dependent displacement and full left-to-center evolution
  ---
  duration_ms: 87.195498
  type: 'test'
  ...
# Subtest: explicit transverse cutoff has a certified positive mass from monotone source-step quadrature
ok 112 - explicit transverse cutoff has a certified positive mass from monotone source-step quadrature
  ---
  duration_ms: 25.75557
  type: 'test'
  ...
# Subtest: actual Gaussian-coordinate rectangle sums shrink toward an independent integral probe
ok 113 - actual Gaussian-coordinate rectangle sums shrink toward an independent integral probe
  ---
  duration_ms: 104.721035
  type: 'test'
  ...
# Subtest: whole-cell integral bounds and point observations are source-bound and finite
ok 114 - whole-cell integral bounds and point observations are source-bound and finite
  ---
  duration_ms: 23.46745
  type: 'test'
  ...
# Subtest: source time cutoff and nonzero tail remain separate from central quadrature
ok 115 - source time cutoff and nonzero tail remain separate from central quadrature
  ---
  duration_ms: 24.290707
  type: 'test'
  ...
# Subtest: angular half, one transverse mass, and Haar covering count yield the original common factor
ok 116 - angular half, one transverse mass, and Haar covering count yield the original common factor
  ---
  duration_ms: 47.097515
  type: 'test'
  ...
# Subtest: two exact sign families give a nonzero determinant with the anisotropic source scale retained
ok 117 - two exact sign families give a nonzero determinant with the anisotropic source scale retained
  ---
  duration_ms: 20.892288
  type: 'test'
  ...
# Subtest: actual T0, weights and global assembly cannot be silently filled by a target fixture
ok 118 - actual T0, weights and global assembly cannot be silently filled by a target fixture
  ---
  duration_ms: 53.461095
  type: 'test'
  ...
# Subtest: actual covariance replay is deterministic and cancellation remains responsive
ok 119 - actual covariance replay is deterministic and cancellation remains responsive
  ---
  duration_ms: 51.549968
  type: 'test'
  ...
# Subtest: every actual source definition is byte-bound to the accepted N3 chain
ok 120 - every actual source definition is byte-bound to the accepted N3 chain
  ---
  duration_ms: 23.479058
  type: 'test'
  ...
# Subtest: actual epsilon threshold proves all later bands and does not call it global q_star
ok 121 - actual epsilon threshold proves all later bands and does not call it global q_star
  ---
  duration_ms: 1.391608
  type: 'test'
  ...
# Subtest: u_star is fixed from the real source cone margin with positive symbolic inverse
ok 122 - u_star is fixed from the real source cone margin with positive symbolic inverse
  ---
  duration_ms: 0.39187
  type: 'test'
  ...
# Subtest: actual mean-patch logarithmic normalizations retain its nonzero radial moment
ok 123 - actual mean-patch logarithmic normalizations retain its nonzero radial moment
  ---
  duration_ms: 0.322847
  type: 'test'
  ...
# Subtest: source field value and slow zeroth jet use consistent E/F/R normalization
ok 124 - source field value and slow zeroth jet use consistent E/F/R normalization
  ---
  duration_ms: 97.669014
  type: 'test'
  ...
# Subtest: ordinary axial/time jets remain defined at eta endpoints with one-sided time data
ok 125 - ordinary axial/time jets remain defined at eta endpoints with one-sided time data
  ---
  duration_ms: 29.318732
  type: 'test'
  ...
# Subtest: uniform whole-box intervals enclose separately evaluated actual local derivatives
ok 126 - uniform whole-box intervals enclose separately evaluated actual local derivatives
  ---
  duration_ms: 46.926838
  type: 'test'
  ...
# Subtest: selected local domain and every source exponent absorption are explicit
ok 127 - selected local domain and every source exponent absorption are explicit
  ---
  duration_ms: 9.99945
  type: 'test'
  ...
# Subtest: source growing datum is at the left endpoint and preserves nonzero log scale
ok 128 - source growing datum is at the left endpoint and preserves nonzero log scale
  ---
  duration_ms: 5.355455
  type: 'test'
  ...
# Subtest: angular rounding is nonzero and has the correct weaker bound near zero
ok 129 - angular rounding is nonzero and has the correct weaker bound near zero
  ---
  duration_ms: 0.564451
  type: 'test'
  ...
# Subtest: local analytic value comparison cannot promote the missing global construction
ok 130 - local analytic value comparison cannot promote the missing global construction
  ---
  duration_ms: 25.098209
  type: 'test'
  ...
# Subtest: wrong source, outside patch, made-up certification fields and nonfinite requests fail
ok 131 - wrong source, outside patch, made-up certification fields and nonfinite requests fail
  ---
  duration_ms: 2.897509
  type: 'test'
  ...
# Subtest: actual source construction replay is deterministic and serializes no nonfinite values
ok 132 - actual source construction replay is deterministic and serializes no nonfinite values
  ---
  duration_ms: 64.492581
  type: 'test'
  ...
# Subtest: the actual pressure, axis, analytic norm, and continuation sources match their frozen bytes
ok 133 - the actual pressure, axis, analytic norm, and continuation sources match their frozen bytes
  ---
  duration_ms: 4.63649
  type: 'test'
  ...
# Subtest: actual residual generator retains all three components, pressure shift, and both radial higher terms
ok 134 - actual residual generator retains all three components, pressure shift, and both radial higher terms
  ---
  duration_ms: 15.494465
  type: 'test'
  ...
# Subtest: source norm DAG executes Cauchy losses without supplied constants or missing high derivatives
ok 135 - source norm DAG executes Cauchy losses without supplied constants or missing high derivatives
  ---
  duration_ms: 7.499556
  type: 'test'
  ...
# Subtest: actual N0 and N1 component intervals have correct distinct physical q powers and nonzero source data
ok 136 - actual N0 and N1 component intervals have correct distinct physical q powers and nonzero source data
  ---
  duration_ms: 0.332512
  type: 'test'
  ...
# Subtest: actual whole-fixed-domain norm improvement uses a positive measured witness and a computed source uniform bound
ok 137 - actual whole-fixed-domain norm improvement uses a positive measured witness and a computed source uniform bound
  ---
  duration_ms: 0.454365
  type: 'test'
  ...
# Subtest: the certified compact and physical derivative domains stay inside the unchanged source core
ok 138 - the certified compact and physical derivative domains stay inside the unchanged source core
  ---
  duration_ms: 0.322707
  type: 'test'
  ...
# Subtest: arithmetic precision changes neither the source coordinates nor q nor the analytic error floor
ok 139 - arithmetic precision changes neither the source coordinates nor q nor the analytic error floor
  ---
  duration_ms: 345.099831
  type: 'test'
  ...
# Subtest: nested spatial meshes cover the same positive compact and reproduce every shared source point
ok 140 - nested spatial meshes cover the same positive compact and reproduce every shared source point
  ---
  duration_ms: 417.691098
  type: 'test'
  ...
# Subtest: all exact expression references are closed and no q or radius is materialized as zero
ok 141 - all exact expression references are closed and no q or radius is materialized as zero
  ---
  duration_ms: 0.585042
  type: 'test'
  ...
# Subtest: replay rejects forged source pressure, absent viscosity, reduced C, moving coordinates, erased error, and global claims
ok 142 - replay rejects forged source pressure, absent viscosity, reduced C, moving coordinates, erased error, and global claims
  ---
  duration_ms: 1245.784111
  type: 'test'
  ...
# Subtest: invalid precision, moving radius, alternate profile, and user-declared C are rejected at input
ok 143 - invalid precision, moving radius, alternate profile, and user-declared C are rejected at input
  ---
  duration_ms: 1.563016
  type: 'test'
  ...
# Subtest: extreme finite observation settings preserve intervals and the finite-only source scope
ok 144 - extreme finite observation settings preserve intervals and the finite-only source scope
  ---
  duration_ms: 223.920439
  type: 'test'
  ...
# Subtest: all twenty-three N4/N5 examples execute with source graphics and distinguish completed operators from unresolved constructions
ok 145 - all twenty-three N4/N5 examples execute with source graphics and distinguish completed operators from unresolved constructions
  ---
  duration_ms: 1703.071346
  type: 'test'
  ...
# Subtest: source recursion retains every ordered pair, separate indices, zero positive-order axis data and n-1 terms
ok 146 - source recursion retains every ordered pair, separate indices, zero positive-order axis data and n-1 terms
  ---
  duration_ms: 32.195529
  type: 'test'
  ...
# Subtest: cutoff inequalities certify the whole stated q domain using an outward derivative interval and preserve finite-schedule limits
ok 147 - cutoff inequalities certify the whole stated q domain using an outward derivative interval and preserve finite-schedule limits
  ---
  duration_ms: 22.150775
  type: 'test'
  ...
# Subtest: full potential curl converges in independent Cartesian divergence and omitting the cutoff derivative fails
ok 148 - full potential curl converges in independent Cartesian divergence and omitting the cutoff derivative fails
  ---
  duration_ms: 0.272231
  type: 'test'
  ...
# Subtest: dyadic charts use the actual source h and preserve the same physical point across interval reconstructions
ok 149 - dyadic charts use the actual source h and preserve the same physical point across interval reconstructions
  ---
  duration_ms: 0.216957
  type: 'test'
  ...
# Subtest: uniform source supports cover the full countable mesh and retain same-label harmonics and once-per-box counting
ok 150 - uniform source supports cover the full countable mesh and retain same-label harmonics and once-per-box counting
  ---
  duration_ms: 3.128336
  type: 'test'
  ...
# Subtest: tangent-coordinate pulse agrees with independently integrated original Cartesian ODE in a nonstiff overlap domain
ok 151 - tangent-coordinate pulse agrees with independently integrated original Cartesian ODE in a nonstiff overlap domain
  ---
  duration_ms: 79.282017
  type: 'test'
  ...
# Subtest: analytic scalar shear and damping agree; logarithmic amplitudes survive ordinary floating point underflow
ok 152 - analytic scalar shear and damping agree; logarithmic amplitudes survive ordinary floating point underflow
  ---
  duration_ms: 5.709427
  type: 'test'
  ...
# Subtest: default pulse ODE refines at fourth order and reports constraints and empirical errors separately
ok 153 - default pulse ODE refines at fourth order and reports constraints and empirical errors separately
  ---
  duration_ms: 47.781696
  type: 'test'
  ...
# Subtest: covariance matches its cone fixture and preserves a visible negative-weight failure outside the cone
ok 154 - covariance matches its cone fixture and preserves a visible negative-weight failure outside the cone
  ---
  duration_ms: 4.27149
  type: 'test'
  ...
# Subtest: flat tails retain finite log intervals, fixed derivative order and an all-later-label monotonicity condition
ok 155 - flat tails retain finite log intervals, fixed derivative order and an all-later-label monotonicity condition
  ---
  duration_ms: 0.888279
  type: 'test'
  ...
# Subtest: unknown fields, malformed shapes, unsupported precision and singular/underflow boundaries produce explicit failure states
ok 156 - unknown fields, malformed shapes, unsupported precision and singular/underflow boundaries produce explicit failure states
  ---
  duration_ms: 2.004922
  type: 'test'
  ...
# Subtest: bounded resource requests reject undersized budgets and computations honor cancellation
ok 157 - bounded resource requests reject undersized budgets and computations honor cancellation
  ---
  duration_ms: 0.959256
  type: 'test'
  ...
# Subtest: local engine replay recomputes the exact request and rejects a tampered result
ok 158 - local engine replay recomputes the exact request and rejects a tampered result
  ---
  duration_ms: 58.983745
  type: 'test'
  ...
# Subtest: all sixteen original blueprint criteria retain exact text and separate fourteen accepted finite gates from two remaining source constructions
ok 159 - all sixteen original blueprint criteria retain exact text and separate fourteen accepted finite gates from two remaining source constructions
  ---
  duration_ms: 2.031592
  type: 'test'
  ...
# Subtest: a complete compact cutoff prefix excludes every higher doubling continuation, including exact boundary equality
ok 160 - a complete compact cutoff prefix excludes every higher doubling continuation, including exact boundary equality
  ---
  duration_ms: 2.890288
  type: 'test'
  ...
# Subtest: the actual locally finite potential sum includes a C-infinity collar and differs from the uncut formal prefix
ok 161 - the actual locally finite potential sum includes a C-infinity collar and differs from the uncut formal prefix
  ---
  duration_ms: 3.675041
  type: 'test'
  ...
# Subtest: an exhausted prefix refuses a locally finite total instead of silently dropping active unseen coefficients
ok 162 - an exhausted prefix refuses a locally finite total instead of silently dropping active unseen coefficients
  ---
  duration_ms: 0.50454
  type: 'test'
  ...
# Subtest: all forcing, amplitude and cutoff derivative terms are evaluated as complex interval residuals
ok 163 - all forcing, amplitude and cutoff derivative terms are evaluated as complex interval residuals
  ---
  duration_ms: 9.658882
  type: 'test'
  ...
# Subtest: omitting psi-prime, forcing or the highest cutoff derivative fails meaningful residual controls
ok 164 - omitting psi-prime, forcing or the highest cutoff derivative fails meaningful residual controls
  ---
  duration_ms: 6.306263
  type: 'test'
  ...
# Subtest: independent exact polynomial derivatives and high-precision cutoff sums enclose every computed component
ok 165 - independent exact polynomial derivatives and high-precision cutoff sums enclose every computed component
  ---
  duration_ms: 58.376014
  type: 'test'
  ...
# Subtest: domain results distinguish conditional operator acceptance from actual source instance certification
ok 166 - domain results distinguish conditional operator acceptance from actual source instance certification
  ---
  duration_ms: 55.207453
  type: 'test'
  ...
# Subtest: new source observation, harmonic and conditional operators replay with stable source result hashes
ok 167 - new source observation, harmonic and conditional operators replay with stable source result hashes
  ---
  duration_ms: 238.794593
  type: 'test'
  ...
# Subtest: actual core data is byte-bound to the accepted assembly and every original interval
ok 168 - actual core data is byte-bound to the accepted assembly and every original interval
  ---
  duration_ms: 31.885481
  type: 'test'
  ...
# Subtest: each source chart independently restores the same q,Y and actual physical swirl, including the upper band limit
ok 169 - each source chart independently restores the same q,Y and actual physical swirl, including the upper band limit
  ---
  duration_ms: 79.318517
  type: 'test'
  ...
# Subtest: source interval, receipt, coordinate and physical scale mutations fail the overlap verifier
ok 170 - source interval, receipt, coordinate and physical scale mutations fail the overlap verifier
  ---
  duration_ms: 66.276931
  type: 'test'
  ...
# Subtest: independent exact rational and 400-digit physical field reconstruction agrees in both chart directions
ok 171 - independent exact rational and 400-digit physical field reconstruction agrees in both chart directions
  ---
  duration_ms: 318.985752
  type: 'test'
  ...
# Subtest: the actual core observations are attached to dyadic output and have a visible dedicated source example
ok 172 - the actual core observations are attached to dyadic output and have a visible dedicated source example
  ---
  duration_ms: 38.728833
  type: 'test'
  ...
# Subtest: source 7.37–7.39 cancel as exact differential polynomials, with frame negative control
ok 173 - source 7.37–7.39 cancel as exact differential polynomials, with frame negative control
  ---
  duration_ms: 5.156754
  type: 'test'
  ...
# Subtest: third-order mixed jets preserve derivative factorials and reject unknown derivative order
ok 174 - third-order mixed jets preserve derivative factorials and reject unknown derivative order
  ---
  duration_ms: 1.523227
  type: 'test'
  ...
# Subtest: jet source normal retains every original 7.4 radial and axial phase term
ok 175 - jet source normal retains every original 7.4 radial and axial phase term
  ---
  duration_ms: 12.943003
  type: 'test'
  ...
# Subtest: independent physical Cartesian curl of source C_m converges to complete jet velocity
ok 176 - independent physical Cartesian curl of source C_m converges to complete jet velocity
  ---
  duration_ms: 22.427983
  type: 'test'
  ...
# Subtest: independent physical phase evaluation detects omission of the fast auxiliary radial map
ok 177 - independent physical phase evaluation detects omission of the fast auxiliary radial map
  ---
  duration_ms: 2.817448
  type: 'test'
  ...
# Subtest: full physical divergence has second-order refinement while omitted r_m stays nonzero
ok 178 - full physical divergence has second-order refinement while omitted r_m stays nonzero
  ---
  duration_ms: 76.540194
  type: 'test'
  ...
# Subtest: complex conjugate modes reconstruct the same real potential and velocity, with angular half
ok 179 - complex conjugate modes reconstruct the same real potential and velocity, with angular half
  ---
  duration_ms: 8.030287
  type: 'test'
  ...
# Subtest: generic supplied amplitude is rejected rather than projected, and source scale/label guards fail
ok 180 - generic supplied amplitude is rejected rather than projected, and source scale/label guards fail
  ---
  duration_ms: 1.839683
  type: 'test'
  ...
# Subtest: smooth source coefficient cutoffs have zero extension and actual N3 scope remains explicit
ok 181 - smooth source coefficient cutoffs have zero extension and actual N3 scope remains explicit
  ---
  duration_ms: 76.217618
  type: 'test'
  ...
# Subtest: all six original archive inputs are hash bound; the full parameter graph retains the actual h and lambda
ok 182 - all six original archive inputs are hash bound; the full parameter graph retains the actual h and lambda
  ---
  duration_ms: 10.179076
  type: 'test'
  ...
# Subtest: independent Python physical q Taylor jets and Decimal checks confirm the exact PDE, support, Jacobian, moment and tail computations
ok 183 - independent Python physical q Taylor jets and Decimal checks confirm the exact PDE, support, Jacobian, moment and tail computations
  ---
  duration_ms: 259.310508
  type: 'test'
  ...
# Subtest: source coefficient and dimension checks reject omitted shifts, cylindrical terms, axis pressure substitution and h substitution
ok 184 - source coefficient and dimension checks reject omitted shifts, cylindrical terms, axis pressure substitution and h substitution
  ---
  duration_ms: 107.823834
  type: 'test'
  ...
# Subtest: source q-dependent cutoff has exact zero divergence and its omitted chi-prime correction fails
ok 185 - source q-dependent cutoff has exact zero divergence and its omitted chi-prime correction fails
  ---
  duration_ms: 10.955116
  type: 'test'
  ...
# Subtest: the full six-component Picard system records regular coefficients, common domain and a genuine two-parity infinite tail
ok 186 - the full six-component Picard system records regular coefficients, common domain and a genuine two-parity infinite tail
  ---
  duration_ms: 16.976895
  type: 'test'
  ...
# Subtest: the five-moment operator retains actual lambda and Ipos, proves invertibility, separates n=1 support and guards reuse
ok 187 - the five-moment operator retains actual lambda and Ipos, proves invertibility, separates n=1 support and guards reuse
  ---
  duration_ms: 4.085059
  type: 'test'
  ...
# Subtest: the finite physical residual keeps all exact monomials while refusing an uncomputed actual norm or tail
ok 188 - the finite physical residual keeps all exact monomials while refusing an uncomputed actual norm or tail
  ---
  duration_ms: 42.322407
  type: 'test'
  ...
# Subtest: actual-h band labels survive rounding epsilon to a displayed one; source substitution and q=0 are rejected
ok 189 - actual-h band labels survive rounding epsilon to a displayed one; source substitution and q=0 are rejected
  ---
  duration_ms: 4.167744
  type: 'test'
  ...
# Subtest: exact quadratic-field dual/covering identities enforce every evaluated chain-rule term and correct normalized Haar
ok 190 - exact quadratic-field dual/covering identities enforce every evaluated chain-rule term and correct normalized Haar
  ---
  duration_ms: 1.246479
  type: 'test'
  ...
# Subtest: the uniform all-band palette handles very large exact labels and exposes the modulus-4 negative control
ok 191 - the uniform all-band palette handles very large exact labels and exposes the modulus-4 negative control
  ---
  duration_ms: 1.891682
  type: 'test'
  ...
# Subtest: full three-component affine phase normal agrees with an independent Cartesian ODE and retains FZ/GZ
ok 192 - full three-component affine phase normal agrees with an independent Cartesian ODE and retains FZ/GZ
  ---
  duration_ms: 105.452675
  type: 'test'
  ...
# Subtest: new source requests reject incomplete gradients, replacement profiles, false precision and insufficient budgets
ok 193 - new source requests reject incomplete gradients, replacement profiles, false precision and insufficient budgets
  ---
  duration_ms: 3.336921
  type: 'test'
  ...
# Subtest: source Bs squared and the reference Gaussian bound are correct without promoting the local pulse to a source Gaussian theorem
ok 194 - source Bs squared and the reference Gaussian bound are correct without promoting the local pulse to a source Gaussian theorem
  ---
  duration_ms: 18.634288
  type: 'test'
  ...
# Subtest: source-bound operator receipts replay and cannot elevate imported evidence or change exact labels
ok 195 - source-bound operator receipts replay and cannot elevate imported evidence or change exact labels
  ---
  duration_ms: 52.046841
  type: 'test'
  ...
1..195
# tests 195
# suites 0
# pass 195
# fail 0
# cancelled 0
# skipped 0
# todo 0
# duration_ms 3341.481314
