TAP version 13
# Subtest: all imported actual source files retain their exact SHA-256 and byte count
ok 1 - all imported actual source files retain their exact SHA-256 and byte count
  ---
  duration_ms: 6.460521
  type: 'test'
  ...
# Subtest: actual source recurrence constructs positive order one with exactly zero axis datum
ok 2 - actual source recurrence constructs positive order one with exactly zero axis datum
  ---
  duration_ms: 13.602751
  type: 'test'
  ...
# Subtest: coefficient prefix is independent of the requested later radial truncation
ok 3 - coefficient prefix is independent of the requested later radial truncation
  ---
  duration_ms: 38.139729
  type: 'test'
  ...
# Subtest: n=1 first axis slopes agree with independent differentiation of the axis datum
ok 4 - n=1 first axis slopes agree with independent differentiation of the axis datum
  ---
  duration_ms: 16.061407
  type: 'test'
  ...
# Subtest: actual A.21 intervals produce three finite normalized source observations with analytic uncertainty
ok 5 - actual A.21 intervals produce three finite normalized source observations with analytic uncertainty
  ---
  duration_ms: 47.991924
  type: 'test'
  ...
# Subtest: forged interval values, source hashes, coordinates, and zero-parameter claims fail verification
ok 6 - forged interval values, source hashes, coordinates, and zero-parameter claims fail verification
  ---
  duration_ms: 140.253487
  type: 'test'
  ...
# Subtest: same-source norm graph is closed, acyclic, and keeps the original common collar
ok 7 - same-source norm graph is closed, acyclic, and keeps the original common collar
  ---
  duration_ms: 2.179266
  type: 'test'
  ...
# Subtest: universal factorial tail bound is checked against actual term magnitudes
ok 8 - universal factorial tail bound is checked against actual term magnitudes
  ---
  duration_ms: 0.904965
  type: 'test'
  ...
# Subtest: uncompleted higher orders, alternate source profiles, and missing derivative oracles are rejected
ok 9 - uncompleted higher orders, alternate source profiles, and missing derivative oracles are rejected
  ---
  duration_ms: 6.668014
  type: 'test'
  ...
# Subtest: actual Imean forcing excludes a core-only or Ipos-only moment reconstruction
ok 10 - actual Imean forcing excludes a core-only or Ipos-only moment reconstruction
  ---
  duration_ms: 4.304811
  type: 'test'
  ...
# Subtest: public construction keeps generated local data separate from unclosed global criteria
ok 11 - public construction keeps generated local data separate from unclosed global criteria
  ---
  duration_ms: 81.93254
  type: 'test'
  ...
# Subtest: actual nonzero core enclosures retain positive exact radii and distinct observation types
ok 12 - actual nonzero core enclosures retain positive exact radii and distinct observation types
  ---
  duration_ms: 72.907792
  type: 'test'
  ...
# Subtest: point enclosures reject false zero radii, altered remainder bounds, and residual completion claims
ok 13 - point enclosures reject false zero radii, altered remainder bounds, and residual completion claims
  ---
  duration_ms: 330.076727
  type: 'test'
  ...
# Subtest: whole nonlinear core integrals are source-bound, with both distinct errors retained
ok 14 - whole nonlinear core integrals are source-bound, with both distinct errors retained
  ---
  duration_ms: 1.994387
  type: 'test'
  ...
# Subtest: radial scaling before squaring prevents coefficient-roundoff amplification
ok 15 - radial scaling before squaring prevents coefficient-roundoff amplification
  ---
  duration_ms: 0.526294
  type: 'test'
  ...
# Subtest: zero integration interval is exactly zero, whereas Y>4 is natural input only
ok 16 - zero integration interval is exactly zero, whereas Y>4 is natural input only
  ---
  duration_ms: 89.56618
  type: 'test'
  ...
# Subtest: source interval operations reject fake profile, bad eta, extra certificates and cancelled work
ok 17 - source interval operations reject fake profile, bad eta, extra certificates and cancelled work
  ---
  duration_ms: 11.844139
  type: 'test'
  ...
# Subtest: B22 retains the actual positive width and computes a reference rather than relabeling B26
ok 18 - B22 retains the actual positive width and computes a reference rather than relabeling B26
  ---
  duration_ms: 0.412532
  type: 'test'
  ...
# Subtest: ordinary source eta derivatives remain distinct from j-normalized coefficient derivatives
ok 19 - ordinary source eta derivatives remain distinct from j-normalized coefficient derivatives
  ---
  duration_ms: 0.25208
  type: 'test'
  ...
# Subtest: nonzero primitive-offset algorithm retains every logarithmic and eta product term
ok 20 - nonzero primitive-offset algorithm retains every logarithmic and eta product term
  ---
  duration_ms: 1.647644
  type: 'test'
  ...
# Subtest: actual B8 root bound is applied with exact M matching and all comparison coefficients pass
ok 21 - actual B8 root bound is applied with exact M matching and all comparison coefficients pass
  ---
  duration_ms: 0.449497
  type: 'test'
  ...
# Subtest: actual whole inner axial cells retain C12/primitive error and finite directed geometry
ok 22 - actual whole inner axial cells retain C12/primitive error and finite directed geometry
  ---
  duration_ms: 5.287443
  type: 'test'
  ...
# Subtest: literal A2 graph closes every axial stage without field/root oracle leaves
ok 23 - literal A2 graph closes every axial stage without field/root oracle leaves
  ---
  duration_ms: 3.115478
  type: 'test'
  ...
# Subtest: A2 axis branch is regular and finite diagnostics never become source certificates
ok 24 - A2 axis branch is regular and finite diagnostics never become source certificates
  ---
  duration_ms: 10.489196
  type: 'test'
  ...
# Subtest: A2 cumulative mass derivative matches its actual decay formula; mean and final branches persist
ok 25 - A2 cumulative mass derivative matches its actual decay formula; mean and final branches persist
  ---
  duration_ms: 46.863041
  type: 'test'
  ...
# Subtest: complete actual scales fail explicitly in binary64 instead of silently using the comparator
ok 26 - complete actual scales fail explicitly in binary64 instead of silently using the comparator
  ---
  duration_ms: 0.863582
  type: 'test'
  ...
# Subtest: the imported actual debt, continuation and derivative proofs are pinned to their exact files
ok 27 - the imported actual debt, continuation and derivative proofs are pinned to their exact files
  ---
  duration_ms: 1.143013
  type: 'test'
  ...
# Subtest: public construction exposes executed cells and blocks exact debt cancellation from a remainder midpoint
ok 28 - public construction exposes executed cells and blocks exact debt cancellation from a remainder midpoint
  ---
  duration_ms: 101.386687
  type: 'test'
  ...
# Subtest: binds actual assembly, actual pressure and Banach proof to pinned file bytes
ok 29 - binds actual assembly, actual pressure and Banach proof to pinned file bytes
  ---
  duration_ms: 5.34484
  type: 'test'
  ...
# Subtest: nine mixed n=0 Phi intervals have finite displays and real result paths
ok 30 - nine mixed n=0 Phi intervals have finite displays and real result paths
  ---
  duration_ms: 0.564821
  type: 'test'
  ...
# Subtest: retains both positive mathematical errors when arithmetic precision changes
ok 31 - retains both positive mathematical errors when arithmetic precision changes
  ---
  duration_ms: 37.304087
  type: 'test'
  ...
# Subtest: constant axis identity has exact Phi=1 and zero eta derivatives
ok 32 - constant axis identity has exact Phi=1 and zero eta derivatives
  ---
  duration_ms: 30.466858
  type: 'test'
  ...
# Subtest: arbitrary requested rational Y values change actual intervals
ok 33 - arbitrary requested rational Y values change actual intervals
  ---
  duration_ms: 118.172593
  type: 'test'
  ...
# Subtest: resolves the actual small-H eta chart rather than reusing eta-zero Phi
ok 34 - resolves the actual small-H eta chart rather than reusing eta-zero Phi
  ---
  duration_ms: 24.856649
  type: 'test'
  ...
# Subtest: tiny exact rational eta divides symbolically without a rounded zero denominator
ok 35 - tiny exact rational eta divides symbolically without a rounded zero denominator
  ---
  duration_ms: 40.462861
  type: 'test'
  ...
# Subtest: actual U and radial average retain scale and derivative distinction
ok 36 - actual U and radial average retain scale and derivative distinction
  ---
  duration_ms: 16.322682
  type: 'test'
  ...
# Subtest: ordinary eta points keep nonconstant actual pressure and nonzero axial derivatives
ok 37 - ordinary eta points keep nonconstant actual pressure and nonzero axial derivatives
  ---
  duration_ms: 8.029446
  type: 'test'
  ...
# Subtest: natural extension at Y>4 is not mislabeled as the physical B26 collar
ok 38 - natural extension at Y>4 is not mislabeled as the physical B26 collar
  ---
  duration_ms: 27.148465
  type: 'test'
  ...
# Subtest: retains global and formal obligations
ok 39 - retains global and formal obligations
  ---
  duration_ms: 0.233712
  type: 'test'
  ...
# Subtest: rejects extrapolation, malformed precision and altered profile inputs
ok 40 - rejects extrapolation, malformed precision and altered profile inputs
  ---
  duration_ms: 3.004751
  type: 'test'
  ...
# Subtest: deterministic replay and cancellation propagate
ok 41 - deterministic replay and cancellation propagate
  ---
  duration_ms: 12.719068
  type: 'test'
  ...
# Subtest: independent Python Fraction verifies pressure derivatives, axial rational reference and Bessel values
ok 42 - independent Python Fraction verifies pressure derivatives, axial rational reference and Bessel values
  ---
  duration_ms: 261.084729
  type: 'test'
  ...
# Subtest: outer source program preserves the exact selected parameter graph and has no field/root oracle leaves
ok 43 - outer source program preserves the exact selected parameter graph and has no field/root oracle leaves
  ---
  duration_ms: 5.265879
  type: 'test'
  ...
# Subtest: actual tail support includes the complete original late pulse and compact end corrections
ok 44 - actual tail support includes the complete original late pulse and compact end corrections
  ---
  duration_ms: 0.217668
  type: 'test'
  ...
# Subtest: Leibniz expansion includes the moving upper endpoint and second derivative
ok 45 - Leibniz expansion includes the moving upper endpoint and second derivative
  ---
  duration_ms: 4.492303
  type: 'test'
  ...
# Subtest: nested integral differentiation preserves the distinct bound variables
ok 46 - nested integral differentiation preserves the distinct bound variables
  ---
  duration_ms: 67.879715
  type: 'test'
  ...
# Subtest: literal flat step, exact central pulse primitive, and their derivatives are executed
ok 47 - literal flat step, exact central pulse primitive, and their derivatives are executed
  ---
  duration_ms: 1.16037
  type: 'test'
  ...
# Subtest: source pulse diagnostic resolves the separate collars and converges to the pinned continuous Kb enclosure
ok 48 - source pulse diagnostic resolves the separate collars and converges to the pinned continuous Kb enclosure
  ---
  duration_ms: 1440.527059
  type: 'test'
  ...
# Subtest: the whole actual source scale cannot silently become a finite diagnostic field
ok 49 - the whole actual source scale cannot silently become a finite diagnostic field
  ---
  duration_ms: 2.203443
  type: 'test'
  ...
# Subtest: exact jet operator is regular at X=0 and retains eta derivatives of the radial average
ok 50 - exact jet operator is regular at X=0 and retains eta derivatives of the radial average
  ---
  duration_ms: 1.237065
  type: 'test'
  ...
# Subtest: actual pressure boundary at eta zero is exactly minus four and never omitted
ok 51 - actual pressure boundary at eta zero is exactly minus four and never omitted
  ---
  duration_ms: 2.232175
  type: 'test'
  ...
# Subtest: source C12 remainder retains N, its actual local support, and only the justified eta value order
ok 52 - source C12 remainder retains N, its actual local support, and only the justified eta value order
  ---
  duration_ms: 0.865395
  type: 'test'
  ...
# Subtest: actual amplitude rectangle is pinned to the continuous integral receipt
ok 53 - actual amplitude rectangle is pinned to the continuous integral receipt
  ---
  duration_ms: 4.320835
  type: 'test'
  ...
# Subtest: actual positive axial observations are source-bound at every selected full-domain eta
ok 54 - actual positive axial observations are source-bound at every selected full-domain eta
  ---
  duration_ms: 3.347798
  type: 'test'
  ...
# Subtest: the exact five-moment insufficiency counterexample is separate from the actual source
ok 55 - the exact five-moment insufficiency counterexample is separate from the actual source
  ---
  duration_ms: 0.207663
  type: 'test'
  ...
# Subtest: construction rejects profile substitution, bad coordinates, and false completion input
ok 56 - construction rejects profile substitution, bad coordinates, and false completion input
  ---
  duration_ms: 18.749591
  type: 'test'
  ...
# Subtest: mean stress is byte-bound to the actual same-source heat, continuation and restoration evidence
ok 57 - mean stress is byte-bound to the actual same-source heat, continuation and restoration evidence
  ---
  duration_ms: 2.743357
  type: 'test'
  ...
# Subtest: the exact heat program has all three integrands, the full improper tail and an independent Gamma integral
ok 58 - the exact heat program has all three integrands, the full improper tail and an independent Gamma integral
  ---
  duration_ms: 1.066729
  type: 'test'
  ...
# Subtest: differentiating each actual heat integral yields an exactly zero eta derivative at zero
ok 59 - differentiating each actual heat integral yields an exactly zero eta derivative at zero
  ---
  duration_ms: 3.010219
  type: 'test'
  ...
# Subtest: all exact exponent inequalities imply a positive non-degenerate source enclosure
ok 60 - all exact exponent inequalities imply a positive non-degenerate source enclosure
  ---
  duration_ms: 1.919855
  type: 'test'
  ...
# Subtest: finite algebra independently reconstructs (4.16), radial viscosity, and the heat compensation sign
ok 61 - finite algebra independently reconstructs (4.16), radial viscosity, and the heat compensation sign
  ---
  duration_ms: 7.236842
  type: 'test'
  ...
# Subtest: precision changes the analytic radius while retaining the same actual point and complete source program
ok 62 - precision changes the analytic radius while retaining the same actual point and complete source program
  ---
  duration_ms: 89.693271
  type: 'test'
  ...
# Subtest: retained observations reject omitted heat, false parity, fabricated zero or package completion
ok 63 - retained observations reject omitted heat, false parity, fabricated zero or package completion
  ---
  duration_ms: 363.79719
  type: 'test'
  ...
# Subtest: actual representative scope and physical normalization are unambiguous
ok 64 - actual representative scope and physical normalization are unambiguous
  ---
  duration_ms: 0.318821
  type: 'test'
  ...
# Subtest: unsupported source, axis, field, heat debt, and input precision cannot enter this producer
ok 65 - unsupported source, axis, field, heat debt, and input precision cannot enter this producer
  ---
  duration_ms: 37.515527
  type: 'test'
  ...
# Subtest: original criterion text and all mathematical inputs are bound to their exact retained bytes
ok 66 - original criterion text and all mathematical inputs are bound to their exact retained bytes
  ---
  duration_ms: 3.088527
  type: 'test'
  ...
# Subtest: actual n=1 finite acceptance is connected to the original six-component system and real source recurrence
ok 67 - actual n=1 finite acceptance is connected to the original six-component system and real source recurrence
  ---
  duration_ms: 81.193556
  type: 'test'
  ...
# Subtest: A1 has the required structural nilpotence under arbitrary diagonal Green kernels
ok 68 - A1 has the required structural nilpotence under arbitrary diagonal Green kernels
  ---
  duration_ms: 0.565092
  type: 'test'
  ...
# Subtest: strip loss and common collar are exact expressions independent of requested precision
ok 69 - strip loss and common collar are exact expressions independent of requested precision
  ---
  duration_ms: 248.505049
  type: 'test'
  ...
# Subtest: executed finite observations keep actual-source uncertainty and positive radii
ok 70 - executed finite observations keep actual-source uncertainty and positive radii
  ---
  duration_ms: 0.281254
  type: 'test'
  ...
# Subtest: forged source, incomplete forcing, incorrect strip, shrunken radius and too-small K are rejected
ok 71 - forged source, incomplete forcing, incorrect strip, shrunken radius and too-small K are rejected
  ---
  duration_ms: 791.206704
  type: 'test'
  ...
# Subtest: finite acceptance rejects fabricated K-term execution, higher-order, residual and package completion claims
ok 72 - finite acceptance rejects fabricated K-term execution, higher-order, residual and package completion claims
  ---
  duration_ms: 410.823771
  type: 'test'
  ...
# Subtest: unavailable orders, alternate sources and caller majorants cannot enter an actual-source certificate
ok 73 - unavailable orders, alternate sources and caller majorants cannot enter an actual-source certificate
  ---
  duration_ms: 2.535143
  type: 'test'
  ...
# Subtest: actual amplitude source is byte-bound to the unmodified N3 and completed velocity restriction
ok 74 - actual amplitude source is byte-bound to the unmodified N3 and completed velocity restriction
  ---
  duration_ms: 112.720286
  type: 'test'
  ...
# Subtest: the complete phase/frame expression graph has actual operands and every nonzero denominator guard
ok 75 - the complete phase/frame expression graph has actual operands and every nonzero denominator guard
  ---
  duration_ms: 23.071138
  type: 'test'
  ...
# Subtest: compiled n, B and its left inverse satisfy the transverse algebra for both signs
ok 76 - compiled n, B and its left inverse satisfy the transverse algebra for both signs
  ---
  duration_ms: 45.030909
  type: 'test'
  ...
# Subtest: the explicit compiler retains both moving normal and moving frame derivatives
ok 77 - the explicit compiler retains both moving normal and moving frame derivatives
  ---
  duration_ms: 2.683556
  type: 'test'
  ...
# Subtest: full source principal pressure and energy identities agree with the compiled operator
ok 78 - full source principal pressure and energy identities agree with the compiled operator
  ---
  duration_ms: 2.146597
  type: 'test'
  ...
# Subtest: original growing data, actual midpoint and both endpoint scales remain distinct
ok 79 - original growing data, actual midpoint and both endpoint scales remain distinct
  ---
  duration_ms: 103.633261
  type: 'test'
  ...
# Subtest: actual source amplitudes and positive energy are enclosed over the entire returned grid
ok 80 - actual source amplitudes and positive energy are enclosed over the entire returned grid
  ---
  duration_ms: 65.875248
  type: 'test'
  ...
# Subtest: the two source signs share radial growth and reverse axial covariance direction
ok 81 - the two source signs share radial growth and reverse axial covariance direction
  ---
  duration_ms: 85.022678
  type: 'test'
  ...
# Subtest: dyadic cell refinements are independent enclosures and agree at common pulse positions
ok 82 - dyadic cell refinements are independent enclosures and agree at common pulse positions
  ---
  duration_ms: 127.720271
  type: 'test'
  ...
# Subtest: variable-potential comparison contains an independently evaluated constant-potential special case
ok 83 - variable-potential comparison contains an independently evaluated constant-potential special case
  ---
  duration_ms: 0.528026
  type: 'test'
  ...
# Subtest: finite-source-family scope, normalized units, and no full residual/covariance claim are explicit
ok 84 - finite-source-family scope, normalized units, and no full residual/covariance claim are explicit
  ---
  duration_ms: 21.54749
  type: 'test'
  ...
# Subtest: no alternative profile, carrier, tolerance, or claimed certificate can enter actual integration
ok 85 - no alternative profile, carrier, tolerance, or claimed certificate can enter actual integration
  ---
  duration_ms: 3.605056
  type: 'test'
  ...
# Subtest: actual amplitude replay is stable and cancellation can interrupt a cell sequence
ok 86 - actual amplitude replay is stable and cancellation can interrupt a cell sequence
  ---
  duration_ms: 69.331169
  type: 'test'
  ...
# Subtest: actual same-profile source stress and covariance produce positive weights
ok 87 - actual same-profile source stress and covariance produce positive weights
  ---
  duration_ms: 2.107588
  type: 'test'
  ...
# Subtest: actual y endpoints and quadrature refinement stay joined to the requested source
ok 88 - actual y endpoints and quadrature refinement stay joined to the requested source
  ---
  duration_ms: 257.596599
  type: 'test'
  ...
# Subtest: source root equality compares expressions rather than display intervals
ok 89 - source root equality compares expressions rather than display intervals
  ---
  duration_ms: 1.316946
  type: 'test'
  ...
# Subtest: source receipt replay rejects changed y, forged target and altered covariance
ok 90 - source receipt replay rejects changed y, forged target and altered covariance
  ---
  duration_ms: 275.402117
  type: 'test'
  ...
# Subtest: exact source inverse and physical scale algebra expose three wrong conventions
ok 91 - exact source inverse and physical scale algebra expose three wrong conventions
  ---
  duration_ms: 0.883392
  type: 'test'
  ...
# Subtest: explicit smooth translated partition enumerates the whole active set
ok 92 - explicit smooth translated partition enumerates the whole active set
  ---
  duration_ms: 1.21345
  type: 'test'
  ...
# Subtest: actual complete physical sum includes two source signs in one source box
ok 93 - actual complete physical sum includes two source signs in one source box
  ---
  duration_ms: 0.199501
  type: 'test'
  ...
# Subtest: whole-family and common q-star claims remain separate from actual finite assembly
ok 94 - whole-family and common q-star claims remain separate from actual finite assembly
  ---
  duration_ms: 0.108674
  type: 'test'
  ...
# Subtest: full active-set replay rejects omission, double counting and source changes
ok 95 - full active-set replay rejects omission, double counting and source changes
  ---
  duration_ms: 422.571811
  type: 'test'
  ...
# Subtest: input contracts reject hypothetical replacement data and support cancellation
ok 96 - input contracts reject hypothetical replacement data and support cancellation
  ---
  duration_ms: 1.401564
  type: 'test'
  ...
# Subtest: all source-path observations resolve to actual nested output objects
ok 97 - all source-path observations resolve to actual nested output objects
  ---
  duration_ms: 1.761677
  type: 'test'
  ...
# Subtest: the actual covariance, target and phase inputs remain frozen
ok 98 - the actual covariance, target and phase inputs remain frozen
  ---
  duration_ms: 0.817933
  type: 'test'
  ...
# Subtest: new covariance uses the independently frozen actual phase and amplitude modules unchanged
ok 99 - new covariance uses the independently frozen actual phase and amplitude modules unchanged
  ---
  duration_ms: 82.130794
  type: 'test'
  ...
# Subtest: Gaussian center encloses the original source-dependent displacement and full left-to-center evolution
ok 100 - Gaussian center encloses the original source-dependent displacement and full left-to-center evolution
  ---
  duration_ms: 63.352685
  type: 'test'
  ...
# Subtest: explicit transverse cutoff has a certified positive mass from monotone source-step quadrature
ok 101 - explicit transverse cutoff has a certified positive mass from monotone source-step quadrature
  ---
  duration_ms: 43.258116
  type: 'test'
  ...
# Subtest: actual Gaussian-coordinate rectangle sums shrink toward an independent integral probe
ok 102 - actual Gaussian-coordinate rectangle sums shrink toward an independent integral probe
  ---
  duration_ms: 150.235536
  type: 'test'
  ...
# Subtest: whole-cell integral bounds and point observations are source-bound and finite
ok 103 - whole-cell integral bounds and point observations are source-bound and finite
  ---
  duration_ms: 33.414012
  type: 'test'
  ...
# Subtest: source time cutoff and nonzero tail remain separate from central quadrature
ok 104 - source time cutoff and nonzero tail remain separate from central quadrature
  ---
  duration_ms: 16.436593
  type: 'test'
  ...
# Subtest: angular half, one transverse mass, and Haar covering count yield the original common factor
ok 105 - angular half, one transverse mass, and Haar covering count yield the original common factor
  ---
  duration_ms: 34.349162
  type: 'test'
  ...
# Subtest: two exact sign families give a nonzero determinant with the anisotropic source scale retained
ok 106 - two exact sign families give a nonzero determinant with the anisotropic source scale retained
  ---
  duration_ms: 24.85076
  type: 'test'
  ...
# Subtest: actual T0, weights and global assembly cannot be silently filled by a target fixture
ok 107 - actual T0, weights and global assembly cannot be silently filled by a target fixture
  ---
  duration_ms: 39.332927
  type: 'test'
  ...
# Subtest: actual covariance replay is deterministic and cancellation remains responsive
ok 108 - actual covariance replay is deterministic and cancellation remains responsive
  ---
  duration_ms: 50.845962
  type: 'test'
  ...
# Subtest: every actual source definition is byte-bound to the accepted N3 chain
ok 109 - every actual source definition is byte-bound to the accepted N3 chain
  ---
  duration_ms: 23.699454
  type: 'test'
  ...
# Subtest: actual epsilon threshold proves all later bands and does not call it global q_star
ok 110 - actual epsilon threshold proves all later bands and does not call it global q_star
  ---
  duration_ms: 1.490257
  type: 'test'
  ...
# Subtest: u_star is fixed from the real source cone margin with positive symbolic inverse
ok 111 - u_star is fixed from the real source cone margin with positive symbolic inverse
  ---
  duration_ms: 0.290038
  type: 'test'
  ...
# Subtest: actual mean-patch logarithmic normalizations retain its nonzero radial moment
ok 112 - actual mean-patch logarithmic normalizations retain its nonzero radial moment
  ---
  duration_ms: 0.316938
  type: 'test'
  ...
# Subtest: source field value and slow zeroth jet use consistent E/F/R normalization
ok 113 - source field value and slow zeroth jet use consistent E/F/R normalization
  ---
  duration_ms: 97.197402
  type: 'test'
  ...
# Subtest: ordinary axial/time jets remain defined at eta endpoints with one-sided time data
ok 114 - ordinary axial/time jets remain defined at eta endpoints with one-sided time data
  ---
  duration_ms: 22.018424
  type: 'test'
  ...
# Subtest: uniform whole-box intervals enclose separately evaluated actual local derivatives
ok 115 - uniform whole-box intervals enclose separately evaluated actual local derivatives
  ---
  duration_ms: 37.018498
  type: 'test'
  ...
# Subtest: selected local domain and every source exponent absorption are explicit
ok 116 - selected local domain and every source exponent absorption are explicit
  ---
  duration_ms: 9.016736
  type: 'test'
  ...
# Subtest: source growing datum is at the left endpoint and preserves nonzero log scale
ok 117 - source growing datum is at the left endpoint and preserves nonzero log scale
  ---
  duration_ms: 5.327422
  type: 'test'
  ...
# Subtest: angular rounding is nonzero and has the correct weaker bound near zero
ok 118 - angular rounding is nonzero and has the correct weaker bound near zero
  ---
  duration_ms: 1.128522
  type: 'test'
  ...
# Subtest: local analytic value comparison cannot promote the missing global construction
ok 119 - local analytic value comparison cannot promote the missing global construction
  ---
  duration_ms: 33.069051
  type: 'test'
  ...
# Subtest: wrong source, outside patch, made-up certification fields and nonfinite requests fail
ok 120 - wrong source, outside patch, made-up certification fields and nonfinite requests fail
  ---
  duration_ms: 3.226765
  type: 'test'
  ...
# Subtest: actual source construction replay is deterministic and serializes no nonfinite values
ok 121 - actual source construction replay is deterministic and serializes no nonfinite values
  ---
  duration_ms: 70.188913
  type: 'test'
  ...
# Subtest: all twenty-two N4/N5 examples execute with source graphics and distinguish completed operators from unresolved constructions
ok 122 - all twenty-two N4/N5 examples execute with source graphics and distinguish completed operators from unresolved constructions
  ---
  duration_ms: 1247.004965
  type: 'test'
  ...
# Subtest: source recursion retains every ordered pair, separate indices, zero positive-order axis data and n-1 terms
ok 123 - source recursion retains every ordered pair, separate indices, zero positive-order axis data and n-1 terms
  ---
  duration_ms: 28.738362
  type: 'test'
  ...
# Subtest: cutoff inequalities certify the whole stated q domain using an outward derivative interval and preserve finite-schedule limits
ok 124 - cutoff inequalities certify the whole stated q domain using an outward derivative interval and preserve finite-schedule limits
  ---
  duration_ms: 22.04471
  type: 'test'
  ...
# Subtest: full potential curl converges in independent Cartesian divergence and omitting the cutoff derivative fails
ok 125 - full potential curl converges in independent Cartesian divergence and omitting the cutoff derivative fails
  ---
  duration_ms: 0.25878
  type: 'test'
  ...
# Subtest: dyadic charts use the actual source h and preserve the same physical point across interval reconstructions
ok 126 - dyadic charts use the actual source h and preserve the same physical point across interval reconstructions
  ---
  duration_ms: 0.177067
  type: 'test'
  ...
# Subtest: uniform source supports cover the full countable mesh and retain same-label harmonics and once-per-box counting
ok 127 - uniform source supports cover the full countable mesh and retain same-label harmonics and once-per-box counting
  ---
  duration_ms: 3.332484
  type: 'test'
  ...
# Subtest: tangent-coordinate pulse agrees with independently integrated original Cartesian ODE in a nonstiff overlap domain
ok 128 - tangent-coordinate pulse agrees with independently integrated original Cartesian ODE in a nonstiff overlap domain
  ---
  duration_ms: 86.275438
  type: 'test'
  ...
# Subtest: analytic scalar shear and damping agree; logarithmic amplitudes survive ordinary floating point underflow
ok 129 - analytic scalar shear and damping agree; logarithmic amplitudes survive ordinary floating point underflow
  ---
  duration_ms: 7.666469
  type: 'test'
  ...
# Subtest: default pulse ODE refines at fourth order and reports constraints and empirical errors separately
ok 130 - default pulse ODE refines at fourth order and reports constraints and empirical errors separately
  ---
  duration_ms: 51.55147
  type: 'test'
  ...
# Subtest: covariance matches its cone fixture and preserves a visible negative-weight failure outside the cone
ok 131 - covariance matches its cone fixture and preserves a visible negative-weight failure outside the cone
  ---
  duration_ms: 1.529997
  type: 'test'
  ...
# Subtest: flat tails retain finite log intervals, fixed derivative order and an all-later-label monotonicity condition
ok 132 - flat tails retain finite log intervals, fixed derivative order and an all-later-label monotonicity condition
  ---
  duration_ms: 0.431541
  type: 'test'
  ...
# Subtest: unknown fields, malformed shapes, unsupported precision and singular/underflow boundaries produce explicit failure states
ok 133 - unknown fields, malformed shapes, unsupported precision and singular/underflow boundaries produce explicit failure states
  ---
  duration_ms: 1.720885
  type: 'test'
  ...
# Subtest: bounded resource requests reject undersized budgets and computations honor cancellation
ok 134 - bounded resource requests reject undersized budgets and computations honor cancellation
  ---
  duration_ms: 0.688128
  type: 'test'
  ...
# Subtest: local engine replay recomputes the exact request and rejects a tampered result
ok 135 - local engine replay recomputes the exact request and rejects a tampered result
  ---
  duration_ms: 52.40373
  type: 'test'
  ...
# Subtest: all sixteen original blueprint criteria retain exact text and separate thirteen accepted finite gates from three remaining source constructions
ok 136 - all sixteen original blueprint criteria retain exact text and separate thirteen accepted finite gates from three remaining source constructions
  ---
  duration_ms: 1.698761
  type: 'test'
  ...
# Subtest: a complete compact cutoff prefix excludes every higher doubling continuation, including exact boundary equality
ok 137 - a complete compact cutoff prefix excludes every higher doubling continuation, including exact boundary equality
  ---
  duration_ms: 3.478886
  type: 'test'
  ...
# Subtest: the actual locally finite potential sum includes a C-infinity collar and differs from the uncut formal prefix
ok 138 - the actual locally finite potential sum includes a C-infinity collar and differs from the uncut formal prefix
  ---
  duration_ms: 2.680592
  type: 'test'
  ...
# Subtest: an exhausted prefix refuses a locally finite total instead of silently dropping active unseen coefficients
ok 139 - an exhausted prefix refuses a locally finite total instead of silently dropping active unseen coefficients
  ---
  duration_ms: 0.47693
  type: 'test'
  ...
# Subtest: all forcing, amplitude and cutoff derivative terms are evaluated as complex interval residuals
ok 140 - all forcing, amplitude and cutoff derivative terms are evaluated as complex interval residuals
  ---
  duration_ms: 9.230678
  type: 'test'
  ...
# Subtest: omitting psi-prime, forcing or the highest cutoff derivative fails meaningful residual controls
ok 141 - omitting psi-prime, forcing or the highest cutoff derivative fails meaningful residual controls
  ---
  duration_ms: 1.455254
  type: 'test'
  ...
# Subtest: independent exact polynomial derivatives and high-precision cutoff sums enclose every computed component
ok 142 - independent exact polynomial derivatives and high-precision cutoff sums enclose every computed component
  ---
  duration_ms: 55.55714
  type: 'test'
  ...
# Subtest: domain results distinguish conditional operator acceptance from actual source instance certification
ok 143 - domain results distinguish conditional operator acceptance from actual source instance certification
  ---
  duration_ms: 61.554803
  type: 'test'
  ...
# Subtest: new source observation, harmonic and conditional operators replay with stable source result hashes
ok 144 - new source observation, harmonic and conditional operators replay with stable source result hashes
  ---
  duration_ms: 195.326793
  type: 'test'
  ...
# Subtest: actual core data is byte-bound to the accepted assembly and every original interval
ok 145 - actual core data is byte-bound to the accepted assembly and every original interval
  ---
  duration_ms: 30.179816
  type: 'test'
  ...
# Subtest: each source chart independently restores the same q,Y and actual physical swirl, including the upper band limit
ok 146 - each source chart independently restores the same q,Y and actual physical swirl, including the upper band limit
  ---
  duration_ms: 63.275519
  type: 'test'
  ...
# Subtest: source interval, receipt, coordinate and physical scale mutations fail the overlap verifier
ok 147 - source interval, receipt, coordinate and physical scale mutations fail the overlap verifier
  ---
  duration_ms: 73.637422
  type: 'test'
  ...
# Subtest: independent exact rational and 400-digit physical field reconstruction agrees in both chart directions
ok 148 - independent exact rational and 400-digit physical field reconstruction agrees in both chart directions
  ---
  duration_ms: 344.351409
  type: 'test'
  ...
# Subtest: the actual core observations are attached to dyadic output and have a visible dedicated source example
ok 149 - the actual core observations are attached to dyadic output and have a visible dedicated source example
  ---
  duration_ms: 27.661338
  type: 'test'
  ...
# Subtest: source 7.37–7.39 cancel as exact differential polynomials, with frame negative control
ok 150 - source 7.37–7.39 cancel as exact differential polynomials, with frame negative control
  ---
  duration_ms: 4.964195
  type: 'test'
  ...
# Subtest: third-order mixed jets preserve derivative factorials and reject unknown derivative order
ok 151 - third-order mixed jets preserve derivative factorials and reject unknown derivative order
  ---
  duration_ms: 1.550828
  type: 'test'
  ...
# Subtest: jet source normal retains every original 7.4 radial and axial phase term
ok 152 - jet source normal retains every original 7.4 radial and axial phase term
  ---
  duration_ms: 11.932572
  type: 'test'
  ...
# Subtest: independent physical Cartesian curl of source C_m converges to complete jet velocity
ok 153 - independent physical Cartesian curl of source C_m converges to complete jet velocity
  ---
  duration_ms: 9.43716
  type: 'test'
  ...
# Subtest: independent physical phase evaluation detects omission of the fast auxiliary radial map
ok 154 - independent physical phase evaluation detects omission of the fast auxiliary radial map
  ---
  duration_ms: 2.189571
  type: 'test'
  ...
# Subtest: full physical divergence has second-order refinement while omitted r_m stays nonzero
ok 155 - full physical divergence has second-order refinement while omitted r_m stays nonzero
  ---
  duration_ms: 68.357481
  type: 'test'
  ...
# Subtest: complex conjugate modes reconstruct the same real potential and velocity, with angular half
ok 156 - complex conjugate modes reconstruct the same real potential and velocity, with angular half
  ---
  duration_ms: 3.191552
  type: 'test'
  ...
# Subtest: generic supplied amplitude is rejected rather than projected, and source scale/label guards fail
ok 157 - generic supplied amplitude is rejected rather than projected, and source scale/label guards fail
  ---
  duration_ms: 0.995401
  type: 'test'
  ...
# Subtest: smooth source coefficient cutoffs have zero extension and actual N3 scope remains explicit
ok 158 - smooth source coefficient cutoffs have zero extension and actual N3 scope remains explicit
  ---
  duration_ms: 65.766724
  type: 'test'
  ...
# Subtest: all six original archive inputs are hash bound; the full parameter graph retains the actual h and lambda
ok 159 - all six original archive inputs are hash bound; the full parameter graph retains the actual h and lambda
  ---
  duration_ms: 14.894599
  type: 'test'
  ...
# Subtest: independent Python physical q Taylor jets and Decimal checks confirm the exact PDE, support, Jacobian, moment and tail computations
ok 160 - independent Python physical q Taylor jets and Decimal checks confirm the exact PDE, support, Jacobian, moment and tail computations
  ---
  duration_ms: 306.13438
  type: 'test'
  ...
# Subtest: source coefficient and dimension checks reject omitted shifts, cylindrical terms, axis pressure substitution and h substitution
ok 161 - source coefficient and dimension checks reject omitted shifts, cylindrical terms, axis pressure substitution and h substitution
  ---
  duration_ms: 127.349915
  type: 'test'
  ...
# Subtest: source q-dependent cutoff has exact zero divergence and its omitted chi-prime correction fails
ok 162 - source q-dependent cutoff has exact zero divergence and its omitted chi-prime correction fails
  ---
  duration_ms: 7.315531
  type: 'test'
  ...
# Subtest: the full six-component Picard system records regular coefficients, common domain and a genuine two-parity infinite tail
ok 163 - the full six-component Picard system records regular coefficients, common domain and a genuine two-parity infinite tail
  ---
  duration_ms: 14.022945
  type: 'test'
  ...
# Subtest: the five-moment operator retains actual lambda and Ipos, proves invertibility, separates n=1 support and guards reuse
ok 164 - the five-moment operator retains actual lambda and Ipos, proves invertibility, separates n=1 support and guards reuse
  ---
  duration_ms: 2.750287
  type: 'test'
  ...
# Subtest: the finite physical residual keeps all exact monomials while refusing an uncomputed actual norm or tail
ok 165 - the finite physical residual keeps all exact monomials while refusing an uncomputed actual norm or tail
  ---
  duration_ms: 34.336262
  type: 'test'
  ...
# Subtest: actual-h band labels survive rounding epsilon to a displayed one; source substitution and q=0 are rejected
ok 166 - actual-h band labels survive rounding epsilon to a displayed one; source substitution and q=0 are rejected
  ---
  duration_ms: 4.51649
  type: 'test'
  ...
# Subtest: exact quadratic-field dual/covering identities enforce every evaluated chain-rule term and correct normalized Haar
ok 167 - exact quadratic-field dual/covering identities enforce every evaluated chain-rule term and correct normalized Haar
  ---
  duration_ms: 1.236565
  type: 'test'
  ...
# Subtest: the uniform all-band palette handles very large exact labels and exposes the modulus-4 negative control
ok 168 - the uniform all-band palette handles very large exact labels and exposes the modulus-4 negative control
  ---
  duration_ms: 2.356423
  type: 'test'
  ...
# Subtest: full three-component affine phase normal agrees with an independent Cartesian ODE and retains FZ/GZ
ok 169 - full three-component affine phase normal agrees with an independent Cartesian ODE and retains FZ/GZ
  ---
  duration_ms: 91.013421
  type: 'test'
  ...
# Subtest: new source requests reject incomplete gradients, replacement profiles, false precision and insufficient budgets
ok 170 - new source requests reject incomplete gradients, replacement profiles, false precision and insufficient budgets
  ---
  duration_ms: 3.277682
  type: 'test'
  ...
# Subtest: source Bs squared and the reference Gaussian bound are correct without promoting the local pulse to a source Gaussian theorem
ok 171 - source Bs squared and the reference Gaussian bound are correct without promoting the local pulse to a source Gaussian theorem
  ---
  duration_ms: 17.900291
  type: 'test'
  ...
# Subtest: source-bound operator receipts replay and cannot elevate imported evidence or change exact labels
ok 172 - source-bound operator receipts replay and cannot elevate imported evidence or change exact labels
  ---
  duration_ms: 43.752992
  type: 'test'
  ...
1..172
# tests 172
# suites 0
# pass 172
# fail 0
# cancelled 0
# skipped 0
# todo 0
# duration_ms 2677.808566
