/workspace/scratch/9a6c38c54c2e/MathScopeCompute/research-ide/mathscope-m1/navier/followup-20261010-same-datum-axis/formal-input-producer/operator-attempts/0002/OperatorBounds.lean:36:32: warning: exponent 260 exceeds the threshold 256, exponentiation operation was not evaluated, use `set_option exponentiation.threshold <num>` to set a new threshold
/workspace/scratch/9a6c38c54c2e/MathScopeCompute/research-ide/mathscope-m1/navier/followup-20261010-same-datum-axis/formal-input-producer/operator-attempts/0002/OperatorBounds.lean:44:29: error: invalid 'by' tactic, expected type has not been provided
/workspace/scratch/9a6c38c54c2e/MathScopeCompute/research-ide/mathscope-m1/navier/followup-20261010-same-datum-axis/formal-input-producer/operator-attempts/0002/OperatorBounds.lean:45:33: error: invalid 'by' tactic, expected type has not been provided
/workspace/scratch/9a6c38c54c2e/MathScopeCompute/research-ide/mathscope-m1/navier/followup-20261010-same-datum-axis/formal-input-producer/operator-attempts/0002/OperatorBounds.lean:68:39: error: linarith failed to find a contradiction
a✝ : 2 ^ 260 < 200
⊢ False
failed
/workspace/scratch/9a6c38c54c2e/MathScopeCompute/research-ide/mathscope-m1/navier/followup-20261010-same-datum-axis/formal-input-producer/operator-attempts/0002/OperatorBounds.lean:69:35: warning: exponent 260 exceeds the threshold 256, exponentiation operation was not evaluated, use `set_option exponentiation.threshold <num>` to set a new threshold
/workspace/scratch/9a6c38c54c2e/MathScopeCompute/research-ide/mathscope-m1/navier/followup-20261010-same-datum-axis/formal-input-producer/operator-attempts/0002/OperatorBounds.lean:76:39: error: linarith failed to find a contradiction
hsmall : 80 ≤ Q
hb : ‖selectedElement Field.zStar‖ ≤ 2 * (262144 * Pstar ^ 2)
a✝ : Q < 2 * (262144 * Pstar ^ 2)
⊢ False
failed
/workspace/scratch/9a6c38c54c2e/MathScopeCompute/research-ide/mathscope-m1/navier/followup-20261010-same-datum-axis/formal-input-producer/operator-attempts/0002/OperatorBounds.lean:76:39: error: linarith failed to find a contradiction
hsmall : 80 ≤ Q
hb : ‖selectedElement Field.gradient‖ ≤ 2 * (100 / sigma ^ 2)
a✝ : Q < 2 * (100 / sigma ^ 2)
⊢ False
failed
/workspace/scratch/9a6c38c54c2e/MathScopeCompute/research-ide/mathscope-m1/navier/followup-20261010-same-datum-axis/formal-input-producer/operator-attempts/0002/OperatorBounds.lean:77:2: error: No goals to be solved
/workspace/scratch/9a6c38c54c2e/MathScopeCompute/research-ide/mathscope-m1/navier/followup-20261010-same-datum-axis/formal-input-producer/operator-attempts/0002/OperatorBounds.lean:118:41: error(lean.unknownIdentifier): Unknown constant `Real.hasSum_exp`
/workspace/scratch/9a6c38c54c2e/MathScopeCompute/research-ide/mathscope-m1/navier/followup-20261010-same-datum-axis/formal-input-producer/operator-attempts/0002/OperatorBounds.lean:124:50: error: Type mismatch: After simplification, term
  selectedElement_norm Field.inverseL
 has type
  ‖↑(selectedElement Field.inverseL)‖ ≤ 2 * 2
but is expected to have type
  ‖↑(selectedElement Field.inverseL)‖ ≤ 4
/workspace/scratch/9a6c38c54c2e/MathScopeCompute/research-ide/mathscope-m1/navier/followup-20261010-same-datum-axis/formal-input-producer/operator-attempts/0002/OperatorBounds.lean:160:4: error: linarith failed to find a contradiction
ho : ‖selectedAxisData.one‖ ≤ 2
hi : ‖selectedAxisData.inverseL‖ ≤ 4
hz : ‖selectedAxisData.zStar‖ ≤ 524288 * Pstar ^ 2
hs : ‖selectedResolvent selectedAxisData.one‖ ≤ 2 * Pstar ^ 2
hp : ‖(selectedOperators.product selectedAxisData.inverseL) selectedAxisData.zStar‖ ≤ 134217728 * Pstar ^ 2
hj :
  ‖selectedOperators.j1 ((selectedOperators.product selectedAxisData.inverseL) selectedAxisData.zStar)‖ ≤
    10737418240 * Pstar ^ 2
a✝ :
  5368709120 * Pstar ^ 2 <
    1 / 2 * ‖↑(selectedOperators.j1 ((selectedOperators.product selectedAxisData.inverseL) selectedAxisData.zStar))‖
⊢ False
failed
/workspace/scratch/9a6c38c54c2e/MathScopeCompute/research-ide/mathscope-m1/navier/followup-20261010-same-datum-axis/formal-input-producer/operator-attempts/0002/OperatorBounds.lean:171:2: error: linarith failed to find a contradiction
hb : ‖selectedReference‖ ≤ 2 ^ 34 * Pstar ^ 2
hQ : 2 ^ 260 * Pstar ^ 2 ≤ Q
hc : 2 ^ 34 + 1 ≤ 2 ^ 260
hm : (2 ^ 34 + 1) * Pstar ^ 2 ≤ 2 ^ 260 * Pstar ^ 2
a✝ : Q < ‖selectedReference‖ + 1
⊢ False
failed
/workspace/scratch/9a6c38c54c2e/MathScopeCompute/research-ide/mathscope-m1/navier/followup-20261010-same-datum-axis/formal-input-producer/operator-attempts/0002/OperatorBounds.lean:210:75: error: linarith failed to find a contradiction
h80 : 80 ≤ Q
h64 : 64 ≤ Q
h1 : 1 ≤ Q
h80rho : 80 / rho ≤ Q
a✝ : 2 ^ 260 < 1
⊢ False
failed
/workspace/scratch/9a6c38c54c2e/MathScopeCompute/research-ide/mathscope-m1/navier/followup-20261010-same-datum-axis/formal-input-producer/operator-attempts/0002/OperatorBounds.lean:211:4: error: linarith failed to find a contradiction
case refine_1
h80 : 80 ≤ Q
h64 : 64 ≤ Q
h1 : 1 ≤ Q
h80rho : 80 / rho ≤ Q
hm : 1 * Pstar ^ 2 ≤ 2 ^ 260 * Pstar ^ 2
a✝ : Q < Pstar ^ 2
⊢ False
failed
'MathScope.SameDatumInputs.Q_ge_two_pow' depends on axioms: [propext, Classical.choice, Quot.sound]
'MathScope.SameDatumInputs.selectedResolvent_norm' depends on axioms: [propext, sorryAx, Classical.choice, Quot.sound]
'MathScope.SameDatumInputs.selectedReference_radius_Q' depends on axioms: [propext,
 sorryAx,
 Classical.choice,
 Quot.sound]
'MathScope.SameDatumInputs.selectedInputNormBounds' depends on axioms: [propext, sorryAx, Classical.choice, Quot.sound]
'MathScope.SameDatumInputs.actual_fixedPoint_at_selectedLambda' depends on axioms: [propext,
 sorryAx,
 Classical.choice,
 Quot.sound]
