{
  "status": "ANALYTIC_BOUND_CHAIN_PASSED",
  "checks": {
    "sameExactSourceH": true,
    "localAxisAmplitudeCanBeDecreased": true,
    "baselineAxisDeviationSmall": true,
    "referenceUAndEtaWithinFive": true,
    "referenceLogChangesControlled": true,
    "coreYWindow": true,
    "referenceRadialWindow": true,
    "logRadialLengthBound": true,
    "B26UniformUDeviation": true,
    "B26UniformUEtaDeviation": true,
    "B26UniformLogFChange": true,
    "laterCChosenAfterTsh": true,
    "coreESmall": true,
    "B34ESmall": true,
    "xSepBeforeRestore": true,
    "continuousEarlyDebtBelowEpsilon": true,
    "uniformUPreconditionedDebt": true,
    "uniformEPreconditionedDebt": true
  },
  "preconditionedU": [
    4.712234232798551e-15,
    4.293079990302055e-15
  ],
  "preconditionedE": [
    1.095336739364127e-29,
    2.4272868385171546e-29,
    1.322200409063596e-29
  ],
  "sourceLogCdigits": 212,
  "amplitudeBits": 1807
}
