{
  "status": "EXACT_SCALAR_CHAIN_PASSED",
  "checks": {
    "fixedPointErrorBelowDeltaOver100": true,
    "lowChiNsEndpointError": true,
    "positivePhaseBudget": true,
    "scaledExponentDominatesDyadicBound": true,
    "pressureExponentDominatesDyadicBound": true,
    "widthsAreBelowOriginalC1Envelopes": true,
    "referenceThirdDerivativesFiniteControlled": true,
    "actualGiSecondDerivativeSmall": true,
    "uniformLogEtaDerivativesSmall": true,
    "realReferenceBoundsFit": true,
    "chiCostAbsorbed": true,
    "sourceSqMargin": true,
    "referenceQsPositive": true,
    "highChiAngularEndpoint": true,
    "lowChiReferenceSource": true,
    "lowChiAxialEndpointAmplified": true,
    "activationPcAndQuadraticComparison": true,
    "globalReferenceComparisonControl": true,
    "referenceRatiosBelowGamma": true,
    "smallShearVmax": true,
    "reservedInnerCollarBeforeStepMidpoint": true,
    "reservedInnerCollarExponentialMargin": true,
    "commonNonzeroAnalyticEtaTube": true,
    "finalTwoTransitionsFitBefore110": true,
    "finalConstantSlopeSourceAboveOne": true,
    "shapeTransitionSourceAboveOne": true,
    "shapeLengthUsesUniformStepDerivative": true,
    "newShapeAmplitudeBound": true,
    "newShapeSeparationBound": true,
    "earlySecondDerivativeDebtSmall": true
  },
  "sourceSq": 2.9999998098995113,
  "finalSlopeSq": 1.79999984194,
  "shapeSq": 1.649999845945,
  "B0digits": 2518,
  "widthDyadicBits": 6840,
  "finalSourceSHA256": "fa43ec55cc374f87a7289183c97b0742278d30b1adca7dbe1635d7941a1e685f"
}
