Current branch: HEAD
Using cache from origin: (some leanprover-community/mathlib4)
Attempting to download 894 file(s) from leanprover-community/mathlib4 cache at https://cache.mathlib.org/mathlib4-master

Downloaded: 1 file(s) [attempted 1/894 = 0%, 6 KB/s], Decompressed: 0[K
Downloaded: 20 file(s) [attempted 20/894 = 2%, 4 KB/s], Decompressed: 13[K
Downloaded: 37 file(s) [attempted 37/894 = 4%, 20 KB/s], Decompressed: 20[K
Downloaded: 51 file(s) [attempted 51/894 = 5%, 27 KB/s], Decompressed: 39[K
Downloaded: 68 file(s) [attempted 68/894 = 7%, 37 KB/s], Decompressed: 59[K
Downloaded: 80 file(s) [attempted 80/894 = 8%, 43 KB/s], Decompressed: 75[K
Downloaded: 99 file(s) [attempted 99/894 = 11%, 114 KB/s], Decompressed: 97[K
Downloaded: 116 file(s) [attempted 116/894 = 12%, 43 KB/s], Decompressed: 111[K
Downloaded: 138 file(s) [attempted 138/894 = 15%, 37 KB/s], Decompressed: 131[K
Downloaded: 159 file(s) [attempted 159/894 = 17%, 447 KB/s], Decompressed: 147[K
Downloaded: 174 file(s) [attempted 174/894 = 19%, 167 KB/s], Decompressed: 159[K
Downloaded: 193 file(s) [attempted 193/894 = 21%, 89 KB/s], Decompressed: 178[K
Downloaded: 210 file(s) [attempted 210/894 = 23%, 129 KB/s], Decompressed: 198[K
Downloaded: 226 file(s) [attempted 226/894 = 25%, 36 KB/s], Decompressed: 222[K
Downloaded: 241 file(s) [attempted 241/894 = 26%, 178 KB/s], Decompressed: 226[K
Downloaded: 260 file(s) [attempted 260/894 = 29%, 66 KB/s], Decompressed: 245[K
Downloaded: 279 file(s) [attempted 279/894 = 31%, 15 KB/s], Decompressed: 260[K
Downloaded: 298 file(s) [attempted 298/894 = 33%, 44 KB/s], Decompressed: 281[K
Downloaded: 322 file(s) [attempted 322/894 = 36%, 187 KB/s], Decompressed: 298[K
Downloaded: 341 file(s) [attempted 341/894 = 38%, 72 KB/s], Decompressed: 316[K
Downloaded: 360 file(s) [attempted 360/894 = 40%, 323 KB/s], Decompressed: 332[K
Downloaded: 372 file(s) [attempted 372/894 = 41%, 365 KB/s], Decompressed: 332[K
Downloaded: 392 file(s) [attempted 392/894 = 43%, 84 KB/s], Decompressed: 359[K
Downloaded: 408 file(s) [attempted 408/894 = 45%, 166 KB/s], Decompressed: 394[K
Downloaded: 427 file(s) [attempted 427/894 = 47%, 340 KB/s], Decompressed: 394[K
Downloaded: 444 file(s) [attempted 444/894 = 49%, 12 KB/s], Decompressed: 408[K
Downloaded: 461 file(s) [attempted 461/894 = 51%, 65 KB/s], Decompressed: 432[K
Downloaded: 475 file(s) [attempted 475/894 = 53%, 376 KB/s], Decompressed: 451[K
Downloaded: 490 file(s) [attempted 490/894 = 54%, 196 KB/s], Decompressed: 473[K
Downloaded: 506 file(s) [attempted 506/894 = 56%, 114 KB/s], Decompressed: 490[K
Downloaded: 521 file(s) [attempted 521/894 = 58%, 330 KB/s], Decompressed: 511[K
Downloaded: 535 file(s) [attempted 535/894 = 59%, 39 KB/s], Decompressed: 521[K
Downloaded: 552 file(s) [attempted 552/894 = 61%, 225 KB/s], Decompressed: 530[K
Downloaded: 571 file(s) [attempted 571/894 = 63%, 258 KB/s], Decompressed: 554[K
Downloaded: 590 file(s) [attempted 590/894 = 65%, 118 KB/s], Decompressed: 581[K
Downloaded: 609 file(s) [attempted 609/894 = 68%, 76 KB/s], Decompressed: 602[K
Downloaded: 629 file(s) [attempted 629/894 = 70%, 311 KB/s], Decompressed: 619[K
Downloaded: 650 file(s) [attempted 650/894 = 72%, 38 KB/s], Decompressed: 638[K
Downloaded: 667 file(s) [attempted 667/894 = 74%, 123 KB/s], Decompressed: 650[K
Downloaded: 684 file(s) [attempted 684/894 = 76%, 57 KB/s], Decompressed: 669[K
Downloaded: 696 file(s) [attempted 696/894 = 77%, 529 KB/s], Decompressed: 688[K
Downloaded: 717 file(s) [attempted 717/894 = 80%, 116 KB/s], Decompressed: 696[K
Downloaded: 734 file(s) [attempted 734/894 = 82%, 21 KB/s], Decompressed: 720[K
Downloaded: 748 file(s) [attempted 748/894 = 83%, 139 KB/s], Decompressed: 734[K
Downloaded: 763 file(s) [attempted 763/894 = 85%, 149 KB/s], Decompressed: 744[K
Downloaded: 779 file(s) [attempted 779/894 = 87%, 23 KB/s], Decompressed: 765[K
Downloaded: 796 file(s) [attempted 796/894 = 89%, 124 KB/s], Decompressed: 772[K
Downloaded: 818 file(s) [attempted 818/894 = 91%, 92 KB/s], Decompressed: 784[K
Downloaded: 839 file(s) [attempted 839/894 = 93%, 251 KB/s], Decompressed: 823[K
Downloaded: 865 file(s) [attempted 865/894 = 96%, 88 KB/s], Decompressed: 839[K
Downloaded: 894 file(s) [attempted 894/894 = 100%, 480 KB/s], Decompressed: 861[K
Downloaded: 894 file(s) [attempted 894/894 = 100%, 480 KB/s], Decompressed: 861[K
Decompressed 894 file(s)
Already decompressed 2475 file(s)
