/workspace/scratch/9a6c38c54c2e/MathScopeCompute/research-ide/mathscope-m1/navier/followup-20261010-symbolic-gluing/formal-threshold-bridge/attempts/0003/ThresholdBridge.lean:135:6: error: `simp` made no progress
/workspace/scratch/9a6c38c54c2e/MathScopeCompute/research-ide/mathscope-m1/navier/followup-20261010-symbolic-gluing/formal-threshold-bridge/attempts/0003/ThresholdBridge.lean:164:17: warning: Unused tactic linter: `first
| assumption
| positivity
| norm_num` does nothing

Note: This linter can be disabled with `set_option linter.unusedTactic false`
/workspace/scratch/9a6c38c54c2e/MathScopeCompute/research-ide/mathscope-m1/navier/followup-20261010-symbolic-gluing/formal-threshold-bridge/attempts/0003/ThresholdBridge.lean:164:17: warning: this tactic is never executed

Note: This linter can be disabled with `set_option linter.unreachableTactic false`
/workspace/scratch/9a6c38c54c2e/MathScopeCompute/research-ide/mathscope-m1/navier/followup-20261010-symbolic-gluing/formal-threshold-bridge/attempts/0003/ThresholdBridge.lean:190:31: error: unsolved goals
Q : ℝ
hQ : 2 ^ 260 ≤ Q
⊢ 1 ≤ 2 ^ 260
/workspace/scratch/9a6c38c54c2e/MathScopeCompute/research-ide/mathscope-m1/navier/followup-20261010-symbolic-gluing/formal-threshold-bridge/attempts/0003/ThresholdBridge.lean:192:41: error: unsolved goals
Q : ℝ
hQ : 2 ^ 260 ≤ Q
h1 : 1 ≤ Q
h0 : 0 ≤ Q
⊢ 161 ≤ 2 ^ 260
/workspace/scratch/9a6c38c54c2e/MathScopeCompute/research-ide/mathscope-m1/navier/followup-20261010-symbolic-gluing/formal-threshold-bridge/attempts/0003/ThresholdBridge.lean:215:6: warning: Used `tac1 <;> tac2` where `(tac1; tac2)` would suffice

Note: This linter can be disabled with `set_option linter.unnecessarySeqFocus false`
/workspace/scratch/9a6c38c54c2e/MathScopeCompute/research-ide/mathscope-m1/navier/followup-20261010-symbolic-gluing/formal-threshold-bridge/attempts/0003/ThresholdBridge.lean:252:15: error: unsolved goals
V : Type u_1
inst✝² : NormedAddCommGroup V
inst✝¹ : NormedSpace ℝ V
inst✝ : CompleteSpace V
O : NaturalOperators V
d : AxisData V
S : V →L[ℝ] V
x0 : V × V
Q : ℝ
hQ : 2 ^ 260 ≤ Q
b : InputNormBounds O d S (‖x0‖ + 1) Q
a : V
ha : ‖a‖ ≤ 2
x : V × V
hball : ‖x - x0‖ ≤ 1
hfix : x0 + (1 / (2 * Q ^ 64)) • naturalRemainder O d S (1 / Q ^ 64) a x = x
herror : ‖x - x0‖ ≤ remainderBound O d S (‖x0‖ + 1) 2 ⋯ ⋯ / (2 * Q ^ 64)
hunique : ∀ (y : V × V), ‖y - x0‖ ≤ 1 → x0 + (1 / (2 * Q ^ 64)) • naturalRemainder O d S (1 / Q ^ 64) a y = y → y = x
⊢ 1 ≤ 2 ^ 260
'MathScope.ThresholdBridge.coefficient_norm_bounds' depends on axioms: [propext, Classical.choice, Quot.sound]
'MathScope.ThresholdBridge.originalBound_le_polynomial' depends on axioms: [propext,
 sorryAx,
 Classical.choice,
 Quot.sound]
'MathScope.ThresholdBridge.originalLip_le_polynomial' depends on axioms: [propext, Classical.choice, Quot.sound]
'MathScope.ThresholdBridge.original_threshold_le' depends on axioms: [propext, sorryAx, Classical.choice, Quot.sound]
'MathScope.ThresholdBridge.original_sharp_error' depends on axioms: [propext, sorryAx, Classical.choice, Quot.sound]
'MathScope.ThresholdBridge.exists_unique_fixedPoint_at_Q64' depends on axioms: [propext,
 sorryAx,
 Classical.choice,
 Quot.sound]
