/workspace/scratch/9a6c38c54c2e/MathScopeCompute/research-ide/mathscope-m1/navier/followup-20261010-same-datum-axis/independent-review/formal-finite-jet/attempts/0003/SelectedReferenceBoxes.lean:58:13: warning: `if_true` has been deprecated: Use `ite_true` instead
/workspace/scratch/9a6c38c54c2e/MathScopeCompute/research-ide/mathscope-m1/navier/followup-20261010-same-datum-axis/independent-review/formal-finite-jet/attempts/0003/SelectedReferenceBoxes.lean:188:68: error: unsolved goals
case «1»
n : ℕ
hn hn0 : True
⊢ (2 ^ 512)⁻¹ ≤ 1 / 115792089237316195423570985008687907853269984665640564039457584007913129639936

case «2»
n : ℕ
hn hn0 : True
⊢ 2412333986276943495311838889459763027131019879835042811224804364253639857071 /
        115792089237316195423570985008687907853269984665640564039457584007913129639936 ≤
      150770874142308968456989930591235189195688742489690175701550272765852491067 /
          7237005577332262213973186563042994240829374041602535252466099000494570602496 -
        (2 ^ 512)⁻¹ ∧
    2412333986276943495311838889459763027131019879835042811224804364253639857073 /
          115792089237316195423570985008687907853269984665640564039457584007913129639936 +
        (2 ^ 512)⁻¹ ≤
      1206166993138471747655919444729881513565509939917521405612402182126819928537 /
        57896044618658097711785492504343953926634992332820282019728792003956564819968

case «3»
n : ℕ
hn hn0 : True
⊢ (2 ^ 512)⁻¹ ≤ 1 / 115792089237316195423570985008687907853269984665640564039457584007913129639936

case «4»
n : ℕ
hn hn0 : True
⊢ 2512846645948336113866403472311733680510952635996819662076257040073475047 /
        115792089237316195423570985008687907853269984665640564039457584007913129639936 ≤
      314105830743542014233300434038966710063869079499602457759532130009184381 /
          14474011154664524427946373126085988481658748083205070504932198000989141204992 -
        (2 ^ 512)⁻¹ ∧
    2512846645948336113866403472311733680510952635996819662076257040073475049 /
          115792089237316195423570985008687907853269984665640564039457584007913129639936 +
        (2 ^ 512)⁻¹ ≤
      1256423322974168056933201736155866840255476317998409831038128520036737525 /
        57896044618658097711785492504343953926634992332820282019728792003956564819968

case «5»
n : ℕ
hn hn0 : True
⊢ (2 ^ 512)⁻¹ ≤ 1 / 115792089237316195423570985008687907853269984665640564039457584007913129639936

case «6»
n : ℕ
hn hn0 : True
⊢ 124645108607414895748383382234057430463811440893606699013155012055069 /
        28948022309329048855892746252171976963317496166410141009864396001978282409984 ≤
      498580434429659582993533528936229721855245763574426796052620048220277 /
          115792089237316195423570985008687907853269984665640564039457584007913129639936 -
        (2 ^ 512)⁻¹ ∧
    249290217214829791496766764468114860927622881787213398026310024110139 /
          57896044618658097711785492504343953926634992332820282019728792003956564819968 +
        (2 ^ 512)⁻¹ ≤
      498580434429659582993533528936229721855245763574426796052620048220279 /
        115792089237316195423570985008687907853269984665640564039457584007913129639936

case «7»
n : ℕ
hn hn0 : True
⊢ (2 ^ 512)⁻¹ ≤ 1 / 115792089237316195423570985008687907853269984665640564039457584007913129639936

case «8»
n : ℕ
hn hn0 : True
⊢ 30913949971449395583087569811961743918983900263540720181596407165 /
        115792089237316195423570985008687907853269984665640564039457584007913129639936 ≤
      15456974985724697791543784905980871959491950131770360090798203583 /
          57896044618658097711785492504343953926634992332820282019728792003956564819968 -
        (2 ^ 512)⁻¹ ∧
    30913949971449395583087569811961743918983900263540720181596407167 /
          115792089237316195423570985008687907853269984665640564039457584007913129639936 +
        (2 ^ 512)⁻¹ ≤
      241515234151948402992871639155951124367061720808911876418721931 /
        904625697166532776746648320380374280103671755200316906558262375061821325312

case «9»
n : ℕ
hn hn0 : True
⊢ (2 ^ 512)⁻¹ ≤ 1 / 115792089237316195423570985008687907853269984665640564039457584007913129639936

case «10»
n : ℕ
hn hn0 : True
⊢ 390327455990911694723198279803295250972309791017432865628653 /
        57896044618658097711785492504343953926634992332820282019728792003956564819968 ≤
      780654911981823389446396559606590501944619582034865731257307 /
          115792089237316195423570985008687907853269984665640564039457584007913129639936 -
        (2 ^ 512)⁻¹ ∧
    195163727995455847361599139901647625486154895508716432814327 /
          28948022309329048855892746252171976963317496166410141009864396001978282409984 +
        (2 ^ 512)⁻¹ ≤
      780654911981823389446396559606590501944619582034865731257309 /
        115792089237316195423570985008687907853269984665640564039457584007913129639936

case «11»
n : ℕ
hn hn0 : True
⊢ (2 ^ 512)⁻¹ ≤ 1 / 115792089237316195423570985008687907853269984665640564039457584007913129639936

case «12»
n : ℕ
hn hn0 : True
⊢ 9477643279605110859580267962584129900693744764507485653 /
        115792089237316195423570985008687907853269984665640564039457584007913129639936 ≤
      4738821639802555429790133981292064950346872382253742827 /
          57896044618658097711785492504343953926634992332820282019728792003956564819968 -
        (2 ^ 512)⁻¹ ∧
    9477643279605110859580267962584129900693744764507485655 /
          115792089237316195423570985008687907853269984665640564039457584007913129639936 +
        (2 ^ 512)⁻¹ ≤
      1184705409950638857447533495323016237586718095563435707 /
        14474011154664524427946373126085988481658748083205070504932198000989141204992

case «13»
n : ℕ
hn hn0 : True
⊢ (2 ^ 512)⁻¹ ≤ 1 / 115792089237316195423570985008687907853269984665640564039457584007913129639936

case «14»
n : ℕ
hn hn0 : True
⊢ 61993972663430456008290238166347234771621136669017 /
        115792089237316195423570985008687907853269984665640564039457584007913129639936 ≤
      30996986331715228004145119083173617385810568334509 /
          57896044618658097711785492504343953926634992332820282019728792003956564819968 -
        (2 ^ 512)⁻¹ ∧
    61993972663430456008290238166347234771621136669019 /
          115792089237316195423570985008687907853269984665640564039457584007913129639936 +
        (2 ^ 512)⁻¹ ≤
      15498493165857614002072559541586808692905284167255 /
        28948022309329048855892746252171976963317496166410141009864396001978282409984

case «15»
n : ℕ
hn hn0 : True
⊢ (2 ^ 512)⁻¹ ≤ 1 / 115792089237316195423570985008687907853269984665640564039457584007913129639936

case «16»
n : ℕ
hn hn0 : True
⊢ 59353881037890383883905871966035460567880923 /
        28948022309329048855892746252171976963317496166410141009864396001978282409984 ≤
      237415524151561535535623487864141842271523693 /
          115792089237316195423570985008687907853269984665640564039457584007913129639936 -
        (2 ^ 512)⁻¹ ∧
    118707762075780767767811743932070921135761847 /
          57896044618658097711785492504343953926634992332820282019728792003956564819968 +
        (2 ^ 512)⁻¹ ≤
      237415524151561535535623487864141842271523695 /
        115792089237316195423570985008687907853269984665640564039457584007913129639936

case «17»
n : ℕ
hn hn0 : True
⊢ (2 ^ 512)⁻¹ ≤ 1 / 115792089237316195423570985008687907853269984665640564039457584007913129639936

case «18»
n : ℕ
hn hn0 : True
⊢ 567154486879954456557914975867300215505 /
        115792089237316195423570985008687907853269984665640564039457584007913129639936 ≤
      283577243439977228278957487933650107753 /
          57896044618658097711785492504343953926634992332820282019728792003956564819968 -
        (2 ^ 512)⁻¹ ∧
    567154486879954456557914975867300215507 /
          115792089237316195423570985008687907853269984665640564039457584007913129639936 +
        (2 ^ 512)⁻¹ ≤
      141788621719988614139478743966825053877 /
        28948022309329048855892746252171976963317496166410141009864396001978282409984

case «19»
n : ℕ
hn hn0 : True
⊢ (2 ^ 512)⁻¹ ≤ 1 / 115792089237316195423570985008687907853269984665640564039457584007913129639936

case «20»
n : ℕ
hn hn0 : True
⊢ 222099860315952912755141582087113 / 28948022309329048855892746252171976963317496166410141009864396001978282409984 ≤
      888399441263811651020566328348453 /
          115792089237316195423570985008687907853269984665640564039457584007913129639936 -
        (2 ^ 512)⁻¹ ∧
    444199720631905825510283164174227 / 57896044618658097711785492504343953926634992332820282019728792003956564819968 +
        (2 ^ 512)⁻¹ ≤
      888399441263811651020566328348455 / 115792089237316195423570985008687907853269984665640564039457584007913129639936

case «21»
n : ℕ
hn hn0 : True
⊢ (2 ^ 512)⁻¹ ≤ 1 / 115792089237316195423570985008687907853269984665640564039457584007913129639936

case «22»
n : ℕ
hn hn0 : True
⊢ 237517484200486369719869369 / 28948022309329048855892746252171976963317496166410141009864396001978282409984 ≤
      950069936801945478879477477 / 115792089237316195423570985008687907853269984665640564039457584007913129639936 -
        (2 ^ 512)⁻¹ ∧
    475034968400972739439738739 / 57896044618658097711785492504343953926634992332820282019728792003956564819968 +
        (2 ^ 512)⁻¹ ≤
      950069936801945478879477479 / 115792089237316195423570985008687907853269984665640564039457584007913129639936

case «23»
n : ℕ
hn hn0 : True
⊢ (2 ^ 512)⁻¹ ≤ 1 / 115792089237316195423570985008687907853269984665640564039457584007913129639936

case «24»
n : ℕ
hn hn0 : True
⊢ 358570901935067638873 / 57896044618658097711785492504343953926634992332820282019728792003956564819968 ≤
      717141803870135277747 / 115792089237316195423570985008687907853269984665640564039457584007913129639936 -
        (2 ^ 512)⁻¹ ∧
    179285450967533819437 / 28948022309329048855892746252171976963317496166410141009864396001978282409984 +
        (2 ^ 512)⁻¹ ≤
      717141803870135277749 / 115792089237316195423570985008687907853269984665640564039457584007913129639936
/workspace/scratch/9a6c38c54c2e/MathScopeCompute/research-ide/mathscope-m1/navier/followup-20261010-same-datum-axis/independent-review/formal-finite-jet/attempts/0003/SelectedReferenceBoxes.lean:208:35: error: unsolved goals
q : ℝ
hq : 2 ^ 260 ≤ q
hq10 : 2 ^ 10 ≤ q
hqp : 0 < q
hp : (2 ^ 10) ^ 53 ≤ q ^ 53
⊢ 29 /
      3514776401986872174070733209129673327241950873673372369609965291102998109899599898686750536018664732148375711432438199315006457855854921632037902485050909261824 ≤
    (2 ^ 512)⁻¹
/workspace/scratch/9a6c38c54c2e/MathScopeCompute/research-ide/mathscope-m1/navier/followup-20261010-same-datum-axis/independent-review/formal-finite-jet/attempts/0003/SelectedReferenceBoxes.lean:230:6: warning: exponent 512 exceeds the threshold 256, exponentiation operation was not evaluated, use `set_option exponentiation.threshold <num>` to set a new threshold
'MathScope.SelectedReferenceBoxes.actual_chi_zero' depends on axioms: [propext, Classical.choice, Quot.sound]
'MathScope.SelectedReferenceBoxes.actual_reference_coefficient' depends on axioms: [propext,
 Classical.choice,
 Quot.sound]
'MathScope.SelectedReferenceBoxes.reference_numeric_boxes' depends on axioms: [propext, Classical.choice, Quot.sound]
'MathScope.SelectedReferenceBoxes.reference_actual_boxes' depends on axioms: [propext, Classical.choice, Quot.sound]
'MathScope.SelectedReferenceBoxes.nonlinear_rounding_reserve' depends on axioms: [propext,
 sorryAx,
 Classical.choice,
 Quot.sound]
'MathScope.SelectedReferenceBoxes.sharp_error_smaller_than_rounding' depends on axioms: [propext,
 sorryAx,
 Classical.choice,
 Quot.sound]
'MathScope.SelectedReferenceBoxes.nonlinear_coefficient_boxes' depends on axioms: [propext,
 sorryAx,
 Classical.choice,
 Quot.sound]
'MathScope.SelectedReferenceBoxes.selected_reference_factorial_tail' depends on axioms: [propext,
 Classical.choice,
 Quot.sound]
