TAP version 13
# Subtest: pinned worker digest matches its actual bundled source bytes
ok 1 - pinned worker digest matches its actual bundled source bytes
  ---
  duration_ms: 14.503367
  type: 'test'
  ...
# Subtest: actual isolated worker and local modules agree for arithmetic, lattice gauge and Navier diagnostics
ok 2 - actual isolated worker and local modules agree for arithmetic, lattice gauge and Navier diagnostics
  ---
  duration_ms: 705.777737
  type: 'test'
  ...
# Subtest: same-worker replay recomputes exact results and never trusts serialized evidence
ok 3 - same-worker replay recomputes exact results and never trusts serialized evidence
  ---
  duration_ms: 294.615985
  type: 'test'
  ...
# Subtest: replay rejects mutations in envelope, exact input, result and pinned environment
ok 4 - replay rejects mutations in envelope, exact input, result and pinned environment
  ---
  duration_ms: 53.984063
  type: 'test'
  ...
# Subtest: a fully rehashed forged finite result is still detected by fresh mathematical recomputation
ok 5 - a fully rehashed forged finite result is still detected by fresh mathematical recomputation
  ---
  duration_ms: 31.700972
  type: 'test'
  ...
# Subtest: an authentic serialized replay cannot cross local/worker environment boundaries
ok 6 - an authentic serialized replay cannot cross local/worker environment boundaries
  ---
  duration_ms: 30.373275
  type: 'test'
  ...
# Subtest: environment binds the actual runtime identity and finite IEEE754 math profile
ok 7 - environment binds the actual runtime identity and finite IEEE754 math profile
  ---
  duration_ms: 16.38857
  type: 'test'
  ...
# Subtest: fully resealed runtime identity or Math-profile changes are rejected before replay dispatch
ok 8 - fully resealed runtime identity or Math-profile changes are rejected before replay dispatch
  ---
  duration_ms: 38.095173
  type: 'test'
  ...
# Subtest: worker cancellation produces a terminal diagnostic and late result messages cannot revive it
ok 9 - worker cancellation produces a terminal diagnostic and late result messages cannot revive it
  ---
  duration_ms: 14.151676
  type: 'test'
  ...
# Subtest: a nonresponsive execution reaches the bounded watchdog rather than claiming completion
ok 10 - a nonresponsive execution reaches the bounded watchdog rather than claiming completion
  ---
  duration_ms: 166.285483
  type: 'test'
  ...
# Subtest: a downloaded JSON bundle can be inspected and replayed in a fresh matching session
ok 11 - a downloaded JSON bundle can be inspected and replayed in a fresh matching session
  ---
  duration_ms: 68.329958
  type: 'test'
  ...
# Subtest: text import rejects invalid, excessive and non-object input before engine effects
ok 12 - text import rejects invalid, excessive and non-object input before engine effects
  ---
  duration_ms: 26.910592
  type: 'test'
  ...
# Subtest: untrusted file claims cannot bypass input, result, or environment integrity
ok 13 - untrusted file claims cannot bypass input, result, or environment integrity
  ---
  duration_ms: 56.429307
  type: 'test'
  ...
# Subtest: an intact file from a different execution environment is input-only and cannot replay
ok 14 - an intact file from a different execution environment is input-only and cannot replay
  ---
  duration_ms: 36.258301
  type: 'test'
  ...
# Subtest: hash-consistent fabricated results remain untrusted and fail fresh comparison
ok 15 - hash-consistent fabricated results remain untrusted and fail fresh comparison
  ---
  duration_ms: 42.068536
  type: 'test'
  ...
# Subtest: import replay cancellation before dispatch creates no owned job
ok 16 - import replay cancellation before dispatch creates no owned job
  ---
  duration_ms: 29.531249
  type: 'test'
  ...
# Subtest: a changed input or session guard rejects after asynchronous work before inserting any job
ok 17 - a changed input or session guard rejects after asynchronous work before inserting any job
  ---
  duration_ms: 43.581117
  type: 'test'
  ...
# Subtest: cancelling an import after submission terminates its worker and ignores a late result
ok 18 - cancelling an import after submission terminates its worker and ignores a late result
  ---
  duration_ms: 202.384105
  type: 'test'
  ...
# Subtest: a failed submission callback cancels and settles the fresh job before replay rejects
ok 19 - a failed submission callback cancels and settles the fresh job before replay rejects
  ---
  duration_ms: 173.612669
  type: 'test'
  ...
# Subtest: WebMCP import rejects invalid modes, oversized text and aborted calls without application effects
ok 20 - WebMCP import rejects invalid modes, oversized text and aborted calls without application effects
  ---
  duration_ms: 1.462045
  type: 'test'
  ...
# Subtest: criterion evidence links stay inside the declared source tree
ok 21 - criterion evidence links stay inside the declared source tree
  ---
  duration_ms: 0.393593
  type: 'test'
  ...
# Subtest: validator fixture is verbatim within the provider read projection and its pinned projection digest
ok 22 - validator fixture is verbatim within the provider read projection and its pinned projection digest
  ---
  duration_ms: 22.313688
  type: 'test'
  ...
# Subtest: actual finite run commits through the extracted Foundation contract and returns record IDs
ok 23 - actual finite run commits through the extracted Foundation contract and returns record IDs
  ---
  duration_ms: 37.975902
  type: 'test'
  ...
# Subtest: original Foundation rejects custom method, missing required fields and proof-grade adapter claims transactionally
ok 24 - original Foundation rejects custom method, missing required fields and proof-grade adapter claims transactionally
  ---
  duration_ms: 20.310466
  type: 'test'
  ...
# Subtest: a JSON copy of an owned receipt and altered public job hashes cannot grant save authority
ok 25 - a JSON copy of an owned receipt and altered public job hashes cannot grant save authority
  ---
  duration_ms: 13.703611
  type: 'test'
  ...
# Subtest: a terminal UNSUPPORTED computation is not saved as a completed claim
ok 26 - a terminal UNSUPPORTED computation is not saved as a completed claim
  ---
  duration_ms: 11.00509
  type: 'test'
  ...
# Subtest: changed current environment and altered environment content are rejected
ok 27 - changed current environment and altered environment content are rejected
  ---
  duration_ms: 18.600667
  type: 'test'
  ...
# Subtest: stale origin is refused before requesting a receipt, with integer revision semantics
ok 28 - stale origin is refused before requesting a receipt, with integer revision semantics
  ---
  duration_ms: 11.574859
  type: 'test'
  ...
# Subtest: session revision changes while the receipt awaits cannot write the detached original snapshot
ok 29 - session revision changes while the receipt awaits cannot write the detached original snapshot
  ---
  duration_ms: 15.695144
  type: 'test'
  ...
# Subtest: session switching during environment verification is refused even if the revision number matches
ok 30 - session switching during environment verification is refused even if the revision number matches
  ---
  duration_ms: 16.55411
  type: 'test'
  ...
# Subtest: mutating the caller origin during an await cannot move the captured authorization baseline
ok 31 - mutating the caller origin during an await cannot move the captured authorization baseline
  ---
  duration_ms: 16.025252
  type: 'test'
  ...
# Subtest: the final wrapper check catches a change after bundle building and before commit
ok 32 - the final wrapper check catches a change after bundle building and before commit
  ---
  duration_ms: 18.118731
  type: 'test'
  ...
# Subtest: each replaced typed record uses its own parent revision and fresh evidence cites all current revisions
ok 33 - each replaced typed record uses its own parent revision and fresh evidence cites all current revisions
  ---
  duration_ms: 25.666234
  type: 'test'
  ...
# Subtest: target-node mutation is refused even when a legacy edit leaves sessionRevision unchanged
ok 34 - target-node mutation is refused even when a legacy edit leaves sessionRevision unchanged
  ---
  duration_ms: 22.523324
  type: 'test'
  ...
# Subtest: unrelated source changes do not invalidate M2 through an invented dangling domainRef
ok 35 - unrelated source changes do not invalidate M2 through an invented dangling domainRef
  ---
  duration_ms: 23.692653
  type: 'test'
  ...
# Subtest: distinct valid job IDs that share a sanitized spelling retain distinct evidence records
ok 36 - distinct valid job IDs that share a sanitized spelling retain distinct evidence records
  ---
  duration_ms: 28.057131
  type: 'test'
  ...
# Subtest: all sixteen gauge criteria inherit their own existing evidence without changing status or scope
ok 37 - all sixteen gauge criteria inherit their own existing evidence without changing status or scope
  ---
  duration_ms: 2.980075
  type: 'test'
  ...
# Subtest: a consumer cannot change inherited checklist evidence for a later reader
ok 38 - a consumer cannot change inherited checklist evidence for a later reader
  ---
  duration_ms: 0.217038
  type: 'test'
  ...
# Subtest: actual first-variation tables retain every expression and bind to the current source result
ok 39 - actual first-variation tables retain every expression and bind to the current source result
  ---
  duration_ms: 6.33107
  type: 'test'
  ...
# Subtest: input and execution changes cannot retain a previous derivative certificate as a current chart
ok 40 - input and execution changes cannot retain a previous derivative certificate as a current chart
  ---
  duration_ms: 0.734238
  type: 'test'
  ...
# Subtest: first-variation preflight rejects unsupported derivatives, substituted sources and insufficient budgets
ok 41 - first-variation preflight rejects unsupported derivatives, substituted sources and insufficient budgets
  ---
  duration_ms: 1.645151
  type: 'test'
  ...
# Subtest: every installed bundled worker reproduces the source-module mathematical result
ok 42 - every installed bundled worker reproduces the source-module mathematical result
  ---
  duration_ms: 122344.998267
  type: 'test'
  ...
# Subtest: every arithmetic, NS and observation panel retains exact source data and finite display coordinates
ok 43 - every arithmetic, NS and observation panel retains exact source data and finite display coordinates
  ---
  duration_ms: 48975.687224
  type: 'test'
  ...
# Subtest: M2 WebMCP rejects oversized, unknown and aborted mutations before dispatch
ok 44 - M2 WebMCP rejects oversized, unknown and aborted mutations before dispatch
  ---
  duration_ms: 2.082411
  type: 'test'
  ...
# Subtest: M2 request envelope rejects invalid resource scopes and precision container types
ok 45 - M2 request envelope rejects invalid resource scopes and precision container types
  ---
  duration_ms: 0.369998
  type: 'test'
  ...
# Subtest: actual-source jobs enforce their own budgets and preserve cell-level source bindings after result normalization
ok 46 - actual-source jobs enforce their own budgets and preserve cell-level source bindings after result normalization
  ---
  duration_ms: 161.672174
  type: 'test'
  ...
1..46
# tests 46
# suites 0
# pass 46
# fail 0
# cancelled 0
# skipped 0
# todo 0
# duration_ms 192796.645769
