✔ a downloaded JSON bundle can be inspected and replayed in a fresh matching session (107.35271ms)
✔ text import rejects invalid, excessive and non-object input before engine effects (30.578182ms)
✔ untrusted file claims cannot bypass input, result, or environment integrity (65.70982ms)
✔ an intact file from a different execution environment is input-only and cannot replay (36.98197ms)
✔ hash-consistent fabricated results remain untrusted and fail fresh comparison (41.727157ms)
✔ import replay cancellation before dispatch creates no owned job (28.005902ms)
✔ a changed input or session guard rejects after asynchronous work before inserting any job (42.277777ms)
✔ cancelling an import after submission terminates its worker and ignores a late result (194.275776ms)
✔ a failed submission callback cancels and settles the fresh job before replay rejects (196.399495ms)
✔ WebMCP import rejects invalid modes, oversized text and aborted calls without application effects (1.479011ms)
✔ criterion evidence links stay inside the declared source tree (0.27824ms)
ℹ tests 11
ℹ suites 0
ℹ pass 11
ℹ fail 0
ℹ cancelled 0
ℹ skipped 0
ℹ todo 0
ℹ duration_ms 999.615315
