{
  "status": "ANALYTIC_BOUND_CHAIN_PASSED",
  "checks": {
    "sameExactSourceH": true,
    "localAxisAmplitudeCanBeDecreased": true,
    "baselineAxisDeviationSmall": true,
    "referenceUAndEtaWithinFive": true,
    "referenceLogChangesControlled": true,
    "coreYWindow": true,
    "referenceRadialWindow": true,
    "logRadialLengthBound": true,
    "B26UniformUDeviation": true,
    "B26UniformUEtaDeviation": true,
    "B26UniformLogFChange": true,
    "laterCChosenAfterTsh": true,
    "coreESmall": true,
    "B34ESmall": true,
    "xSepBeforeRestore": true,
    "continuousEarlyDebtBelowEpsilon": true,
    "uniformUPreconditionedDebt": true,
    "uniformEPreconditionedDebt": true
  },
  "preconditionedU": [
    1.2809180686458952e-14,
    1.166980132575921e-14
  ],
  "preconditionedE": [
    8.085980882843475e-29,
    1.79183299709681e-28,
    9.760332495118358e-29
  ],
  "sourceLogCdigits": 210,
  "amplitudeBits": 1796
}
