/workspace/scratch/9a6c38c54c2e/MathScopeCompute/research-ide/mathscope-m1/navier/followup-20261010-symbolic-gluing/formal-clean-replay/attempts/0001/ThresholdBridge.lean:136:17: warning: Unused tactic linter: `first
| assumption
| positivity
| norm_num` does nothing

Note: This linter can be disabled with `set_option linter.unusedTactic false`
/workspace/scratch/9a6c38c54c2e/MathScopeCompute/research-ide/mathscope-m1/navier/followup-20261010-symbolic-gluing/formal-clean-replay/attempts/0001/ThresholdBridge.lean:136:17: warning: this tactic is never executed

Note: This linter can be disabled with `set_option linter.unreachableTactic false`
/workspace/scratch/9a6c38c54c2e/MathScopeCompute/research-ide/mathscope-m1/navier/followup-20261010-symbolic-gluing/formal-clean-replay/attempts/0001/ThresholdBridge.lean:164:17: warning: Unused tactic linter: `first
| assumption
| positivity
| norm_num` does nothing

Note: This linter can be disabled with `set_option linter.unusedTactic false`
/workspace/scratch/9a6c38c54c2e/MathScopeCompute/research-ide/mathscope-m1/navier/followup-20261010-symbolic-gluing/formal-clean-replay/attempts/0001/ThresholdBridge.lean:164:17: warning: this tactic is never executed

Note: This linter can be disabled with `set_option linter.unreachableTactic false`
/workspace/scratch/9a6c38c54c2e/MathScopeCompute/research-ide/mathscope-m1/navier/followup-20261010-symbolic-gluing/formal-clean-replay/attempts/0001/ThresholdBridge.lean:217:6: warning: Used `tac1 <;> tac2` where `(tac1; tac2)` would suffice

Note: This linter can be disabled with `set_option linter.unnecessarySeqFocus false`
'MathScope.ThresholdBridge.coefficient_norm_bounds' depends on axioms: [propext, Classical.choice, Quot.sound]
'MathScope.ThresholdBridge.originalBound_le_polynomial' depends on axioms: [propext, Classical.choice, Quot.sound]
'MathScope.ThresholdBridge.originalLip_le_polynomial' depends on axioms: [propext, Classical.choice, Quot.sound]
'MathScope.ThresholdBridge.original_threshold_le' depends on axioms: [propext, Classical.choice, Quot.sound]
'MathScope.ThresholdBridge.original_sharp_error' depends on axioms: [propext, Classical.choice, Quot.sound]
'MathScope.ThresholdBridge.exists_unique_fixedPoint_at_Q64' depends on axioms: [propext, Classical.choice, Quot.sound]
