Current branch: HEAD
Using cache from origin: (some leanprover-community/mathlib4)
Attempting to download 818 file(s) from leanprover-community/mathlib4 cache at https://cache.mathlib.org/mathlib4-master

Downloaded: 1 file(s) [attempted 1/818 = 0%, 2 KB/s], Decompressed: 0[K
Downloaded: 20 file(s) [attempted 20/818 = 2%, 1 KB/s], Decompressed: 8[K
Downloaded: 39 file(s) [attempted 39/818 = 4%, 2 KB/s], Decompressed: 20[K
Downloaded: 59 file(s) [attempted 59/818 = 7%, 16 KB/s], Decompressed: 44[K
Downloaded: 73 file(s) [attempted 73/818 = 8%, 70 KB/s], Decompressed: 56[K
Downloaded: 90 file(s) [attempted 90/818 = 11%, 250 KB/s], Decompressed: 80[K
Downloaded: 105 file(s) [attempted 105/818 = 12%, 214 KB/s], Decompressed: 97[K
Downloaded: 123 file(s) [attempted 123/818 = 15%, 63 KB/s], Decompressed: 114[K
Downloaded: 130 file(s) [attempted 130/818 = 15%, 248 KB/s], Decompressed: 126[K
Downloaded: 147 file(s) [attempted 147/818 = 17%, 45 KB/s], Decompressed: 142[K
Downloaded: 169 file(s) [attempted 169/818 = 20%, 157 KB/s], Decompressed: 159[K
Downloaded: 183 file(s) [attempted 183/818 = 22%, 63 KB/s], Decompressed: 169[K
Downloaded: 202 file(s) [attempted 202/818 = 24%, 327 KB/s], Decompressed: 181[K
Downloaded: 226 file(s) [attempted 226/818 = 27%, 138 KB/s], Decompressed: 198[K
Downloaded: 245 file(s) [attempted 245/818 = 29%, 176 KB/s], Decompressed: 217[K
Downloaded: 262 file(s) [attempted 262/818 = 32%, 71 KB/s], Decompressed: 233[K
Downloaded: 281 file(s) [attempted 281/818 = 34%, 98 KB/s], Decompressed: 250[K
Downloaded: 298 file(s) [attempted 298/818 = 36%, 224 KB/s], Decompressed: 269[K
Downloaded: 320 file(s) [attempted 320/818 = 39%, 226 KB/s], Decompressed: 289[K
Downloaded: 336 file(s) [attempted 336/818 = 41%, 129 KB/s], Decompressed: 322[K
Downloaded: 346 file(s) [attempted 346/818 = 42%, 156 KB/s], Decompressed: 334[K
Downloaded: 358 file(s) [attempted 358/818 = 43%, 476 KB/s], Decompressed: 344[K
Downloaded: 377 file(s) [attempted 377/818 = 46%, 89 KB/s], Decompressed: 363[K
Downloaded: 389 file(s) [attempted 389/818 = 47%, 317 KB/s], Decompressed: 382[K
Downloaded: 408 file(s) [attempted 408/818 = 49%, 39 KB/s], Decompressed: 389[K
Downloaded: 427 file(s) [attempted 427/818 = 52%, 154 KB/s], Decompressed: 399[K
Downloaded: 442 file(s) [attempted 442/818 = 54%, 32 KB/s], Decompressed: 411[K
Downloaded: 461 file(s) [attempted 461/818 = 56%, 132 KB/s], Decompressed: 443[K
Downloaded: 480 file(s) [attempted 480/818 = 58%, 25 KB/s], Decompressed: 456[K
Downloaded: 499 file(s) [attempted 499/818 = 61%, 172 KB/s], Decompressed: 485[K
Downloaded: 516 file(s) [attempted 516/818 = 63%, 129 KB/s], Decompressed: 499[K
Downloaded: 535 file(s) [attempted 535/818 = 65%, 214 KB/s], Decompressed: 523[K
Downloaded: 554 file(s) [attempted 554/818 = 67%, 102 KB/s], Decompressed: 533[K
Downloaded: 571 file(s) [attempted 571/818 = 69%, 222 KB/s], Decompressed: 557[K
Downloaded: 590 file(s) [attempted 590/818 = 72%, 132 KB/s], Decompressed: 578[K
Downloaded: 612 file(s) [attempted 612/818 = 74%, 170 KB/s], Decompressed: 595[K
Downloaded: 631 file(s) [attempted 631/818 = 77%, 101 KB/s], Decompressed: 617[K
Downloaded: 645 file(s) [attempted 645/818 = 78%, 57 KB/s], Decompressed: 641[K
Downloaded: 660 file(s) [attempted 660/818 = 80%, 38 KB/s], Decompressed: 655[K
Downloaded: 672 file(s) [attempted 672/818 = 82%, 13 KB/s], Decompressed: 660[K
Downloaded: 688 file(s) [attempted 688/818 = 84%, 96 KB/s], Decompressed: 676[K
Downloaded: 705 file(s) [attempted 705/818 = 86%, 367 KB/s], Decompressed: 688[K
Downloaded: 724 file(s) [attempted 724/818 = 88%, 49 KB/s], Decompressed: 705[K
Downloaded: 736 file(s) [attempted 736/818 = 89%, 61 KB/s], Decompressed: 722[K
Downloaded: 753 file(s) [attempted 753/818 = 92%, 280 KB/s], Decompressed: 734[K
Downloaded: 772 file(s) [attempted 772/818 = 94%, 368 KB/s], Decompressed: 751[K
Downloaded: 796 file(s) [attempted 796/818 = 97%, 50 KB/s], Decompressed: 770[K
Downloaded: 818 file(s) [attempted 818/818 = 100%, 50 KB/s], Decompressed: 791[K
Decompressed 818 file(s)
Already decompressed 1575 file(s)
