✔ [9262/9580] Built NavierStokes.TerminalEdgePaper (11s)
✔ [9267/9580] Built NavierStokes.OutgoingNegativeSlopeCone (11s)
✔ [9298/9580] Built NavierStokes.BaseAngularGrowth (11s)
✔ [9299/9580] Built NavierStokes.LocalJetBounds (11s)
✔ [9300/9580] Built NavierStokes.LocalHeatPressure (11s)
✔ [9323/9580] Built NavierStokes.SharpPhysicalLogBounds (11s)
✔ [9328/9580] Built NavierStokes.SharpGeometricModeJets (11s)
✔ [9343/9580] Built NavierStokes.LocalHeatExterior (12s)
✔ [9345/9580] Built NavierStokes.MeanLocalDefectBounds (12s)
✔ [9347/9580] Built NavierStokes.SharpCommonGraphJets (4.0s)
✔ [9349/9580] Built NavierStokes.LocalHeatFormula (4.7s)
✔ [9350/9580] Built NavierStokes.WaveDataReindex (5.4s)
✔ [9359/9580] Built NavierStokes.WholeDomainPhysicalCompact (5.4s)
✔ [9360/9580] Built NavierStokes.SharpPhysicalCopyBounds (5.9s)
✔ [9362/9580] Built NavierStokes.SupportedParameterExtension (7.3s)
✔ [9367/9580] Built NavierStokes.WholeDomainPrefixBounds (4.3s)
✔ [9375/9580] Built NavierStokes.WholeDomainHeatGeometry (7.0s)
✔ [9377/9580] Built NavierStokes.ActualCorrectionModels (12s)
✔ [9378/9580] Built NavierStokes.GenericRealizationBounds (7.7s)
✔ [9384/9580] Built NavierStokes.WholeDomainHeatScaling (40s)
✔ [9385/9580] Built NavierStokes.WholeDomainHeatCompact (42s)
✔ [9386/9580] Built NavierStokes.SharpWaveStageBounds (42s)
✔ [9387/9580] Built NavierStokes.WholeDomainHeatBounds (24s)
✔ [9397/9580] Built NavierStokes.GenericSupportedPolynomial (25s)
✔ [9398/9580] Built NavierStokes.SignedRequestContinuation (29s)
✔ [9399/9580] Built NavierStokes.CorrectionInitializationNoOptions (119s)
✔ [9401/9580] Built NavierStokes.ActualBasePressureBounds (58s)
✔ [9404/9580] Built NavierStokes.GenericRealization (58s)
✔ [9408/9580] Built NavierStokes.GenericSupportLocalCoefficients (112s)
✔ [9414/9580] Built NavierStokes.GenericFactorSupport (96s)
✔ [9424/9580] Built NavierStokes.WholeDomainBaseBounds (86s)
✔ [9425/9580] Built NavierStokes.SupportedActualContext (87s)
✔ [9437/9580] Built NavierStokes.BaseWitnessClosure (112s)
✔ [9446/9580] Built NavierStokes.WholeDomainStageBounds (112s)
✔ [9448/9580] Built NavierStokes.GenericSolenoidalRealization (143s)
✔ [9450/9580] Built NavierStokes.SharpMeanJetBounds (116s)
✔ [9458/9580] Built NavierStokes.MeanStageContinuation (86s)
✔ [9459/9580] Built NavierStokes.ActualParticularDynamicsNoOptions (86s)
✔ [9463/9580] Built NavierStokes.NativeDyadicRegularity (89s)
✔ [9466/9580] Built NavierStokes.ActualParticularPhysicalData (96s)
✔ [9470/9580] Built NavierStokes.R3CompactIntegration (454s)
✔ [9471/9580] Built NavierStokes.R3LocalizedEnergyLimit (453s)
✔ [9475/9580] Built NavierStokes.R3PressureKernel (449s)
✔ [9480/9580] Built NavierStokes.R3HarmonicPressure (450s)
✔ [9481/9580] Built NavierStokes.R3ConvolutionYoung (450s)
✔ [9482/9580] Built NavierStokes.SharpMeanStageBounds (30s)
✔ [9499/9580] Built NavierStokes.GenericAngularRecovery (34s)
✔ [9501/9580] Built NavierStokes.GenericVelocityRates (32s)
✔ [9502/9580] Built NavierStokes.InitialDyadicSource (9.6s)
✔ [9503/9580] Built NavierStokes.CurrentPhysicalRadialClosure (12s)
✔ [9504/9580] Built NavierStokes.SharpGluedStageBounds (10s)
✔ [9506/9580] Built NavierStokes.SharpCurrentPhysicalPhase (17s)
✔ [9508/9580] Built NavierStokes.WaveStageContinuation (48s)
✔ [9509/9580] Built NavierStokes.SharpParticularGluing (32s)
✔ [9510/9580] Built NavierStokes.SharpActualStageBounds (25s)
✔ [9511/9580] Built NavierStokes.GenericTupleRealization (28s)
✔ [9512/9580] Built NavierStokes.WholeDomainActualStageBounds (23s)
✔ [9514/9580] Built NavierStokes.LocalScheduleAngular (18s)
✔ [9515/9580] Built NavierStokes.LocalResidualFlatness (12s)
✔ [9516/9580] Built NavierStokes.CycleContinuationInvariant (10s)
✔ [9517/9580] Built NavierStokes.SharpCurrentModeJets (16s)
✔ [9519/9580] Built NavierStokes.InitialHarmonicContinuation (26s)
✔ [9521/9580] Built NavierStokes.GenericTupleSupport (26s)
✔ [9523/9580] Built NavierStokes.WholeDomainInitializationBounds (120s)
✔ [9524/9580] Built NavierStokes.SharpCurrentParticularBounds (290s)
✔ [9526/9580] Built NavierStokes.GenericSummationRealization (344s)
✔ [9527/9580] Built NavierStokes.R3CompactParametricIntegral (609s)
✔ [9529/9580] Built NavierStokes.R3CompactEnergy (609s)
✔ [9531/9580] Built NavierStokes.R3PressureNearKernel (609s)
ℹ [9532/9580] Replayed NavierStokes.ComparatorSolution
info: NavierStokes/ComparatorSolution.lean:31:0: 'NavierStokes.Comparator.navier_stokes_breakdown_R3' depends on axioms: [propext, Classical.choice, Quot.sound]
info: NavierStokes/ComparatorSolution.lean:32:0: 'NavierStokes.Comparator.navier_stokes_breakdown_periodic' depends on axioms: [propext, Classical.choice, Quot.sound]
✔ [9533/9580] Built NavierStokes.R3PressureFourier (636s)
✔ [9534/9580] Built NavierStokes.LocalScheduleWitness (721s)
✔ [9535/9580] Built NavierStokes.LocalAngularGrowth (728s)
✔ [9536/9580] Built NavierStokes.SharpParticularStageBounds (379s)
✔ [9537/9580] Built NavierStokes.GenericSupportLocalSummation (387s)
✔ [9538/9580] Built NavierStokes.R3.H3MaximalLifespan (1608s)
✔ [9539/11421] Built NavierStokes.WholeDomainPhysicalStageTheorem (770s)
✔ [9556/11424] Built NavierStokes.R3 (1446s)
✔ [9565/11424] Built NavierStokes.R3LocalEnergyEvolution (1234s)
✔ [9566/11424] Built NavierStokes.R3PressureCommutator (1250s)
✔ [9567/11424] Built Euler.FiniteGradeSupport (206s)
✔ [9568/11424] Built Euler.FiniteGradeDiagonal (242s)
✔ [9569/11424] Built Euler.LpParameterIntegral (190s)
✔ [9570/11424] Built NavierStokes.R3GaussianPressure (1440s)
✔ [9571/11424] Built NavierStokes.R3SpaceTime (1381s)
✔ [9572/11424] Built Euler.GevreyGeneratingAlgebra (159s)
✔ [9573/11424] Built Euler.GevreyComposition (159s)
✔ [9574/11424] Built Euler.GevreyInversePartitions (160s)
✔ [9575/11424] Built NavierStokes.LocalPaperDomain (1479s)
✔ [9576/11424] Built Euler.NoIncomingVorticity (261s)
✔ [9577/11424] Built Euler.RadialPotentialL2 (208s)
✔ [9578/11424] Built Euler.FiniteGradeAssembly (197s)
✔ [9579/11424] Built Euler.FiniteGradeTriangular (247s)
✔ [9580/11424] Built Euler.PacketResidualGrades (580s)
✔ [9581/11424] Built NavierStokes.LocalAngularScalar (2023s)
✔ [9582/11424] Built Euler.EulerProof (1247s)
✔ [9583/11424] Built Euler.SolutionDefinitions (1364s)
✔ [9584/11424] Built Euler.GevreyGeneratingComposition (236s)
✔ [9585/11424] Built Euler.GevreyInverseMap (234s)
⚠ [9586/11424] Built ComparatorChallenges.NavierStokes (1082s)
warning: ComparatorChallenges/NavierStokes.lean:273:8: declaration uses `sorry`
warning: ComparatorChallenges/NavierStokes.lean:280:8: declaration uses `sorry`
⚠ [9587/11424] Built ComparatorChallenges.Euler (1082s)
warning: ComparatorChallenges/Euler.lean:85:8: declaration uses `sorry`
warning: ComparatorChallenges/Euler.lean:170:8: declaration uses `sorry`
✔ [9589/11424] Built Euler.OrdinaryQuadraticStability (213s)
✔ [9590/11424] Built Euler.PacketShiftArithmeticNoOptions (240s)
✔ [9591/11424] Built Euler.PacketSourceScaleBounds (214s)
✔ [9592/11424] Built NavierStokes.R3TimeLocalization (968s)
✔ [9593/11424] Built NavierStokes.R3RieszKernel (1021s)
✔ [9594/11424] Built Euler.PacketScalarUniqueness (123s)
✔ [9595/11424] Built Euler.PacketReferenceRatio (123s)
✔ [9596/11424] Built Euler.PacketScaledVelocityAlgebra (93s)
✔ [9597/11424] Built Euler.PacketIdealSize (94s)
✔ [9598/11424] Built Euler.PacketPhysicalEulerTransform (91s)
✔ [9599/11424] Built Euler.PacketCoefficientMotion (122s)
✔ [9600/11424] Built Euler.IntegralEnergyBootstrap (118s)
✔ [9601/11424] Built Euler.ResolventCalculus (103s)
✔ [9602/11424] Built Euler.MetricHeatEnergy (108s)
✔ [9603/11424] Built Euler.PacketShiftArithmetic (89s)
✔ [9604/11424] Built Euler.CylinderMeasureDescent (91s)
✔ [9605/11424] Built Euler.BoundedLipschitzFlow (91s)
✔ [9606/11424] Built NavierStokes.R3SpaceTimeHarmonic (1069s)
✔ [9607/11424] Built Euler.GeneralCylinderAlgebra (90s)
✔ [9608/11424] Built Euler.GaussianCylinderHeat (74s)
✔ [9609/11424] Built Euler.PacketCrossProduct (77s)
✔ [9610/11424] Built Euler.DirichletEndpointReduction (75s)
✔ [9611/11424] Built Euler.ClassicalPressureCurl (54s)
✔ [9612/11424] Built Euler.PacketPointJets (54s)
✔ [9613/11424] Built Euler.CoerciveEndpointBounds (54s)
✔ [9614/11424] Built Euler.LpSupportedSubspace (48s)
✔ [9615/11424] Built Euler.MeanSolenoidalSpace (53s)
✔ [9616/11424] Built Euler.MeanCutoffCurlBound (53s)
✔ [9617/11424] Built Euler.PacketMajorantShift (69s)
✔ [9618/11424] Built Euler.H6Pressure (70s)
