/workspace/scratch/9a6c38c54c2e/MathScopeCompute/research-ide/mathscope-m1/navier/followup-20261010-same-datum-axis/independent-review/formal-mass-bound/attempts/0001/SameDatumMass.lean:66:9: error: ambiguous term, use fully qualified name, possible interpretations [@_root_.slope, NavierStokes.OutgoingSchedule.slope]
/workspace/scratch/9a6c38c54c2e/MathScopeCompute/research-ide/mathscope-m1/navier/followup-20261010-same-datum-axis/independent-review/formal-mass-bound/attempts/0001/SameDatumMass.lean:71:6: error: Invalid rewrite argument: Expected an equality or iff proof or definition name, but
  NavierStokes.OutgoingSchedule.slope ?dropLength ?lam ?y
is a value of type
  ℝ
/workspace/scratch/9a6c38c54c2e/MathScopeCompute/research-ide/mathscope-m1/navier/followup-20261010-same-datum-axis/independent-review/formal-mass-bound/attempts/0001/SameDatumMass.lean:90:43: error(lean.invalidField): Invalid field `le`: The environment does not contain `Real.le.le`, so it is not possible to project the field `le` from an expression
  le_of_not_ge hy1
of type `Real.le✝ 1 y`
/workspace/scratch/9a6c38c54c2e/MathScopeCompute/research-ide/mathscope-m1/navier/followup-20261010-same-datum-axis/independent-review/formal-mass-bound/attempts/0001/SameDatumMass.lean:99:37: error: No goals to be solved
/workspace/scratch/9a6c38c54c2e/MathScopeCompute/research-ide/mathscope-m1/navier/followup-20261010-same-datum-axis/independent-review/formal-mass-bound/attempts/0001/SameDatumMass.lean:149:57: error(lean.invalidField): Invalid field `le`: The environment does not contain `Real.le.le`, so it is not possible to project the field `le` from an expression
  le_of_not_ge hyr
of type `Real.le✝ newReleaseStart y`
/workspace/scratch/9a6c38c54c2e/MathScopeCompute/research-ide/mathscope-m1/navier/followup-20261010-same-datum-axis/independent-review/formal-mass-bound/attempts/0001/SameDatumMass.lean:162:59: error: failed to prove positivity/nonnegativity/nonzeroness
/workspace/scratch/9a6c38c54c2e/MathScopeCompute/research-ide/mathscope-m1/navier/followup-20261010-same-datum-axis/independent-review/formal-mass-bound/attempts/0001/SameDatumMass.lean:239:17: error(lean.unknownIdentifier): Unknown identifier `integral_Iic_add_Ioi`
/workspace/scratch/9a6c38c54c2e/MathScopeCompute/research-ide/mathscope-m1/navier/followup-20261010-same-datum-axis/independent-review/formal-mass-bound/attempts/0001/SameDatumMass.lean:238:81: error: unsolved goals
⊢ ∫ (y : ℝ), newClockWeight y ≤ 64 * Pstar ^ 2
'MathScope.SameDatumInputs.mass_clockAmplitude_left' depends on axioms: [propext, Classical.choice, Quot.sound]
'MathScope.SameDatumInputs.mass_clockAmplitude_right' depends on axioms: [propext,
 sorryAx,
 Classical.choice,
 Quot.sound]
'MathScope.SameDatumInputs.mass_clockWeight_left' depends on axioms: [propext, Classical.choice, Quot.sound]
'MathScope.SameDatumInputs.mass_clockWeight_right' depends on axioms: [propext, sorryAx, Classical.choice, Quot.sound]
'MathScope.SameDatumInputs.newClockWeight_mass_le' depends on axioms: [propext, sorryAx, Classical.choice, Quot.sound]
