info: Comparator: cloning https://github.com/leanprover/comparator.git
info: Comparator: checking out revision '19e111e2141cf333c7daff0f64c5f24acc91dd2e'
info: mathlib: cloning https://github.com/leanprover-community/mathlib4.git
info: mathlib: checking out revision '85e3a25e006c35636f0e53b0e9296caca2685bc0'
info: lean4export: cloning https://github.com/leanprover/lean4export
info: lean4export: checking out revision 'cacf989bd75f608700820f6afc595f32e7a99a4d'
info: plausible: cloning https://github.com/leanprover-community/plausible
info: plausible: checking out revision 'd9598f07b1bc701f1e3aae163d2681c1fd978793'
info: LeanSearchClient: cloning https://github.com/leanprover-community/LeanSearchClient
info: LeanSearchClient: checking out revision 'ba67e212be1197b84c1f1f6299488a10a3002713'
info: importGraph: cloning https://github.com/leanprover-community/import-graph
info: importGraph: checking out revision 'd8823026ac7ef130c253089d95685f9877b95323'
info: proofwidgets: cloning https://github.com/leanprover-community/ProofWidgets4
info: proofwidgets: checking out revision 'a8acbfd87375ff4abe14ce09db5b7664d383bc7f'
info: aesop: cloning https://github.com/leanprover-community/aesop
info: aesop: checking out revision '18889deb9e83ea7420ef51c160d6f88552e744e3'
info: Qq: cloning https://github.com/leanprover-community/quote4
info: Qq: checking out revision '507746ab8f4b643ccdacb2ec4cdb5853fa9f8ab3'
info: batteries: cloning https://github.com/leanprover-community/batteries
info: batteries: checking out revision 'd54dddc581e08be364c278052863524bff7a99a9'
info: Cli: cloning https://github.com/leanprover/lean4-cli
info: Cli: checking out revision 'ab3a82db9fea14cf0fd7f5a2de650f4b534640af'
✔ [2/6] Built Cache.Cli (396ms)
✔ [3/6] Built Cache.Lean (521ms)
✔ [8/27] Built Cache.Cli:c.o (245ms)
✔ [9/27] Built Cache.Lean:c.o (276ms)
✔ [11/27] Built Cache.Infra (536ms)
✔ [12/27] Built Cache.Infra:c.o (320ms)
✔ [13/27] Built Cache.IO (1.6s)
✔ [14/27] Built Cache.Hashing (838ms)
✔ [15/27] Built Cache.Hashing:c.o (669ms)
✔ [16/27] Built Cache.IO:c.o (1.8s)
✔ [17/27] Built Cache.Requests (2.2s)
✔ [18/27] Built Cache.Marker (609ms)
✔ [19/27] Built Cache.Marker:c.o (211ms)
✔ [20/27] Built Cache.Query (817ms)
✔ [21/27] Built Cache.Query:c.o (490ms)
✔ [22/27] Built Cache.Warning (877ms)
✔ [23/27] Built Cache.Warning:c.o (425ms)
✔ [24/27] Built Cache.Requests:c.o (3.2s)
✔ [25/27] Built Cache.Main (1.4s)
✔ [26/27] Built Cache.Main:c.o (983ms)
✔ [27/27] Built cache:exe (732ms)
Current branch: HEAD
Using cache from origin: (some leanprover-community/mathlib4)
Attempting to download 8747 file(s) from leanprover-community/mathlib4 cache at https://lakecache.blob.core.windows.net/mathlib4-master

Downloaded: 1 file(s) [attempted 1/8747 = 0%, 18 KB/s], Decompressed: 0[K
Downloaded: 100 file(s) [attempted 100/8747 = 1%, 201 KB/s], Decompressed: 10[K
Downloaded: 223 file(s) [attempted 223/8747 = 2%, 267 KB/s], Decompressed: 49[K
Downloaded: 360 file(s) [attempted 360/8747 = 4%, 366 KB/s], Decompressed: 49[K
Downloaded: 494 file(s) [attempted 494/8747 = 5%, 1191 KB/s], Decompressed: 49[K
Downloaded: 621 file(s) [attempted 621/8747 = 7%, 3447 KB/s], Decompressed: 49[K
Downloaded: 771 file(s) [attempted 771/8747 = 8%, 1572 KB/s], Decompressed: 49[K
Downloaded: 903 file(s) [attempted 903/8747 = 10%, 172 KB/s], Decompressed: 199[K
Downloaded: 1049 file(s) [attempted 1049/8747 = 11%, 586 KB/s], Decompressed: 199[K
Downloaded: 1192 file(s) [attempted 1192/8747 = 13%, 1701 KB/s], Decompressed: 199[K
Downloaded: 1324 file(s) [attempted 1324/8747 = 15%, 2389 KB/s], Decompressed: 199[K
Downloaded: 1451 file(s) [attempted 1451/8747 = 16%, 578 KB/s], Decompressed: 199[K
Downloaded: 1566 file(s) [attempted 1566/8747 = 17%, 587 KB/s], Decompressed: 199[K
Downloaded: 1703 file(s) [attempted 1703/8747 = 19%, 1536 KB/s], Decompressed: 199[K
Downloaded: 1839 file(s) [attempted 1839/8747 = 21%, 1121 KB/s], Decompressed: 199[K
Downloaded: 1986 file(s) [attempted 1986/8747 = 22%, 476 KB/s], Decompressed: 199[K
Downloaded: 2101 file(s) [attempted 2101/8747 = 24%, 1489 KB/s], Decompressed: 199[K
Downloaded: 2249 file(s) [attempted 2249/8747 = 25%, 808 KB/s], Decompressed: 199[K
Downloaded: 2390 file(s) [attempted 2390/8747 = 27%, 1339 KB/s], Decompressed: 199[K
Downloaded: 2535 file(s) [attempted 2535/8747 = 28%, 406 KB/s], Decompressed: 199[K
Downloaded: 2669 file(s) [attempted 2669/8747 = 30%, 632 KB/s], Decompressed: 199[K
Downloaded: 2801 file(s) [attempted 2801/8747 = 32%, 3452 KB/s], Decompressed: 199[K
Downloaded: 2937 file(s) [attempted 2937/8747 = 33%, 1204 KB/s], Decompressed: 199[K
Downloaded: 3082 file(s) [attempted 3082/8747 = 35%, 2396 KB/s], Decompressed: 199[K
Downloaded: 3203 file(s) [attempted 3203/8747 = 36%, 1113 KB/s], Decompressed: 199[K
Downloaded: 3337 file(s) [attempted 3337/8747 = 38%, 651 KB/s], Decompressed: 199[K
Downloaded: 3492 file(s) [attempted 3492/8747 = 39%, 222 KB/s], Decompressed: 199[K
Downloaded: 3635 file(s) [attempted 3635/8747 = 41%, 483 KB/s], Decompressed: 199[K
Downloaded: 3774 file(s) [attempted 3774/8747 = 43%, 2452 KB/s], Decompressed: 199[K
Downloaded: 3901 file(s) [attempted 3901/8747 = 44%, 231 KB/s], Decompressed: 199[K
Downloaded: 4056 file(s) [attempted 4056/8747 = 46%, 170 KB/s], Decompressed: 199[K
Downloaded: 4202 file(s) [attempted 4202/8747 = 48%, 3287 KB/s], Decompressed: 199[K
Downloaded: 4340 file(s) [attempted 4340/8747 = 49%, 789 KB/s], Decompressed: 199[K
Downloaded: 4479 file(s) [attempted 4479/8747 = 51%, 2028 KB/s], Decompressed: 199[K
Downloaded: 4625 file(s) [attempted 4625/8747 = 52%, 522 KB/s], Decompressed: 885[K
Downloaded: 4763 file(s) [attempted 4763/8747 = 54%, 388 KB/s], Decompressed: 885[K
Downloaded: 4888 file(s) [attempted 4888/8747 = 55%, 1940 KB/s], Decompressed: 885[K
Downloaded: 5028 file(s) [attempted 5028/8747 = 57%, 9008 KB/s], Decompressed: 885[K
Downloaded: 5128 file(s) [attempted 5128/8747 = 58%, 1885 KB/s], Decompressed: 885[K
Downloaded: 5260 file(s) [attempted 5260/8747 = 60%, 151 KB/s], Decompressed: 885[K
Downloaded: 5397 file(s) [attempted 5397/8747 = 61%, 2177 KB/s], Decompressed: 885[K
Downloaded: 5521 file(s) [attempted 5521/8747 = 63%, 405 KB/s], Decompressed: 885[K
Downloaded: 5660 file(s) [attempted 5660/8747 = 64%, 114 KB/s], Decompressed: 885[K
Downloaded: 5798 file(s) [attempted 5798/8747 = 66%, 93 KB/s], Decompressed: 885[K
Downloaded: 5935 file(s) [attempted 5935/8747 = 67%, 2508 KB/s], Decompressed: 885[K
Downloaded: 6077 file(s) [attempted 6077/8747 = 69%, 908 KB/s], Decompressed: 885[K
Downloaded: 6222 file(s) [attempted 6222/8747 = 71%, 2268 KB/s], Decompressed: 885[K
Downloaded: 6353 file(s) [attempted 6353/8747 = 72%, 379 KB/s], Decompressed: 885[K
Downloaded: 6504 file(s) [attempted 6504/8747 = 74%, 791 KB/s], Decompressed: 885[K
Downloaded: 6644 file(s) [attempted 6644/8747 = 75%, 1076 KB/s], Decompressed: 885[K
Downloaded: 6785 file(s) [attempted 6785/8747 = 77%, 1133 KB/s], Decompressed: 885[K
Downloaded: 6913 file(s) [attempted 6913/8747 = 79%, 634 KB/s], Decompressed: 885[K
Downloaded: 7063 file(s) [attempted 7063/8747 = 80%, 601 KB/s], Decompressed: 885[K
Downloaded: 7197 file(s) [attempted 7197/8747 = 82%, 2781 KB/s], Decompressed: 885[K
Downloaded: 7342 file(s) [attempted 7342/8747 = 83%, 1518 KB/s], Decompressed: 885[K
Downloaded: 7481 file(s) [attempted 7481/8747 = 85%, 4416 KB/s], Decompressed: 885[K
Downloaded: 7601 file(s) [attempted 7601/8747 = 86%, 213 KB/s], Decompressed: 885[K
Downloaded: 7731 file(s) [attempted 7731/8747 = 88%, 3034 KB/s], Decompressed: 885[K
Downloaded: 7872 file(s) [attempted 7872/8747 = 89%, 9665 KB/s], Decompressed: 885[K
Downloaded: 8005 file(s) [attempted 8005/8747 = 91%, 390 KB/s], Decompressed: 885[K
Downloaded: 8134 file(s) [attempted 8134/8747 = 92%, 1709 KB/s], Decompressed: 885[K
Downloaded: 8260 file(s) [attempted 8260/8747 = 94%, 6151 KB/s], Decompressed: 885[K
Downloaded: 8373 file(s) [attempted 8373/8747 = 95%, 765 KB/s], Decompressed: 885[K
Downloaded: 8505 file(s) [attempted 8505/8747 = 97%, 2478 KB/s], Decompressed: 885[K
Downloaded: 8655 file(s) [attempted 8655/8747 = 98%, 395 KB/s], Decompressed: 885[K
Downloaded: 8745 file(s) [attempted 8745/8747 = 99%, 400 KB/s], Decompressed: 885[K
Downloaded: 8747 file(s) [attempted 8747/8747 = 100%, 400 KB/s], Decompressed: 885[K
Decompressed 8747 file(s)
Already decompressed 8747 file(s)
