/workspace/scratch/9a6c38c54c2e/MathScopeCompute/research-ide/mathscope-m1/navier/followup-20261010-same-datum-axis/formal-input-producer/attempts/0009/SameDatumInputs.lean:395:4: error: Function expected at
  sigma_le_one
but this term has type
  sigma ≤ 1

Note: Expected a function because this term is being applied to the argument
  ((y - actualCore.endpoint) / 128)
/workspace/scratch/9a6c38c54c2e/MathScopeCompute/research-ide/mathscope-m1/navier/followup-20261010-same-datum-axis/formal-input-producer/attempts/0009/SameDatumInputs.lean:395:4: error: Function expected at
  sigma_le_one
but this term has type
  sigma ≤ 1

Note: Expected a function because this term is being applied to the argument
  ((y - actualCore.endpoint) / 128)
'MathScope.SameDatumInputs.rho_pos' depends on axioms: [propext, Classical.choice, Quot.sound]
'MathScope.SameDatumInputs.oneInput_norm' depends on axioms: [propext, Classical.choice, Quot.sound]
'MathScope.SameDatumInputs.etaInput_norm' depends on axioms: [propext, Classical.choice, Quot.sound]
'MathScope.SameDatumInputs.oneInput_coefficient' depends on axioms: [propext, Classical.choice, Quot.sound]
'MathScope.SameDatumInputs.etaInput_coefficient' depends on axioms: [propext, Classical.choice, Quot.sound]
'MathScope.SameDatumInputs.radiusLoss_sixteenth_le_two' depends on axioms: [propext, Classical.choice, Quot.sound]
'MathScope.SameDatumInputs.inverseLInput_norm' depends on axioms: [propext, Classical.choice, Quot.sound]
'MathScope.SameDatumInputs.inverseLInput_coefficient' depends on axioms: [propext, Classical.choice, Quot.sound]
'MathScope.SameDatumInputs.canonicalPressure_is_literal_integral' depends on axioms: [propext,
 Classical.choice,
 Quot.sound]
'MathScope.SameDatumInputs.canonicalPressure_pressureData' depends on axioms: [propext, Classical.choice, Quot.sound]
'MathScope.SameDatumInputs.canonicalComplexPressure_analytic' depends on axioms: [propext, Classical.choice, Quot.sound]
'MathScope.SameDatumInputs.newPressure_admissible' depends on axioms: [propext, sorryAx, Classical.choice, Quot.sound]
'MathScope.SameDatumInputs.newComplexPressure_analytic' depends on axioms: [propext,
 sorryAx,
 Classical.choice,
 Quot.sound]
'MathScope.SameDatumInputs.newComplexPressure_real' depends on axioms: [propext, Classical.choice, Quot.sound]
