{"status": "FAIL_OR_INCOMPLETE", "N106Completed": false, "passed": 32, "total": 115, "actualJobConclusion": null, "actualControllerExitCode": 0, "actualProtectedComparatorExitCode": null}
{"name": "GitHub artifact belongs to protected Comparator run", "pass": false}
{"name": "actual protected job completion observed", "pass": false, "detail": {"status": null, "conclusion": null}}
{"name": "actual artifact production source: run_protected.py", "pass": false}
{"name": "actual artifact production source: protected_transport.py", "pass": false}
{"name": "actual artifact production source: test_protected_transport.py", "pass": false}
{"name": "actual artifact production source: ns-comparator-verification.yml", "pass": false}
{"name": "actual artifact production source: source-original-run.py", "pass": false}
{"name": "artifact workflow source commit", "pass": false}
{"name": "actual independent Comparator mode", "pass": false}
{"name": "pins are exactly the protected original pins", "pass": false}
{"name": "pinned original whole tracked source", "pass": false}
{"name": "original tracked preservation explicitly recorded", "pass": false}
{"name": "original source head", "pass": false}
{"name": "original pinned source: lean-toolchain", "pass": false}
{"name": "original pinned source: lake-manifest.json", "pass": false}
{"name": "original pinned source: lakefile.toml", "pass": false}
{"name": "exact original Comparator configuration", "pass": false}
{"name": "official archive hash", "pass": false}
{"name": "original shared kernel hash", "pass": false}
{"name": "actual original official Lean version", "pass": false}
{"name": "actual original official Lean prefix", "pass": false}
{"name": "nonprivileged separate verification user", "pass": false}
{"name": "no source or guard alteration reported", "pass": false}
{"name": "zero original olean precondition", "pass": false}
{"name": "unique recorded step labels", "pass": false}
{"name": "all 35 original and added metadata stages in exact execution order", "pass": false}
{"name": "actual dependency pin: Comparator", "pass": false}
{"name": "actual dependency pin: mathlib", "pass": false}
{"name": "actual dependency pin: lean4export", "pass": false}
{"name": "actual verification tool source pin: landrun", "pass": false}
{"name": "actual verification tool source pin: nanoda", "pass": false}
{"name": "actual Go version", "pass": false}
{"name": "actual Rust version", "pass": false}
{"name": "built verification tool hashes recorded", "pass": false}
{"name": "only trusted tools built before Comparator", "pass": false}
{"name": "literal allowed cache command", "pass": false}
{"name": "actual required systemd address-family guard", "pass": false}
{"name": "literal protected Comparator command", "pass": false}
{"name": "same actual guard in both negative probes", "pass": false}
{"name": "literal AF_UNIX negative probe", "pass": false}
{"name": "literal inherited Landlock negative probe", "pass": false}
{"name": "AF_UNIX creation actually denied", "pass": false}
{"name": "Landlock outside write actually denied", "pass": false}
{"name": "actual systemd user setup step succeeded", "pass": false}
{"name": "actual protected execution workflow step succeeded", "pass": false}
{"name": "actual parent has zero capabilities", "pass": false}
{"name": "production transport bound to verified diagnostic", "pass": false}
{"name": "unique explicit unit at original guard boundary: guard-preflight", "pass": false}
{"name": "actual outer-PTY transport success: guard-preflight", "pass": false}
{"name": "guarded transport preserves literal command: guard-preflight", "pass": false}
{"name": "complete raw guarded capture and stream: guard-preflight", "pass": false}
{"name": "unique explicit unit at original guard boundary: landlock-preflight", "pass": false}
{"name": "actual outer-PTY transport success: landlock-preflight", "pass": false}
{"name": "guarded transport preserves literal command: landlock-preflight", "pass": false}
{"name": "complete raw guarded capture and stream: landlock-preflight", "pass": false}
{"name": "unique explicit unit at original guard boundary: guard-metadata-preflight", "pass": false}
{"name": "actual outer-PTY transport success: guard-metadata-preflight", "pass": false}
{"name": "guarded transport preserves literal command: guard-metadata-preflight", "pass": false}
{"name": "complete raw guarded capture and stream: guard-metadata-preflight", "pass": false}
{"name": "unique explicit unit at original guard boundary: protected-comparator", "pass": false}
{"name": "actual outer-PTY transport success: protected-comparator", "pass": false}
{"name": "guarded transport preserves literal command: protected-comparator", "pass": false}
{"name": "complete raw guarded capture and stream: protected-comparator", "pass": false}
{"name": "all guarded stages have separate units", "pass": false}
{"name": "same guard for direct metadata probe", "pass": false}
{"name": "guarded same-process actual metadata", "pass": false}
{"name": "guarded process has zero capabilities and NoNewPrivs", "pass": false}
{"name": "guarded process has controlling terminal", "pass": false}
{"name": "same-process metadata original AF_UNIX denial", "pass": false}
{"name": "Landlock denial compared with successful same-user write", "pass": false}
{"name": "actual protected acceptance: Running nanoda kernel on solution", "pass": false}
{"name": "actual protected acceptance: nanoda kernel accepts the solution", "pass": false}
{"name": "actual protected acceptance: Running Lean default kernel on solution.", "pass": false}
{"name": "actual protected acceptance: Lean default kernel accepts the solution", "pass": false}
{"name": "actual protected acceptance: Your solution is okay!", "pass": false}
{"name": "actual kernel acceptance and final Quot postcheck order", "pass": false}
{"name": "both submitted theorem axioms actually printed", "pass": false}
{"name": "both submitted theorem types actually printed", "pass": false}
{"name": "literal submitted theorem audit command", "pass": false}
{"name": "actual controller success without exception", "pass": false}
{"name": "actual separated source status streams", "pass": false}
{"name": "complete combined source status log", "pass": false}
{"name": "literal last source status command", "pass": false}
