/workspace/scratch/9a6c38c54c2e/MathScopeCompute/research-ide/mathscope-m1/navier/followup-20261010-same-datum-axis/formal-input-producer/attempts/0001/SameDatumInputs.lean:36:50: error: failed to prove positivity/nonnegativity/nonzeroness
/workspace/scratch/9a6c38c54c2e/MathScopeCompute/research-ide/mathscope-m1/navier/followup-20261010-same-datum-axis/formal-input-producer/attempts/0001/SameDatumInputs.lean:40:44: error: failed to prove strict positivity, but it would be possible to prove nonnegativity if desired
/workspace/scratch/9a6c38c54c2e/MathScopeCompute/research-ide/mathscope-m1/navier/followup-20261010-same-datum-axis/formal-input-producer/attempts/0001/SameDatumInputs.lean:62:2: error: Type mismatch: After simplification, term
  hasDerivWithinAt_const x axisWindow.interval (if n = 0 ∧ m = 0 then 1 else 0)
 has type
  @HasDerivWithinAt ℝ DenselyNormedField.toNontriviallyNormedField ℝ Real.normedAddCommGroup.toAddCommGroup
    RCLike.toInnerProductSpaceReal.toModule PseudoMetricSpace.toUniformSpace.toTopologicalSpace ⋯
    (fun x => if n = 0 ∧ m = 0 then 1 else 0) 0 axisWindow.interval x
but is expected to have type
  @HasDerivWithinAt ℝ DenselyNormedField.toNontriviallyNormedField ℝ Real.instAddCommGroup Semiring.toModule
    PseudoMetricSpace.toUniformSpace.toTopologicalSpace ⋯ (oneJet n m) 0 axisWindow.interval x
/workspace/scratch/9a6c38c54c2e/MathScopeCompute/research-ide/mathscope-m1/navier/followup-20261010-same-datum-axis/formal-input-producer/attempts/0001/SameDatumInputs.lean:82:14: error: Type mismatch: After simplification, term
  hasDerivWithinAt_id x axisWindow.interval
 has type
  @HasDerivWithinAt ℝ DenselyNormedField.toNontriviallyNormedField ℝ
    DenselyNormedField.toNontriviallyNormedField.toDivisionRing.toAddCommGroup Semiring.toModule
    PseudoMetricSpace.toUniformSpace.toTopologicalSpace ⋯ id 1 axisWindow.interval x
but is expected to have type
  @HasDerivWithinAt ℝ DenselyNormedField.toNontriviallyNormedField ℝ Real.instAddCommGroup Semiring.toModule
    PseudoMetricSpace.toUniformSpace.toTopologicalSpace ⋯ (etaJet 0 0) 1 axisWindow.interval x
/workspace/scratch/9a6c38c54c2e/MathScopeCompute/research-ide/mathscope-m1/navier/followup-20261010-same-datum-axis/formal-input-producer/attempts/0001/SameDatumInputs.lean:85:16: error: Type mismatch: After simplification, term
  hasDerivWithinAt_const x axisWindow.interval 1
 has type
  @HasDerivWithinAt ℝ DenselyNormedField.toNontriviallyNormedField ℝ Real.normedAddCommGroup.toAddCommGroup
    RCLike.toInnerProductSpaceReal.toModule PseudoMetricSpace.toUniformSpace.toTopologicalSpace ⋯ (fun x => 1) 0
    axisWindow.interval x
but is expected to have type
  @HasDerivWithinAt ℝ DenselyNormedField.toNontriviallyNormedField ℝ Real.instAddCommGroup Semiring.toModule
    PseudoMetricSpace.toUniformSpace.toTopologicalSpace ⋯ (etaJet 0 1) 0 axisWindow.interval x
/workspace/scratch/9a6c38c54c2e/MathScopeCompute/research-ide/mathscope-m1/navier/followup-20261010-same-datum-axis/formal-input-producer/attempts/0001/SameDatumInputs.lean:86:18: error: Type mismatch: After simplification, term
  hasDerivWithinAt_const x axisWindow.interval 0
 has type
  @HasDerivWithinAt ℝ DenselyNormedField.toNontriviallyNormedField ℝ Real.normedAddCommGroup.toAddCommGroup
    RCLike.toInnerProductSpaceReal.toModule PseudoMetricSpace.toUniformSpace.toTopologicalSpace ⋯ (fun x => 0) 0
    axisWindow.interval x
but is expected to have type
  @HasDerivWithinAt ℝ DenselyNormedField.toNontriviallyNormedField ℝ Real.instAddCommGroup Semiring.toModule
    PseudoMetricSpace.toUniformSpace.toTopologicalSpace ⋯ (etaJet 0 (m + 1 + 1)) 0 axisWindow.interval x
/workspace/scratch/9a6c38c54c2e/MathScopeCompute/research-ide/mathscope-m1/navier/followup-20261010-same-datum-axis/formal-input-producer/attempts/0001/SameDatumInputs.lean:87:4: error: Type mismatch: After simplification, term
  hasDerivWithinAt_const x axisWindow.interval 0
 has type
  HasDerivWithinAt (fun x => 0) 0 axisWindow.interval x
but is expected to have type
  HasDerivWithinAt (etaJet n m) 0 axisWindow.interval x
/workspace/scratch/9a6c38c54c2e/MathScopeCompute/research-ide/mathscope-m1/navier/followup-20261010-same-datum-axis/formal-input-producer/attempts/0001/SameDatumInputs.lean:99:14: error(lean.unknownIdentifier): Unknown identifier `le_inv₀`
'MathScope.SameDatumInputs.rho_pos' depends on axioms: [propext, sorryAx, Classical.choice, Quot.sound]
'MathScope.SameDatumInputs.oneInput_norm' depends on axioms: [propext, sorryAx, Classical.choice, Quot.sound]
'MathScope.SameDatumInputs.etaInput_norm' depends on axioms: [propext, sorryAx, Classical.choice, Quot.sound]
'MathScope.SameDatumInputs.oneInput_coefficient' depends on axioms: [propext, sorryAx, Classical.choice, Quot.sound]
'MathScope.SameDatumInputs.etaInput_coefficient' depends on axioms: [propext, sorryAx, Classical.choice, Quot.sound]
